# job 33691 C10_ssl exit=0 Wed Sep  2 23:51:56 UTC 2026
# last 4000 lines of /home/yarin.b/projects/HUJI-THESIS--YARIN/chrono/sbatch/logs/C10_ssl_33649_0.out
=== C10 ssl_barlow_cunei400m === job 33691 Wed Sep  2 23:17:18 UTC 2026
From https://github.com/YarinBeni/HUJI-THESIS--YARIN
 * branch              yarin-sandbox -> FETCH_HEAD
Auto packing the repository in background for optimum performance.
See "git help gc" for manual housekeeping.
Current branch yarin-sandbox is up to date.
Auto packing the repository in background for optimum performance.
See "git help gc" for manual housekeeping.
[ssl] ssl_barlow_cunei400m-s0: 24,589 train texts, 270,479 views; loading features
[ssl] objective=barlow d_in=768 head_params=722,561 steps=3000 batch=512 balance_alpha=0.5 sources={'ebl': 13242, 'oracc': 9016, 'archibab': 1218, 'lbl_letters': 816, 'seal': 288, 'orcc': 9}
[ssl] step 0 loss 29.0463 (0s)
[ssl] step 200 loss 9.1273 (2s)
[ssl] step 400 loss 4.3979 (3s)
[ssl] step 600 loss 3.4975 (5s)
[ssl] step 800 loss 3.0766 (6s)
[ssl] step 1000 loss 2.8223 (8s)
[ssl] step 1200 loss 2.6600 (9s)
[ssl] step 1400 loss 2.5227 (11s)
[ssl] step 1600 loss 2.4276 (12s)
[ssl] step 1800 loss 2.3511 (13s)
[ssl] step 2000 loss 2.2865 (15s)
[ssl] step 2200 loss 2.2209 (16s)
[ssl] step 2400 loss 2.1671 (18s)
[ssl] step 2600 loss 2.1429 (19s)
[ssl] step 2800 loss 2.1006 (21s)
[ssl] step 2999 loss 2.0728 (22s)
[ssl] done ssl_barlow_cunei400m-s0: head -> /home/yarin.b/projects/HUJI-THESIS--YARIN/chrono/artifacts_ssl/ssl_runs/ssl_barlow_cunei400m-s0.pt; embeddings -> store model 'ssl::ssl_barlow_cunei400m-s0' L0 site h (31,905 texts)
Traceback (most recent call last):
  File "/home/yarin.b/projects/HUJI-THESIS--YARIN/chrono/scripts/probe_representations.py", line 159, in <module>
    main()
  File "/home/yarin.b/projects/HUJI-THESIS--YARIN/chrono/scripts/probe_representations.py", line 148, in main
    .to_parquet(os.path.join(args.out_dir, f"umap_{args.model.replace('/', '_')}_L{args.layer}_{args.site}.parquet"), index=False)
     ^^^^^^^^^^^^^^^^^^^^^^^^^^^^^^^^^^^^^^^^^^^^^^^^^^^^^^^^^^^^^^^^^^^^^^^^^^^^^^^^^^^^^^^^^^^^^^^^^^^^^^^^^^^^^^^^^^^^^^^^^^^^^
  File "/home/yarin.b/miniconda3/envs/thesis/lib/python3.11/site-packages/pandas/util/_decorators.py", line 333, in wrapper
    return func(*args, **kwargs)
           ^^^^^^^^^^^^^^^^^^^^^
  File "/home/yarin.b/miniconda3/envs/thesis/lib/python3.11/site-packages/pandas/core/frame.py", line 3124, in to_parquet
    return to_parquet(
           ^^^^^^^^^^^
  File "/home/yarin.b/miniconda3/envs/thesis/lib/python3.11/site-packages/pandas/io/parquet.py", line 482, in to_parquet
    impl.write(
  File "/home/yarin.b/miniconda3/envs/thesis/lib/python3.11/site-packages/pandas/io/parquet.py", line 199, in write
    path_or_handle, handles, filesystem = _get_path_or_handle(
                                          ^^^^^^^^^^^^^^^^^^^^
  File "/home/yarin.b/miniconda3/envs/thesis/lib/python3.11/site-packages/pandas/io/parquet.py", line 141, in _get_path_or_handle
    handles = get_handle(
              ^^^^^^^^^^^
  File "/home/yarin.b/miniconda3/envs/thesis/lib/python3.11/site-packages/pandas/io/common.py", line 882, in get_handle
    handle = open(handle, ioargs.mode)
             ^^^^^^^^^^^^^^^^^^^^^^^^^
OSError: [Errno 22] Invalid argument: 'chrono/reports/ssl/umap_ssl::ssl_barlow_cunei400m-s0_L0_h.parquet'
WARN probes failed ssl_barlow_cunei400m
Auto packing the repository in background for optimum performance.
See "git help gc" for manual housekeeping.
[yarin-sandbox 760d7552] C10: ssl_barlow_cunei400m (job 33691)
 4 files changed, 0 insertions(+), 0 deletions(-)
 create mode 100644 chrono/reports/ssl/heads/ssl_barlow_akk300m-s0.pt
 create mode 100644 chrono/reports/ssl/heads/ssl_barlow_cunei400m-s0.pt
 create mode 100644 chrono/reports/ssl/heads/ssl_barlow_llama2_7b-s0.pt
From https://github.com/YarinBeni/HUJI-THESIS--YARIN
 * branch              yarin-sandbox -> FETCH_HEAD
Auto packing the repository in background for optimum performance.
See "git help gc" for manual housekeeping.
Current branch yarin-sandbox is up to date.
Auto packing the repository in background for optimum performance.
See "git help gc" for manual housekeeping.
To https://github.com/YarinBeni/HUJI-THESIS--YARIN.git
   bab42d19..760d7552  HEAD -> yarin-sandbox
[commit_push_sandbox] pushed to yarin-sandbox
=== Done. Wed Sep  2 23:51:56 UTC 2026 ===
