# job 33706 C10_ssl exit=0 Thu Sep  3 02:15:18 UTC 2026
# last 4000 lines of /home/yarin.b/projects/HUJI-THESIS--YARIN/chrono/sbatch/logs/C10_ssl_33649_6.out
=== C10 ssl_byol_llama2_7b === job 33706 Thu Sep  3 01:07:20 UTC 2026
From https://github.com/YarinBeni/HUJI-THESIS--YARIN
 * branch              yarin-sandbox -> FETCH_HEAD
Auto packing the repository in background for optimum performance.
See "git help gc" for manual housekeeping.
Current branch yarin-sandbox is up to date.
Auto packing the repository in background for optimum performance.
See "git help gc" for manual housekeeping.
[ssl] ssl_byol_llama2_7b-s0: 24,589 train texts, 270,479 views; loading features
[ssl] objective=byol d_in=4096 head_params=2,426,497 steps=3000 batch=512 balance_alpha=0.5 sources={'ebl': 13242, 'oracc': 9016, 'archibab': 1218, 'lbl_letters': 816, 'seal': 288, 'orcc': 9}
[ssl] step 0 loss 2.2536 (1s)
[ssl] step 200 loss 0.0365 (5s)
[ssl] step 400 loss 0.0125 (10s)
[ssl] step 600 loss 0.0106 (12s)
[ssl] step 800 loss 0.0111 (14s)
[ssl] step 1000 loss 0.0125 (16s)
[ssl] step 1200 loss 0.0149 (18s)
[ssl] step 1400 loss 0.0177 (20s)
[ssl] step 1600 loss 0.0200 (22s)
[ssl] step 1800 loss 0.0236 (24s)
[ssl] step 2000 loss 0.0267 (26s)
[ssl] step 2200 loss 0.0310 (28s)
[ssl] step 2400 loss 0.0354 (30s)
[ssl] step 2600 loss 0.0393 (32s)
[ssl] step 2800 loss 0.0453 (34s)
[ssl] step 2999 loss 0.0498 (36s)
[ssl] done ssl_byol_llama2_7b-s0: head -> /home/yarin.b/projects/HUJI-THESIS--YARIN/chrono/artifacts_ssl/ssl_runs/ssl_byol_llama2_7b-s0.pt; embeddings -> store model 'ssl::ssl_byol_llama2_7b-s0' L0 site h (31,905 texts)
Traceback (most recent call last):
  File "/home/yarin.b/projects/HUJI-THESIS--YARIN/chrono/scripts/probe_representations.py", line 159, in <module>
    main()
  File "/home/yarin.b/projects/HUJI-THESIS--YARIN/chrono/scripts/probe_representations.py", line 148, in main
    .to_parquet(os.path.join(args.out_dir, f"umap_{args.model.replace('/', '_')}_L{args.layer}_{args.site}.parquet"), index=False)
     ^^^^^^^^^^^^^^^^^^^^^^^^^^^^^^^^^^^^^^^^^^^^^^^^^^^^^^^^^^^^^^^^^^^^^^^^^^^^^^^^^^^^^^^^^^^^^^^^^^^^^^^^^^^^^^^^^^^^^^^^^^^^^
  File "/home/yarin.b/miniconda3/envs/thesis/lib/python3.11/site-packages/pandas/util/_decorators.py", line 333, in wrapper
    return func(*args, **kwargs)
           ^^^^^^^^^^^^^^^^^^^^^
  File "/home/yarin.b/miniconda3/envs/thesis/lib/python3.11/site-packages/pandas/core/frame.py", line 3124, in to_parquet
    return to_parquet(
           ^^^^^^^^^^^
  File "/home/yarin.b/miniconda3/envs/thesis/lib/python3.11/site-packages/pandas/io/parquet.py", line 482, in to_parquet
    impl.write(
  File "/home/yarin.b/miniconda3/envs/thesis/lib/python3.11/site-packages/pandas/io/parquet.py", line 199, in write
    path_or_handle, handles, filesystem = _get_path_or_handle(
                                          ^^^^^^^^^^^^^^^^^^^^
  File "/home/yarin.b/miniconda3/envs/thesis/lib/python3.11/site-packages/pandas/io/parquet.py", line 141, in _get_path_or_handle
    handles = get_handle(
              ^^^^^^^^^^^
  File "/home/yarin.b/miniconda3/envs/thesis/lib/python3.11/site-packages/pandas/io/common.py", line 882, in get_handle
    handle = open(handle, ioargs.mode)
             ^^^^^^^^^^^^^^^^^^^^^^^^^
OSError: [Errno 22] Invalid argument: 'chrono/reports/ssl/umap_ssl::ssl_byol_llama2_7b-s0_L0_h.parquet'
WARN probes failed ssl_byol_llama2_7b
Auto packing the repository in background for optimum performance.
See "git help gc" for manual housekeeping.
[yarin-sandbox 8c032781] C10: ssl_byol_llama2_7b (job 33706)
 2 files changed, 0 insertions(+), 0 deletions(-)
 create mode 100644 chrono/reports/ssl/heads/ssl_byol_qwen3_8b-s0.pt
From https://github.com/YarinBeni/HUJI-THESIS--YARIN
 * branch              yarin-sandbox -> FETCH_HEAD
Auto packing the repository in background for optimum performance.
See "git help gc" for manual housekeeping.
Current branch yarin-sandbox is up to date.
Auto packing the repository in background for optimum performance.
See "git help gc" for manual housekeeping.
To https://github.com/YarinBeni/HUJI-THESIS--YARIN.git
   d5ae7778..8c032781  HEAD -> yarin-sandbox
[commit_push_sandbox] pushed to yarin-sandbox
=== Done. Thu Sep  3 02:15:18 UTC 2026 ===
