# job 33690 C11_e2e exit=0 Thu Sep  3 04:25:09 UTC 2026
# last 4000 lines of /home/yarin.b/projects/HUJI-THESIS--YARIN/chrono/sbatch/logs/C11_e2e_33660_6.out
=== C11 e2e jepa L === job 33690 Wed Sep  2 23:15:18 UTC 2026
From https://github.com/YarinBeni/HUJI-THESIS--YARIN
 * branch              yarin-sandbox -> FETCH_HEAD
Auto packing the repository in background for optimum performance.
See "git help gc" for manual housekeeping.
Current branch yarin-sandbox is up to date.
Auto packing the repository in background for optimum performance.
See "git help gc" for manual housekeeping.
/home/yarin.b/miniconda3/envs/thesis/lib/python3.11/site-packages/torch/nn/modules/transformer.py:392: UserWarning: enable_nested_tensor is True, but self.use_nested_tensor is False because encoder_layer.norm_first was True
  warnings.warn(
[e2e] e2e_jepa_L-s0: size L params 50.5M vocab 23044 train texts 24,589 objective jepa batch 256 budget 5.0h dev cuda
[e2e] step 100 loss 0.9153 lr 3.00e-05 0.2 min
[e2e] step 200 loss 0.1880 lr 6.00e-05 0.5 min
[e2e] step 300 loss 0.0855 lr 9.00e-05 0.7 min
[e2e] step 400 loss 0.0583 lr 1.20e-04 1.0 min
[e2e] step 500 loss 0.0521 lr 1.50e-04 1.2 min
[e2e] step 600 loss 0.0528 lr 1.80e-04 1.4 min
[e2e] step 700 loss 0.0592 lr 2.10e-04 1.7 min
[e2e] step 800 loss 0.0692 lr 2.40e-04 1.9 min
[e2e] step 900 loss 0.0818 lr 2.70e-04 2.1 min
[e2e] step 1000 loss 0.0967 lr 3.00e-04 2.4 min
[e2e] step 1100 loss 0.1125 lr 3.00e-04 2.6 min
[e2e] step 1200 loss 0.1265 lr 3.00e-04 2.9 min
[e2e] step 1300 loss 0.1412 lr 3.00e-04 3.1 min
[e2e] step 1400 loss 0.1528 lr 3.00e-04 3.3 min
[e2e] step 1500 loss 0.1611 lr 3.00e-04 3.6 min
[e2e] step 1600 loss 0.1670 lr 3.00e-04 3.8 min
[e2e] step 1700 loss 0.1739 lr 3.00e-04 4.1 min
[e2e] step 1800 loss 0.1780 lr 3.00e-04 4.3 min
[e2e] step 1900 loss 0.1808 lr 3.00e-04 4.5 min
[e2e] step 2000 loss 0.1838 lr 3.00e-04 4.8 min
[e2e] step 2000 quick period probe (linear, 5 classes, n=4000) bal.acc 0.882
[e2e] step 2100 loss 0.1855 lr 3.00e-04 7.0 min
[e2e] step 2200 loss 0.1888 lr 3.00e-04 7.3 min
[e2e] step 2300 loss 0.1879 lr 3.00e-04 7.5 min
[e2e] step 2400 loss 0.1924 lr 3.00e-04 7.8 min
[e2e] step 2500 loss 0.2004 lr 3.00e-04 8.0 min
[e2e] step 2600 loss 0.1979 lr 3.00e-04 8.2 min
[e2e] step 2700 loss 0.2013 lr 3.00e-04 8.5 min
[e2e] step 2800 loss 0.2072 lr 3.00e-04 8.7 min
[e2e] step 2900 loss 0.2110 lr 3.00e-04 8.9 min
[e2e] step 3000 loss 0.2120 lr 3.00e-04 9.2 min
[e2e] step 3100 loss 0.2161 lr 3.00e-04 9.4 min
[e2e] step 3200 loss 0.2195 lr 3.00e-04 9.7 min
[e2e] step 3300 loss 0.2224 lr 3.00e-04 9.9 min
[e2e] step 3400 loss 0.2204 lr 3.00e-04 10.1 min
[e2e] step 3500 loss 0.2266 lr 3.00e-04 10.4 min
[e2e] step 3600 loss 0.2306 lr 3.00e-04 10.6 min
[e2e] step 3700 loss 0.2350 lr 3.00e-04 10.9 min
[e2e] step 3800 loss 0.2358 lr 3.00e-04 11.1 min
[e2e] step 3900 loss 0.2444 lr 3.00e-04 11.3 min
[e2e] step 4000 loss 0.2431 lr 3.00e-04 11.6 min
[e2e] step 4000 quick period probe (linear, 5 classes, n=4000) bal.acc 0.864
[e2e] step 4100 loss 0.2509 lr 3.00e-04 13.2 min
[e2e] step 4200 loss 0.2492 lr 3.00e-04 13.5 min
[e2e] step 4300 loss 0.2573 lr 3.00e-04 13.7 min
[e2e] step 4400 loss 0.2543 lr 3.00e-04 14.0 min
[e2e] step 4500 loss 0.2598 lr 3.00e-04 14.2 min
[e2e] step 4600 loss 0.2593 lr 3.00e-04 14.4 min
[e2e] step 4700 loss 0.2650 lr 3.00e-04 14.7 min
[e2e] step 4800 loss 0.2655 lr 3.00e-04 14.9 min
[e2e] step 4900 loss 0.2714 lr 3.00e-04 15.1 min
[e2e] step 5000 loss 0.2679 lr 3.00e-04 15.4 min
[e2e] step 5100 loss 0.2698 lr 3.00e-04 15.6 min
[e2e] step 5200 loss 0.2706 lr 3.00e-04 15.9 min
[e2e] step 5300 loss 0.2744 lr 3.00e-04 16.1 min
[e2e] step 5400 loss 0.2773 lr 3.00e-04 16.4 min
[e2e] step 5500 loss 0.2748 lr 3.00e-04 16.6 min
[e2e] step 5600 loss 0.2786 lr 3.00e-04 16.8 min
[e2e] step 5700 loss 0.2742 lr 3.00e-04 17.1 min
[e2e] step 5800 loss 0.2761 lr 3.00e-04 17.3 min
[e2e] step 5900 loss 0.2789 lr 3.00e-04 17.5 min
[e2e] step 6000 loss 0.2821 lr 3.00e-04 17.8 min
[e2e] step 6000 quick period probe (linear, 5 classes, n=4000) bal.acc 0.862
[e2e] step 6100 loss 0.2803 lr 3.00e-04 19.2 min
[e2e] step 6200 loss 0.2774 lr 3.00e-04 19.5 min
[e2e] step 6300 loss 0.2771 lr 3.00e-04 19.7 min
[e2e] step 6400 loss 0.2735 lr 3.00e-04 19.9 min
[e2e] step 6500 loss 0.2747 lr 3.00e-04 20.2 min
[e2e] step 6600 loss 0.2755 lr 3.00e-04 20.4 min
[e2e] step 6700 loss 0.2719 lr 3.00e-04 20.6 min
[e2e] step 6800 loss 0.2732 lr 3.00e-04 20.9 min
[e2e] step 6900 loss 0.2792 lr 3.00e-04 21.1 min
[e2e] step 7000 loss 0.2779 lr 3.00e-04 21.3 min
[e2e] step 7100 loss 0.2763 lr 3.00e-04 21.6 min
[e2e] step 7200 loss 0.2748 lr 3.00e-04 21.8 min
[e2e] step 7300 loss 0.2765 lr 3.00e-04 22.1 min
[e2e] step 7400 loss 0.2746 lr 3.00e-04 22.3 min
[e2e] step 7500 loss 0.2777 lr 3.00e-04 22.5 min
[e2e] step 7600 loss 0.2756 lr 3.00e-04 22.8 min
[e2e] step 7700 loss 0.2721 lr 3.00e-04 23.0 min
[e2e] step 7800 loss 0.2751 lr 3.00e-04 23.2 min
[e2e] step 7900 loss 0.2769 lr 3.00e-04 23.5 min
[e2e] step 8000 loss 0.2763 lr 3.00e-04 23.7 min
[e2e] step 8000 quick period probe (linear, 5 classes, n=4000) bal.acc 0.866
[e2e] step 8100 loss 0.2744 lr 3.00e-04 25.7 min
[e2e] step 8200 loss 0.2705 lr 3.00e-04 25.9 min
[e2e] step 8300 loss 0.2796 lr 3.00e-04 26.2 min
[e2e] step 8400 loss 0.2710 lr 3.00e-04 26.4 min
[e2e] step 8500 loss 0.2708 lr 3.00e-04 26.6 min
[e2e] step 8600 loss 0.2693 lr 3.00e-04 26.9 min
[e2e] step 8700 loss 0.2718 lr 3.00e-04 27.1 min
[e2e] step 8800 loss 0.2694 lr 3.00e-04 27.3 min
[e2e] step 8900 loss 0.2714 lr 3.00e-04 27.6 min
[e2e] step 9000 loss 0.2667 lr 3.00e-04 27.8 min
[e2e] step 9100 loss 0.2639 lr 3.00e-04 28.1 min
[e2e] step 9200 loss 0.2653 lr 3.00e-04 28.3 min
[e2e] step 9300 loss 0.2657 lr 3.00e-04 28.5 min
[e2e] step 9400 loss 0.2678 lr 3.00e-04 28.8 min
[e2e] step 9500 loss 0.2636 lr 3.00e-04 29.0 min
[e2e] step 9600 loss 0.2665 lr 3.00e-04 29.3 min
[e2e] step 9700 loss 0.2634 lr 3.00e-04 29.5 min
[e2e] step 9800 loss 0.2625 lr 3.00e-04 29.7 min
[e2e] step 9900 loss 0.2633 lr 3.00e-04 30.0 min
[e2e] step 10000 loss 0.2618 lr 3.00e-04 30.2 min
[e2e] step 10000 quick period probe (linear, 5 classes, n=4000) bal.acc 0.839
[e2e] step 10100 loss 0.2621 lr 3.00e-04 31.8 min
[e2e] step 10200 loss 0.2659 lr 3.00e-04 32.0 min
[e2e] step 10300 loss 0.2620 lr 3.00e-04 32.3 min
[e2e] step 10400 loss 0.2624 lr 3.00e-04 32.5 min
[e2e] step 10500 loss 0.2642 lr 3.00e-04 32.7 min
[e2e] step 10600 loss 0.2636 lr 3.00e-04 33.0 min
[e2e] step 10700 loss 0.2571 lr 3.00e-04 33.2 min
[e2e] step 10800 loss 0.2565 lr 3.00e-04 33.4 min
[e2e] step 10900 loss 0.2579 lr 3.00e-04 33.7 min
[e2e] step 11000 loss 0.2505 lr 3.00e-04 33.9 min
[e2e] step 11100 loss 0.2587 lr 3.00e-04 34.2 min
[e2e] step 11200 loss 0.2533 lr 3.00e-04 34.4 min
[e2e] step 11300 loss 0.2551 lr 3.00e-04 34.6 min
[e2e] step 11400 loss 0.2550 lr 3.00e-04 34.9 min
[e2e] step 11500 loss 0.2532 lr 3.00e-04 35.1 min
[e2e] step 11600 loss 0.2504 lr 3.00e-04 35.3 min
[e2e] step 11700 loss 0.2514 lr 3.00e-04 35.6 min
[e2e] step 11800 loss 0.2527 lr 3.00e-04 35.8 min
[e2e] step 11900 loss 0.2541 lr 3.00e-04 36.0 min
[e2e] step 12000 loss 0.2498 lr 3.00e-04 36.3 min
[e2e] step 12000 quick period probe (linear, 5 classes, n=4000) bal.acc 0.846
[e2e] step 12100 loss 0.2556 lr 3.00e-04 38.1 min
[e2e] step 12200 loss 0.2504 lr 3.00e-04 38.3 min
[e2e] step 12300 loss 0.2544 lr 3.00e-04 38.6 min
[e2e] step 12400 loss 0.2444 lr 3.00e-04 38.8 min
[e2e] step 12500 loss 0.2480 lr 3.00e-04 39.0 min
[e2e] step 12600 loss 0.2503 lr 3.00e-04 39.3 min
[e2e] step 12700 loss 0.2498 lr 3.00e-04 39.5 min
[e2e] step 12800 loss 0.2494 lr 3.00e-04 39.7 min
[e2e] step 12900 loss 0.2501 lr 3.00e-04 40.0 min
[e2e] step 13000 loss 0.2480 lr 3.00e-04 40.2 min
[e2e] step 13100 loss 0.2451 lr 3.00e-04 40.5 min
[e2e] step 13200 loss 0.2450 lr 3.00e-04 40.7 min
[e2e] step 13300 loss 0.2427 lr 3.00e-04 40.9 min
[e2e] step 13400 loss 0.2449 lr 3.00e-04 41.2 min
[e2e] step 13500 loss 0.2433 lr 3.00e-04 41.4 min
[e2e] step 13600 loss 0.2402 lr 3.00e-04 41.7 min
[e2e] step 13700 loss 0.2399 lr 3.00e-04 41.9 min
[e2e] step 13800 loss 0.2388 lr 3.00e-04 42.1 min
[e2e] step 13900 loss 0.2381 lr 3.00e-04 42.4 min
[e2e] step 14000 loss 0.2410 lr 3.00e-04 42.6 min
[e2e] step 14000 quick period probe (linear, 5 classes, n=4000) bal.acc 0.839
[e2e] step 14100 loss 0.2423 lr 3.00e-04 44.2 min
[e2e] step 14200 loss 0.2403 lr 3.00e-04 44.5 min
[e2e] step 14300 loss 0.2436 lr 3.00e-04 44.7 min
[e2e] step 14400 loss 0.2422 lr 3.00e-04 44.9 min
[e2e] step 14500 loss 0.2379 lr 3.00e-04 45.2 min
[e2e] step 14600 loss 0.2343 lr 3.00e-04 45.4 min
[e2e] step 14700 loss 0.2314 lr 3.00e-04 45.6 min
[e2e] step 14800 loss 0.2359 lr 3.00e-04 45.9 min
[e2e] step 14900 loss 0.2321 lr 3.00e-04 46.1 min
[e2e] step 15000 loss 0.2356 lr 3.00e-04 46.4 min
[e2e] step 15100 loss 0.2318 lr 3.00e-04 46.6 min
[e2e] step 15200 loss 0.2367 lr 3.00e-04 46.9 min
[e2e] step 15300 loss 0.2315 lr 3.00e-04 47.1 min
[e2e] step 15400 loss 0.2322 lr 3.00e-04 47.4 min
[e2e] step 15500 loss 0.2310 lr 3.00e-04 47.6 min
[e2e] step 15600 loss 0.2296 lr 3.00e-04 47.9 min
[e2e] step 15700 loss 0.2319 lr 3.00e-04 48.1 min
[e2e] step 15800 loss 0.2317 lr 3.00e-04 48.4 min
[e2e] step 15900 loss 0.2304 lr 3.00e-04 48.6 min
[e2e] step 16000 loss 0.2250 lr 3.00e-04 48.9 min
[e2e] step 16000 quick period probe (linear, 5 classes, n=4000) bal.acc 0.831
[e2e] step 16100 loss 0.2281 lr 3.00e-04 50.6 min
[e2e] step 16200 loss 0.2249 lr 3.00e-04 50.8 min
[e2e] step 16300 loss 0.2287 lr 3.00e-04 51.1 min
[e2e] step 16400 loss 0.2294 lr 3.00e-04 51.3 min
[e2e] step 16500 loss 0.2234 lr 3.00e-04 51.6 min
[e2e] step 16600 loss 0.2300 lr 3.00e-04 51.8 min
[e2e] step 16700 loss 0.2254 lr 3.00e-04 52.0 min
[e2e] step 16800 loss 0.2265 lr 3.00e-04 52.3 min
[e2e] step 16900 loss 0.2266 lr 3.00e-04 52.5 min
[e2e] step 17000 loss 0.2266 lr 3.00e-04 52.7 min
[e2e] step 17100 loss 0.2241 lr 3.00e-04 53.0 min
[e2e] step 17200 loss 0.2283 lr 3.00e-04 53.2 min
[e2e] step 17300 loss 0.2183 lr 3.00e-04 53.5 min
[e2e] step 17400 loss 0.2237 lr 3.00e-04 53.7 min
[e2e] step 17500 loss 0.2216 lr 3.00e-04 53.9 min
[e2e] step 17600 loss 0.2227 lr 3.00e-04 54.2 min
[e2e] step 17700 loss 0.2236 lr 3.00e-04 54.4 min
[e2e] step 17800 loss 0.2235 lr 3.00e-04 54.7 min
[e2e] step 17900 loss 0.2214 lr 3.00e-04 54.9 min
[e2e] step 18000 loss 0.2208 lr 3.00e-04 55.1 min
[e2e] step 18000 quick period probe (linear, 5 classes, n=4000) bal.acc 0.834
[e2e] step 18100 loss 0.2139 lr 3.00e-04 56.5 min
[e2e] step 18200 loss 0.2198 lr 3.00e-04 56.8 min
[e2e] step 18300 loss 0.2174 lr 3.00e-04 57.0 min
[e2e] step 18400 loss 0.2162 lr 3.00e-04 57.3 min
[e2e] step 18500 loss 0.2215 lr 3.00e-04 57.5 min
[e2e] step 18600 loss 0.2176 lr 3.00e-04 57.7 min
[e2e] step 18700 loss 0.2159 lr 3.00e-04 58.0 min
[e2e] step 18800 loss 0.2168 lr 3.00e-04 58.2 min
[e2e] step 18900 loss 0.2166 lr 3.00e-04 58.4 min
[e2e] step 19000 loss 0.2169 lr 3.00e-04 58.7 min
[e2e] step 19100 loss 0.2172 lr 3.00e-04 58.9 min
[e2e] step 19200 loss 0.2159 lr 3.00e-04 59.2 min
[e2e] step 19300 loss 0.2188 lr 3.00e-04 59.4 min
[e2e] step 19400 loss 0.2097 lr 3.00e-04 59.6 min
[e2e] step 19500 loss 0.2194 lr 3.00e-04 59.9 min
[e2e] step 19600 loss 0.2108 lr 3.00e-04 60.1 min
[e2e] step 19700 loss 0.2127 lr 3.00e-04 60.4 min
[e2e] step 19800 loss 0.2149 lr 3.00e-04 60.6 min
[e2e] step 19900 loss 0.2133 lr 3.00e-04 60.8 min
[e2e] step 20000 loss 0.2058 lr 3.00e-04 61.1 min
[e2e] step 20000 quick period probe (linear, 5 classes, n=4000) bal.acc 0.846
[e2e] step 20100 loss 0.2120 lr 3.00e-04 62.7 min
[e2e] step 20200 loss 0.2121 lr 3.00e-04 63.0 min
[e2e] step 20300 loss 0.2106 lr 3.00e-04 63.2 min
[e2e] step 20400 loss 0.2080 lr 3.00e-04 63.5 min
[e2e] step 20500 loss 0.2102 lr 3.00e-04 63.7 min
[e2e] step 20600 loss 0.2166 lr 3.00e-04 63.9 min
[e2e] step 20700 loss 0.2077 lr 3.00e-04 64.2 min
[e2e] step 20800 loss 0.2091 lr 3.00e-04 64.4 min
[e2e] step 20900 loss 0.2094 lr 3.00e-04 64.6 min
[e2e] step 21000 loss 0.2093 lr 3.00e-04 64.9 min
[e2e] step 21100 loss 0.2094 lr 3.00e-04 65.1 min
[e2e] step 21200 loss 0.2100 lr 3.00e-04 65.4 min
[e2e] step 21300 loss 0.2100 lr 3.00e-04 65.6 min
[e2e] step 21400 loss 0.2069 lr 3.00e-04 65.9 min
[e2e] step 21500 loss 0.2079 lr 3.00e-04 66.1 min
[e2e] step 21600 loss 0.2169 lr 3.00e-04 66.3 min
[e2e] step 21700 loss 0.2100 lr 3.00e-04 66.6 min
[e2e] step 21800 loss 0.2110 lr 3.00e-04 66.8 min
[e2e] step 21900 loss 0.2039 lr 3.00e-04 67.1 min
[e2e] step 22000 loss 0.2058 lr 3.00e-04 67.3 min
[e2e] step 22000 quick period probe (linear, 5 classes, n=4000) bal.acc 0.833
[e2e] step 22100 loss 0.2063 lr 3.00e-04 69.3 min
[e2e] step 22200 loss 0.2045 lr 3.00e-04 69.5 min
[e2e] step 22300 loss 0.2047 lr 3.00e-04 69.8 min
[e2e] step 22400 loss 0.2016 lr 3.00e-04 70.0 min
[e2e] step 22500 loss 0.2031 lr 3.00e-04 70.3 min
[e2e] step 22600 loss 0.2086 lr 3.00e-04 70.5 min
[e2e] step 22700 loss 0.1972 lr 3.00e-04 70.7 min
[e2e] step 22800 loss 0.2004 lr 3.00e-04 71.0 min
[e2e] step 22900 loss 0.2064 lr 3.00e-04 71.2 min
[e2e] step 23000 loss 0.1990 lr 3.00e-04 71.5 min
[e2e] step 23100 loss 0.2010 lr 3.00e-04 71.7 min
[e2e] step 23200 loss 0.1977 lr 3.00e-04 72.0 min
[e2e] step 23300 loss 0.2051 lr 3.00e-04 72.2 min
[e2e] step 23400 loss 0.2051 lr 3.00e-04 72.4 min
[e2e] step 23500 loss 0.1984 lr 3.00e-04 72.7 min
[e2e] step 23600 loss 0.1964 lr 3.00e-04 72.9 min
[e2e] step 23700 loss 0.2001 lr 3.00e-04 73.1 min
[e2e] step 23800 loss 0.2017 lr 3.00e-04 73.4 min
[e2e] step 23900 loss 0.1957 lr 3.00e-04 73.6 min
[e2e] step 24000 loss 0.1953 lr 3.00e-04 73.9 min
[e2e] step 24000 quick period probe (linear, 5 classes, n=4000) bal.acc 0.828
[e2e] step 24100 loss 0.1938 lr 3.00e-04 75.4 min
[e2e] step 24200 loss 0.1942 lr 3.00e-04 75.7 min
[e2e] step 24300 loss 0.1973 lr 3.00e-04 75.9 min
[e2e] step 24400 loss 0.1976 lr 3.00e-04 76.1 min
[e2e] step 24500 loss 0.1984 lr 3.00e-04 76.4 min
[e2e] step 24600 loss 0.1962 lr 3.00e-04 76.6 min
[e2e] step 24700 loss 0.1944 lr 3.00e-04 76.8 min
[e2e] step 24800 loss 0.1927 lr 3.00e-04 77.1 min
[e2e] step 24900 loss 0.1990 lr 3.00e-04 77.3 min
[e2e] step 25000 loss 0.1979 lr 3.00e-04 77.6 min
[e2e] step 25100 loss 0.1909 lr 3.00e-04 77.8 min
[e2e] step 25200 loss 0.1947 lr 3.00e-04 78.1 min
[e2e] step 25300 loss 0.1948 lr 3.00e-04 78.3 min
[e2e] step 25400 loss 0.1934 lr 3.00e-04 78.6 min
[e2e] step 25500 loss 0.1911 lr 3.00e-04 78.8 min
[e2e] step 25600 loss 0.1906 lr 3.00e-04 79.1 min
[e2e] step 25700 loss 0.1953 lr 3.00e-04 79.3 min
[e2e] step 25800 loss 0.1906 lr 3.00e-04 79.6 min
[e2e] step 25900 loss 0.1925 lr 3.00e-04 79.8 min
[e2e] step 26000 loss 0.1925 lr 3.00e-04 80.1 min
[e2e] step 26000 quick period probe (linear, 5 classes, n=4000) bal.acc 0.846
[e2e] step 26100 loss 0.1937 lr 3.00e-04 81.7 min
[e2e] step 26200 loss 0.1905 lr 3.00e-04 82.0 min
[e2e] step 26300 loss 0.1911 lr 3.00e-04 82.2 min
[e2e] step 26400 loss 0.1879 lr 3.00e-04 82.4 min
[e2e] step 26500 loss 0.1911 lr 3.00e-04 82.7 min
[e2e] step 26600 loss 0.1948 lr 3.00e-04 82.9 min
[e2e] step 26700 loss 0.1870 lr 3.00e-04 83.2 min
[e2e] step 26800 loss 0.1866 lr 3.00e-04 83.4 min
[e2e] step 26900 loss 0.1921 lr 3.00e-04 83.7 min
[e2e] step 27000 loss 0.1884 lr 3.00e-04 83.9 min
[e2e] step 27100 loss 0.1878 lr 3.00e-04 84.2 min
[e2e] step 27200 loss 0.1856 lr 3.00e-04 84.4 min
[e2e] step 27300 loss 0.1975 lr 3.00e-04 84.6 min
[e2e] step 27400 loss 0.1866 lr 3.00e-04 84.9 min
[e2e] step 27500 loss 0.1888 lr 3.00e-04 85.1 min
[e2e] step 27600 loss 0.1904 lr 3.00e-04 85.4 min
[e2e] step 27700 loss 0.1866 lr 3.00e-04 85.6 min
[e2e] step 27800 loss 0.1869 lr 3.00e-04 85.8 min
[e2e] step 27900 loss 0.1820 lr 3.00e-04 86.1 min
[e2e] step 28000 loss 0.1829 lr 3.00e-04 86.3 min
[e2e] step 28000 quick period probe (linear, 5 classes, n=4000) bal.acc 0.839
[e2e] step 28100 loss 0.1867 lr 3.00e-04 87.5 min
[e2e] step 28200 loss 0.1855 lr 3.00e-04 87.7 min
[e2e] step 28300 loss 0.1834 lr 3.00e-04 87.9 min
[e2e] step 28400 loss 0.1877 lr 3.00e-04 88.2 min
[e2e] step 28500 loss 0.1833 lr 3.00e-04 88.4 min
[e2e] step 28600 loss 0.1816 lr 3.00e-04 88.7 min
[e2e] step 28700 loss 0.1839 lr 3.00e-04 88.9 min
[e2e] step 28800 loss 0.1875 lr 3.00e-04 89.2 min
[e2e] step 28900 loss 0.1808 lr 3.00e-04 89.4 min
[e2e] step 29000 loss 0.1816 lr 3.00e-04 89.7 min
[e2e] step 29100 loss 0.1810 lr 3.00e-04 90.0 min
[e2e] step 29200 loss 0.1832 lr 3.00e-04 90.2 min
[e2e] step 29300 loss 0.1814 lr 3.00e-04 90.5 min
[e2e] step 29400 loss 0.1742 lr 3.00e-04 90.7 min
[e2e] step 29500 loss 0.1845 lr 3.00e-04 90.9 min
[e2e] step 29600 loss 0.1782 lr 3.00e-04 91.2 min
[e2e] step 29700 loss 0.1828 lr 3.00e-04 91.4 min
[e2e] step 29800 loss 0.1787 lr 3.00e-04 91.7 min
[e2e] step 29900 loss 0.1760 lr 3.00e-04 91.9 min
[e2e] step 30000 loss 0.1796 lr 3.00e-04 92.2 min
[e2e] step 30000 quick period probe (linear, 5 classes, n=4000) bal.acc 0.852
[e2e] step 30100 loss 0.1772 lr 3.00e-04 93.3 min
[e2e] step 30200 loss 0.1804 lr 3.00e-04 93.5 min
[e2e] step 30300 loss 0.1769 lr 3.00e-04 93.7 min
[e2e] step 30400 loss 0.1817 lr 3.00e-04 94.0 min
[e2e] step 30500 loss 0.1810 lr 3.00e-04 94.2 min
[e2e] step 30600 loss 0.1782 lr 3.00e-04 94.5 min
[e2e] step 30700 loss 0.1719 lr 3.00e-04 94.7 min
[e2e] step 30800 loss 0.1799 lr 3.00e-04 95.0 min
[e2e] step 30900 loss 0.1740 lr 3.00e-04 95.2 min
[e2e] step 31000 loss 0.1760 lr 3.00e-04 95.5 min
[e2e] step 31100 loss 0.1756 lr 3.00e-04 95.7 min
[e2e] step 31200 loss 0.1711 lr 3.00e-04 96.0 min
[e2e] step 31300 loss 0.1736 lr 3.00e-04 96.2 min
[e2e] step 31400 loss 0.1753 lr 3.00e-04 96.4 min
[e2e] step 31500 loss 0.1746 lr 3.00e-04 96.7 min
[e2e] step 31600 loss 0.1743 lr 3.00e-04 96.9 min
[e2e] step 31700 loss 0.1783 lr 3.00e-04 97.1 min
[e2e] step 31800 loss 0.1774 lr 3.00e-04 97.4 min
[e2e] step 31900 loss 0.1755 lr 3.00e-04 97.6 min
[e2e] step 32000 loss 0.1765 lr 3.00e-04 97.9 min
[e2e] step 32000 quick period probe (linear, 5 classes, n=4000) bal.acc 0.839
[e2e] step 32100 loss 0.1719 lr 3.00e-04 99.2 min
[e2e] step 32200 loss 0.1747 lr 3.00e-04 99.4 min
[e2e] step 32300 loss 0.1753 lr 3.00e-04 99.7 min
[e2e] step 32400 loss 0.1773 lr 3.00e-04 99.9 min
[e2e] step 32500 loss 0.1746 lr 3.00e-04 100.1 min
[e2e] step 32600 loss 0.1650 lr 3.00e-04 100.4 min
[e2e] step 32700 loss 0.1670 lr 3.00e-04 100.6 min
[e2e] step 32800 loss 0.1723 lr 3.00e-04 100.9 min
[e2e] step 32900 loss 0.1751 lr 3.00e-04 101.1 min
[e2e] step 33000 loss 0.1762 lr 3.00e-04 101.4 min
[e2e] step 33100 loss 0.1682 lr 3.00e-04 101.6 min
[e2e] step 33200 loss 0.1676 lr 3.00e-04 101.9 min
[e2e] step 33300 loss 0.1673 lr 3.00e-04 102.1 min
[e2e] step 33400 loss 0.1753 lr 3.00e-04 102.3 min
[e2e] step 33500 loss 0.1734 lr 3.00e-04 102.6 min
[e2e] step 33600 loss 0.1740 lr 3.00e-04 102.8 min
[e2e] step 33700 loss 0.1744 lr 3.00e-04 103.1 min
[e2e] step 33800 loss 0.1713 lr 3.00e-04 103.3 min
[e2e] step 33900 loss 0.1687 lr 3.00e-04 103.5 min
[e2e] step 34000 loss 0.1697 lr 3.00e-04 103.8 min
[e2e] step 34000 quick period probe (linear, 5 classes, n=4000) bal.acc 0.846
[e2e] step 34100 loss 0.1663 lr 3.00e-04 104.8 min
[e2e] step 34200 loss 0.1681 lr 3.00e-04 105.0 min
[e2e] step 34300 loss 0.1686 lr 3.00e-04 105.3 min
[e2e] step 34400 loss 0.1699 lr 3.00e-04 105.5 min
[e2e] step 34500 loss 0.1654 lr 3.00e-04 105.7 min
[e2e] step 34600 loss 0.1645 lr 3.00e-04 106.0 min
[e2e] step 34700 loss 0.1689 lr 3.00e-04 106.2 min
[e2e] step 34800 loss 0.1674 lr 3.00e-04 106.4 min
[e2e] step 34900 loss 0.1663 lr 3.00e-04 106.7 min
[e2e] step 35000 loss 0.1674 lr 3.00e-04 106.9 min
[e2e] step 35100 loss 0.1672 lr 3.00e-04 107.2 min
[e2e] step 35200 loss 0.1653 lr 3.00e-04 107.4 min
[e2e] step 35300 loss 0.1650 lr 3.00e-04 107.7 min
[e2e] step 35400 loss 0.1606 lr 3.00e-04 107.9 min
[e2e] step 35500 loss 0.1691 lr 3.00e-04 108.1 min
[e2e] step 35600 loss 0.1637 lr 3.00e-04 108.4 min
[e2e] step 35700 loss 0.1639 lr 3.00e-04 108.6 min
[e2e] step 35800 loss 0.1645 lr 3.00e-04 108.8 min
[e2e] step 35900 loss 0.1641 lr 3.00e-04 109.1 min
[e2e] step 36000 loss 0.1610 lr 3.00e-04 109.3 min
[e2e] step 36000 quick period probe (linear, 5 classes, n=4000) bal.acc 0.832
[e2e] step 36100 loss 0.1610 lr 3.00e-04 111.2 min
[e2e] step 36200 loss 0.1674 lr 3.00e-04 111.5 min
[e2e] step 36300 loss 0.1652 lr 3.00e-04 111.7 min
[e2e] step 36400 loss 0.1634 lr 3.00e-04 112.0 min
[e2e] step 36500 loss 0.1638 lr 3.00e-04 112.2 min
[e2e] step 36600 loss 0.1634 lr 3.00e-04 112.4 min
[e2e] step 36700 loss 0.1633 lr 3.00e-04 112.7 min
[e2e] step 36800 loss 0.1588 lr 3.00e-04 112.9 min
[e2e] step 36900 loss 0.1640 lr 3.00e-04 113.2 min
[e2e] step 37000 loss 0.1605 lr 3.00e-04 113.4 min
[e2e] step 37100 loss 0.1561 lr 3.00e-04 113.7 min
[e2e] step 37200 loss 0.1678 lr 3.00e-04 113.9 min
[e2e] step 37300 loss 0.1642 lr 3.00e-04 114.1 min
[e2e] step 37400 loss 0.1615 lr 3.00e-04 114.4 min
[e2e] step 37500 loss 0.1580 lr 3.00e-04 114.6 min
[e2e] step 37600 loss 0.1600 lr 3.00e-04 114.9 min
[e2e] step 37700 loss 0.1643 lr 3.00e-04 115.1 min
[e2e] step 37800 loss 0.1598 lr 3.00e-04 115.4 min
[e2e] step 37900 loss 0.1581 lr 3.00e-04 115.6 min
[e2e] step 38000 loss 0.1588 lr 3.00e-04 115.8 min
[e2e] step 38000 quick period probe (linear, 5 classes, n=4000) bal.acc 0.845
[e2e] step 38100 loss 0.1593 lr 3.00e-04 117.3 min
[e2e] step 38200 loss 0.1544 lr 3.00e-04 117.5 min
[e2e] step 38300 loss 0.1551 lr 3.00e-04 117.8 min
[e2e] step 38400 loss 0.1609 lr 3.00e-04 118.0 min
[e2e] step 38500 loss 0.1536 lr 3.00e-04 118.3 min
[e2e] step 38600 loss 0.1554 lr 3.00e-04 118.5 min
[e2e] step 38700 loss 0.1564 lr 3.00e-04 118.7 min
[e2e] step 38800 loss 0.1587 lr 3.00e-04 119.0 min
[e2e] step 38900 loss 0.1605 lr 3.00e-04 119.2 min
[e2e] step 39000 loss 0.1565 lr 3.00e-04 119.4 min
[e2e] step 39100 loss 0.1566 lr 3.00e-04 119.7 min
[e2e] step 39200 loss 0.1644 lr 3.00e-04 119.9 min
[e2e] step 39300 loss 0.1592 lr 3.00e-04 120.2 min
[e2e] step 39400 loss 0.1495 lr 3.00e-04 120.4 min
[e2e] step 39500 loss 0.1559 lr 3.00e-04 120.7 min
[e2e] step 39600 loss 0.1582 lr 3.00e-04 120.9 min
[e2e] step 39700 loss 0.1557 lr 3.00e-04 121.2 min
[e2e] step 39800 loss 0.1547 lr 3.00e-04 121.4 min
[e2e] step 39900 loss 0.1548 lr 3.00e-04 121.7 min
[e2e] step 40000 loss 0.1487 lr 3.00e-04 121.9 min
[e2e] step 40000 quick period probe (linear, 5 classes, n=4000) bal.acc 0.851
[e2e] step 40100 loss 0.1635 lr 3.00e-04 123.7 min
[e2e] step 40200 loss 0.1552 lr 3.00e-04 124.0 min
[e2e] step 40300 loss 0.1544 lr 3.00e-04 124.2 min
[e2e] step 40400 loss 0.1580 lr 3.00e-04 124.4 min
[e2e] step 40500 loss 0.1558 lr 3.00e-04 124.7 min
[e2e] step 40600 loss 0.1531 lr 3.00e-04 124.9 min
[e2e] step 40700 loss 0.1554 lr 3.00e-04 125.2 min
[e2e] step 40800 loss 0.1510 lr 3.00e-04 125.4 min
[e2e] step 40900 loss 0.1529 lr 3.00e-04 125.6 min
[e2e] step 41000 loss 0.1566 lr 3.00e-04 125.9 min
[e2e] step 41100 loss 0.1570 lr 3.00e-04 126.1 min
[e2e] step 41200 loss 0.1571 lr 3.00e-04 126.4 min
[e2e] step 41300 loss 0.1511 lr 3.00e-04 126.6 min
[e2e] step 41400 loss 0.1542 lr 3.00e-04 126.8 min
[e2e] step 41500 loss 0.1549 lr 3.00e-04 127.1 min
[e2e] step 41600 loss 0.1511 lr 3.00e-04 127.3 min
[e2e] step 41700 loss 0.1503 lr 3.00e-04 127.5 min
[e2e] step 41800 loss 0.1516 lr 3.00e-04 127.8 min
[e2e] step 41900 loss 0.1524 lr 3.00e-04 128.0 min
[e2e] step 42000 loss 0.1542 lr 3.00e-04 128.3 min
[e2e] step 42000 quick period probe (linear, 5 classes, n=4000) bal.acc 0.847
[e2e] step 42100 loss 0.1492 lr 3.00e-04 129.9 min
[e2e] step 42200 loss 0.1459 lr 3.00e-04 130.1 min
[e2e] step 42300 loss 0.1575 lr 3.00e-04 130.3 min
[e2e] step 42400 loss 0.1543 lr 3.00e-04 130.6 min
[e2e] step 42500 loss 0.1537 lr 3.00e-04 130.8 min
[e2e] step 42600 loss 0.1488 lr 3.00e-04 131.1 min
[e2e] step 42700 loss 0.1477 lr 3.00e-04 131.3 min
[e2e] step 42800 loss 0.1491 lr 3.00e-04 131.5 min
[e2e] step 42900 loss 0.1458 lr 3.00e-04 131.8 min
[e2e] step 43000 loss 0.1475 lr 3.00e-04 132.0 min
[e2e] step 43100 loss 0.1497 lr 3.00e-04 132.3 min
[e2e] step 43200 loss 0.1499 lr 3.00e-04 132.5 min
[e2e] step 43300 loss 0.1456 lr 3.00e-04 132.8 min
[e2e] step 43400 loss 0.1440 lr 3.00e-04 133.0 min
[e2e] step 43500 loss 0.1487 lr 3.00e-04 133.3 min
[e2e] step 43600 loss 0.1503 lr 3.00e-04 133.5 min
[e2e] step 43700 loss 0.1439 lr 3.00e-04 133.7 min
[e2e] step 43800 loss 0.1506 lr 3.00e-04 134.0 min
[e2e] step 43900 loss 0.1515 lr 3.00e-04 134.2 min
[e2e] step 44000 loss 0.1504 lr 3.00e-04 134.4 min
[e2e] step 44000 quick period probe (linear, 5 classes, n=4000) bal.acc 0.839
[e2e] step 44100 loss 0.1534 lr 3.00e-04 135.7 min
[e2e] step 44200 loss 0.1474 lr 3.00e-04 136.0 min
[e2e] step 44300 loss 0.1455 lr 3.00e-04 136.2 min
[e2e] step 44400 loss 0.1511 lr 3.00e-04 136.4 min
[e2e] step 44500 loss 0.1462 lr 3.00e-04 136.7 min
[e2e] step 44600 loss 0.1495 lr 3.00e-04 136.9 min
[e2e] step 44700 loss 0.1468 lr 3.00e-04 137.2 min
[e2e] step 44800 loss 0.1445 lr 3.00e-04 137.5 min
[e2e] step 44900 loss 0.1456 lr 3.00e-04 137.7 min
[e2e] step 45000 loss 0.1471 lr 3.00e-04 138.0 min
[e2e] step 45100 loss 0.1420 lr 3.00e-04 138.3 min
[e2e] step 45200 loss 0.1491 lr 3.00e-04 138.5 min
[e2e] step 45300 loss 0.1414 lr 3.00e-04 138.8 min
[e2e] step 45400 loss 0.1462 lr 3.00e-04 139.0 min
[e2e] step 45500 loss 0.1471 lr 3.00e-04 139.3 min
[e2e] step 45600 loss 0.1437 lr 3.00e-04 139.5 min
[e2e] step 45700 loss 0.1466 lr 3.00e-04 139.8 min
[e2e] step 45800 loss 0.1439 lr 3.00e-04 140.0 min
[e2e] step 45900 loss 0.1461 lr 3.00e-04 140.3 min
[e2e] step 46000 loss 0.1449 lr 3.00e-04 140.5 min
[e2e] step 46000 quick period probe (linear, 5 classes, n=4000) bal.acc 0.838
[e2e] step 46100 loss 0.1484 lr 3.00e-04 142.2 min
[e2e] step 46200 loss 0.1435 lr 3.00e-04 142.4 min
[e2e] step 46300 loss 0.1397 lr 3.00e-04 142.7 min
[e2e] step 46400 loss 0.1402 lr 3.00e-04 142.9 min
[e2e] step 46500 loss 0.1456 lr 3.00e-04 143.2 min
[e2e] step 46600 loss 0.1462 lr 3.00e-04 143.5 min
[e2e] step 46700 loss 0.1436 lr 3.00e-04 143.7 min
[e2e] step 46800 loss 0.1450 lr 3.00e-04 144.0 min
[e2e] step 46900 loss 0.1418 lr 3.00e-04 144.3 min
[e2e] step 47000 loss 0.1445 lr 3.00e-04 144.5 min
[e2e] step 47100 loss 0.1421 lr 3.00e-04 144.8 min
[e2e] step 47200 loss 0.1421 lr 3.00e-04 145.1 min
[e2e] step 47300 loss 0.1419 lr 3.00e-04 145.4 min
[e2e] step 47400 loss 0.1416 lr 3.00e-04 145.6 min
[e2e] step 47500 loss 0.1488 lr 3.00e-04 145.9 min
[e2e] step 47600 loss 0.1434 lr 3.00e-04 146.1 min
[e2e] step 47700 loss 0.1460 lr 3.00e-04 146.4 min
[e2e] step 47800 loss 0.1353 lr 3.00e-04 146.7 min
[e2e] step 47900 loss 0.1435 lr 3.00e-04 146.9 min
[e2e] step 48000 loss 0.1438 lr 3.00e-04 147.2 min
[e2e] step 48000 quick period probe (linear, 5 classes, n=4000) bal.acc 0.844
[e2e] step 48100 loss 0.1396 lr 3.00e-04 148.6 min
[e2e] step 48200 loss 0.1354 lr 3.00e-04 148.9 min
[e2e] step 48300 loss 0.1408 lr 3.00e-04 149.1 min
[e2e] step 48400 loss 0.1401 lr 3.00e-04 149.4 min
[e2e] step 48500 loss 0.1449 lr 3.00e-04 149.7 min
[e2e] step 48600 loss 0.1372 lr 3.00e-04 149.9 min
[e2e] step 48700 loss 0.1436 lr 3.00e-04 150.1 min
[e2e] step 48800 loss 0.1349 lr 3.00e-04 150.4 min
[e2e] step 48900 loss 0.1410 lr 3.00e-04 150.7 min
[e2e] step 49000 loss 0.1396 lr 3.00e-04 150.9 min
[e2e] step 49100 loss 0.1375 lr 3.00e-04 151.2 min
[e2e] step 49200 loss 0.1355 lr 3.00e-04 151.5 min
[e2e] step 49300 loss 0.1407 lr 3.00e-04 151.7 min
[e2e] step 49400 loss 0.1421 lr 3.00e-04 152.0 min
[e2e] step 49500 loss 0.1393 lr 3.00e-04 152.2 min
[e2e] step 49600 loss 0.1399 lr 3.00e-04 152.5 min
[e2e] step 49700 loss 0.1434 lr 3.00e-04 152.8 min
[e2e] step 49800 loss 0.1376 lr 3.00e-04 153.0 min
[e2e] step 49900 loss 0.1425 lr 3.00e-04 153.3 min
[e2e] step 50000 loss 0.1374 lr 3.00e-04 153.6 min
[e2e] step 50000 quick period probe (linear, 5 classes, n=4000) bal.acc 0.840
[e2e] step 50100 loss 0.1375 lr 3.00e-04 155.1 min
[e2e] step 50200 loss 0.1373 lr 3.00e-04 155.4 min
[e2e] step 50300 loss 0.1356 lr 3.00e-04 155.6 min
[e2e] step 50400 loss 0.1357 lr 3.00e-04 155.9 min
[e2e] step 50500 loss 0.1352 lr 3.00e-04 156.1 min
[e2e] step 50600 loss 0.1394 lr 3.00e-04 156.4 min
[e2e] step 50700 loss 0.1403 lr 3.00e-04 156.6 min
[e2e] step 50800 loss 0.1332 lr 3.00e-04 156.9 min
[e2e] step 50900 loss 0.1391 lr 3.00e-04 157.1 min
[e2e] step 51000 loss 0.1401 lr 3.00e-04 157.4 min
[e2e] step 51100 loss 0.1358 lr 3.00e-04 157.7 min
[e2e] step 51200 loss 0.1382 lr 3.00e-04 157.9 min
[e2e] step 51300 loss 0.1356 lr 3.00e-04 158.2 min
[e2e] step 51400 loss 0.1350 lr 3.00e-04 158.4 min
[e2e] step 51500 loss 0.1372 lr 3.00e-04 158.7 min
[e2e] step 51600 loss 0.1383 lr 3.00e-04 158.9 min
[e2e] step 51700 loss 0.1313 lr 3.00e-04 159.2 min
[e2e] step 51800 loss 0.1383 lr 3.00e-04 159.4 min
[e2e] step 51900 loss 0.1380 lr 3.00e-04 159.7 min
[e2e] step 52000 loss 0.1297 lr 3.00e-04 159.9 min
[e2e] step 52000 quick period probe (linear, 5 classes, n=4000) bal.acc 0.839
[e2e] step 52100 loss 0.1355 lr 3.00e-04 161.5 min
[e2e] step 52200 loss 0.1343 lr 3.00e-04 161.8 min
[e2e] step 52300 loss 0.1405 lr 3.00e-04 162.0 min
[e2e] step 52400 loss 0.1344 lr 3.00e-04 162.3 min
[e2e] step 52500 loss 0.1304 lr 3.00e-04 162.5 min
[e2e] step 52600 loss 0.1293 lr 3.00e-04 162.8 min
[e2e] step 52700 loss 0.1305 lr 3.00e-04 163.1 min
[e2e] step 52800 loss 0.1299 lr 3.00e-04 163.3 min
[e2e] step 52900 loss 0.1292 lr 3.00e-04 163.6 min
[e2e] step 53000 loss 0.1308 lr 3.00e-04 163.8 min
[e2e] step 53100 loss 0.1334 lr 3.00e-04 164.1 min
[e2e] step 53200 loss 0.1321 lr 3.00e-04 164.4 min
[e2e] step 53300 loss 0.1289 lr 3.00e-04 164.6 min
[e2e] step 53400 loss 0.1310 lr 3.00e-04 164.9 min
[e2e] step 53500 loss 0.1337 lr 3.00e-04 165.1 min
[e2e] step 53600 loss 0.1279 lr 3.00e-04 165.3 min
[e2e] step 53700 loss 0.1321 lr 3.00e-04 165.6 min
[e2e] step 53800 loss 0.1329 lr 3.00e-04 165.9 min
[e2e] step 53900 loss 0.1300 lr 3.00e-04 166.1 min
[e2e] step 54000 loss 0.1323 lr 3.00e-04 166.4 min
[e2e] step 54000 quick period probe (linear, 5 classes, n=4000) bal.acc 0.857
[e2e] step 54100 loss 0.1277 lr 3.00e-04 168.1 min
[e2e] step 54200 loss 0.1294 lr 3.00e-04 168.4 min
[e2e] step 54300 loss 0.1307 lr 3.00e-04 168.6 min
[e2e] step 54400 loss 0.1309 lr 3.00e-04 168.9 min
[e2e] step 54500 loss 0.1307 lr 3.00e-04 169.2 min
[e2e] step 54600 loss 0.1303 lr 3.00e-04 169.4 min
[e2e] step 54700 loss 0.1264 lr 3.00e-04 169.7 min
[e2e] step 54800 loss 0.1292 lr 3.00e-04 169.9 min
[e2e] step 54900 loss 0.1303 lr 3.00e-04 170.2 min
[e2e] step 55000 loss 0.1298 lr 3.00e-04 170.4 min
[e2e] step 55100 loss 0.1304 lr 3.00e-04 170.7 min
[e2e] step 55200 loss 0.1336 lr 3.00e-04 170.9 min
[e2e] step 55300 loss 0.1344 lr 3.00e-04 171.2 min
[e2e] step 55400 loss 0.1283 lr 3.00e-04 171.5 min
[e2e] step 55500 loss 0.1334 lr 3.00e-04 171.7 min
[e2e] step 55600 loss 0.1261 lr 3.00e-04 172.0 min
[e2e] step 55700 loss 0.1279 lr 3.00e-04 172.2 min
[e2e] step 55800 loss 0.1296 lr 3.00e-04 172.5 min
[e2e] step 55900 loss 0.1252 lr 3.00e-04 172.8 min
[e2e] step 56000 loss 0.1312 lr 3.00e-04 173.0 min
[e2e] step 56000 quick period probe (linear, 5 classes, n=4000) bal.acc 0.840
[e2e] step 56100 loss 0.1288 lr 3.00e-04 174.5 min
[e2e] step 56200 loss 0.1303 lr 3.00e-04 174.7 min
[e2e] step 56300 loss 0.1246 lr 3.00e-04 175.0 min
[e2e] step 56400 loss 0.1280 lr 3.00e-04 175.3 min
[e2e] step 56500 loss 0.1271 lr 3.00e-04 175.5 min
[e2e] step 56600 loss 0.1246 lr 3.00e-04 175.8 min
[e2e] step 56700 loss 0.1281 lr 3.00e-04 176.0 min
[e2e] step 56800 loss 0.1228 lr 3.00e-04 176.3 min
[e2e] step 56900 loss 0.1322 lr 3.00e-04 176.5 min
[e2e] step 57000 loss 0.1240 lr 3.00e-04 176.8 min
[e2e] step 57100 loss 0.1256 lr 3.00e-04 177.1 min
[e2e] step 57200 loss 0.1260 lr 3.00e-04 177.3 min
[e2e] step 57300 loss 0.1194 lr 3.00e-04 177.6 min
[e2e] step 57400 loss 0.1284 lr 3.00e-04 177.8 min
[e2e] step 57500 loss 0.1260 lr 3.00e-04 178.1 min
[e2e] step 57600 loss 0.1273 lr 3.00e-04 178.3 min
[e2e] step 57700 loss 0.1286 lr 3.00e-04 178.6 min
[e2e] step 57800 loss 0.1269 lr 3.00e-04 178.8 min
[e2e] step 57900 loss 0.1319 lr 3.00e-04 179.1 min
[e2e] step 58000 loss 0.1249 lr 3.00e-04 179.3 min
[e2e] step 58000 quick period probe (linear, 5 classes, n=4000) bal.acc 0.844
[e2e] step 58100 loss 0.1273 lr 3.00e-04 181.0 min
[e2e] step 58200 loss 0.1280 lr 3.00e-04 181.2 min
[e2e] step 58300 loss 0.1282 lr 3.00e-04 181.5 min
[e2e] step 58400 loss 0.1248 lr 3.00e-04 181.7 min
[e2e] step 58500 loss 0.1231 lr 3.00e-04 182.0 min
[e2e] step 58600 loss 0.1276 lr 3.00e-04 182.2 min
[e2e] step 58700 loss 0.1238 lr 3.00e-04 182.5 min
[e2e] step 58800 loss 0.1240 lr 3.00e-04 182.7 min
[e2e] step 58900 loss 0.1243 lr 3.00e-04 183.0 min
[e2e] step 59000 loss 0.1225 lr 3.00e-04 183.3 min
[e2e] step 59100 loss 0.1238 lr 3.00e-04 183.6 min
[e2e] step 59200 loss 0.1238 lr 3.00e-04 183.8 min
[e2e] step 59300 loss 0.1313 lr 3.00e-04 184.1 min
[e2e] step 59400 loss 0.1227 lr 3.00e-04 184.4 min
[e2e] step 59500 loss 0.1253 lr 3.00e-04 184.6 min
[e2e] step 59600 loss 0.1208 lr 3.00e-04 184.9 min
[e2e] step 59700 loss 0.1281 lr 3.00e-04 185.1 min
[e2e] step 59800 loss 0.1274 lr 3.00e-04 185.4 min
[e2e] step 59900 loss 0.1263 lr 3.00e-04 185.6 min
[e2e] step 60000 loss 0.1275 lr 3.00e-04 185.9 min
[e2e] step 60000 quick period probe (linear, 5 classes, n=4000) bal.acc 0.838
[e2e] step 60100 loss 0.1266 lr 3.00e-04 187.3 min
[e2e] step 60200 loss 0.1269 lr 3.00e-04 187.6 min
[e2e] step 60300 loss 0.1274 lr 3.00e-04 187.8 min
[e2e] step 60400 loss 0.1222 lr 3.00e-04 188.1 min
[e2e] step 60500 loss 0.1229 lr 3.00e-04 188.3 min
[e2e] step 60600 loss 0.1230 lr 3.00e-04 188.6 min
[e2e] step 60700 loss 0.1216 lr 3.00e-04 188.8 min
[e2e] step 60800 loss 0.1246 lr 3.00e-04 189.1 min
[e2e] step 60900 loss 0.1293 lr 3.00e-04 189.3 min
[e2e] step 61000 loss 0.1182 lr 3.00e-04 189.6 min
[e2e] step 61100 loss 0.1233 lr 3.00e-04 189.9 min
[e2e] step 61200 loss 0.1252 lr 3.00e-04 190.1 min
[e2e] step 61300 loss 0.1224 lr 3.00e-04 190.4 min
[e2e] step 61400 loss 0.1217 lr 3.00e-04 190.6 min
[e2e] step 61500 loss 0.1215 lr 3.00e-04 190.9 min
[e2e] step 61600 loss 0.1191 lr 3.00e-04 191.1 min
[e2e] step 61700 loss 0.1265 lr 3.00e-04 191.4 min
[e2e] step 61800 loss 0.1217 lr 3.00e-04 191.6 min
[e2e] step 61900 loss 0.1258 lr 3.00e-04 191.9 min
[e2e] step 62000 loss 0.1285 lr 3.00e-04 192.1 min
[e2e] step 62000 quick period probe (linear, 5 classes, n=4000) bal.acc 0.850
[e2e] step 62100 loss 0.1236 lr 3.00e-04 193.4 min
[e2e] step 62200 loss 0.1209 lr 3.00e-04 193.6 min
[e2e] step 62300 loss 0.1219 lr 3.00e-04 193.9 min
[e2e] step 62400 loss 0.1244 lr 3.00e-04 194.1 min
[e2e] step 62500 loss 0.1178 lr 3.00e-04 194.4 min
[e2e] step 62600 loss 0.1224 lr 3.00e-04 194.6 min
[e2e] step 62700 loss 0.1233 lr 3.00e-04 194.9 min
[e2e] step 62800 loss 0.1184 lr 3.00e-04 195.2 min
[e2e] step 62900 loss 0.1227 lr 3.00e-04 195.4 min
[e2e] step 63000 loss 0.1210 lr 3.00e-04 195.7 min
[e2e] step 63100 loss 0.1194 lr 3.00e-04 196.0 min
[e2e] step 63200 loss 0.1242 lr 3.00e-04 196.2 min
[e2e] step 63300 loss 0.1184 lr 3.00e-04 196.5 min
[e2e] step 63400 loss 0.1206 lr 3.00e-04 196.7 min
[e2e] step 63500 loss 0.1227 lr 3.00e-04 197.0 min
[e2e] step 63600 loss 0.1250 lr 3.00e-04 197.2 min
[e2e] step 63700 loss 0.1217 lr 3.00e-04 197.5 min
[e2e] step 63800 loss 0.1248 lr 3.00e-04 197.7 min
[e2e] step 63900 loss 0.1202 lr 3.00e-04 198.0 min
[e2e] step 64000 loss 0.1172 lr 3.00e-04 198.2 min
[e2e] step 64000 quick period probe (linear, 5 classes, n=4000) bal.acc 0.851
[e2e] step 64100 loss 0.1208 lr 3.00e-04 199.7 min
[e2e] step 64200 loss 0.1183 lr 3.00e-04 200.0 min
[e2e] step 64300 loss 0.1208 lr 3.00e-04 200.2 min
[e2e] step 64400 loss 0.1221 lr 3.00e-04 200.5 min
[e2e] step 64500 loss 0.1193 lr 3.00e-04 200.7 min
[e2e] step 64600 loss 0.1193 lr 3.00e-04 201.0 min
[e2e] step 64700 loss 0.1191 lr 3.00e-04 201.2 min
[e2e] step 64800 loss 0.1163 lr 3.00e-04 201.5 min
[e2e] step 64900 loss 0.1173 lr 3.00e-04 201.7 min
[e2e] step 65000 loss 0.1199 lr 3.00e-04 202.0 min
[e2e] step 65100 loss 0.1200 lr 3.00e-04 202.2 min
[e2e] step 65200 loss 0.1206 lr 3.00e-04 202.5 min
[e2e] step 65300 loss 0.1241 lr 3.00e-04 202.7 min
[e2e] step 65400 loss 0.1130 lr 3.00e-04 203.0 min
[e2e] step 65500 loss 0.1192 lr 3.00e-04 203.3 min
[e2e] step 65600 loss 0.1176 lr 3.00e-04 203.5 min
[e2e] step 65700 loss 0.1169 lr 3.00e-04 203.8 min
[e2e] step 65800 loss 0.1163 lr 3.00e-04 204.0 min
[e2e] step 65900 loss 0.1200 lr 3.00e-04 204.3 min
[e2e] step 66000 loss 0.1196 lr 3.00e-04 204.5 min
[e2e] step 66000 quick period probe (linear, 5 classes, n=4000) bal.acc 0.836
[e2e] step 66100 loss 0.1168 lr 3.00e-04 205.9 min
[e2e] step 66200 loss 0.1223 lr 3.00e-04 206.2 min
[e2e] step 66300 loss 0.1213 lr 3.00e-04 206.5 min
[e2e] step 66400 loss 0.1203 lr 3.00e-04 206.7 min
[e2e] step 66500 loss 0.1122 lr 3.00e-04 206.9 min
[e2e] step 66600 loss 0.1227 lr 3.00e-04 207.2 min
[e2e] step 66700 loss 0.1206 lr 3.00e-04 207.5 min
[e2e] step 66800 loss 0.1210 lr 3.00e-04 207.7 min
[e2e] step 66900 loss 0.1207 lr 3.00e-04 208.0 min
[e2e] step 67000 loss 0.1192 lr 3.00e-04 208.2 min
[e2e] step 67100 loss 0.1188 lr 3.00e-04 208.5 min
[e2e] step 67200 loss 0.1163 lr 3.00e-04 208.8 min
[e2e] step 67300 loss 0.1168 lr 3.00e-04 209.0 min
[e2e] step 67400 loss 0.1194 lr 3.00e-04 209.3 min
[e2e] step 67500 loss 0.1130 lr 3.00e-04 209.5 min
[e2e] step 67600 loss 0.1163 lr 3.00e-04 209.8 min
[e2e] step 67700 loss 0.1191 lr 3.00e-04 210.0 min
[e2e] step 67800 loss 0.1189 lr 3.00e-04 210.3 min
[e2e] step 67900 loss 0.1175 lr 3.00e-04 210.5 min
[e2e] step 68000 loss 0.1145 lr 3.00e-04 210.8 min
[e2e] step 68000 quick period probe (linear, 5 classes, n=4000) bal.acc 0.845
[e2e] step 68100 loss 0.1163 lr 3.00e-04 212.4 min
[e2e] step 68200 loss 0.1173 lr 3.00e-04 212.6 min
[e2e] step 68300 loss 0.1180 lr 3.00e-04 212.9 min
[e2e] step 68400 loss 0.1164 lr 3.00e-04 213.1 min
[e2e] step 68500 loss 0.1204 lr 3.00e-04 213.4 min
[e2e] step 68600 loss 0.1162 lr 3.00e-04 213.7 min
[e2e] step 68700 loss 0.1153 lr 3.00e-04 213.9 min
[e2e] step 68800 loss 0.1169 lr 3.00e-04 214.2 min
[e2e] step 68900 loss 0.1156 lr 3.00e-04 214.4 min
[e2e] step 69000 loss 0.1183 lr 3.00e-04 214.7 min
[e2e] step 69100 loss 0.1159 lr 3.00e-04 215.0 min
[e2e] step 69200 loss 0.1189 lr 3.00e-04 215.2 min
[e2e] step 69300 loss 0.1171 lr 3.00e-04 215.5 min
[e2e] step 69400 loss 0.1173 lr 3.00e-04 215.8 min
[e2e] step 69500 loss 0.1171 lr 3.00e-04 216.0 min
[e2e] step 69600 loss 0.1221 lr 3.00e-04 216.3 min
[e2e] step 69700 loss 0.1169 lr 3.00e-04 216.6 min
[e2e] step 69800 loss 0.1192 lr 3.00e-04 216.9 min
[e2e] step 69900 loss 0.1147 lr 3.00e-04 217.1 min
[e2e] step 70000 loss 0.1144 lr 3.00e-04 217.4 min
[e2e] step 70000 quick period probe (linear, 5 classes, n=4000) bal.acc 0.843
[e2e] step 70100 loss 0.1148 lr 3.00e-04 218.9 min
[e2e] step 70200 loss 0.1143 lr 3.00e-04 219.1 min
[e2e] step 70300 loss 0.1177 lr 3.00e-04 219.4 min
[e2e] step 70400 loss 0.1203 lr 3.00e-04 219.6 min
[e2e] step 70500 loss 0.1173 lr 3.00e-04 219.9 min
[e2e] step 70600 loss 0.1129 lr 3.00e-04 220.1 min
[e2e] step 70700 loss 0.1158 lr 3.00e-04 220.4 min
[e2e] step 70800 loss 0.1149 lr 3.00e-04 220.6 min
[e2e] step 70900 loss 0.1160 lr 3.00e-04 220.9 min
[e2e] step 71000 loss 0.1153 lr 3.00e-04 221.1 min
[e2e] step 71100 loss 0.1164 lr 3.00e-04 221.4 min
[e2e] step 71200 loss 0.1139 lr 3.00e-04 221.7 min
[e2e] step 71300 loss 0.1125 lr 3.00e-04 221.9 min
[e2e] step 71400 loss 0.1162 lr 3.00e-04 222.2 min
[e2e] step 71500 loss 0.1172 lr 3.00e-04 222.4 min
[e2e] step 71600 loss 0.1184 lr 3.00e-04 222.7 min
[e2e] step 71700 loss 0.1147 lr 3.00e-04 222.9 min
[e2e] step 71800 loss 0.1180 lr 3.00e-04 223.2 min
[e2e] step 71900 loss 0.1138 lr 3.00e-04 223.4 min
[e2e] step 72000 loss 0.1138 lr 3.00e-04 223.7 min
[e2e] step 72000 quick period probe (linear, 5 classes, n=4000) bal.acc 0.843
[e2e] step 72100 loss 0.1147 lr 3.00e-04 225.1 min
[e2e] step 72200 loss 0.1144 lr 3.00e-04 225.4 min
[e2e] step 72300 loss 0.1089 lr 3.00e-04 225.6 min
[e2e] step 72400 loss 0.1102 lr 3.00e-04 225.9 min
[e2e] step 72500 loss 0.1129 lr 3.00e-04 226.1 min
[e2e] step 72600 loss 0.1117 lr 3.00e-04 226.4 min
[e2e] step 72700 loss 0.1153 lr 3.00e-04 226.7 min
[e2e] step 72800 loss 0.1134 lr 3.00e-04 226.9 min
[e2e] step 72900 loss 0.1128 lr 3.00e-04 227.2 min
[e2e] step 73000 loss 0.1176 lr 3.00e-04 227.5 min
[e2e] step 73100 loss 0.1125 lr 3.00e-04 227.8 min
[e2e] step 73200 loss 0.1109 lr 3.00e-04 228.0 min
[e2e] step 73300 loss 0.1100 lr 3.00e-04 228.3 min
[e2e] step 73400 loss 0.1153 lr 3.00e-04 228.5 min
[e2e] step 73500 loss 0.1141 lr 3.00e-04 228.8 min
[e2e] step 73600 loss 0.1140 lr 3.00e-04 229.0 min
[e2e] step 73700 loss 0.1154 lr 3.00e-04 229.3 min
[e2e] step 73800 loss 0.1126 lr 3.00e-04 229.5 min
[e2e] step 73900 loss 0.1109 lr 3.00e-04 229.8 min
[e2e] step 74000 loss 0.1130 lr 3.00e-04 230.0 min
[e2e] step 74000 quick period probe (linear, 5 classes, n=4000) bal.acc 0.837
[e2e] step 74100 loss 0.1099 lr 3.00e-04 231.6 min
[e2e] step 74200 loss 0.1106 lr 3.00e-04 231.8 min
[e2e] step 74300 loss 0.1119 lr 3.00e-04 232.1 min
[e2e] step 74400 loss 0.1132 lr 3.00e-04 232.3 min
[e2e] step 74500 loss 0.1088 lr 3.00e-04 232.6 min
[e2e] step 74600 loss 0.1106 lr 3.00e-04 232.9 min
[e2e] step 74700 loss 0.1106 lr 3.00e-04 233.1 min
[e2e] step 74800 loss 0.1119 lr 3.00e-04 233.4 min
[e2e] step 74900 loss 0.1144 lr 3.00e-04 233.6 min
[e2e] step 75000 loss 0.1137 lr 3.00e-04 233.9 min
[e2e] step 75100 loss 0.1067 lr 3.00e-04 234.2 min
[e2e] step 75200 loss 0.1111 lr 3.00e-04 234.4 min
[e2e] step 75300 loss 0.1112 lr 3.00e-04 234.7 min
[e2e] step 75400 loss 0.1084 lr 3.00e-04 235.0 min
[e2e] step 75500 loss 0.1145 lr 3.00e-04 235.2 min
[e2e] step 75600 loss 0.1131 lr 3.00e-04 235.5 min
[e2e] step 75700 loss 0.1103 lr 3.00e-04 235.7 min
[e2e] step 75800 loss 0.1132 lr 3.00e-04 236.0 min
[e2e] step 75900 loss 0.1108 lr 3.00e-04 236.3 min
[e2e] step 76000 loss 0.1148 lr 3.00e-04 236.5 min
[e2e] step 76000 quick period probe (linear, 5 classes, n=4000) bal.acc 0.852
[e2e] step 76100 loss 0.1108 lr 3.00e-04 238.1 min
[e2e] step 76200 loss 0.1125 lr 3.00e-04 238.3 min
[e2e] step 76300 loss 0.1145 lr 3.00e-04 238.6 min
[e2e] step 76400 loss 0.1083 lr 3.00e-04 238.8 min
[e2e] step 76500 loss 0.1127 lr 3.00e-04 239.1 min
[e2e] step 76600 loss 0.1111 lr 3.00e-04 239.3 min
[e2e] step 76700 loss 0.1103 lr 3.00e-04 239.6 min
[e2e] step 76800 loss 0.1125 lr 3.00e-04 239.8 min
[e2e] step 76900 loss 0.1107 lr 3.00e-04 240.1 min
[e2e] step 77000 loss 0.1109 lr 3.00e-04 240.3 min
[e2e] step 77100 loss 0.1111 lr 3.00e-04 240.6 min
[e2e] step 77200 loss 0.1093 lr 3.00e-04 240.9 min
[e2e] step 77300 loss 0.1130 lr 3.00e-04 241.1 min
[e2e] step 77400 loss 0.1114 lr 3.00e-04 241.4 min
[e2e] step 77500 loss 0.1158 lr 3.00e-04 241.6 min
[e2e] step 77600 loss 0.1076 lr 3.00e-04 241.9 min
[e2e] step 77700 loss 0.1102 lr 3.00e-04 242.1 min
[e2e] step 77800 loss 0.1139 lr 3.00e-04 242.4 min
[e2e] step 77900 loss 0.1086 lr 3.00e-04 242.6 min
[e2e] step 78000 loss 0.1070 lr 3.00e-04 242.9 min
[e2e] step 78000 quick period probe (linear, 5 classes, n=4000) bal.acc 0.834
[e2e] step 78100 loss 0.1064 lr 3.00e-04 244.4 min
[e2e] step 78200 loss 0.1094 lr 3.00e-04 244.7 min
[e2e] step 78300 loss 0.1147 lr 3.00e-04 244.9 min
[e2e] step 78400 loss 0.1084 lr 3.00e-04 245.2 min
[e2e] step 78500 loss 0.1114 lr 3.00e-04 245.4 min
[e2e] step 78600 loss 0.1113 lr 3.00e-04 245.6 min
[e2e] step 78700 loss 0.1065 lr 3.00e-04 245.9 min
[e2e] step 78800 loss 0.1107 lr 3.00e-04 246.1 min
[e2e] step 78900 loss 0.1084 lr 3.00e-04 246.3 min
[e2e] step 79000 loss 0.1138 lr 3.00e-04 246.6 min
[e2e] step 79100 loss 0.1071 lr 3.00e-04 246.9 min
[e2e] step 79200 loss 0.1095 lr 3.00e-04 247.1 min
[e2e] step 79300 loss 0.1051 lr 3.00e-04 247.3 min
[e2e] step 79400 loss 0.1084 lr 3.00e-04 247.6 min
[e2e] step 79500 loss 0.1109 lr 3.00e-04 247.8 min
[e2e] step 79600 loss 0.1035 lr 3.00e-04 248.1 min
[e2e] step 79700 loss 0.1047 lr 3.00e-04 248.3 min
[e2e] step 79800 loss 0.1046 lr 3.00e-04 248.6 min
[e2e] step 79900 loss 0.1071 lr 3.00e-04 248.8 min
[e2e] step 80000 loss 0.1109 lr 3.00e-04 249.1 min
[e2e] step 80000 quick period probe (linear, 5 classes, n=4000) bal.acc 0.839
[e2e] step 80100 loss 0.1077 lr 3.00e-04 250.1 min
[e2e] step 80200 loss 0.1100 lr 3.00e-04 250.3 min
[e2e] step 80300 loss 0.1074 lr 3.00e-04 250.5 min
[e2e] step 80400 loss 0.1083 lr 3.00e-04 250.8 min
[e2e] step 80500 loss 0.1042 lr 3.00e-04 251.0 min
[e2e] step 80600 loss 0.1093 lr 3.00e-04 251.3 min
[e2e] step 80700 loss 0.1067 lr 3.00e-04 251.5 min
[e2e] step 80800 loss 0.1044 lr 3.00e-04 251.7 min
[e2e] step 80900 loss 0.1055 lr 3.00e-04 252.0 min
[e2e] step 81000 loss 0.1062 lr 3.00e-04 252.2 min
[e2e] step 81100 loss 0.1082 lr 3.00e-04 252.5 min
[e2e] step 81200 loss 0.1082 lr 3.00e-04 252.7 min
[e2e] step 81300 loss 0.1063 lr 3.00e-04 252.9 min
[e2e] step 81400 loss 0.1049 lr 3.00e-04 253.2 min
[e2e] step 81500 loss 0.1081 lr 3.00e-04 253.4 min
[e2e] step 81600 loss 0.1100 lr 3.00e-04 253.7 min
[e2e] step 81700 loss 0.1099 lr 3.00e-04 253.9 min
[e2e] step 81800 loss 0.1059 lr 3.00e-04 254.2 min
[e2e] step 81900 loss 0.1085 lr 3.00e-04 254.4 min
[e2e] step 82000 loss 0.1070 lr 3.00e-04 254.6 min
[e2e] step 82000 quick period probe (linear, 5 classes, n=4000) bal.acc 0.860
[e2e] step 82100 loss 0.1040 lr 3.00e-04 256.4 min
[e2e] step 82200 loss 0.1087 lr 3.00e-04 256.6 min
[e2e] step 82300 loss 0.1034 lr 3.00e-04 256.9 min
[e2e] step 82400 loss 0.1078 lr 3.00e-04 257.1 min
[e2e] step 82500 loss 0.1063 lr 3.00e-04 257.3 min
[e2e] step 82600 loss 0.1026 lr 3.00e-04 257.6 min
[e2e] step 82700 loss 0.1070 lr 3.00e-04 257.8 min
[e2e] step 82800 loss 0.1102 lr 3.00e-04 258.0 min
[e2e] step 82900 loss 0.1039 lr 3.00e-04 258.3 min
[e2e] step 83000 loss 0.1070 lr 3.00e-04 258.5 min
[e2e] step 83100 loss 0.1063 lr 3.00e-04 258.8 min
[e2e] step 83200 loss 0.1062 lr 3.00e-04 259.0 min
[e2e] step 83300 loss 0.1056 lr 3.00e-04 259.3 min
[e2e] step 83400 loss 0.1053 lr 3.00e-04 259.5 min
[e2e] step 83500 loss 0.1031 lr 3.00e-04 259.8 min
[e2e] step 83600 loss 0.1054 lr 3.00e-04 260.1 min
[e2e] step 83700 loss 0.1085 lr 3.00e-04 260.3 min
[e2e] step 83800 loss 0.1083 lr 3.00e-04 260.6 min
[e2e] step 83900 loss 0.1045 lr 3.00e-04 260.8 min
[e2e] step 84000 loss 0.1064 lr 3.00e-04 261.0 min
[e2e] step 84000 quick period probe (linear, 5 classes, n=4000) bal.acc 0.845
[e2e] step 84100 loss 0.1082 lr 3.00e-04 262.8 min
[e2e] step 84200 loss 0.1063 lr 3.00e-04 263.0 min
[e2e] step 84300 loss 0.1097 lr 3.00e-04 263.3 min
[e2e] step 84400 loss 0.1065 lr 3.00e-04 263.5 min
[e2e] step 84500 loss 0.1075 lr 3.00e-04 263.7 min
[e2e] step 84600 loss 0.1104 lr 3.00e-04 264.0 min
[e2e] step 84700 loss 0.1019 lr 3.00e-04 264.2 min
[e2e] step 84800 loss 0.1080 lr 3.00e-04 264.4 min
[e2e] step 84900 loss 0.1025 lr 3.00e-04 264.7 min
[e2e] step 85000 loss 0.1037 lr 3.00e-04 264.9 min
[e2e] step 85100 loss 0.1076 lr 3.00e-04 265.2 min
[e2e] step 85200 loss 0.1078 lr 3.00e-04 265.4 min
[e2e] step 85300 loss 0.1031 lr 3.00e-04 265.7 min
[e2e] step 85400 loss 0.1080 lr 3.00e-04 265.9 min
[e2e] step 85500 loss 0.1059 lr 3.00e-04 266.2 min
[e2e] step 85600 loss 0.1063 lr 3.00e-04 266.4 min
[e2e] step 85700 loss 0.1068 lr 3.00e-04 266.7 min
[e2e] step 85800 loss 0.1040 lr 3.00e-04 266.9 min
[e2e] step 85900 loss 0.1086 lr 3.00e-04 267.1 min
[e2e] step 86000 loss 0.0996 lr 3.00e-04 267.4 min
[e2e] step 86000 quick period probe (linear, 5 classes, n=4000) bal.acc 0.845
[e2e] step 86100 loss 0.1026 lr 3.00e-04 269.1 min
[e2e] step 86200 loss 0.0997 lr 3.00e-04 269.3 min
[e2e] step 86300 loss 0.1071 lr 3.00e-04 269.6 min
[e2e] step 86400 loss 0.1051 lr 3.00e-04 269.8 min
[e2e] step 86500 loss 0.1032 lr 3.00e-04 270.1 min
[e2e] step 86600 loss 0.1102 lr 3.00e-04 270.3 min
[e2e] step 86700 loss 0.1020 lr 3.00e-04 270.6 min
[e2e] step 86800 loss 0.0992 lr 3.00e-04 270.8 min
[e2e] step 86900 loss 0.1036 lr 3.00e-04 271.1 min
[e2e] step 87000 loss 0.1014 lr 3.00e-04 271.3 min
[e2e] step 87100 loss 0.1046 lr 3.00e-04 271.6 min
[e2e] step 87200 loss 0.1048 lr 3.00e-04 271.8 min
[e2e] step 87300 loss 0.1029 lr 3.00e-04 272.1 min
[e2e] step 87400 loss 0.1041 lr 3.00e-04 272.3 min
[e2e] step 87500 loss 0.1054 lr 3.00e-04 272.5 min
[e2e] step 87600 loss 0.1001 lr 3.00e-04 272.8 min
[e2e] step 87700 loss 0.1061 lr 3.00e-04 273.0 min
[e2e] step 87800 loss 0.1010 lr 3.00e-04 273.3 min
[e2e] step 87900 loss 0.1004 lr 3.00e-04 273.5 min
[e2e] step 88000 loss 0.1030 lr 3.00e-04 273.7 min
[e2e] step 88000 quick period probe (linear, 5 classes, n=4000) bal.acc 0.853
[e2e] step 88100 loss 0.1031 lr 3.00e-04 275.1 min
[e2e] step 88200 loss 0.1026 lr 3.00e-04 275.3 min
[e2e] step 88300 loss 0.1051 lr 3.00e-04 275.5 min
[e2e] step 88400 loss 0.1091 lr 3.00e-04 275.8 min
[e2e] step 88500 loss 0.1059 lr 3.00e-04 276.0 min
[e2e] step 88600 loss 0.0998 lr 3.00e-04 276.3 min
[e2e] step 88700 loss 0.1036 lr 3.00e-04 276.5 min
[e2e] step 88800 loss 0.1026 lr 3.00e-04 276.7 min
[e2e] step 88900 loss 0.1042 lr 3.00e-04 277.0 min
[e2e] step 89000 loss 0.1012 lr 3.00e-04 277.2 min
[e2e] step 89100 loss 0.1043 lr 3.00e-04 277.5 min
[e2e] step 89200 loss 0.1018 lr 3.00e-04 277.7 min
[e2e] step 89300 loss 0.1011 lr 3.00e-04 278.0 min
[e2e] step 89400 loss 0.1050 lr 3.00e-04 278.2 min
[e2e] step 89500 loss 0.0983 lr 3.00e-04 278.4 min
[e2e] step 89600 loss 0.1017 lr 3.00e-04 278.7 min
[e2e] step 89700 loss 0.1044 lr 3.00e-04 278.9 min
[e2e] step 89800 loss 0.1025 lr 3.00e-04 279.2 min
[e2e] step 89900 loss 0.1010 lr 3.00e-04 279.4 min
[e2e] step 90000 loss 0.1031 lr 3.00e-04 279.6 min
[e2e] step 90000 quick period probe (linear, 5 classes, n=4000) bal.acc 0.845
[e2e] step 90100 loss 0.1044 lr 3.00e-04 281.3 min
[e2e] step 90200 loss 0.1052 lr 3.00e-04 281.5 min
[e2e] step 90300 loss 0.1017 lr 3.00e-04 281.8 min
[e2e] step 90400 loss 0.1022 lr 3.00e-04 282.0 min
[e2e] step 90500 loss 0.1044 lr 3.00e-04 282.2 min
[e2e] step 90600 loss 0.1038 lr 3.00e-04 282.5 min
[e2e] step 90700 loss 0.1038 lr 3.00e-04 282.7 min
[e2e] step 90800 loss 0.1014 lr 3.00e-04 283.0 min
[e2e] step 90900 loss 0.0963 lr 3.00e-04 283.2 min
[e2e] step 91000 loss 0.0992 lr 3.00e-04 283.4 min
[e2e] step 91100 loss 0.1084 lr 3.00e-04 283.7 min
[e2e] step 91200 loss 0.1017 lr 3.00e-04 283.9 min
[e2e] step 91300 loss 0.0972 lr 3.00e-04 284.2 min
[e2e] step 91400 loss 0.1021 lr 3.00e-04 284.4 min
[e2e] step 91500 loss 0.1000 lr 3.00e-04 284.6 min
[e2e] step 91600 loss 0.1007 lr 3.00e-04 284.9 min
[e2e] step 91700 loss 0.0998 lr 3.00e-04 285.1 min
[e2e] step 91800 loss 0.1014 lr 3.00e-04 285.4 min
[e2e] step 91900 loss 0.1058 lr 3.00e-04 285.6 min
[e2e] step 92000 loss 0.1043 lr 3.00e-04 285.8 min
[e2e] step 92000 quick period probe (linear, 5 classes, n=4000) bal.acc 0.851
[e2e] step 92100 loss 0.1004 lr 3.00e-04 287.3 min
[e2e] step 92200 loss 0.1005 lr 3.00e-04 287.6 min
[e2e] step 92300 loss 0.1027 lr 3.00e-04 287.8 min
[e2e] step 92400 loss 0.0958 lr 3.00e-04 288.1 min
[e2e] step 92500 loss 0.1029 lr 3.00e-04 288.3 min
[e2e] step 92600 loss 0.1029 lr 3.00e-04 288.6 min
[e2e] step 92700 loss 0.1014 lr 3.00e-04 288.8 min
[e2e] step 92800 loss 0.1030 lr 3.00e-04 289.0 min
[e2e] step 92900 loss 0.0978 lr 3.00e-04 289.3 min
[e2e] step 93000 loss 0.1030 lr 3.00e-04 289.5 min
[e2e] step 93100 loss 0.1042 lr 3.00e-04 289.8 min
[e2e] step 93200 loss 0.1024 lr 3.00e-04 290.0 min
[e2e] step 93300 loss 0.1011 lr 3.00e-04 290.3 min
[e2e] step 93400 loss 0.0999 lr 3.00e-04 290.5 min
[e2e] step 93500 loss 0.0994 lr 3.00e-04 290.7 min
[e2e] step 93600 loss 0.1028 lr 3.00e-04 291.0 min
[e2e] step 93700 loss 0.0999 lr 3.00e-04 291.2 min
[e2e] step 93800 loss 0.0990 lr 3.00e-04 291.4 min
[e2e] step 93900 loss 0.1012 lr 3.00e-04 291.7 min
[e2e] step 94000 loss 0.1058 lr 3.00e-04 291.9 min
[e2e] step 94000 quick period probe (linear, 5 classes, n=4000) bal.acc 0.853
[e2e] step 94100 loss 0.1035 lr 3.00e-04 293.5 min
[e2e] step 94200 loss 0.0990 lr 3.00e-04 293.7 min
[e2e] step 94300 loss 0.0997 lr 3.00e-04 294.0 min
[e2e] step 94400 loss 0.0992 lr 3.00e-04 294.2 min
[e2e] step 94500 loss 0.0953 lr 3.00e-04 294.4 min
[e2e] step 94600 loss 0.0992 lr 3.00e-04 294.7 min
[e2e] step 94700 loss 0.1014 lr 3.00e-04 294.9 min
[e2e] step 94800 loss 0.0979 lr 3.00e-04 295.1 min
[e2e] step 94900 loss 0.0985 lr 3.00e-04 295.4 min
[e2e] step 95000 loss 0.1020 lr 3.00e-04 295.6 min
[e2e] step 95100 loss 0.1010 lr 3.00e-04 295.9 min
[e2e] step 95200 loss 0.1011 lr 3.00e-04 296.1 min
[e2e] step 95300 loss 0.1010 lr 3.00e-04 296.4 min
[e2e] step 95400 loss 0.0998 lr 3.00e-04 296.6 min
[e2e] step 95500 loss 0.1043 lr 3.00e-04 296.8 min
[e2e] step 95600 loss 0.0982 lr 3.00e-04 297.1 min
[e2e] step 95700 loss 0.1018 lr 3.00e-04 297.3 min
[e2e] step 95800 loss 0.0996 lr 3.00e-04 297.5 min
[e2e] step 95900 loss 0.0974 lr 3.00e-04 297.8 min
[e2e] step 96000 loss 0.1008 lr 3.00e-04 298.0 min
[e2e] step 96000 quick period probe (linear, 5 classes, n=4000) bal.acc 0.844
[e2e] step 96100 loss 0.0998 lr 3.00e-04 299.3 min
[e2e] step 96200 loss 0.0998 lr 3.00e-04 299.5 min
[e2e] step 96300 loss 0.1022 lr 3.00e-04 299.7 min
[e2e] step 96400 loss 0.0992 lr 3.00e-04 300.0 min
[e2e] done e2e_jepa_L-s0: 96410 steps in 5.01h; embeddings -> store 'ssl_e2e::e2e_jepa_L-s0' (31,905 texts); final.pt in chrono/artifacts_ssl/e2e/e2e_jepa_L-s0
Auto packing the repository in background for optimum performance.
See "git help gc" for manual housekeeping.
[yarin-sandbox bb93c33d] C11: e2e jepa L (job 33690)
 1 file changed, 0 insertions(+), 0 deletions(-)
From https://github.com/YarinBeni/HUJI-THESIS--YARIN
 * branch              yarin-sandbox -> FETCH_HEAD
Auto packing the repository in background for optimum performance.
See "git help gc" for manual housekeeping.
Current branch yarin-sandbox is up to date.
Auto packing the repository in background for optimum performance.
See "git help gc" for manual housekeeping.
error: RPC failed; HTTP 408 curl 22 The requested URL returned error: 408
send-pack: unexpected disconnect while reading sideband packet
fatal: the remote end hung up unexpectedly
Everything up-to-date
From https://github.com/YarinBeni/HUJI-THESIS--YARIN
 * branch              yarin-sandbox -> FETCH_HEAD
Auto packing the repository in background for optimum performance.
See "git help gc" for manual housekeeping.
Current branch yarin-sandbox is up to date.
Auto packing the repository in background for optimum performance.
See "git help gc" for manual housekeeping.
error: RPC failed; HTTP 408 curl 22 The requested URL returned error: 408
send-pack: unexpected disconnect while reading sideband packet
fatal: the remote end hung up unexpectedly
Everything up-to-date
From https://github.com/YarinBeni/HUJI-THESIS--YARIN
 * branch              yarin-sandbox -> FETCH_HEAD
Auto packing the repository in background for optimum performance.
See "git help gc" for manual housekeeping.
Current branch yarin-sandbox is up to date.
Auto packing the repository in background for optimum performance.
See "git help gc" for manual housekeeping.
error: RPC failed; HTTP 408 curl 22 The requested URL returned error: 408
send-pack: unexpected disconnect while reading sideband packet
fatal: the remote end hung up unexpectedly
Everything up-to-date
From https://github.com/YarinBeni/HUJI-THESIS--YARIN
 * branch              yarin-sandbox -> FETCH_HEAD
Auto packing the repository in background for optimum performance.
See "git help gc" for manual housekeeping.
Current branch yarin-sandbox is up to date.
Auto packing the repository in background for optimum performance.
See "git help gc" for manual housekeeping.
error: RPC failed; HTTP 408 curl 22 The requested URL returned error: 408
send-pack: unexpected disconnect while reading sideband packet
fatal: the remote end hung up unexpectedly
Everything up-to-date
From https://github.com/YarinBeni/HUJI-THESIS--YARIN
 * branch              yarin-sandbox -> FETCH_HEAD
Auto packing the repository in background for optimum performance.
See "git help gc" for manual housekeeping.
Current branch yarin-sandbox is up to date.
Auto packing the repository in background for optimum performance.
See "git help gc" for manual housekeeping.
error: RPC failed; HTTP 408 curl 22 The requested URL returned error: 408
send-pack: unexpected disconnect while reading sideband packet
fatal: the remote end hung up unexpectedly
Everything up-to-date
[commit_push_sandbox] FAILED after 5 attempts
=== Done. Thu Sep  3 04:25:09 UTC 2026 ===
