# job 33688 C11_e2e exit=0 Thu Sep  3 04:07:05 UTC 2026
# last 4000 lines of /home/yarin.b/projects/HUJI-THESIS--YARIN/chrono/sbatch/logs/C11_e2e_33660_5.out
=== C11 e2e jepa M === job 33688 Wed Sep  2 23:06:18 UTC 2026
From https://github.com/YarinBeni/HUJI-THESIS--YARIN
 * branch              yarin-sandbox -> FETCH_HEAD
Auto packing the repository in background for optimum performance.
See "git help gc" for manual housekeeping.
Current branch yarin-sandbox is up to date.
Auto packing the repository in background for optimum performance.
See "git help gc" for manual housekeeping.
/home/yarin.b/miniconda3/envs/thesis/lib/python3.11/site-packages/torch/nn/modules/transformer.py:392: UserWarning: enable_nested_tensor is True, but self.use_nested_tensor is False because encoder_layer.norm_first was True
  warnings.warn(
[e2e] e2e_jepa_M-s0: size M params 23.6M vocab 23044 train texts 24,589 objective jepa batch 256 budget 5.0h dev cuda
[e2e] step 100 loss 1.1383 lr 3.00e-05 0.2 min
[e2e] step 200 loss 0.1801 lr 6.00e-05 0.3 min
[e2e] step 300 loss 0.0725 lr 9.00e-05 0.5 min
[e2e] step 400 loss 0.0427 lr 1.20e-04 0.6 min
[e2e] step 500 loss 0.0348 lr 1.50e-04 0.8 min
[e2e] step 600 loss 0.0340 lr 1.80e-04 0.9 min
[e2e] step 700 loss 0.0377 lr 2.10e-04 1.1 min
[e2e] step 800 loss 0.0450 lr 2.40e-04 1.2 min
[e2e] step 900 loss 0.0555 lr 2.70e-04 1.4 min
[e2e] step 1000 loss 0.0693 lr 3.00e-04 1.6 min
[e2e] step 1100 loss 0.0866 lr 3.00e-04 1.7 min
[e2e] step 1200 loss 0.1050 lr 3.00e-04 1.9 min
[e2e] step 1300 loss 0.1223 lr 3.00e-04 2.0 min
[e2e] step 1400 loss 0.1396 lr 3.00e-04 2.2 min
[e2e] step 1500 loss 0.1537 lr 3.00e-04 2.3 min
[e2e] step 1600 loss 0.1649 lr 3.00e-04 2.5 min
[e2e] step 1700 loss 0.1761 lr 3.00e-04 2.6 min
[e2e] step 1800 loss 0.1849 lr 3.00e-04 2.8 min
[e2e] step 1900 loss 0.1893 lr 3.00e-04 3.0 min
[e2e] step 2000 loss 0.1932 lr 3.00e-04 3.1 min
[e2e] step 2000 quick period probe (linear, 5 classes, n=4000) bal.acc 0.842
[e2e] step 2100 loss 0.1977 lr 3.00e-04 5.1 min
[e2e] step 2200 loss 0.2027 lr 3.00e-04 5.3 min
[e2e] step 2300 loss 0.2015 lr 3.00e-04 5.4 min
[e2e] step 2400 loss 0.2058 lr 3.00e-04 5.6 min
[e2e] step 2500 loss 0.2109 lr 3.00e-04 5.7 min
[e2e] step 2600 loss 0.2118 lr 3.00e-04 5.9 min
[e2e] step 2700 loss 0.2166 lr 3.00e-04 6.1 min
[e2e] step 2800 loss 0.2197 lr 3.00e-04 6.2 min
[e2e] step 2900 loss 0.2227 lr 3.00e-04 6.4 min
[e2e] step 3000 loss 0.2232 lr 3.00e-04 6.5 min
[e2e] step 3100 loss 0.2291 lr 3.00e-04 6.7 min
[e2e] step 3200 loss 0.2325 lr 3.00e-04 6.8 min
[e2e] step 3300 loss 0.2344 lr 3.00e-04 7.0 min
[e2e] step 3400 loss 0.2324 lr 3.00e-04 7.1 min
[e2e] step 3500 loss 0.2403 lr 3.00e-04 7.3 min
[e2e] step 3600 loss 0.2431 lr 3.00e-04 7.4 min
[e2e] step 3700 loss 0.2481 lr 3.00e-04 7.6 min
[e2e] step 3800 loss 0.2463 lr 3.00e-04 7.7 min
[e2e] step 3900 loss 0.2520 lr 3.00e-04 7.9 min
[e2e] step 4000 loss 0.2519 lr 3.00e-04 8.1 min
[e2e] step 4000 quick period probe (linear, 5 classes, n=4000) bal.acc 0.851
[e2e] step 4100 loss 0.2542 lr 3.00e-04 9.8 min
[e2e] step 4200 loss 0.2548 lr 3.00e-04 9.9 min
[e2e] step 4300 loss 0.2566 lr 3.00e-04 10.1 min
[e2e] step 4400 loss 0.2545 lr 3.00e-04 10.3 min
[e2e] step 4500 loss 0.2581 lr 3.00e-04 10.4 min
[e2e] step 4600 loss 0.2569 lr 3.00e-04 10.6 min
[e2e] step 4700 loss 0.2611 lr 3.00e-04 10.7 min
[e2e] step 4800 loss 0.2598 lr 3.00e-04 10.9 min
[e2e] step 4900 loss 0.2632 lr 3.00e-04 11.0 min
[e2e] step 5000 loss 0.2613 lr 3.00e-04 11.2 min
[e2e] step 5100 loss 0.2623 lr 3.00e-04 11.4 min
[e2e] step 5200 loss 0.2653 lr 3.00e-04 11.5 min
[e2e] step 5300 loss 0.2652 lr 3.00e-04 11.7 min
[e2e] step 5400 loss 0.2708 lr 3.00e-04 11.8 min
[e2e] step 5500 loss 0.2643 lr 3.00e-04 12.0 min
[e2e] step 5600 loss 0.2700 lr 3.00e-04 12.1 min
[e2e] step 5700 loss 0.2663 lr 3.00e-04 12.3 min
[e2e] step 5800 loss 0.2682 lr 3.00e-04 12.5 min
[e2e] step 5900 loss 0.2708 lr 3.00e-04 12.6 min
[e2e] step 6000 loss 0.2728 lr 3.00e-04 12.8 min
[e2e] step 6000 quick period probe (linear, 5 classes, n=4000) bal.acc 0.836
[e2e] step 6100 loss 0.2718 lr 3.00e-04 15.1 min
[e2e] step 6200 loss 0.2662 lr 3.00e-04 15.2 min
[e2e] step 6300 loss 0.2702 lr 3.00e-04 15.4 min
[e2e] step 6400 loss 0.2688 lr 3.00e-04 15.6 min
[e2e] step 6500 loss 0.2697 lr 3.00e-04 15.7 min
[e2e] step 6600 loss 0.2682 lr 3.00e-04 15.8 min
[e2e] step 6700 loss 0.2659 lr 3.00e-04 16.0 min
[e2e] step 6800 loss 0.2694 lr 3.00e-04 16.1 min
[e2e] step 6900 loss 0.2726 lr 3.00e-04 16.3 min
[e2e] step 7000 loss 0.2692 lr 3.00e-04 16.5 min
[e2e] step 7100 loss 0.2710 lr 3.00e-04 16.6 min
[e2e] step 7200 loss 0.2661 lr 3.00e-04 16.8 min
[e2e] step 7300 loss 0.2643 lr 3.00e-04 17.0 min
[e2e] step 7400 loss 0.2682 lr 3.00e-04 17.1 min
[e2e] step 7500 loss 0.2672 lr 3.00e-04 17.3 min
[e2e] step 7600 loss 0.2658 lr 3.00e-04 17.5 min
[e2e] step 7700 loss 0.2631 lr 3.00e-04 17.7 min
[e2e] step 7800 loss 0.2631 lr 3.00e-04 17.8 min
[e2e] step 7900 loss 0.2660 lr 3.00e-04 18.0 min
[e2e] step 8000 loss 0.2637 lr 3.00e-04 18.2 min
[e2e] step 8000 quick period probe (linear, 5 classes, n=4000) bal.acc 0.856
[e2e] step 8100 loss 0.2636 lr 3.00e-04 19.6 min
[e2e] step 8200 loss 0.2626 lr 3.00e-04 19.7 min
[e2e] step 8300 loss 0.2676 lr 3.00e-04 19.9 min
[e2e] step 8400 loss 0.2646 lr 3.00e-04 20.1 min
[e2e] step 8500 loss 0.2658 lr 3.00e-04 20.2 min
[e2e] step 8600 loss 0.2634 lr 3.00e-04 20.4 min
[e2e] step 8700 loss 0.2644 lr 3.00e-04 20.5 min
[e2e] step 8800 loss 0.2598 lr 3.00e-04 20.7 min
[e2e] step 8900 loss 0.2652 lr 3.00e-04 20.8 min
[e2e] step 9000 loss 0.2591 lr 3.00e-04 21.0 min
[e2e] step 9100 loss 0.2601 lr 3.00e-04 21.2 min
[e2e] step 9200 loss 0.2595 lr 3.00e-04 21.4 min
[e2e] step 9300 loss 0.2570 lr 3.00e-04 21.5 min
[e2e] step 9400 loss 0.2567 lr 3.00e-04 21.7 min
[e2e] step 9500 loss 0.2558 lr 3.00e-04 21.8 min
[e2e] step 9600 loss 0.2573 lr 3.00e-04 22.0 min
[e2e] step 9700 loss 0.2535 lr 3.00e-04 22.2 min
[e2e] step 9800 loss 0.2543 lr 3.00e-04 22.3 min
[e2e] step 9900 loss 0.2557 lr 3.00e-04 22.5 min
[e2e] step 10000 loss 0.2541 lr 3.00e-04 22.7 min
[e2e] step 10000 quick period probe (linear, 5 classes, n=4000) bal.acc 0.830
[e2e] step 10100 loss 0.2533 lr 3.00e-04 24.3 min
[e2e] step 10200 loss 0.2541 lr 3.00e-04 24.5 min
[e2e] step 10300 loss 0.2551 lr 3.00e-04 24.7 min
[e2e] step 10400 loss 0.2516 lr 3.00e-04 24.8 min
[e2e] step 10500 loss 0.2550 lr 3.00e-04 25.0 min
[e2e] step 10600 loss 0.2517 lr 3.00e-04 25.2 min
[e2e] step 10700 loss 0.2497 lr 3.00e-04 25.3 min
[e2e] step 10800 loss 0.2483 lr 3.00e-04 25.5 min
[e2e] step 10900 loss 0.2455 lr 3.00e-04 25.7 min
[e2e] step 11000 loss 0.2409 lr 3.00e-04 25.8 min
[e2e] step 11100 loss 0.2494 lr 3.00e-04 26.0 min
[e2e] step 11200 loss 0.2467 lr 3.00e-04 26.2 min
[e2e] step 11300 loss 0.2472 lr 3.00e-04 26.3 min
[e2e] step 11400 loss 0.2428 lr 3.00e-04 26.5 min
[e2e] step 11500 loss 0.2405 lr 3.00e-04 26.7 min
[e2e] step 11600 loss 0.2437 lr 3.00e-04 26.8 min
[e2e] step 11700 loss 0.2439 lr 3.00e-04 27.0 min
[e2e] step 11800 loss 0.2419 lr 3.00e-04 27.2 min
[e2e] step 11900 loss 0.2429 lr 3.00e-04 27.3 min
[e2e] step 12000 loss 0.2406 lr 3.00e-04 27.5 min
[e2e] step 12000 quick period probe (linear, 5 classes, n=4000) bal.acc 0.837
[e2e] step 12100 loss 0.2431 lr 3.00e-04 29.0 min
[e2e] step 12200 loss 0.2402 lr 3.00e-04 29.1 min
[e2e] step 12300 loss 0.2427 lr 3.00e-04 29.3 min
[e2e] step 12400 loss 0.2362 lr 3.00e-04 29.5 min
[e2e] step 12500 loss 0.2379 lr 3.00e-04 29.6 min
[e2e] step 12600 loss 0.2406 lr 3.00e-04 29.8 min
[e2e] step 12700 loss 0.2355 lr 3.00e-04 30.0 min
[e2e] step 12800 loss 0.2406 lr 3.00e-04 30.1 min
[e2e] step 12900 loss 0.2427 lr 3.00e-04 30.3 min
[e2e] step 13000 loss 0.2385 lr 3.00e-04 30.5 min
[e2e] step 13100 loss 0.2365 lr 3.00e-04 30.7 min
[e2e] step 13200 loss 0.2353 lr 3.00e-04 30.9 min
[e2e] step 13300 loss 0.2342 lr 3.00e-04 31.0 min
[e2e] step 13400 loss 0.2334 lr 3.00e-04 31.2 min
[e2e] step 13500 loss 0.2325 lr 3.00e-04 31.4 min
[e2e] step 13600 loss 0.2320 lr 3.00e-04 31.5 min
[e2e] step 13700 loss 0.2303 lr 3.00e-04 31.7 min
[e2e] step 13800 loss 0.2302 lr 3.00e-04 31.9 min
[e2e] step 13900 loss 0.2316 lr 3.00e-04 32.0 min
[e2e] step 14000 loss 0.2336 lr 3.00e-04 32.2 min
[e2e] step 14000 quick period probe (linear, 5 classes, n=4000) bal.acc 0.843
[e2e] step 14100 loss 0.2285 lr 3.00e-04 33.5 min
[e2e] step 14200 loss 0.2327 lr 3.00e-04 33.6 min
[e2e] step 14300 loss 0.2343 lr 3.00e-04 33.8 min
[e2e] step 14400 loss 0.2354 lr 3.00e-04 34.0 min
[e2e] step 14500 loss 0.2340 lr 3.00e-04 34.1 min
[e2e] step 14600 loss 0.2297 lr 3.00e-04 34.3 min
[e2e] step 14700 loss 0.2271 lr 3.00e-04 34.5 min
[e2e] step 14800 loss 0.2301 lr 3.00e-04 34.6 min
[e2e] step 14900 loss 0.2236 lr 3.00e-04 34.8 min
[e2e] step 15000 loss 0.2259 lr 3.00e-04 35.0 min
[e2e] step 15100 loss 0.2278 lr 3.00e-04 35.2 min
[e2e] step 15200 loss 0.2240 lr 3.00e-04 35.3 min
[e2e] step 15300 loss 0.2250 lr 3.00e-04 35.5 min
[e2e] step 15400 loss 0.2214 lr 3.00e-04 35.6 min
[e2e] step 15500 loss 0.2225 lr 3.00e-04 35.8 min
[e2e] step 15600 loss 0.2260 lr 3.00e-04 35.9 min
[e2e] step 15700 loss 0.2249 lr 3.00e-04 36.1 min
[e2e] step 15800 loss 0.2202 lr 3.00e-04 36.3 min
[e2e] step 15900 loss 0.2228 lr 3.00e-04 36.4 min
[e2e] step 16000 loss 0.2230 lr 3.00e-04 36.6 min
[e2e] step 16000 quick period probe (linear, 5 classes, n=4000) bal.acc 0.824
[e2e] step 16100 loss 0.2181 lr 3.00e-04 38.0 min
[e2e] step 16200 loss 0.2196 lr 3.00e-04 38.2 min
[e2e] step 16300 loss 0.2233 lr 3.00e-04 38.3 min
[e2e] step 16400 loss 0.2213 lr 3.00e-04 38.5 min
[e2e] step 16500 loss 0.2174 lr 3.00e-04 38.6 min
[e2e] step 16600 loss 0.2211 lr 3.00e-04 38.8 min
[e2e] step 16700 loss 0.2181 lr 3.00e-04 39.0 min
[e2e] step 16800 loss 0.2180 lr 3.00e-04 39.1 min
[e2e] step 16900 loss 0.2156 lr 3.00e-04 39.3 min
[e2e] step 17000 loss 0.2174 lr 3.00e-04 39.5 min
[e2e] step 17100 loss 0.2145 lr 3.00e-04 39.6 min
[e2e] step 17200 loss 0.2181 lr 3.00e-04 39.8 min
[e2e] step 17300 loss 0.2113 lr 3.00e-04 40.0 min
[e2e] step 17400 loss 0.2142 lr 3.00e-04 40.1 min
[e2e] step 17500 loss 0.2133 lr 3.00e-04 40.3 min
[e2e] step 17600 loss 0.2186 lr 3.00e-04 40.5 min
[e2e] step 17700 loss 0.2156 lr 3.00e-04 40.6 min
[e2e] step 17800 loss 0.2176 lr 3.00e-04 40.8 min
[e2e] step 17900 loss 0.2067 lr 3.00e-04 40.9 min
[e2e] step 18000 loss 0.2091 lr 3.00e-04 41.1 min
[e2e] step 18000 quick period probe (linear, 5 classes, n=4000) bal.acc 0.830
[e2e] step 18100 loss 0.2082 lr 3.00e-04 42.5 min
[e2e] step 18200 loss 0.2120 lr 3.00e-04 42.7 min
[e2e] step 18300 loss 0.2069 lr 3.00e-04 42.8 min
[e2e] step 18400 loss 0.2118 lr 3.00e-04 43.0 min
[e2e] step 18500 loss 0.2128 lr 3.00e-04 43.2 min
[e2e] step 18600 loss 0.2115 lr 3.00e-04 43.4 min
[e2e] step 18700 loss 0.2102 lr 3.00e-04 43.5 min
[e2e] step 18800 loss 0.2073 lr 3.00e-04 43.7 min
[e2e] step 18900 loss 0.2044 lr 3.00e-04 43.9 min
[e2e] step 19000 loss 0.2061 lr 3.00e-04 44.0 min
[e2e] step 19100 loss 0.2116 lr 3.00e-04 44.2 min
[e2e] step 19200 loss 0.2070 lr 3.00e-04 44.4 min
[e2e] step 19300 loss 0.2091 lr 3.00e-04 44.6 min
[e2e] step 19400 loss 0.2038 lr 3.00e-04 44.7 min
[e2e] step 19500 loss 0.2083 lr 3.00e-04 44.9 min
[e2e] step 19600 loss 0.2011 lr 3.00e-04 45.0 min
[e2e] step 19700 loss 0.2038 lr 3.00e-04 45.2 min
[e2e] step 19800 loss 0.2029 lr 3.00e-04 45.4 min
[e2e] step 19900 loss 0.2019 lr 3.00e-04 45.6 min
[e2e] step 20000 loss 0.2018 lr 3.00e-04 45.7 min
[e2e] step 20000 quick period probe (linear, 5 classes, n=4000) bal.acc 0.823
[e2e] step 20100 loss 0.2036 lr 3.00e-04 47.0 min
[e2e] step 20200 loss 0.2020 lr 3.00e-04 47.1 min
[e2e] step 20300 loss 0.2036 lr 3.00e-04 47.3 min
[e2e] step 20400 loss 0.2010 lr 3.00e-04 47.4 min
[e2e] step 20500 loss 0.2020 lr 3.00e-04 47.6 min
[e2e] step 20600 loss 0.2036 lr 3.00e-04 47.8 min
[e2e] step 20700 loss 0.2046 lr 3.00e-04 47.9 min
[e2e] step 20800 loss 0.2008 lr 3.00e-04 48.1 min
[e2e] step 20900 loss 0.1982 lr 3.00e-04 48.3 min
[e2e] step 21000 loss 0.2025 lr 3.00e-04 48.4 min
[e2e] step 21100 loss 0.1990 lr 3.00e-04 48.6 min
[e2e] step 21200 loss 0.1996 lr 3.00e-04 48.8 min
[e2e] step 21300 loss 0.1988 lr 3.00e-04 48.9 min
[e2e] step 21400 loss 0.2013 lr 3.00e-04 49.1 min
[e2e] step 21500 loss 0.1952 lr 3.00e-04 49.3 min
[e2e] step 21600 loss 0.2022 lr 3.00e-04 49.5 min
[e2e] step 21700 loss 0.1993 lr 3.00e-04 49.6 min
[e2e] step 21800 loss 0.2019 lr 3.00e-04 49.8 min
[e2e] step 21900 loss 0.1907 lr 3.00e-04 50.0 min
[e2e] step 22000 loss 0.2002 lr 3.00e-04 50.1 min
[e2e] step 22000 quick period probe (linear, 5 classes, n=4000) bal.acc 0.822
[e2e] step 22100 loss 0.1930 lr 3.00e-04 51.5 min
[e2e] step 22200 loss 0.1940 lr 3.00e-04 51.7 min
[e2e] step 22300 loss 0.1924 lr 3.00e-04 51.9 min
[e2e] step 22400 loss 0.1955 lr 3.00e-04 52.0 min
[e2e] step 22500 loss 0.1961 lr 3.00e-04 52.2 min
[e2e] step 22600 loss 0.1990 lr 3.00e-04 52.4 min
[e2e] step 22700 loss 0.1851 lr 3.00e-04 52.5 min
[e2e] step 22800 loss 0.1911 lr 3.00e-04 52.7 min
[e2e] step 22900 loss 0.1964 lr 3.00e-04 52.9 min
[e2e] step 23000 loss 0.1891 lr 3.00e-04 53.0 min
[e2e] step 23100 loss 0.1960 lr 3.00e-04 53.2 min
[e2e] step 23200 loss 0.1904 lr 3.00e-04 53.3 min
[e2e] step 23300 loss 0.1923 lr 3.00e-04 53.5 min
[e2e] step 23400 loss 0.1974 lr 3.00e-04 53.7 min
[e2e] step 23500 loss 0.1891 lr 3.00e-04 53.8 min
[e2e] step 23600 loss 0.1889 lr 3.00e-04 54.0 min
[e2e] step 23700 loss 0.1897 lr 3.00e-04 54.1 min
[e2e] step 23800 loss 0.1882 lr 3.00e-04 54.3 min
[e2e] step 23900 loss 0.1845 lr 3.00e-04 54.5 min
[e2e] step 24000 loss 0.1835 lr 3.00e-04 54.6 min
[e2e] step 24000 quick period probe (linear, 5 classes, n=4000) bal.acc 0.824
[e2e] step 24100 loss 0.1891 lr 3.00e-04 55.8 min
[e2e] step 24200 loss 0.1839 lr 3.00e-04 56.0 min
[e2e] step 24300 loss 0.1892 lr 3.00e-04 56.2 min
[e2e] step 24400 loss 0.1877 lr 3.00e-04 56.3 min
[e2e] step 24500 loss 0.1843 lr 3.00e-04 56.5 min
[e2e] step 24600 loss 0.1896 lr 3.00e-04 56.7 min
[e2e] step 24700 loss 0.1852 lr 3.00e-04 56.9 min
[e2e] step 24800 loss 0.1836 lr 3.00e-04 57.0 min
[e2e] step 24900 loss 0.1874 lr 3.00e-04 57.2 min
[e2e] step 25000 loss 0.1871 lr 3.00e-04 57.3 min
[e2e] step 25100 loss 0.1866 lr 3.00e-04 57.5 min
[e2e] step 25200 loss 0.1825 lr 3.00e-04 57.7 min
[e2e] step 25300 loss 0.1874 lr 3.00e-04 57.8 min
[e2e] step 25400 loss 0.1819 lr 3.00e-04 58.0 min
[e2e] step 25500 loss 0.1798 lr 3.00e-04 58.1 min
[e2e] step 25600 loss 0.1833 lr 3.00e-04 58.3 min
[e2e] step 25700 loss 0.1832 lr 3.00e-04 58.4 min
[e2e] step 25800 loss 0.1836 lr 3.00e-04 58.6 min
[e2e] step 25900 loss 0.1869 lr 3.00e-04 58.7 min
[e2e] step 26000 loss 0.1876 lr 3.00e-04 58.9 min
[e2e] step 26000 quick period probe (linear, 5 classes, n=4000) bal.acc 0.810
[e2e] step 26100 loss 0.1823 lr 3.00e-04 60.0 min
[e2e] step 26200 loss 0.1827 lr 3.00e-04 60.2 min
[e2e] step 26300 loss 0.1847 lr 3.00e-04 60.4 min
[e2e] step 26400 loss 0.1767 lr 3.00e-04 60.5 min
[e2e] step 26500 loss 0.1826 lr 3.00e-04 60.7 min
[e2e] step 26600 loss 0.1803 lr 3.00e-04 60.8 min
[e2e] step 26700 loss 0.1798 lr 3.00e-04 61.0 min
[e2e] step 26800 loss 0.1790 lr 3.00e-04 61.2 min
[e2e] step 26900 loss 0.1822 lr 3.00e-04 61.3 min
[e2e] step 27000 loss 0.1783 lr 3.00e-04 61.5 min
[e2e] step 27100 loss 0.1810 lr 3.00e-04 61.7 min
[e2e] step 27200 loss 0.1847 lr 3.00e-04 61.8 min
[e2e] step 27300 loss 0.1827 lr 3.00e-04 62.0 min
[e2e] step 27400 loss 0.1791 lr 3.00e-04 62.2 min
[e2e] step 27500 loss 0.1835 lr 3.00e-04 62.3 min
[e2e] step 27600 loss 0.1782 lr 3.00e-04 62.5 min
[e2e] step 27700 loss 0.1774 lr 3.00e-04 62.7 min
[e2e] step 27800 loss 0.1810 lr 3.00e-04 62.8 min
[e2e] step 27900 loss 0.1795 lr 3.00e-04 63.0 min
[e2e] step 28000 loss 0.1743 lr 3.00e-04 63.2 min
[e2e] step 28000 quick period probe (linear, 5 classes, n=4000) bal.acc 0.821
[e2e] step 28100 loss 0.1788 lr 3.00e-04 64.4 min
[e2e] step 28200 loss 0.1793 lr 3.00e-04 64.5 min
[e2e] step 28300 loss 0.1779 lr 3.00e-04 64.7 min
[e2e] step 28400 loss 0.1841 lr 3.00e-04 64.9 min
[e2e] step 28500 loss 0.1772 lr 3.00e-04 65.0 min
[e2e] step 28600 loss 0.1778 lr 3.00e-04 65.2 min
[e2e] step 28700 loss 0.1760 lr 3.00e-04 65.4 min
[e2e] step 28800 loss 0.1753 lr 3.00e-04 65.5 min
[e2e] step 28900 loss 0.1726 lr 3.00e-04 65.7 min
[e2e] step 29000 loss 0.1773 lr 3.00e-04 65.9 min
[e2e] step 29100 loss 0.1748 lr 3.00e-04 66.0 min
[e2e] step 29200 loss 0.1739 lr 3.00e-04 66.2 min
[e2e] step 29300 loss 0.1720 lr 3.00e-04 66.4 min
[e2e] step 29400 loss 0.1759 lr 3.00e-04 66.5 min
[e2e] step 29500 loss 0.1765 lr 3.00e-04 66.7 min
[e2e] step 29600 loss 0.1751 lr 3.00e-04 66.8 min
[e2e] step 29700 loss 0.1753 lr 3.00e-04 67.0 min
[e2e] step 29800 loss 0.1758 lr 3.00e-04 67.2 min
[e2e] step 29900 loss 0.1771 lr 3.00e-04 67.3 min
[e2e] step 30000 loss 0.1761 lr 3.00e-04 67.5 min
[e2e] step 30000 quick period probe (linear, 5 classes, n=4000) bal.acc 0.822
[e2e] step 30100 loss 0.1761 lr 3.00e-04 68.5 min
[e2e] step 30200 loss 0.1738 lr 3.00e-04 68.6 min
[e2e] step 30300 loss 0.1755 lr 3.00e-04 68.8 min
[e2e] step 30400 loss 0.1799 lr 3.00e-04 69.0 min
[e2e] step 30500 loss 0.1789 lr 3.00e-04 69.1 min
[e2e] step 30600 loss 0.1743 lr 3.00e-04 69.3 min
[e2e] step 30700 loss 0.1699 lr 3.00e-04 69.5 min
[e2e] step 30800 loss 0.1744 lr 3.00e-04 69.7 min
[e2e] step 30900 loss 0.1720 lr 3.00e-04 69.8 min
[e2e] step 31000 loss 0.1744 lr 3.00e-04 70.0 min
[e2e] step 31100 loss 0.1779 lr 3.00e-04 70.1 min
[e2e] step 31200 loss 0.1698 lr 3.00e-04 70.3 min
[e2e] step 31300 loss 0.1735 lr 3.00e-04 70.5 min
[e2e] step 31400 loss 0.1694 lr 3.00e-04 70.6 min
[e2e] step 31500 loss 0.1705 lr 3.00e-04 70.8 min
[e2e] step 31600 loss 0.1727 lr 3.00e-04 70.9 min
[e2e] step 31700 loss 0.1731 lr 3.00e-04 71.1 min
[e2e] step 31800 loss 0.1721 lr 3.00e-04 71.2 min
[e2e] step 31900 loss 0.1751 lr 3.00e-04 71.4 min
[e2e] step 32000 loss 0.1742 lr 3.00e-04 71.6 min
[e2e] step 32000 quick period probe (linear, 5 classes, n=4000) bal.acc 0.836
[e2e] step 32100 loss 0.1663 lr 3.00e-04 72.9 min
[e2e] step 32200 loss 0.1723 lr 3.00e-04 73.1 min
[e2e] step 32300 loss 0.1760 lr 3.00e-04 73.2 min
[e2e] step 32400 loss 0.1742 lr 3.00e-04 73.4 min
[e2e] step 32500 loss 0.1689 lr 3.00e-04 73.5 min
[e2e] step 32600 loss 0.1682 lr 3.00e-04 73.7 min
[e2e] step 32700 loss 0.1677 lr 3.00e-04 73.8 min
[e2e] step 32800 loss 0.1695 lr 3.00e-04 74.0 min
[e2e] step 32900 loss 0.1739 lr 3.00e-04 74.2 min
[e2e] step 33000 loss 0.1720 lr 3.00e-04 74.4 min
[e2e] step 33100 loss 0.1713 lr 3.00e-04 74.5 min
[e2e] step 33200 loss 0.1689 lr 3.00e-04 74.7 min
[e2e] step 33300 loss 0.1708 lr 3.00e-04 74.9 min
[e2e] step 33400 loss 0.1745 lr 3.00e-04 75.0 min
[e2e] step 33500 loss 0.1681 lr 3.00e-04 75.2 min
[e2e] step 33600 loss 0.1690 lr 3.00e-04 75.4 min
[e2e] step 33700 loss 0.1661 lr 3.00e-04 75.6 min
[e2e] step 33800 loss 0.1718 lr 3.00e-04 75.7 min
[e2e] step 33900 loss 0.1703 lr 3.00e-04 75.9 min
[e2e] step 34000 loss 0.1733 lr 3.00e-04 76.1 min
[e2e] step 34000 quick period probe (linear, 5 classes, n=4000) bal.acc 0.835
[e2e] step 34100 loss 0.1716 lr 3.00e-04 77.5 min
[e2e] step 34200 loss 0.1664 lr 3.00e-04 77.6 min
[e2e] step 34300 loss 0.1669 lr 3.00e-04 77.8 min
[e2e] step 34400 loss 0.1690 lr 3.00e-04 78.0 min
[e2e] step 34500 loss 0.1666 lr 3.00e-04 78.1 min
[e2e] step 34600 loss 0.1692 lr 3.00e-04 78.3 min
[e2e] step 34700 loss 0.1703 lr 3.00e-04 78.5 min
[e2e] step 34800 loss 0.1677 lr 3.00e-04 78.6 min
[e2e] step 34900 loss 0.1617 lr 3.00e-04 78.8 min
[e2e] step 35000 loss 0.1674 lr 3.00e-04 79.0 min
[e2e] step 35100 loss 0.1682 lr 3.00e-04 79.1 min
[e2e] step 35200 loss 0.1673 lr 3.00e-04 79.3 min
[e2e] step 35300 loss 0.1643 lr 3.00e-04 79.5 min
[e2e] step 35400 loss 0.1671 lr 3.00e-04 79.6 min
[e2e] step 35500 loss 0.1714 lr 3.00e-04 79.8 min
[e2e] step 35600 loss 0.1717 lr 3.00e-04 80.0 min
[e2e] step 35700 loss 0.1636 lr 3.00e-04 80.1 min
[e2e] step 35800 loss 0.1685 lr 3.00e-04 80.3 min
[e2e] step 35900 loss 0.1662 lr 3.00e-04 80.4 min
[e2e] step 36000 loss 0.1650 lr 3.00e-04 80.6 min
[e2e] step 36000 quick period probe (linear, 5 classes, n=4000) bal.acc 0.833
[e2e] step 36100 loss 0.1667 lr 3.00e-04 82.2 min
[e2e] step 36200 loss 0.1629 lr 3.00e-04 82.4 min
[e2e] step 36300 loss 0.1692 lr 3.00e-04 82.5 min
[e2e] step 36400 loss 0.1672 lr 3.00e-04 82.7 min
[e2e] step 36500 loss 0.1616 lr 3.00e-04 82.9 min
[e2e] step 36600 loss 0.1633 lr 3.00e-04 83.0 min
[e2e] step 36700 loss 0.1647 lr 3.00e-04 83.2 min
[e2e] step 36800 loss 0.1658 lr 3.00e-04 83.4 min
[e2e] step 36900 loss 0.1616 lr 3.00e-04 83.5 min
[e2e] step 37000 loss 0.1657 lr 3.00e-04 83.7 min
[e2e] step 37100 loss 0.1605 lr 3.00e-04 83.9 min
[e2e] step 37200 loss 0.1680 lr 3.00e-04 84.0 min
[e2e] step 37300 loss 0.1646 lr 3.00e-04 84.2 min
[e2e] step 37400 loss 0.1617 lr 3.00e-04 84.3 min
[e2e] step 37500 loss 0.1599 lr 3.00e-04 84.5 min
[e2e] step 37600 loss 0.1584 lr 3.00e-04 84.6 min
[e2e] step 37700 loss 0.1642 lr 3.00e-04 84.8 min
[e2e] step 37800 loss 0.1606 lr 3.00e-04 85.0 min
[e2e] step 37900 loss 0.1585 lr 3.00e-04 85.1 min
[e2e] step 38000 loss 0.1626 lr 3.00e-04 85.3 min
[e2e] step 38000 quick period probe (linear, 5 classes, n=4000) bal.acc 0.835
[e2e] step 38100 loss 0.1606 lr 3.00e-04 86.4 min
[e2e] step 38200 loss 0.1585 lr 3.00e-04 86.6 min
[e2e] step 38300 loss 0.1629 lr 3.00e-04 86.7 min
[e2e] step 38400 loss 0.1619 lr 3.00e-04 86.9 min
[e2e] step 38500 loss 0.1590 lr 3.00e-04 87.0 min
[e2e] step 38600 loss 0.1634 lr 3.00e-04 87.2 min
[e2e] step 38700 loss 0.1591 lr 3.00e-04 87.4 min
[e2e] step 38800 loss 0.1605 lr 3.00e-04 87.5 min
[e2e] step 38900 loss 0.1620 lr 3.00e-04 87.7 min
[e2e] step 39000 loss 0.1609 lr 3.00e-04 87.9 min
[e2e] step 39100 loss 0.1582 lr 3.00e-04 88.0 min
[e2e] step 39200 loss 0.1605 lr 3.00e-04 88.2 min
[e2e] step 39300 loss 0.1650 lr 3.00e-04 88.4 min
[e2e] step 39400 loss 0.1562 lr 3.00e-04 88.5 min
[e2e] step 39500 loss 0.1579 lr 3.00e-04 88.7 min
[e2e] step 39600 loss 0.1585 lr 3.00e-04 88.8 min
[e2e] step 39700 loss 0.1588 lr 3.00e-04 89.0 min
[e2e] step 39800 loss 0.1567 lr 3.00e-04 89.2 min
[e2e] step 39900 loss 0.1607 lr 3.00e-04 89.3 min
[e2e] step 40000 loss 0.1581 lr 3.00e-04 89.5 min
[e2e] step 40000 quick period probe (linear, 5 classes, n=4000) bal.acc 0.830
[e2e] step 40100 loss 0.1629 lr 3.00e-04 90.9 min
[e2e] step 40200 loss 0.1560 lr 3.00e-04 91.0 min
[e2e] step 40300 loss 0.1597 lr 3.00e-04 91.2 min
[e2e] step 40400 loss 0.1643 lr 3.00e-04 91.4 min
[e2e] step 40500 loss 0.1604 lr 3.00e-04 91.5 min
[e2e] step 40600 loss 0.1575 lr 3.00e-04 91.7 min
[e2e] step 40700 loss 0.1525 lr 3.00e-04 91.8 min
[e2e] step 40800 loss 0.1521 lr 3.00e-04 92.0 min
[e2e] step 40900 loss 0.1543 lr 3.00e-04 92.1 min
[e2e] step 41000 loss 0.1602 lr 3.00e-04 92.3 min
[e2e] step 41100 loss 0.1611 lr 3.00e-04 92.5 min
[e2e] step 41200 loss 0.1532 lr 3.00e-04 92.7 min
[e2e] step 41300 loss 0.1556 lr 3.00e-04 92.8 min
[e2e] step 41400 loss 0.1542 lr 3.00e-04 93.0 min
[e2e] step 41500 loss 0.1537 lr 3.00e-04 93.2 min
[e2e] step 41600 loss 0.1569 lr 3.00e-04 93.3 min
[e2e] step 41700 loss 0.1530 lr 3.00e-04 93.5 min
[e2e] step 41800 loss 0.1558 lr 3.00e-04 93.7 min
[e2e] step 41900 loss 0.1542 lr 3.00e-04 93.8 min
[e2e] step 42000 loss 0.1571 lr 3.00e-04 94.0 min
[e2e] step 42000 quick period probe (linear, 5 classes, n=4000) bal.acc 0.831
[e2e] step 42100 loss 0.1569 lr 3.00e-04 95.4 min
[e2e] step 42200 loss 0.1496 lr 3.00e-04 95.6 min
[e2e] step 42300 loss 0.1529 lr 3.00e-04 95.7 min
[e2e] step 42400 loss 0.1547 lr 3.00e-04 95.9 min
[e2e] step 42500 loss 0.1563 lr 3.00e-04 96.0 min
[e2e] step 42600 loss 0.1584 lr 3.00e-04 96.2 min
[e2e] step 42700 loss 0.1506 lr 3.00e-04 96.3 min
[e2e] step 42800 loss 0.1524 lr 3.00e-04 96.5 min
[e2e] step 42900 loss 0.1500 lr 3.00e-04 96.7 min
[e2e] step 43000 loss 0.1521 lr 3.00e-04 96.8 min
[e2e] step 43100 loss 0.1590 lr 3.00e-04 97.0 min
[e2e] step 43200 loss 0.1542 lr 3.00e-04 97.2 min
[e2e] step 43300 loss 0.1522 lr 3.00e-04 97.3 min
[e2e] step 43400 loss 0.1550 lr 3.00e-04 97.5 min
[e2e] step 43500 loss 0.1493 lr 3.00e-04 97.7 min
[e2e] step 43600 loss 0.1526 lr 3.00e-04 97.8 min
[e2e] step 43700 loss 0.1476 lr 3.00e-04 98.0 min
[e2e] step 43800 loss 0.1537 lr 3.00e-04 98.2 min
[e2e] step 43900 loss 0.1596 lr 3.00e-04 98.3 min
[e2e] step 44000 loss 0.1497 lr 3.00e-04 98.5 min
[e2e] step 44000 quick period probe (linear, 5 classes, n=4000) bal.acc 0.828
[e2e] step 44100 loss 0.1588 lr 3.00e-04 99.7 min
[e2e] step 44200 loss 0.1450 lr 3.00e-04 99.9 min
[e2e] step 44300 loss 0.1505 lr 3.00e-04 100.0 min
[e2e] step 44400 loss 0.1513 lr 3.00e-04 100.2 min
[e2e] step 44500 loss 0.1509 lr 3.00e-04 100.4 min
[e2e] step 44600 loss 0.1483 lr 3.00e-04 100.5 min
[e2e] step 44700 loss 0.1505 lr 3.00e-04 100.7 min
[e2e] step 44800 loss 0.1469 lr 3.00e-04 100.9 min
[e2e] step 44900 loss 0.1523 lr 3.00e-04 101.0 min
[e2e] step 45000 loss 0.1505 lr 3.00e-04 101.2 min
[e2e] step 45100 loss 0.1497 lr 3.00e-04 101.4 min
[e2e] step 45200 loss 0.1502 lr 3.00e-04 101.6 min
[e2e] step 45300 loss 0.1492 lr 3.00e-04 101.7 min
[e2e] step 45400 loss 0.1507 lr 3.00e-04 101.9 min
[e2e] step 45500 loss 0.1458 lr 3.00e-04 102.1 min
[e2e] step 45600 loss 0.1565 lr 3.00e-04 102.2 min
[e2e] step 45700 loss 0.1555 lr 3.00e-04 102.4 min
[e2e] step 45800 loss 0.1452 lr 3.00e-04 102.6 min
[e2e] step 45900 loss 0.1501 lr 3.00e-04 102.7 min
[e2e] step 46000 loss 0.1506 lr 3.00e-04 102.9 min
[e2e] step 46000 quick period probe (linear, 5 classes, n=4000) bal.acc 0.840
[e2e] step 46100 loss 0.1487 lr 3.00e-04 104.3 min
[e2e] step 46200 loss 0.1480 lr 3.00e-04 104.5 min
[e2e] step 46300 loss 0.1468 lr 3.00e-04 104.6 min
[e2e] step 46400 loss 0.1507 lr 3.00e-04 104.8 min
[e2e] step 46500 loss 0.1494 lr 3.00e-04 105.0 min
[e2e] step 46600 loss 0.1472 lr 3.00e-04 105.2 min
[e2e] step 46700 loss 0.1479 lr 3.00e-04 105.3 min
[e2e] step 46800 loss 0.1503 lr 3.00e-04 105.5 min
[e2e] step 46900 loss 0.1443 lr 3.00e-04 105.6 min
[e2e] step 47000 loss 0.1554 lr 3.00e-04 105.8 min
[e2e] step 47100 loss 0.1481 lr 3.00e-04 106.0 min
[e2e] step 47200 loss 0.1467 lr 3.00e-04 106.2 min
[e2e] step 47300 loss 0.1493 lr 3.00e-04 106.3 min
[e2e] step 47400 loss 0.1494 lr 3.00e-04 106.5 min
[e2e] step 47500 loss 0.1463 lr 3.00e-04 106.7 min
[e2e] step 47600 loss 0.1543 lr 3.00e-04 106.8 min
[e2e] step 47700 loss 0.1480 lr 3.00e-04 107.0 min
[e2e] step 47800 loss 0.1425 lr 3.00e-04 107.2 min
[e2e] step 47900 loss 0.1492 lr 3.00e-04 107.3 min
[e2e] step 48000 loss 0.1510 lr 3.00e-04 107.5 min
[e2e] step 48000 quick period probe (linear, 5 classes, n=4000) bal.acc 0.835
[e2e] step 48100 loss 0.1433 lr 3.00e-04 108.7 min
[e2e] step 48200 loss 0.1452 lr 3.00e-04 108.9 min
[e2e] step 48300 loss 0.1473 lr 3.00e-04 109.0 min
[e2e] step 48400 loss 0.1506 lr 3.00e-04 109.2 min
[e2e] step 48500 loss 0.1500 lr 3.00e-04 109.4 min
[e2e] step 48600 loss 0.1515 lr 3.00e-04 109.5 min
[e2e] step 48700 loss 0.1449 lr 3.00e-04 109.7 min
[e2e] step 48800 loss 0.1448 lr 3.00e-04 109.9 min
[e2e] step 48900 loss 0.1505 lr 3.00e-04 110.0 min
[e2e] step 49000 loss 0.1475 lr 3.00e-04 110.2 min
[e2e] step 49100 loss 0.1447 lr 3.00e-04 110.4 min
[e2e] step 49200 loss 0.1438 lr 3.00e-04 110.6 min
[e2e] step 49300 loss 0.1472 lr 3.00e-04 110.7 min
[e2e] step 49400 loss 0.1500 lr 3.00e-04 110.9 min
[e2e] step 49500 loss 0.1483 lr 3.00e-04 111.0 min
[e2e] step 49600 loss 0.1451 lr 3.00e-04 111.2 min
[e2e] step 49700 loss 0.1460 lr 3.00e-04 111.4 min
[e2e] step 49800 loss 0.1429 lr 3.00e-04 111.5 min
[e2e] step 49900 loss 0.1463 lr 3.00e-04 111.7 min
[e2e] step 50000 loss 0.1446 lr 3.00e-04 111.9 min
[e2e] step 50000 quick period probe (linear, 5 classes, n=4000) bal.acc 0.849
[e2e] step 50100 loss 0.1468 lr 3.00e-04 113.2 min
[e2e] step 50200 loss 0.1454 lr 3.00e-04 113.4 min
[e2e] step 50300 loss 0.1455 lr 3.00e-04 113.5 min
[e2e] step 50400 loss 0.1455 lr 3.00e-04 113.7 min
[e2e] step 50500 loss 0.1473 lr 3.00e-04 113.9 min
[e2e] step 50600 loss 0.1463 lr 3.00e-04 114.1 min
[e2e] step 50700 loss 0.1490 lr 3.00e-04 114.2 min
[e2e] step 50800 loss 0.1425 lr 3.00e-04 114.4 min
[e2e] step 50900 loss 0.1499 lr 3.00e-04 114.6 min
[e2e] step 51000 loss 0.1414 lr 3.00e-04 114.7 min
[e2e] step 51100 loss 0.1458 lr 3.00e-04 114.9 min
[e2e] step 51200 loss 0.1466 lr 3.00e-04 115.1 min
[e2e] step 51300 loss 0.1459 lr 3.00e-04 115.3 min
[e2e] step 51400 loss 0.1477 lr 3.00e-04 115.4 min
[e2e] step 51500 loss 0.1437 lr 3.00e-04 115.6 min
[e2e] step 51600 loss 0.1428 lr 3.00e-04 115.7 min
[e2e] step 51700 loss 0.1471 lr 3.00e-04 115.9 min
[e2e] step 51800 loss 0.1459 lr 3.00e-04 116.1 min
[e2e] step 51900 loss 0.1446 lr 3.00e-04 116.3 min
[e2e] step 52000 loss 0.1423 lr 3.00e-04 116.4 min
[e2e] step 52000 quick period probe (linear, 5 classes, n=4000) bal.acc 0.809
[e2e] step 52100 loss 0.1402 lr 3.00e-04 117.7 min
[e2e] step 52200 loss 0.1431 lr 3.00e-04 117.9 min
[e2e] step 52300 loss 0.1517 lr 3.00e-04 118.1 min
[e2e] step 52400 loss 0.1419 lr 3.00e-04 118.2 min
[e2e] step 52500 loss 0.1443 lr 3.00e-04 118.4 min
[e2e] step 52600 loss 0.1429 lr 3.00e-04 118.6 min
[e2e] step 52700 loss 0.1396 lr 3.00e-04 118.7 min
[e2e] step 52800 loss 0.1418 lr 3.00e-04 118.9 min
[e2e] step 52900 loss 0.1412 lr 3.00e-04 119.1 min
[e2e] step 53000 loss 0.1437 lr 3.00e-04 119.3 min
[e2e] step 53100 loss 0.1439 lr 3.00e-04 119.4 min
[e2e] step 53200 loss 0.1428 lr 3.00e-04 119.6 min
[e2e] step 53300 loss 0.1417 lr 3.00e-04 119.8 min
[e2e] step 53400 loss 0.1418 lr 3.00e-04 119.9 min
[e2e] step 53500 loss 0.1394 lr 3.00e-04 120.1 min
[e2e] step 53600 loss 0.1416 lr 3.00e-04 120.3 min
[e2e] step 53700 loss 0.1401 lr 3.00e-04 120.4 min
[e2e] step 53800 loss 0.1406 lr 3.00e-04 120.6 min
[e2e] step 53900 loss 0.1387 lr 3.00e-04 120.8 min
[e2e] step 54000 loss 0.1461 lr 3.00e-04 120.9 min
[e2e] step 54000 quick period probe (linear, 5 classes, n=4000) bal.acc 0.840
[e2e] step 54100 loss 0.1404 lr 3.00e-04 122.1 min
[e2e] step 54200 loss 0.1409 lr 3.00e-04 122.3 min
[e2e] step 54300 loss 0.1370 lr 3.00e-04 122.5 min
[e2e] step 54400 loss 0.1403 lr 3.00e-04 122.6 min
[e2e] step 54500 loss 0.1421 lr 3.00e-04 122.8 min
[e2e] step 54600 loss 0.1418 lr 3.00e-04 123.0 min
[e2e] step 54700 loss 0.1398 lr 3.00e-04 123.1 min
[e2e] step 54800 loss 0.1452 lr 3.00e-04 123.3 min
[e2e] step 54900 loss 0.1387 lr 3.00e-04 123.5 min
[e2e] step 55000 loss 0.1380 lr 3.00e-04 123.6 min
[e2e] step 55100 loss 0.1363 lr 3.00e-04 123.8 min
[e2e] step 55200 loss 0.1417 lr 3.00e-04 124.0 min
[e2e] step 55300 loss 0.1426 lr 3.00e-04 124.1 min
[e2e] step 55400 loss 0.1433 lr 3.00e-04 124.3 min
[e2e] step 55500 loss 0.1449 lr 3.00e-04 124.5 min
[e2e] step 55600 loss 0.1359 lr 3.00e-04 124.7 min
[e2e] step 55700 loss 0.1391 lr 3.00e-04 124.8 min
[e2e] step 55800 loss 0.1380 lr 3.00e-04 125.0 min
[e2e] step 55900 loss 0.1329 lr 3.00e-04 125.2 min
[e2e] step 56000 loss 0.1453 lr 3.00e-04 125.3 min
[e2e] step 56000 quick period probe (linear, 5 classes, n=4000) bal.acc 0.841
[e2e] step 56100 loss 0.1418 lr 3.00e-04 126.5 min
[e2e] step 56200 loss 0.1386 lr 3.00e-04 126.6 min
[e2e] step 56300 loss 0.1335 lr 3.00e-04 126.8 min
[e2e] step 56400 loss 0.1419 lr 3.00e-04 126.9 min
[e2e] step 56500 loss 0.1450 lr 3.00e-04 127.1 min
[e2e] step 56600 loss 0.1397 lr 3.00e-04 127.3 min
[e2e] step 56700 loss 0.1354 lr 3.00e-04 127.4 min
[e2e] step 56800 loss 0.1345 lr 3.00e-04 127.6 min
[e2e] step 56900 loss 0.1388 lr 3.00e-04 127.7 min
[e2e] step 57000 loss 0.1379 lr 3.00e-04 127.9 min
[e2e] step 57100 loss 0.1386 lr 3.00e-04 128.0 min
[e2e] step 57200 loss 0.1356 lr 3.00e-04 128.2 min
[e2e] step 57300 loss 0.1333 lr 3.00e-04 128.3 min
[e2e] step 57400 loss 0.1374 lr 3.00e-04 128.5 min
[e2e] step 57500 loss 0.1362 lr 3.00e-04 128.7 min
[e2e] step 57600 loss 0.1409 lr 3.00e-04 128.8 min
[e2e] step 57700 loss 0.1397 lr 3.00e-04 129.0 min
[e2e] step 57800 loss 0.1368 lr 3.00e-04 129.1 min
[e2e] step 57900 loss 0.1385 lr 3.00e-04 129.3 min
[e2e] step 58000 loss 0.1356 lr 3.00e-04 129.4 min
[e2e] step 58000 quick period probe (linear, 5 classes, n=4000) bal.acc 0.829
[e2e] step 58100 loss 0.1367 lr 3.00e-04 130.5 min
[e2e] step 58200 loss 0.1398 lr 3.00e-04 130.7 min
[e2e] step 58300 loss 0.1363 lr 3.00e-04 130.8 min
[e2e] step 58400 loss 0.1318 lr 3.00e-04 131.0 min
[e2e] step 58500 loss 0.1344 lr 3.00e-04 131.2 min
[e2e] step 58600 loss 0.1367 lr 3.00e-04 131.3 min
[e2e] step 58700 loss 0.1314 lr 3.00e-04 131.5 min
[e2e] step 58800 loss 0.1354 lr 3.00e-04 131.6 min
[e2e] step 58900 loss 0.1325 lr 3.00e-04 131.8 min
[e2e] step 59000 loss 0.1345 lr 3.00e-04 131.9 min
[e2e] step 59100 loss 0.1295 lr 3.00e-04 132.1 min
[e2e] step 59200 loss 0.1349 lr 3.00e-04 132.3 min
[e2e] step 59300 loss 0.1339 lr 3.00e-04 132.4 min
[e2e] step 59400 loss 0.1306 lr 3.00e-04 132.6 min
[e2e] step 59500 loss 0.1356 lr 3.00e-04 132.8 min
[e2e] step 59600 loss 0.1351 lr 3.00e-04 132.9 min
[e2e] step 59700 loss 0.1391 lr 3.00e-04 133.1 min
[e2e] step 59800 loss 0.1330 lr 3.00e-04 133.3 min
[e2e] step 59900 loss 0.1338 lr 3.00e-04 133.4 min
[e2e] step 60000 loss 0.1348 lr 3.00e-04 133.6 min
[e2e] step 60000 quick period probe (linear, 5 classes, n=4000) bal.acc 0.822
[e2e] step 60100 loss 0.1330 lr 3.00e-04 134.8 min
[e2e] step 60200 loss 0.1356 lr 3.00e-04 134.9 min
[e2e] step 60300 loss 0.1324 lr 3.00e-04 135.1 min
[e2e] step 60400 loss 0.1312 lr 3.00e-04 135.3 min
[e2e] step 60500 loss 0.1306 lr 3.00e-04 135.4 min
[e2e] step 60600 loss 0.1308 lr 3.00e-04 135.6 min
[e2e] step 60700 loss 0.1312 lr 3.00e-04 135.7 min
[e2e] step 60800 loss 0.1309 lr 3.00e-04 135.9 min
[e2e] step 60900 loss 0.1359 lr 3.00e-04 136.1 min
[e2e] step 61000 loss 0.1356 lr 3.00e-04 136.2 min
[e2e] step 61100 loss 0.1328 lr 3.00e-04 136.4 min
[e2e] step 61200 loss 0.1348 lr 3.00e-04 136.5 min
[e2e] step 61300 loss 0.1297 lr 3.00e-04 136.7 min
[e2e] step 61400 loss 0.1296 lr 3.00e-04 136.9 min
[e2e] step 61500 loss 0.1328 lr 3.00e-04 137.0 min
[e2e] step 61600 loss 0.1298 lr 3.00e-04 137.2 min
[e2e] step 61700 loss 0.1347 lr 3.00e-04 137.4 min
[e2e] step 61800 loss 0.1281 lr 3.00e-04 137.6 min
[e2e] step 61900 loss 0.1290 lr 3.00e-04 137.7 min
[e2e] step 62000 loss 0.1337 lr 3.00e-04 137.9 min
[e2e] step 62000 quick period probe (linear, 5 classes, n=4000) bal.acc 0.832
[e2e] step 62100 loss 0.1293 lr 3.00e-04 139.0 min
[e2e] step 62200 loss 0.1333 lr 3.00e-04 139.2 min
[e2e] step 62300 loss 0.1265 lr 3.00e-04 139.3 min
[e2e] step 62400 loss 0.1326 lr 3.00e-04 139.5 min
[e2e] step 62500 loss 0.1322 lr 3.00e-04 139.7 min
[e2e] step 62600 loss 0.1301 lr 3.00e-04 139.8 min
[e2e] step 62700 loss 0.1314 lr 3.00e-04 140.0 min
[e2e] step 62800 loss 0.1303 lr 3.00e-04 140.1 min
[e2e] step 62900 loss 0.1307 lr 3.00e-04 140.3 min
[e2e] step 63000 loss 0.1305 lr 3.00e-04 140.5 min
[e2e] step 63100 loss 0.1320 lr 3.00e-04 140.6 min
[e2e] step 63200 loss 0.1312 lr 3.00e-04 140.8 min
[e2e] step 63300 loss 0.1273 lr 3.00e-04 140.9 min
[e2e] step 63400 loss 0.1296 lr 3.00e-04 141.1 min
[e2e] step 63500 loss 0.1300 lr 3.00e-04 141.3 min
[e2e] step 63600 loss 0.1294 lr 3.00e-04 141.4 min
[e2e] step 63700 loss 0.1282 lr 3.00e-04 141.6 min
[e2e] step 63800 loss 0.1292 lr 3.00e-04 141.7 min
[e2e] step 63900 loss 0.1299 lr 3.00e-04 141.9 min
[e2e] step 64000 loss 0.1308 lr 3.00e-04 142.1 min
[e2e] step 64000 quick period probe (linear, 5 classes, n=4000) bal.acc 0.854
[e2e] step 64100 loss 0.1307 lr 3.00e-04 143.4 min
[e2e] step 64200 loss 0.1287 lr 3.00e-04 143.6 min
[e2e] step 64300 loss 0.1337 lr 3.00e-04 143.7 min
[e2e] step 64400 loss 0.1344 lr 3.00e-04 143.9 min
[e2e] step 64500 loss 0.1254 lr 3.00e-04 144.1 min
[e2e] step 64600 loss 0.1333 lr 3.00e-04 144.2 min
[e2e] step 64700 loss 0.1282 lr 3.00e-04 144.4 min
[e2e] step 64800 loss 0.1275 lr 3.00e-04 144.6 min
[e2e] step 64900 loss 0.1246 lr 3.00e-04 144.7 min
[e2e] step 65000 loss 0.1282 lr 3.00e-04 144.9 min
[e2e] step 65100 loss 0.1265 lr 3.00e-04 145.1 min
[e2e] step 65200 loss 0.1237 lr 3.00e-04 145.2 min
[e2e] step 65300 loss 0.1308 lr 3.00e-04 145.4 min
[e2e] step 65400 loss 0.1241 lr 3.00e-04 145.6 min
[e2e] step 65500 loss 0.1286 lr 3.00e-04 145.7 min
[e2e] step 65600 loss 0.1301 lr 3.00e-04 145.9 min
[e2e] step 65700 loss 0.1239 lr 3.00e-04 146.1 min
[e2e] step 65800 loss 0.1278 lr 3.00e-04 146.2 min
[e2e] step 65900 loss 0.1279 lr 3.00e-04 146.4 min
[e2e] step 66000 loss 0.1296 lr 3.00e-04 146.6 min
[e2e] step 66000 quick period probe (linear, 5 classes, n=4000) bal.acc 0.814
[e2e] step 66100 loss 0.1291 lr 3.00e-04 147.6 min
[e2e] step 66200 loss 0.1247 lr 3.00e-04 147.7 min
[e2e] step 66300 loss 0.1253 lr 3.00e-04 147.9 min
[e2e] step 66400 loss 0.1273 lr 3.00e-04 148.1 min
[e2e] step 66500 loss 0.1252 lr 3.00e-04 148.2 min
[e2e] step 66600 loss 0.1301 lr 3.00e-04 148.4 min
[e2e] step 66700 loss 0.1271 lr 3.00e-04 148.6 min
[e2e] step 66800 loss 0.1269 lr 3.00e-04 148.7 min
[e2e] step 66900 loss 0.1276 lr 3.00e-04 148.9 min
[e2e] step 67000 loss 0.1244 lr 3.00e-04 149.1 min
[e2e] step 67100 loss 0.1257 lr 3.00e-04 149.3 min
[e2e] step 67200 loss 0.1215 lr 3.00e-04 149.4 min
[e2e] step 67300 loss 0.1256 lr 3.00e-04 149.6 min
[e2e] step 67400 loss 0.1257 lr 3.00e-04 149.8 min
[e2e] step 67500 loss 0.1195 lr 3.00e-04 149.9 min
[e2e] step 67600 loss 0.1264 lr 3.00e-04 150.1 min
[e2e] step 67700 loss 0.1261 lr 3.00e-04 150.3 min
[e2e] step 67800 loss 0.1261 lr 3.00e-04 150.5 min
[e2e] step 67900 loss 0.1248 lr 3.00e-04 150.6 min
[e2e] step 68000 loss 0.1203 lr 3.00e-04 150.8 min
[e2e] step 68000 quick period probe (linear, 5 classes, n=4000) bal.acc 0.834
[e2e] step 68100 loss 0.1220 lr 3.00e-04 152.0 min
[e2e] step 68200 loss 0.1304 lr 3.00e-04 152.1 min
[e2e] step 68300 loss 0.1243 lr 3.00e-04 152.3 min
[e2e] step 68400 loss 0.1211 lr 3.00e-04 152.5 min
[e2e] step 68500 loss 0.1290 lr 3.00e-04 152.6 min
[e2e] step 68600 loss 0.1255 lr 3.00e-04 152.8 min
[e2e] step 68700 loss 0.1227 lr 3.00e-04 152.9 min
[e2e] step 68800 loss 0.1227 lr 3.00e-04 153.1 min
[e2e] step 68900 loss 0.1248 lr 3.00e-04 153.3 min
[e2e] step 69000 loss 0.1289 lr 3.00e-04 153.4 min
[e2e] step 69100 loss 0.1248 lr 3.00e-04 153.6 min
[e2e] step 69200 loss 0.1254 lr 3.00e-04 153.7 min
[e2e] step 69300 loss 0.1231 lr 3.00e-04 153.9 min
[e2e] step 69400 loss 0.1261 lr 3.00e-04 154.1 min
[e2e] step 69500 loss 0.1247 lr 3.00e-04 154.2 min
[e2e] step 69600 loss 0.1233 lr 3.00e-04 154.4 min
[e2e] step 69700 loss 0.1199 lr 3.00e-04 154.5 min
[e2e] step 69800 loss 0.1241 lr 3.00e-04 154.7 min
[e2e] step 69900 loss 0.1192 lr 3.00e-04 154.9 min
[e2e] step 70000 loss 0.1241 lr 3.00e-04 155.0 min
[e2e] step 70000 quick period probe (linear, 5 classes, n=4000) bal.acc 0.801
[e2e] step 70100 loss 0.1240 lr 3.00e-04 156.3 min
[e2e] step 70200 loss 0.1223 lr 3.00e-04 156.4 min
[e2e] step 70300 loss 0.1233 lr 3.00e-04 156.6 min
[e2e] step 70400 loss 0.1253 lr 3.00e-04 156.8 min
[e2e] step 70500 loss 0.1219 lr 3.00e-04 156.9 min
[e2e] step 70600 loss 0.1183 lr 3.00e-04 157.1 min
[e2e] step 70700 loss 0.1271 lr 3.00e-04 157.2 min
[e2e] step 70800 loss 0.1262 lr 3.00e-04 157.4 min
[e2e] step 70900 loss 0.1233 lr 3.00e-04 157.6 min
[e2e] step 71000 loss 0.1260 lr 3.00e-04 157.7 min
[e2e] step 71100 loss 0.1200 lr 3.00e-04 157.9 min
[e2e] step 71200 loss 0.1211 lr 3.00e-04 158.1 min
[e2e] step 71300 loss 0.1226 lr 3.00e-04 158.3 min
[e2e] step 71400 loss 0.1243 lr 3.00e-04 158.4 min
[e2e] step 71500 loss 0.1202 lr 3.00e-04 158.6 min
[e2e] step 71600 loss 0.1256 lr 3.00e-04 158.8 min
[e2e] step 71700 loss 0.1232 lr 3.00e-04 158.9 min
[e2e] step 71800 loss 0.1268 lr 3.00e-04 159.1 min
[e2e] step 71900 loss 0.1200 lr 3.00e-04 159.2 min
[e2e] step 72000 loss 0.1204 lr 3.00e-04 159.4 min
[e2e] step 72000 quick period probe (linear, 5 classes, n=4000) bal.acc 0.826
[e2e] step 72100 loss 0.1215 lr 3.00e-04 160.4 min
[e2e] step 72200 loss 0.1230 lr 3.00e-04 160.6 min
[e2e] step 72300 loss 0.1232 lr 3.00e-04 160.8 min
[e2e] step 72400 loss 0.1231 lr 3.00e-04 160.9 min
[e2e] step 72500 loss 0.1197 lr 3.00e-04 161.1 min
[e2e] step 72600 loss 0.1269 lr 3.00e-04 161.2 min
[e2e] step 72700 loss 0.1224 lr 3.00e-04 161.4 min
[e2e] step 72800 loss 0.1212 lr 3.00e-04 161.5 min
[e2e] step 72900 loss 0.1217 lr 3.00e-04 161.7 min
[e2e] step 73000 loss 0.1268 lr 3.00e-04 161.8 min
[e2e] step 73100 loss 0.1243 lr 3.00e-04 162.0 min
[e2e] step 73200 loss 0.1179 lr 3.00e-04 162.1 min
[e2e] step 73300 loss 0.1224 lr 3.00e-04 162.3 min
[e2e] step 73400 loss 0.1264 lr 3.00e-04 162.4 min
[e2e] step 73500 loss 0.1254 lr 3.00e-04 162.6 min
[e2e] step 73600 loss 0.1226 lr 3.00e-04 162.7 min
[e2e] step 73700 loss 0.1228 lr 3.00e-04 162.9 min
[e2e] step 73800 loss 0.1241 lr 3.00e-04 163.1 min
[e2e] step 73900 loss 0.1239 lr 3.00e-04 163.3 min
[e2e] step 74000 loss 0.1174 lr 3.00e-04 163.4 min
[e2e] step 74000 quick period probe (linear, 5 classes, n=4000) bal.acc 0.854
[e2e] step 74100 loss 0.1215 lr 3.00e-04 164.5 min
[e2e] step 74200 loss 0.1164 lr 3.00e-04 164.7 min
[e2e] step 74300 loss 0.1186 lr 3.00e-04 164.9 min
[e2e] step 74400 loss 0.1241 lr 3.00e-04 165.1 min
[e2e] step 74500 loss 0.1210 lr 3.00e-04 165.2 min
[e2e] step 74600 loss 0.1261 lr 3.00e-04 165.4 min
[e2e] step 74700 loss 0.1232 lr 3.00e-04 165.5 min
[e2e] step 74800 loss 0.1188 lr 3.00e-04 165.7 min
[e2e] step 74900 loss 0.1208 lr 3.00e-04 165.9 min
[e2e] step 75000 loss 0.1206 lr 3.00e-04 166.0 min
[e2e] step 75100 loss 0.1154 lr 3.00e-04 166.2 min
[e2e] step 75200 loss 0.1240 lr 3.00e-04 166.4 min
[e2e] step 75300 loss 0.1194 lr 3.00e-04 166.5 min
[e2e] step 75400 loss 0.1187 lr 3.00e-04 166.7 min
[e2e] step 75500 loss 0.1223 lr 3.00e-04 166.9 min
[e2e] step 75600 loss 0.1232 lr 3.00e-04 167.0 min
[e2e] step 75700 loss 0.1201 lr 3.00e-04 167.2 min
[e2e] step 75800 loss 0.1233 lr 3.00e-04 167.4 min
[e2e] step 75900 loss 0.1197 lr 3.00e-04 167.5 min
[e2e] step 76000 loss 0.1196 lr 3.00e-04 167.7 min
[e2e] step 76000 quick period probe (linear, 5 classes, n=4000) bal.acc 0.833
[e2e] step 76100 loss 0.1211 lr 3.00e-04 168.7 min
[e2e] step 76200 loss 0.1172 lr 3.00e-04 168.9 min
[e2e] step 76300 loss 0.1213 lr 3.00e-04 169.1 min
[e2e] step 76400 loss 0.1231 lr 3.00e-04 169.2 min
[e2e] step 76500 loss 0.1216 lr 3.00e-04 169.4 min
[e2e] step 76600 loss 0.1184 lr 3.00e-04 169.6 min
[e2e] step 76700 loss 0.1201 lr 3.00e-04 169.7 min
[e2e] step 76800 loss 0.1202 lr 3.00e-04 169.9 min
[e2e] step 76900 loss 0.1243 lr 3.00e-04 170.1 min
[e2e] step 77000 loss 0.1220 lr 3.00e-04 170.2 min
[e2e] step 77100 loss 0.1185 lr 3.00e-04 170.4 min
[e2e] step 77200 loss 0.1239 lr 3.00e-04 170.6 min
[e2e] step 77300 loss 0.1238 lr 3.00e-04 170.8 min
[e2e] step 77400 loss 0.1208 lr 3.00e-04 170.9 min
[e2e] step 77500 loss 0.1266 lr 3.00e-04 171.1 min
[e2e] step 77600 loss 0.1192 lr 3.00e-04 171.3 min
[e2e] step 77700 loss 0.1206 lr 3.00e-04 171.4 min
[e2e] step 77800 loss 0.1255 lr 3.00e-04 171.6 min
[e2e] step 77900 loss 0.1175 lr 3.00e-04 171.8 min
[e2e] step 78000 loss 0.1196 lr 3.00e-04 171.9 min
[e2e] step 78000 quick period probe (linear, 5 classes, n=4000) bal.acc 0.853
[e2e] step 78100 loss 0.1199 lr 3.00e-04 173.1 min
[e2e] step 78200 loss 0.1194 lr 3.00e-04 173.3 min
[e2e] step 78300 loss 0.1210 lr 3.00e-04 173.4 min
[e2e] step 78400 loss 0.1209 lr 3.00e-04 173.6 min
[e2e] step 78500 loss 0.1203 lr 3.00e-04 173.7 min
[e2e] step 78600 loss 0.1235 lr 3.00e-04 173.9 min
[e2e] step 78700 loss 0.1159 lr 3.00e-04 174.1 min
[e2e] step 78800 loss 0.1195 lr 3.00e-04 174.2 min
[e2e] step 78900 loss 0.1226 lr 3.00e-04 174.4 min
[e2e] step 79000 loss 0.1226 lr 3.00e-04 174.6 min
[e2e] step 79100 loss 0.1182 lr 3.00e-04 174.7 min
[e2e] step 79200 loss 0.1165 lr 3.00e-04 174.9 min
[e2e] step 79300 loss 0.1197 lr 3.00e-04 175.1 min
[e2e] step 79400 loss 0.1194 lr 3.00e-04 175.2 min
[e2e] step 79500 loss 0.1211 lr 3.00e-04 175.4 min
[e2e] step 79600 loss 0.1147 lr 3.00e-04 175.6 min
[e2e] step 79700 loss 0.1161 lr 3.00e-04 175.7 min
[e2e] step 79800 loss 0.1198 lr 3.00e-04 175.9 min
[e2e] step 79900 loss 0.1199 lr 3.00e-04 176.1 min
[e2e] step 80000 loss 0.1163 lr 3.00e-04 176.2 min
[e2e] step 80000 quick period probe (linear, 5 classes, n=4000) bal.acc 0.848
[e2e] step 80100 loss 0.1201 lr 3.00e-04 177.3 min
[e2e] step 80200 loss 0.1200 lr 3.00e-04 177.5 min
[e2e] step 80300 loss 0.1211 lr 3.00e-04 177.7 min
[e2e] step 80400 loss 0.1214 lr 3.00e-04 177.8 min
[e2e] step 80500 loss 0.1139 lr 3.00e-04 178.0 min
[e2e] step 80600 loss 0.1197 lr 3.00e-04 178.1 min
[e2e] step 80700 loss 0.1161 lr 3.00e-04 178.3 min
[e2e] step 80800 loss 0.1154 lr 3.00e-04 178.5 min
[e2e] step 80900 loss 0.1145 lr 3.00e-04 178.6 min
[e2e] step 81000 loss 0.1204 lr 3.00e-04 178.8 min
[e2e] step 81100 loss 0.1194 lr 3.00e-04 179.0 min
[e2e] step 81200 loss 0.1172 lr 3.00e-04 179.1 min
[e2e] step 81300 loss 0.1202 lr 3.00e-04 179.3 min
[e2e] step 81400 loss 0.1139 lr 3.00e-04 179.5 min
[e2e] step 81500 loss 0.1222 lr 3.00e-04 179.6 min
[e2e] step 81600 loss 0.1201 lr 3.00e-04 179.8 min
[e2e] step 81700 loss 0.1242 lr 3.00e-04 180.0 min
[e2e] step 81800 loss 0.1141 lr 3.00e-04 180.2 min
[e2e] step 81900 loss 0.1247 lr 3.00e-04 180.3 min
[e2e] step 82000 loss 0.1151 lr 3.00e-04 180.5 min
[e2e] step 82000 quick period probe (linear, 5 classes, n=4000) bal.acc 0.838
[e2e] step 82100 loss 0.1204 lr 3.00e-04 181.7 min
[e2e] step 82200 loss 0.1164 lr 3.00e-04 181.8 min
[e2e] step 82300 loss 0.1173 lr 3.00e-04 182.0 min
[e2e] step 82400 loss 0.1158 lr 3.00e-04 182.1 min
[e2e] step 82500 loss 0.1188 lr 3.00e-04 182.3 min
[e2e] step 82600 loss 0.1173 lr 3.00e-04 182.4 min
[e2e] step 82700 loss 0.1196 lr 3.00e-04 182.6 min
[e2e] step 82800 loss 0.1172 lr 3.00e-04 182.8 min
[e2e] step 82900 loss 0.1181 lr 3.00e-04 182.9 min
[e2e] step 83000 loss 0.1174 lr 3.00e-04 183.1 min
[e2e] step 83100 loss 0.1191 lr 3.00e-04 183.3 min
[e2e] step 83200 loss 0.1177 lr 3.00e-04 183.4 min
[e2e] step 83300 loss 0.1152 lr 3.00e-04 183.6 min
[e2e] step 83400 loss 0.1215 lr 3.00e-04 183.8 min
[e2e] step 83500 loss 0.1183 lr 3.00e-04 183.9 min
[e2e] step 83600 loss 0.1170 lr 3.00e-04 184.1 min
[e2e] step 83700 loss 0.1184 lr 3.00e-04 184.3 min
[e2e] step 83800 loss 0.1174 lr 3.00e-04 184.4 min
[e2e] step 83900 loss 0.1153 lr 3.00e-04 184.6 min
[e2e] step 84000 loss 0.1125 lr 3.00e-04 184.7 min
[e2e] step 84000 quick period probe (linear, 5 classes, n=4000) bal.acc 0.841
[e2e] step 84100 loss 0.1180 lr 3.00e-04 185.7 min
[e2e] step 84200 loss 0.1163 lr 3.00e-04 185.9 min
[e2e] step 84300 loss 0.1200 lr 3.00e-04 186.0 min
[e2e] step 84400 loss 0.1119 lr 3.00e-04 186.2 min
[e2e] step 84500 loss 0.1204 lr 3.00e-04 186.3 min
[e2e] step 84600 loss 0.1175 lr 3.00e-04 186.5 min
[e2e] step 84700 loss 0.1148 lr 3.00e-04 186.7 min
[e2e] step 84800 loss 0.1191 lr 3.00e-04 186.8 min
[e2e] step 84900 loss 0.1126 lr 3.00e-04 187.0 min
[e2e] step 85000 loss 0.1140 lr 3.00e-04 187.1 min
[e2e] step 85100 loss 0.1143 lr 3.00e-04 187.3 min
[e2e] step 85200 loss 0.1204 lr 3.00e-04 187.5 min
[e2e] step 85300 loss 0.1151 lr 3.00e-04 187.6 min
[e2e] step 85400 loss 0.1154 lr 3.00e-04 187.8 min
[e2e] step 85500 loss 0.1153 lr 3.00e-04 187.9 min
[e2e] step 85600 loss 0.1153 lr 3.00e-04 188.1 min
[e2e] step 85700 loss 0.1144 lr 3.00e-04 188.2 min
[e2e] step 85800 loss 0.1123 lr 3.00e-04 188.4 min
[e2e] step 85900 loss 0.1199 lr 3.00e-04 188.6 min
[e2e] step 86000 loss 0.1135 lr 3.00e-04 188.7 min
[e2e] step 86000 quick period probe (linear, 5 classes, n=4000) bal.acc 0.833
[e2e] step 86100 loss 0.1189 lr 3.00e-04 189.7 min
[e2e] step 86200 loss 0.1110 lr 3.00e-04 189.9 min
[e2e] step 86300 loss 0.1155 lr 3.00e-04 190.0 min
[e2e] step 86400 loss 0.1140 lr 3.00e-04 190.2 min
[e2e] step 86500 loss 0.1136 lr 3.00e-04 190.3 min
[e2e] step 86600 loss 0.1149 lr 3.00e-04 190.5 min
[e2e] step 86700 loss 0.1171 lr 3.00e-04 190.7 min
[e2e] step 86800 loss 0.1137 lr 3.00e-04 190.8 min
[e2e] step 86900 loss 0.1149 lr 3.00e-04 191.0 min
[e2e] step 87000 loss 0.1150 lr 3.00e-04 191.1 min
[e2e] step 87100 loss 0.1105 lr 3.00e-04 191.3 min
[e2e] step 87200 loss 0.1167 lr 3.00e-04 191.5 min
[e2e] step 87300 loss 0.1184 lr 3.00e-04 191.7 min
[e2e] step 87400 loss 0.1135 lr 3.00e-04 191.8 min
[e2e] step 87500 loss 0.1128 lr 3.00e-04 192.0 min
[e2e] step 87600 loss 0.1133 lr 3.00e-04 192.1 min
[e2e] step 87700 loss 0.1171 lr 3.00e-04 192.3 min
[e2e] step 87800 loss 0.1119 lr 3.00e-04 192.5 min
[e2e] step 87900 loss 0.1154 lr 3.00e-04 192.6 min
[e2e] step 88000 loss 0.1212 lr 3.00e-04 192.8 min
[e2e] step 88000 quick period probe (linear, 5 classes, n=4000) bal.acc 0.833
[e2e] step 88100 loss 0.1189 lr 3.00e-04 193.9 min
[e2e] step 88200 loss 0.1152 lr 3.00e-04 194.1 min
[e2e] step 88300 loss 0.1160 lr 3.00e-04 194.2 min
[e2e] step 88400 loss 0.1138 lr 3.00e-04 194.4 min
[e2e] step 88500 loss 0.1167 lr 3.00e-04 194.6 min
[e2e] step 88600 loss 0.1137 lr 3.00e-04 194.7 min
[e2e] step 88700 loss 0.1199 lr 3.00e-04 194.9 min
[e2e] step 88800 loss 0.1150 lr 3.00e-04 195.0 min
[e2e] step 88900 loss 0.1158 lr 3.00e-04 195.2 min
[e2e] step 89000 loss 0.1114 lr 3.00e-04 195.3 min
[e2e] step 89100 loss 0.1182 lr 3.00e-04 195.5 min
[e2e] step 89200 loss 0.1163 lr 3.00e-04 195.7 min
[e2e] step 89300 loss 0.1134 lr 3.00e-04 195.8 min
[e2e] step 89400 loss 0.1181 lr 3.00e-04 196.0 min
[e2e] step 89500 loss 0.1147 lr 3.00e-04 196.1 min
[e2e] step 89600 loss 0.1085 lr 3.00e-04 196.3 min
[e2e] step 89700 loss 0.1132 lr 3.00e-04 196.4 min
[e2e] step 89800 loss 0.1150 lr 3.00e-04 196.6 min
[e2e] step 89900 loss 0.1141 lr 3.00e-04 196.7 min
[e2e] step 90000 loss 0.1108 lr 3.00e-04 196.9 min
[e2e] step 90000 quick period probe (linear, 5 classes, n=4000) bal.acc 0.839
[e2e] step 90100 loss 0.1109 lr 3.00e-04 198.1 min
[e2e] step 90200 loss 0.1174 lr 3.00e-04 198.2 min
[e2e] step 90300 loss 0.1114 lr 3.00e-04 198.4 min
[e2e] step 90400 loss 0.1129 lr 3.00e-04 198.5 min
[e2e] step 90500 loss 0.1176 lr 3.00e-04 198.7 min
[e2e] step 90600 loss 0.1128 lr 3.00e-04 198.9 min
[e2e] step 90700 loss 0.1144 lr 3.00e-04 199.0 min
[e2e] step 90800 loss 0.1187 lr 3.00e-04 199.2 min
[e2e] step 90900 loss 0.1142 lr 3.00e-04 199.4 min
[e2e] step 91000 loss 0.1165 lr 3.00e-04 199.5 min
[e2e] step 91100 loss 0.1202 lr 3.00e-04 199.7 min
[e2e] step 91200 loss 0.1139 lr 3.00e-04 199.8 min
[e2e] step 91300 loss 0.1097 lr 3.00e-04 200.0 min
[e2e] step 91400 loss 0.1135 lr 3.00e-04 200.1 min
[e2e] step 91500 loss 0.1138 lr 3.00e-04 200.3 min
[e2e] step 91600 loss 0.1116 lr 3.00e-04 200.5 min
[e2e] step 91700 loss 0.1157 lr 3.00e-04 200.6 min
[e2e] step 91800 loss 0.1153 lr 3.00e-04 200.8 min
[e2e] step 91900 loss 0.1178 lr 3.00e-04 200.9 min
[e2e] step 92000 loss 0.1156 lr 3.00e-04 201.1 min
[e2e] step 92000 quick period probe (linear, 5 classes, n=4000) bal.acc 0.846
[e2e] step 92100 loss 0.1152 lr 3.00e-04 202.3 min
[e2e] step 92200 loss 0.1171 lr 3.00e-04 202.5 min
[e2e] step 92300 loss 0.1126 lr 3.00e-04 202.7 min
[e2e] step 92400 loss 0.1110 lr 3.00e-04 202.8 min
[e2e] step 92500 loss 0.1129 lr 3.00e-04 203.0 min
[e2e] step 92600 loss 0.1186 lr 3.00e-04 203.1 min
[e2e] step 92700 loss 0.1160 lr 3.00e-04 203.3 min
[e2e] step 92800 loss 0.1184 lr 3.00e-04 203.5 min
[e2e] step 92900 loss 0.1109 lr 3.00e-04 203.6 min
[e2e] step 93000 loss 0.1117 lr 3.00e-04 203.8 min
[e2e] step 93100 loss 0.1176 lr 3.00e-04 204.0 min
[e2e] step 93200 loss 0.1110 lr 3.00e-04 204.1 min
[e2e] step 93300 loss 0.1136 lr 3.00e-04 204.3 min
[e2e] step 93400 loss 0.1111 lr 3.00e-04 204.5 min
[e2e] step 93500 loss 0.1130 lr 3.00e-04 204.6 min
[e2e] step 93600 loss 0.1181 lr 3.00e-04 204.8 min
[e2e] step 93700 loss 0.1114 lr 3.00e-04 205.0 min
[e2e] step 93800 loss 0.1127 lr 3.00e-04 205.2 min
[e2e] step 93900 loss 0.1119 lr 3.00e-04 205.3 min
[e2e] step 94000 loss 0.1164 lr 3.00e-04 205.5 min
[e2e] step 94000 quick period probe (linear, 5 classes, n=4000) bal.acc 0.815
[e2e] step 94100 loss 0.1181 lr 3.00e-04 206.5 min
[e2e] step 94200 loss 0.1118 lr 3.00e-04 206.7 min
[e2e] step 94300 loss 0.1112 lr 3.00e-04 206.9 min
[e2e] step 94400 loss 0.1152 lr 3.00e-04 207.0 min
[e2e] step 94500 loss 0.1085 lr 3.00e-04 207.2 min
[e2e] step 94600 loss 0.1161 lr 3.00e-04 207.4 min
[e2e] step 94700 loss 0.1146 lr 3.00e-04 207.5 min
[e2e] step 94800 loss 0.1109 lr 3.00e-04 207.7 min
[e2e] step 94900 loss 0.1122 lr 3.00e-04 207.9 min
[e2e] step 95000 loss 0.1173 lr 3.00e-04 208.0 min
[e2e] step 95100 loss 0.1206 lr 3.00e-04 208.2 min
[e2e] step 95200 loss 0.1132 lr 3.00e-04 208.4 min
[e2e] step 95300 loss 0.1113 lr 3.00e-04 208.5 min
[e2e] step 95400 loss 0.1155 lr 3.00e-04 208.7 min
[e2e] step 95500 loss 0.1133 lr 3.00e-04 208.9 min
[e2e] step 95600 loss 0.1103 lr 3.00e-04 209.0 min
[e2e] step 95700 loss 0.1147 lr 3.00e-04 209.2 min
[e2e] step 95800 loss 0.1148 lr 3.00e-04 209.4 min
[e2e] step 95900 loss 0.1109 lr 3.00e-04 209.5 min
[e2e] step 96000 loss 0.1146 lr 3.00e-04 209.7 min
[e2e] step 96000 quick period probe (linear, 5 classes, n=4000) bal.acc 0.822
[e2e] step 96100 loss 0.1149 lr 3.00e-04 210.7 min
[e2e] step 96200 loss 0.1099 lr 3.00e-04 210.9 min
[e2e] step 96300 loss 0.1165 lr 3.00e-04 211.1 min
[e2e] step 96400 loss 0.1164 lr 3.00e-04 211.3 min
[e2e] step 96500 loss 0.1151 lr 3.00e-04 211.4 min
[e2e] step 96600 loss 0.1103 lr 3.00e-04 211.6 min
[e2e] step 96700 loss 0.1069 lr 3.00e-04 211.8 min
[e2e] step 96800 loss 0.1127 lr 3.00e-04 211.9 min
[e2e] step 96900 loss 0.1131 lr 3.00e-04 212.1 min
[e2e] step 97000 loss 0.1123 lr 3.00e-04 212.3 min
[e2e] step 97100 loss 0.1126 lr 3.00e-04 212.5 min
[e2e] step 97200 loss 0.1138 lr 3.00e-04 212.6 min
[e2e] step 97300 loss 0.1080 lr 3.00e-04 212.8 min
[e2e] step 97400 loss 0.1087 lr 3.00e-04 212.9 min
[e2e] step 97500 loss 0.1095 lr 3.00e-04 213.1 min
[e2e] step 97600 loss 0.1084 lr 3.00e-04 213.3 min
[e2e] step 97700 loss 0.1067 lr 3.00e-04 213.4 min
[e2e] step 97800 loss 0.1099 lr 3.00e-04 213.6 min
[e2e] step 97900 loss 0.1139 lr 3.00e-04 213.8 min
[e2e] step 98000 loss 0.1095 lr 3.00e-04 213.9 min
[e2e] step 98000 quick period probe (linear, 5 classes, n=4000) bal.acc 0.831
[e2e] step 98100 loss 0.1105 lr 3.00e-04 214.9 min
[e2e] step 98200 loss 0.1090 lr 3.00e-04 215.0 min
[e2e] step 98300 loss 0.1131 lr 3.00e-04 215.2 min
[e2e] step 98400 loss 0.1102 lr 3.00e-04 215.4 min
[e2e] step 98500 loss 0.1122 lr 3.00e-04 215.6 min
[e2e] step 98600 loss 0.1102 lr 3.00e-04 215.7 min
[e2e] step 98700 loss 0.1126 lr 3.00e-04 215.9 min
[e2e] step 98800 loss 0.1150 lr 3.00e-04 216.1 min
[e2e] step 98900 loss 0.1153 lr 3.00e-04 216.2 min
[e2e] step 99000 loss 0.1133 lr 3.00e-04 216.4 min
[e2e] step 99100 loss 0.1118 lr 3.00e-04 216.6 min
[e2e] step 99200 loss 0.1107 lr 3.00e-04 216.7 min
[e2e] step 99300 loss 0.1114 lr 3.00e-04 216.9 min
[e2e] step 99400 loss 0.1056 lr 3.00e-04 217.1 min
[e2e] step 99500 loss 0.1090 lr 3.00e-04 217.2 min
[e2e] step 99600 loss 0.1141 lr 3.00e-04 217.4 min
[e2e] step 99700 loss 0.1133 lr 3.00e-04 217.6 min
[e2e] step 99800 loss 0.1131 lr 3.00e-04 217.7 min
[e2e] step 99900 loss 0.1112 lr 3.00e-04 217.9 min
[e2e] step 100000 loss 0.1124 lr 3.00e-04 218.1 min
[e2e] step 100000 quick period probe (linear, 5 classes, n=4000) bal.acc 0.834
[e2e] step 100100 loss 0.1176 lr 3.00e-04 219.0 min
[e2e] step 100200 loss 0.1106 lr 3.00e-04 219.2 min
[e2e] step 100300 loss 0.1124 lr 3.00e-04 219.3 min
[e2e] step 100400 loss 0.1094 lr 3.00e-04 219.5 min
[e2e] step 100500 loss 0.1099 lr 3.00e-04 219.7 min
[e2e] step 100600 loss 0.1121 lr 3.00e-04 219.8 min
[e2e] step 100700 loss 0.1080 lr 3.00e-04 220.0 min
[e2e] step 100800 loss 0.1139 lr 3.00e-04 220.2 min
[e2e] step 100900 loss 0.1155 lr 3.00e-04 220.3 min
[e2e] step 101000 loss 0.1062 lr 3.00e-04 220.5 min
[e2e] step 101100 loss 0.1110 lr 3.00e-04 220.7 min
[e2e] step 101200 loss 0.1114 lr 3.00e-04 220.9 min
[e2e] step 101300 loss 0.1133 lr 3.00e-04 221.0 min
[e2e] step 101400 loss 0.1123 lr 3.00e-04 221.2 min
[e2e] step 101500 loss 0.1131 lr 3.00e-04 221.4 min
[e2e] step 101600 loss 0.1129 lr 3.00e-04 221.5 min
[e2e] step 101700 loss 0.1117 lr 3.00e-04 221.7 min
[e2e] step 101800 loss 0.1110 lr 3.00e-04 221.9 min
[e2e] step 101900 loss 0.1089 lr 3.00e-04 222.0 min
[e2e] step 102000 loss 0.1101 lr 3.00e-04 222.2 min
[e2e] step 102000 quick period probe (linear, 5 classes, n=4000) bal.acc 0.835
[e2e] step 102100 loss 0.1129 lr 3.00e-04 223.2 min
[e2e] step 102200 loss 0.1131 lr 3.00e-04 223.4 min
[e2e] step 102300 loss 0.1083 lr 3.00e-04 223.6 min
[e2e] step 102400 loss 0.1129 lr 3.00e-04 223.7 min
[e2e] step 102500 loss 0.1122 lr 3.00e-04 223.9 min
[e2e] step 102600 loss 0.1102 lr 3.00e-04 224.1 min
[e2e] step 102700 loss 0.1162 lr 3.00e-04 224.3 min
[e2e] step 102800 loss 0.1148 lr 3.00e-04 224.4 min
[e2e] step 102900 loss 0.1083 lr 3.00e-04 224.6 min
[e2e] step 103000 loss 0.1127 lr 3.00e-04 224.8 min
[e2e] step 103100 loss 0.1112 lr 3.00e-04 224.9 min
[e2e] step 103200 loss 0.1110 lr 3.00e-04 225.1 min
[e2e] step 103300 loss 0.1120 lr 3.00e-04 225.3 min
[e2e] step 103400 loss 0.1129 lr 3.00e-04 225.4 min
[e2e] step 103500 loss 0.1122 lr 3.00e-04 225.6 min
[e2e] step 103600 loss 0.1140 lr 3.00e-04 225.8 min
[e2e] step 103700 loss 0.1122 lr 3.00e-04 225.9 min
[e2e] step 103800 loss 0.1076 lr 3.00e-04 226.1 min
[e2e] step 103900 loss 0.1066 lr 3.00e-04 226.3 min
[e2e] step 104000 loss 0.1148 lr 3.00e-04 226.4 min
[e2e] step 104000 quick period probe (linear, 5 classes, n=4000) bal.acc 0.822
[e2e] step 104100 loss 0.1124 lr 3.00e-04 227.5 min
[e2e] step 104200 loss 0.1086 lr 3.00e-04 227.6 min
[e2e] step 104300 loss 0.1153 lr 3.00e-04 227.8 min
[e2e] step 104400 loss 0.1105 lr 3.00e-04 228.0 min
[e2e] step 104500 loss 0.1132 lr 3.00e-04 228.1 min
[e2e] step 104600 loss 0.1116 lr 3.00e-04 228.3 min
[e2e] step 104700 loss 0.1072 lr 3.00e-04 228.4 min
[e2e] step 104800 loss 0.1112 lr 3.00e-04 228.6 min
[e2e] step 104900 loss 0.1113 lr 3.00e-04 228.8 min
[e2e] step 105000 loss 0.1132 lr 3.00e-04 228.9 min
[e2e] step 105100 loss 0.1088 lr 3.00e-04 229.1 min
[e2e] step 105200 loss 0.1106 lr 3.00e-04 229.2 min
[e2e] step 105300 loss 0.1116 lr 3.00e-04 229.4 min
[e2e] step 105400 loss 0.1093 lr 3.00e-04 229.5 min
[e2e] step 105500 loss 0.1088 lr 3.00e-04 229.7 min
[e2e] step 105600 loss 0.1118 lr 3.00e-04 229.9 min
[e2e] step 105700 loss 0.1115 lr 3.00e-04 230.1 min
[e2e] step 105800 loss 0.1101 lr 3.00e-04 230.2 min
[e2e] step 105900 loss 0.1101 lr 3.00e-04 230.4 min
[e2e] step 106000 loss 0.1161 lr 3.00e-04 230.6 min
[e2e] step 106000 quick period probe (linear, 5 classes, n=4000) bal.acc 0.840
[e2e] step 106100 loss 0.1114 lr 3.00e-04 231.5 min
[e2e] step 106200 loss 0.1136 lr 3.00e-04 231.7 min
[e2e] step 106300 loss 0.1093 lr 3.00e-04 231.9 min
[e2e] step 106400 loss 0.1093 lr 3.00e-04 232.0 min
[e2e] step 106500 loss 0.1156 lr 3.00e-04 232.2 min
[e2e] step 106600 loss 0.1057 lr 3.00e-04 232.4 min
[e2e] step 106700 loss 0.1105 lr 3.00e-04 232.5 min
[e2e] step 106800 loss 0.1111 lr 3.00e-04 232.7 min
[e2e] step 106900 loss 0.1124 lr 3.00e-04 232.9 min
[e2e] step 107000 loss 0.1116 lr 3.00e-04 233.0 min
[e2e] step 107100 loss 0.1114 lr 3.00e-04 233.2 min
[e2e] step 107200 loss 0.1123 lr 3.00e-04 233.3 min
[e2e] step 107300 loss 0.1118 lr 3.00e-04 233.5 min
[e2e] step 107400 loss 0.1143 lr 3.00e-04 233.6 min
[e2e] step 107500 loss 0.1161 lr 3.00e-04 233.8 min
[e2e] step 107600 loss 0.1135 lr 3.00e-04 234.0 min
[e2e] step 107700 loss 0.1059 lr 3.00e-04 234.1 min
[e2e] step 107800 loss 0.1123 lr 3.00e-04 234.3 min
[e2e] step 107900 loss 0.1138 lr 3.00e-04 234.4 min
[e2e] step 108000 loss 0.1121 lr 3.00e-04 234.6 min
[e2e] step 108000 quick period probe (linear, 5 classes, n=4000) bal.acc 0.831
[e2e] step 108100 loss 0.1108 lr 3.00e-04 235.6 min
[e2e] step 108200 loss 0.1107 lr 3.00e-04 235.8 min
[e2e] step 108300 loss 0.1087 lr 3.00e-04 236.0 min
[e2e] step 108400 loss 0.1158 lr 3.00e-04 236.1 min
[e2e] step 108500 loss 0.1125 lr 3.00e-04 236.3 min
[e2e] step 108600 loss 0.1114 lr 3.00e-04 236.5 min
[e2e] step 108700 loss 0.1147 lr 3.00e-04 236.6 min
[e2e] step 108800 loss 0.1138 lr 3.00e-04 236.8 min
[e2e] step 108900 loss 0.1087 lr 3.00e-04 237.0 min
[e2e] step 109000 loss 0.1137 lr 3.00e-04 237.1 min
[e2e] step 109100 loss 0.1122 lr 3.00e-04 237.3 min
[e2e] step 109200 loss 0.1128 lr 3.00e-04 237.5 min
[e2e] step 109300 loss 0.1112 lr 3.00e-04 237.6 min
[e2e] step 109400 loss 0.1119 lr 3.00e-04 237.8 min
[e2e] step 109500 loss 0.1057 lr 3.00e-04 238.0 min
[e2e] step 109600 loss 0.1128 lr 3.00e-04 238.1 min
[e2e] step 109700 loss 0.1093 lr 3.00e-04 238.3 min
[e2e] step 109800 loss 0.1122 lr 3.00e-04 238.4 min
[e2e] step 109900 loss 0.1113 lr 3.00e-04 238.6 min
[e2e] step 110000 loss 0.1121 lr 3.00e-04 238.8 min
[e2e] step 110000 quick period probe (linear, 5 classes, n=4000) bal.acc 0.815
[e2e] step 110100 loss 0.1116 lr 3.00e-04 239.9 min
[e2e] step 110200 loss 0.1096 lr 3.00e-04 240.1 min
[e2e] step 110300 loss 0.1115 lr 3.00e-04 240.3 min
[e2e] step 110400 loss 0.1129 lr 3.00e-04 240.4 min
[e2e] step 110500 loss 0.1077 lr 3.00e-04 240.6 min
[e2e] step 110600 loss 0.1081 lr 3.00e-04 240.7 min
[e2e] step 110700 loss 0.1150 lr 3.00e-04 240.9 min
[e2e] step 110800 loss 0.1072 lr 3.00e-04 241.0 min
[e2e] step 110900 loss 0.1080 lr 3.00e-04 241.2 min
[e2e] step 111000 loss 0.1113 lr 3.00e-04 241.3 min
[e2e] step 111100 loss 0.1100 lr 3.00e-04 241.5 min
[e2e] step 111200 loss 0.1125 lr 3.00e-04 241.7 min
[e2e] step 111300 loss 0.1131 lr 3.00e-04 241.8 min
[e2e] step 111400 loss 0.1112 lr 3.00e-04 242.0 min
[e2e] step 111500 loss 0.1078 lr 3.00e-04 242.2 min
[e2e] step 111600 loss 0.1123 lr 3.00e-04 242.3 min
[e2e] step 111700 loss 0.1101 lr 3.00e-04 242.5 min
[e2e] step 111800 loss 0.1169 lr 3.00e-04 242.7 min
[e2e] step 111900 loss 0.1099 lr 3.00e-04 242.8 min
[e2e] step 112000 loss 0.1088 lr 3.00e-04 243.0 min
[e2e] step 112000 quick period probe (linear, 5 classes, n=4000) bal.acc 0.835
[e2e] step 112100 loss 0.1100 lr 3.00e-04 244.1 min
[e2e] step 112200 loss 0.1118 lr 3.00e-04 244.2 min
[e2e] step 112300 loss 0.1083 lr 3.00e-04 244.4 min
[e2e] step 112400 loss 0.1098 lr 3.00e-04 244.6 min
[e2e] step 112500 loss 0.1086 lr 3.00e-04 244.7 min
[e2e] step 112600 loss 0.1097 lr 3.00e-04 244.9 min
[e2e] step 112700 loss 0.1081 lr 3.00e-04 245.1 min
[e2e] step 112800 loss 0.1188 lr 3.00e-04 245.2 min
[e2e] step 112900 loss 0.1149 lr 3.00e-04 245.4 min
[e2e] step 113000 loss 0.1102 lr 3.00e-04 245.5 min
[e2e] step 113100 loss 0.1103 lr 3.00e-04 245.7 min
[e2e] step 113200 loss 0.1136 lr 3.00e-04 245.9 min
[e2e] step 113300 loss 0.1083 lr 3.00e-04 246.1 min
[e2e] step 113400 loss 0.1108 lr 3.00e-04 246.2 min
[e2e] step 113500 loss 0.1070 lr 3.00e-04 246.4 min
[e2e] step 113600 loss 0.1113 lr 3.00e-04 246.5 min
[e2e] step 113700 loss 0.1077 lr 3.00e-04 246.7 min
[e2e] step 113800 loss 0.1064 lr 3.00e-04 246.9 min
[e2e] step 113900 loss 0.1088 lr 3.00e-04 247.0 min
[e2e] step 114000 loss 0.1091 lr 3.00e-04 247.2 min
[e2e] step 114000 quick period probe (linear, 5 classes, n=4000) bal.acc 0.823
[e2e] step 114100 loss 0.1121 lr 3.00e-04 248.5 min
[e2e] step 114200 loss 0.1078 lr 3.00e-04 248.7 min
[e2e] step 114300 loss 0.1071 lr 3.00e-04 248.9 min
[e2e] step 114400 loss 0.1130 lr 3.00e-04 249.0 min
[e2e] step 114500 loss 0.1101 lr 3.00e-04 249.2 min
[e2e] step 114600 loss 0.1113 lr 3.00e-04 249.4 min
[e2e] step 114700 loss 0.1109 lr 3.00e-04 249.5 min
[e2e] step 114800 loss 0.1103 lr 3.00e-04 249.7 min
[e2e] step 114900 loss 0.1088 lr 3.00e-04 249.8 min
[e2e] step 115000 loss 0.1088 lr 3.00e-04 250.0 min
[e2e] step 115100 loss 0.1093 lr 3.00e-04 250.2 min
[e2e] step 115200 loss 0.1068 lr 3.00e-04 250.3 min
[e2e] step 115300 loss 0.1074 lr 3.00e-04 250.5 min
[e2e] step 115400 loss 0.1143 lr 3.00e-04 250.7 min
[e2e] step 115500 loss 0.1093 lr 3.00e-04 250.8 min
[e2e] step 115600 loss 0.1107 lr 3.00e-04 251.0 min
[e2e] step 115700 loss 0.1115 lr 3.00e-04 251.1 min
[e2e] step 115800 loss 0.1073 lr 3.00e-04 251.3 min
[e2e] step 115900 loss 0.1077 lr 3.00e-04 251.5 min
[e2e] step 116000 loss 0.1048 lr 3.00e-04 251.7 min
[e2e] step 116000 quick period probe (linear, 5 classes, n=4000) bal.acc 0.830
[e2e] step 116100 loss 0.1122 lr 3.00e-04 252.7 min
[e2e] step 116200 loss 0.1099 lr 3.00e-04 252.8 min
[e2e] step 116300 loss 0.1075 lr 3.00e-04 253.0 min
[e2e] step 116400 loss 0.1114 lr 3.00e-04 253.2 min
[e2e] step 116500 loss 0.1093 lr 3.00e-04 253.3 min
[e2e] step 116600 loss 0.1127 lr 3.00e-04 253.5 min
[e2e] step 116700 loss 0.1069 lr 3.00e-04 253.7 min
[e2e] step 116800 loss 0.1097 lr 3.00e-04 253.8 min
[e2e] step 116900 loss 0.1090 lr 3.00e-04 254.0 min
[e2e] step 117000 loss 0.1094 lr 3.00e-04 254.2 min
[e2e] step 117100 loss 0.1103 lr 3.00e-04 254.4 min
[e2e] step 117200 loss 0.1107 lr 3.00e-04 254.5 min
[e2e] step 117300 loss 0.1056 lr 3.00e-04 254.7 min
[e2e] step 117400 loss 0.1106 lr 3.00e-04 254.9 min
[e2e] step 117500 loss 0.1092 lr 3.00e-04 255.0 min
[e2e] step 117600 loss 0.1136 lr 3.00e-04 255.2 min
[e2e] step 117700 loss 0.1117 lr 3.00e-04 255.4 min
[e2e] step 117800 loss 0.1101 lr 3.00e-04 255.5 min
[e2e] step 117900 loss 0.1116 lr 3.00e-04 255.7 min
[e2e] step 118000 loss 0.1061 lr 3.00e-04 255.8 min
[e2e] step 118000 quick period probe (linear, 5 classes, n=4000) bal.acc 0.822
[e2e] step 118100 loss 0.1117 lr 3.00e-04 256.9 min
[e2e] step 118200 loss 0.1138 lr 3.00e-04 257.1 min
[e2e] step 118300 loss 0.1058 lr 3.00e-04 257.3 min
[e2e] step 118400 loss 0.1088 lr 3.00e-04 257.4 min
[e2e] step 118500 loss 0.1110 lr 3.00e-04 257.6 min
[e2e] step 118600 loss 0.1077 lr 3.00e-04 257.8 min
[e2e] step 118700 loss 0.1076 lr 3.00e-04 257.9 min
[e2e] step 118800 loss 0.1104 lr 3.00e-04 258.1 min
[e2e] step 118900 loss 0.1088 lr 3.00e-04 258.3 min
[e2e] step 119000 loss 0.1118 lr 3.00e-04 258.4 min
[e2e] step 119100 loss 0.1090 lr 3.00e-04 258.6 min
[e2e] step 119200 loss 0.1099 lr 3.00e-04 258.8 min
[e2e] step 119300 loss 0.1077 lr 3.00e-04 258.9 min
[e2e] step 119400 loss 0.1118 lr 3.00e-04 259.1 min
[e2e] step 119500 loss 0.1064 lr 3.00e-04 259.3 min
[e2e] step 119600 loss 0.1089 lr 3.00e-04 259.4 min
[e2e] step 119700 loss 0.1069 lr 3.00e-04 259.6 min
[e2e] step 119800 loss 0.1118 lr 3.00e-04 259.8 min
[e2e] step 119900 loss 0.1089 lr 3.00e-04 259.9 min
[e2e] step 120000 loss 0.1121 lr 3.00e-04 260.1 min
[e2e] step 120000 quick period probe (linear, 5 classes, n=4000) bal.acc 0.835
[e2e] step 120100 loss 0.1079 lr 3.00e-04 261.2 min
[e2e] step 120200 loss 0.1084 lr 3.00e-04 261.4 min
[e2e] step 120300 loss 0.1076 lr 3.00e-04 261.5 min
[e2e] step 120400 loss 0.1097 lr 3.00e-04 261.7 min
[e2e] step 120500 loss 0.1081 lr 3.00e-04 261.9 min
[e2e] step 120600 loss 0.1079 lr 3.00e-04 262.0 min
[e2e] step 120700 loss 0.1101 lr 3.00e-04 262.2 min
[e2e] step 120800 loss 0.1119 lr 3.00e-04 262.4 min
[e2e] step 120900 loss 0.1097 lr 3.00e-04 262.5 min
[e2e] step 121000 loss 0.1163 lr 3.00e-04 262.7 min
[e2e] step 121100 loss 0.1077 lr 3.00e-04 262.9 min
[e2e] step 121200 loss 0.1092 lr 3.00e-04 263.0 min
[e2e] step 121300 loss 0.1088 lr 3.00e-04 263.2 min
[e2e] step 121400 loss 0.1107 lr 3.00e-04 263.4 min
[e2e] step 121500 loss 0.1146 lr 3.00e-04 263.5 min
[e2e] step 121600 loss 0.1115 lr 3.00e-04 263.7 min
[e2e] step 121700 loss 0.1063 lr 3.00e-04 263.9 min
[e2e] step 121800 loss 0.1114 lr 3.00e-04 264.0 min
[e2e] step 121900 loss 0.1113 lr 3.00e-04 264.2 min
[e2e] step 122000 loss 0.1095 lr 3.00e-04 264.4 min
[e2e] step 122000 quick period probe (linear, 5 classes, n=4000) bal.acc 0.834
[e2e] step 122100 loss 0.1114 lr 3.00e-04 265.2 min
[e2e] step 122200 loss 0.1054 lr 3.00e-04 265.4 min
[e2e] step 122300 loss 0.1068 lr 3.00e-04 265.5 min
[e2e] step 122400 loss 0.1095 lr 3.00e-04 265.7 min
[e2e] step 122500 loss 0.1081 lr 3.00e-04 265.8 min
[e2e] step 122600 loss 0.1089 lr 3.00e-04 266.0 min
[e2e] step 122700 loss 0.1090 lr 3.00e-04 266.1 min
[e2e] step 122800 loss 0.1111 lr 3.00e-04 266.3 min
[e2e] step 122900 loss 0.1072 lr 3.00e-04 266.5 min
[e2e] step 123000 loss 0.1084 lr 3.00e-04 266.6 min
[e2e] step 123100 loss 0.1089 lr 3.00e-04 266.8 min
[e2e] step 123200 loss 0.1079 lr 3.00e-04 267.0 min
[e2e] step 123300 loss 0.1126 lr 3.00e-04 267.1 min
[e2e] step 123400 loss 0.1099 lr 3.00e-04 267.3 min
[e2e] step 123500 loss 0.1110 lr 3.00e-04 267.5 min
[e2e] step 123600 loss 0.1136 lr 3.00e-04 267.6 min
[e2e] step 123700 loss 0.1136 lr 3.00e-04 267.8 min
[e2e] step 123800 loss 0.1055 lr 3.00e-04 268.0 min
[e2e] step 123900 loss 0.1073 lr 3.00e-04 268.1 min
[e2e] step 124000 loss 0.1069 lr 3.00e-04 268.3 min
[e2e] step 124000 quick period probe (linear, 5 classes, n=4000) bal.acc 0.840
[e2e] step 124100 loss 0.1081 lr 3.00e-04 269.4 min
[e2e] step 124200 loss 0.1077 lr 3.00e-04 269.5 min
[e2e] step 124300 loss 0.1078 lr 3.00e-04 269.7 min
[e2e] step 124400 loss 0.1084 lr 3.00e-04 269.8 min
[e2e] step 124500 loss 0.1081 lr 3.00e-04 270.0 min
[e2e] step 124600 loss 0.1080 lr 3.00e-04 270.1 min
[e2e] step 124700 loss 0.1117 lr 3.00e-04 270.3 min
[e2e] step 124800 loss 0.1117 lr 3.00e-04 270.5 min
[e2e] step 124900 loss 0.1076 lr 3.00e-04 270.6 min
[e2e] step 125000 loss 0.1102 lr 3.00e-04 270.8 min
[e2e] step 125100 loss 0.1087 lr 3.00e-04 271.0 min
[e2e] step 125200 loss 0.1038 lr 3.00e-04 271.1 min
[e2e] step 125300 loss 0.1097 lr 3.00e-04 271.3 min
[e2e] step 125400 loss 0.1080 lr 3.00e-04 271.5 min
[e2e] step 125500 loss 0.1076 lr 3.00e-04 271.6 min
[e2e] step 125600 loss 0.1092 lr 3.00e-04 271.8 min
[e2e] step 125700 loss 0.1068 lr 3.00e-04 272.0 min
[e2e] step 125800 loss 0.1124 lr 3.00e-04 272.1 min
[e2e] step 125900 loss 0.1094 lr 3.00e-04 272.3 min
[e2e] step 126000 loss 0.1062 lr 3.00e-04 272.5 min
[e2e] step 126000 quick period probe (linear, 5 classes, n=4000) bal.acc 0.828
[e2e] step 126100 loss 0.1098 lr 3.00e-04 273.4 min
[e2e] step 126200 loss 0.1076 lr 3.00e-04 273.6 min
[e2e] step 126300 loss 0.1077 lr 3.00e-04 273.7 min
[e2e] step 126400 loss 0.1072 lr 3.00e-04 273.9 min
[e2e] step 126500 loss 0.1111 lr 3.00e-04 274.1 min
[e2e] step 126600 loss 0.1102 lr 3.00e-04 274.2 min
[e2e] step 126700 loss 0.1088 lr 3.00e-04 274.4 min
[e2e] step 126800 loss 0.1062 lr 3.00e-04 274.6 min
[e2e] step 126900 loss 0.1138 lr 3.00e-04 274.7 min
[e2e] step 127000 loss 0.1118 lr 3.00e-04 274.9 min
[e2e] step 127100 loss 0.1090 lr 3.00e-04 275.1 min
[e2e] step 127200 loss 0.1059 lr 3.00e-04 275.2 min
[e2e] step 127300 loss 0.1052 lr 3.00e-04 275.4 min
[e2e] step 127400 loss 0.1112 lr 3.00e-04 275.6 min
[e2e] step 127500 loss 0.1077 lr 3.00e-04 275.7 min
[e2e] step 127600 loss 0.1084 lr 3.00e-04 275.9 min
[e2e] step 127700 loss 0.1073 lr 3.00e-04 276.1 min
[e2e] step 127800 loss 0.1084 lr 3.00e-04 276.2 min
[e2e] step 127900 loss 0.1089 lr 3.00e-04 276.4 min
[e2e] step 128000 loss 0.1041 lr 3.00e-04 276.6 min
[e2e] step 128000 quick period probe (linear, 5 classes, n=4000) bal.acc 0.823
[e2e] step 128100 loss 0.1101 lr 3.00e-04 277.5 min
[e2e] step 128200 loss 0.1093 lr 3.00e-04 277.7 min
[e2e] step 128300 loss 0.1104 lr 3.00e-04 277.8 min
[e2e] step 128400 loss 0.1108 lr 3.00e-04 278.0 min
[e2e] step 128500 loss 0.1057 lr 3.00e-04 278.2 min
[e2e] step 128600 loss 0.1096 lr 3.00e-04 278.3 min
[e2e] step 128700 loss 0.1106 lr 3.00e-04 278.5 min
[e2e] step 128800 loss 0.1060 lr 3.00e-04 278.6 min
[e2e] step 128900 loss 0.1073 lr 3.00e-04 278.8 min
[e2e] step 129000 loss 0.1107 lr 3.00e-04 279.0 min
[e2e] step 129100 loss 0.1076 lr 3.00e-04 279.2 min
[e2e] step 129200 loss 0.1112 lr 3.00e-04 279.4 min
[e2e] step 129300 loss 0.1066 lr 3.00e-04 279.5 min
[e2e] step 129400 loss 0.1108 lr 3.00e-04 279.7 min
[e2e] step 129500 loss 0.1052 lr 3.00e-04 279.9 min
[e2e] step 129600 loss 0.1078 lr 3.00e-04 280.0 min
[e2e] step 129700 loss 0.1079 lr 3.00e-04 280.2 min
[e2e] step 129800 loss 0.1101 lr 3.00e-04 280.4 min
[e2e] step 129900 loss 0.1082 lr 3.00e-04 280.5 min
[e2e] step 130000 loss 0.1095 lr 3.00e-04 280.7 min
[e2e] step 130000 quick period probe (linear, 5 classes, n=4000) bal.acc 0.846
[e2e] step 130100 loss 0.1064 lr 3.00e-04 281.6 min
[e2e] step 130200 loss 0.1130 lr 3.00e-04 281.8 min
[e2e] step 130300 loss 0.1109 lr 3.00e-04 281.9 min
[e2e] step 130400 loss 0.1068 lr 3.00e-04 282.1 min
[e2e] step 130500 loss 0.1105 lr 3.00e-04 282.2 min
[e2e] step 130600 loss 0.1061 lr 3.00e-04 282.4 min
[e2e] step 130700 loss 0.1106 lr 3.00e-04 282.6 min
[e2e] step 130800 loss 0.1095 lr 3.00e-04 282.7 min
[e2e] step 130900 loss 0.1110 lr 3.00e-04 282.9 min
[e2e] step 131000 loss 0.1103 lr 3.00e-04 283.1 min
[e2e] step 131100 loss 0.1107 lr 3.00e-04 283.2 min
[e2e] step 131200 loss 0.1071 lr 3.00e-04 283.4 min
[e2e] step 131300 loss 0.1178 lr 3.00e-04 283.6 min
[e2e] step 131400 loss 0.1093 lr 3.00e-04 283.8 min
[e2e] step 131500 loss 0.1066 lr 3.00e-04 283.9 min
[e2e] step 131600 loss 0.1127 lr 3.00e-04 284.1 min
[e2e] step 131700 loss 0.1067 lr 3.00e-04 284.2 min
[e2e] step 131800 loss 0.1123 lr 3.00e-04 284.4 min
[e2e] step 131900 loss 0.1098 lr 3.00e-04 284.5 min
[e2e] step 132000 loss 0.1146 lr 3.00e-04 284.7 min
[e2e] step 132000 quick period probe (linear, 5 classes, n=4000) bal.acc 0.838
[e2e] step 132100 loss 0.1095 lr 3.00e-04 285.7 min
[e2e] step 132200 loss 0.1072 lr 3.00e-04 285.9 min
[e2e] step 132300 loss 0.1102 lr 3.00e-04 286.0 min
[e2e] step 132400 loss 0.1118 lr 3.00e-04 286.2 min
[e2e] step 132500 loss 0.1094 lr 3.00e-04 286.3 min
[e2e] step 132600 loss 0.1110 lr 3.00e-04 286.5 min
[e2e] step 132700 loss 0.1139 lr 3.00e-04 286.6 min
[e2e] step 132800 loss 0.1135 lr 3.00e-04 286.8 min
[e2e] step 132900 loss 0.1100 lr 3.00e-04 287.0 min
[e2e] step 133000 loss 0.1111 lr 3.00e-04 287.1 min
[e2e] step 133100 loss 0.1097 lr 3.00e-04 287.3 min
[e2e] step 133200 loss 0.1123 lr 3.00e-04 287.5 min
[e2e] step 133300 loss 0.1119 lr 3.00e-04 287.7 min
[e2e] step 133400 loss 0.1168 lr 3.00e-04 287.8 min
[e2e] step 133500 loss 0.1141 lr 3.00e-04 288.0 min
[e2e] step 133600 loss 0.1097 lr 3.00e-04 288.2 min
[e2e] step 133700 loss 0.1124 lr 3.00e-04 288.3 min
[e2e] step 133800 loss 0.1091 lr 3.00e-04 288.5 min
[e2e] step 133900 loss 0.1123 lr 3.00e-04 288.6 min
[e2e] step 134000 loss 0.1057 lr 3.00e-04 288.8 min
[e2e] step 134000 quick period probe (linear, 5 classes, n=4000) bal.acc 0.827
[e2e] step 134100 loss 0.1088 lr 3.00e-04 289.8 min
[e2e] step 134200 loss 0.1096 lr 3.00e-04 290.0 min
[e2e] step 134300 loss 0.1098 lr 3.00e-04 290.2 min
[e2e] step 134400 loss 0.1097 lr 3.00e-04 290.3 min
[e2e] step 134500 loss 0.1127 lr 3.00e-04 290.5 min
[e2e] step 134600 loss 0.1112 lr 3.00e-04 290.7 min
[e2e] step 134700 loss 0.1123 lr 3.00e-04 290.8 min
[e2e] step 134800 loss 0.1089 lr 3.00e-04 291.0 min
[e2e] step 134900 loss 0.1108 lr 3.00e-04 291.2 min
[e2e] step 135000 loss 0.1110 lr 3.00e-04 291.3 min
[e2e] step 135100 loss 0.1093 lr 3.00e-04 291.5 min
[e2e] step 135200 loss 0.1098 lr 3.00e-04 291.7 min
[e2e] step 135300 loss 0.1118 lr 3.00e-04 291.9 min
[e2e] step 135400 loss 0.1078 lr 3.00e-04 292.0 min
[e2e] step 135500 loss 0.1102 lr 3.00e-04 292.2 min
[e2e] step 135600 loss 0.1108 lr 3.00e-04 292.4 min
[e2e] step 135700 loss 0.1082 lr 3.00e-04 292.5 min
[e2e] step 135800 loss 0.1130 lr 3.00e-04 292.7 min
[e2e] step 135900 loss 0.1105 lr 3.00e-04 292.9 min
[e2e] step 136000 loss 0.1086 lr 3.00e-04 293.0 min
[e2e] step 136000 quick period probe (linear, 5 classes, n=4000) bal.acc 0.854
[e2e] step 136100 loss 0.1088 lr 3.00e-04 294.0 min
[e2e] step 136200 loss 0.1075 lr 3.00e-04 294.2 min
[e2e] step 136300 loss 0.1112 lr 3.00e-04 294.3 min
[e2e] step 136400 loss 0.1073 lr 3.00e-04 294.5 min
[e2e] step 136500 loss 0.1106 lr 3.00e-04 294.7 min
[e2e] step 136600 loss 0.1062 lr 3.00e-04 294.8 min
[e2e] step 136700 loss 0.1090 lr 3.00e-04 295.0 min
[e2e] step 136800 loss 0.1022 lr 3.00e-04 295.2 min
[e2e] step 136900 loss 0.1108 lr 3.00e-04 295.3 min
[e2e] step 137000 loss 0.1091 lr 3.00e-04 295.5 min
[e2e] step 137100 loss 0.1110 lr 3.00e-04 295.7 min
[e2e] step 137200 loss 0.1081 lr 3.00e-04 295.9 min
[e2e] step 137300 loss 0.1090 lr 3.00e-04 296.0 min
[e2e] step 137400 loss 0.1110 lr 3.00e-04 296.2 min
[e2e] step 137500 loss 0.1097 lr 3.00e-04 296.4 min
[e2e] step 137600 loss 0.1099 lr 3.00e-04 296.5 min
[e2e] step 137700 loss 0.1080 lr 3.00e-04 296.7 min
[e2e] step 137800 loss 0.1108 lr 3.00e-04 296.9 min
[e2e] step 137900 loss 0.1143 lr 3.00e-04 297.0 min
[e2e] step 138000 loss 0.1146 lr 3.00e-04 297.2 min
[e2e] step 138000 quick period probe (linear, 5 classes, n=4000) bal.acc 0.824
[e2e] step 138100 loss 0.1102 lr 3.00e-04 298.3 min
[e2e] step 138200 loss 0.1106 lr 3.00e-04 298.4 min
[e2e] step 138300 loss 0.1109 lr 3.00e-04 298.6 min
[e2e] step 138400 loss 0.1137 lr 3.00e-04 298.8 min
[e2e] step 138500 loss 0.1116 lr 3.00e-04 298.9 min
[e2e] step 138600 loss 0.1077 lr 3.00e-04 299.1 min
[e2e] step 138700 loss 0.1062 lr 3.00e-04 299.3 min
[e2e] step 138800 loss 0.1113 lr 3.00e-04 299.4 min
[e2e] step 138900 loss 0.1106 lr 3.00e-04 299.6 min
[e2e] step 139000 loss 0.1117 lr 3.00e-04 299.8 min
[e2e] step 139100 loss 0.1160 lr 3.00e-04 299.9 min
[e2e] done e2e_jepa_M-s0: 139130 steps in 5.01h; embeddings -> store 'ssl_e2e::e2e_jepa_M-s0' (31,905 texts); final.pt in chrono/artifacts_ssl/e2e/e2e_jepa_M-s0
Auto packing the repository in background for optimum performance.
See "git help gc" for manual housekeeping.
[yarin-sandbox 96c8f8ab] C11: e2e jepa M (job 33688)
 1 file changed, 0 insertions(+), 0 deletions(-)
From https://github.com/YarinBeni/HUJI-THESIS--YARIN
 * branch              yarin-sandbox -> FETCH_HEAD
Auto packing the repository in background for optimum performance.
See "git help gc" for manual housekeeping.
Current branch yarin-sandbox is up to date.
Auto packing the repository in background for optimum performance.
See "git help gc" for manual housekeeping.
To https://github.com/YarinBeni/HUJI-THESIS--YARIN.git
   be341f58..96c8f8ab  HEAD -> yarin-sandbox
[commit_push_sandbox] pushed to yarin-sandbox
=== Done. Thu Sep  3 04:07:05 UTC 2026 ===
