# job 33680 C11_e2e exit=0 Thu Sep  3 03:14:16 UTC 2026
# last 4000 lines of /home/yarin.b/projects/HUJI-THESIS--YARIN/chrono/sbatch/logs/C11_e2e_33660_0.out
=== C11 e2e barlow S === job 33680 Wed Sep  2 22:13:17 UTC 2026
From https://github.com/YarinBeni/HUJI-THESIS--YARIN
 * branch              yarin-sandbox -> FETCH_HEAD
Auto packing the repository in background for optimum performance.
See "git help gc" for manual housekeeping.
Current branch yarin-sandbox is up to date.
Auto packing the repository in background for optimum performance.
See "git help gc" for manual housekeeping.
/home/yarin.b/miniconda3/envs/thesis/lib/python3.11/site-packages/torch/nn/modules/transformer.py:392: UserWarning: enable_nested_tensor is True, but self.use_nested_tensor is False because encoder_layer.norm_first was True
  warnings.warn(
[e2e] e2e_barlow_S-s0: size S params 9.4M vocab 23044 train texts 24,589 objective barlow batch 256 budget 5.0h dev cuda
[e2e] step 100 loss 36.4331 lr 3.00e-05 0.2 min
[e2e] step 200 loss 25.2560 lr 6.00e-05 0.4 min
[e2e] step 300 loss 20.3710 lr 9.00e-05 0.5 min
[e2e] step 400 loss 17.9241 lr 1.20e-04 0.7 min
[e2e] step 500 loss 16.3787 lr 1.50e-04 0.9 min
[e2e] step 600 loss 14.9406 lr 1.80e-04 1.1 min
[e2e] step 700 loss 13.5374 lr 2.10e-04 1.2 min
[e2e] step 800 loss 12.5616 lr 2.40e-04 1.4 min
[e2e] step 900 loss 11.5712 lr 2.70e-04 1.6 min
[e2e] step 1000 loss 10.8757 lr 3.00e-04 1.7 min
[e2e] step 1100 loss 10.1174 lr 3.00e-04 1.9 min
[e2e] step 1200 loss 9.6476 lr 3.00e-04 2.1 min
[e2e] step 1300 loss 9.2071 lr 3.00e-04 2.3 min
[e2e] step 1400 loss 8.6807 lr 3.00e-04 2.4 min
[e2e] step 1500 loss 8.4253 lr 3.00e-04 2.6 min
[e2e] step 1600 loss 8.1320 lr 3.00e-04 2.8 min
[e2e] step 1700 loss 7.8661 lr 3.00e-04 2.9 min
[e2e] step 1800 loss 7.6090 lr 3.00e-04 3.1 min
[e2e] step 1900 loss 7.4715 lr 3.00e-04 3.3 min
[e2e] step 2000 loss 7.1956 lr 3.00e-04 3.5 min
[e2e] step 2000 quick period probe (linear, 5 classes, n=4000) bal.acc 0.856
[e2e] step 2100 loss 7.0303 lr 3.00e-04 4.5 min
[e2e] step 2200 loss 6.9631 lr 3.00e-04 4.7 min
[e2e] step 2300 loss 6.8454 lr 3.00e-04 4.8 min
[e2e] step 2400 loss 6.7498 lr 3.00e-04 5.0 min
[e2e] step 2500 loss 6.4383 lr 3.00e-04 5.2 min
[e2e] step 2600 loss 6.3855 lr 3.00e-04 5.4 min
[e2e] step 2700 loss 6.2757 lr 3.00e-04 5.5 min
[e2e] step 2800 loss 6.2151 lr 3.00e-04 5.7 min
[e2e] step 2900 loss 6.1374 lr 3.00e-04 5.9 min
[e2e] step 3000 loss 6.1050 lr 3.00e-04 6.1 min
[e2e] step 3100 loss 6.0373 lr 3.00e-04 6.2 min
[e2e] step 3200 loss 5.8932 lr 3.00e-04 6.4 min
[e2e] step 3300 loss 5.7456 lr 3.00e-04 6.6 min
[e2e] step 3400 loss 5.7448 lr 3.00e-04 6.7 min
[e2e] step 3500 loss 5.6026 lr 3.00e-04 6.9 min
[e2e] step 3600 loss 5.6985 lr 3.00e-04 7.1 min
[e2e] step 3700 loss 5.5096 lr 3.00e-04 7.3 min
[e2e] step 3800 loss 5.4780 lr 3.00e-04 7.4 min
[e2e] step 3900 loss 5.4594 lr 3.00e-04 7.6 min
[e2e] step 4000 loss 5.4254 lr 3.00e-04 7.8 min
[e2e] step 4000 quick period probe (linear, 5 classes, n=4000) bal.acc 0.865
[e2e] step 4100 loss 5.3370 lr 3.00e-04 8.8 min
[e2e] step 4200 loss 5.2846 lr 3.00e-04 8.9 min
[e2e] step 4300 loss 5.2683 lr 3.00e-04 9.1 min
[e2e] step 4400 loss 5.1501 lr 3.00e-04 9.3 min
[e2e] step 4500 loss 5.1776 lr 3.00e-04 9.4 min
[e2e] step 4600 loss 5.1693 lr 3.00e-04 9.6 min
[e2e] step 4700 loss 5.0705 lr 3.00e-04 9.8 min
[e2e] step 4800 loss 5.0212 lr 3.00e-04 10.0 min
[e2e] step 4900 loss 4.9888 lr 3.00e-04 10.1 min
[e2e] step 5000 loss 5.0283 lr 3.00e-04 10.3 min
[e2e] step 5100 loss 4.9416 lr 3.00e-04 10.5 min
[e2e] step 5200 loss 4.8658 lr 3.00e-04 10.7 min
[e2e] step 5300 loss 4.9425 lr 3.00e-04 10.8 min
[e2e] step 5400 loss 4.7992 lr 3.00e-04 11.0 min
[e2e] step 5500 loss 4.7724 lr 3.00e-04 11.2 min
[e2e] step 5600 loss 4.7507 lr 3.00e-04 11.4 min
[e2e] step 5700 loss 4.6956 lr 3.00e-04 11.5 min
[e2e] step 5800 loss 4.7001 lr 3.00e-04 11.7 min
[e2e] step 5900 loss 4.5748 lr 3.00e-04 11.9 min
[e2e] step 6000 loss 4.6289 lr 3.00e-04 12.0 min
[e2e] step 6000 quick period probe (linear, 5 classes, n=4000) bal.acc 0.879
[e2e] step 6100 loss 4.5507 lr 3.00e-04 13.0 min
[e2e] step 6200 loss 4.5521 lr 3.00e-04 13.2 min
[e2e] step 6300 loss 4.4576 lr 3.00e-04 13.4 min
[e2e] step 6400 loss 4.5251 lr 3.00e-04 13.6 min
[e2e] step 6500 loss 4.4491 lr 3.00e-04 13.7 min
[e2e] step 6600 loss 4.5080 lr 3.00e-04 13.9 min
[e2e] step 6700 loss 4.4234 lr 3.00e-04 14.1 min
[e2e] step 6800 loss 4.3886 lr 3.00e-04 14.2 min
[e2e] step 6900 loss 4.3437 lr 3.00e-04 14.4 min
[e2e] step 7000 loss 4.2757 lr 3.00e-04 14.6 min
[e2e] step 7100 loss 4.3404 lr 3.00e-04 14.8 min
[e2e] step 7200 loss 4.2814 lr 3.00e-04 14.9 min
[e2e] step 7300 loss 4.3197 lr 3.00e-04 15.1 min
[e2e] step 7400 loss 4.2735 lr 3.00e-04 15.3 min
[e2e] step 7500 loss 4.2135 lr 3.00e-04 15.4 min
[e2e] step 7600 loss 4.2389 lr 3.00e-04 15.6 min
[e2e] step 7700 loss 4.1972 lr 3.00e-04 15.8 min
[e2e] step 7800 loss 4.1666 lr 3.00e-04 16.0 min
[e2e] step 7900 loss 4.2092 lr 3.00e-04 16.1 min
[e2e] step 8000 loss 4.2056 lr 3.00e-04 16.3 min
[e2e] step 8000 quick period probe (linear, 5 classes, n=4000) bal.acc 0.870
[e2e] step 8100 loss 4.1696 lr 3.00e-04 17.3 min
[e2e] step 8200 loss 4.1180 lr 3.00e-04 17.4 min
[e2e] step 8300 loss 4.0275 lr 3.00e-04 17.6 min
[e2e] step 8400 loss 4.0498 lr 3.00e-04 17.8 min
[e2e] step 8500 loss 4.0066 lr 3.00e-04 17.9 min
[e2e] step 8600 loss 4.0271 lr 3.00e-04 18.1 min
[e2e] step 8700 loss 4.0280 lr 3.00e-04 18.3 min
[e2e] step 8800 loss 3.9946 lr 3.00e-04 18.5 min
[e2e] step 8900 loss 4.0083 lr 3.00e-04 18.6 min
[e2e] step 9000 loss 3.9789 lr 3.00e-04 18.8 min
[e2e] step 9100 loss 3.9148 lr 3.00e-04 19.0 min
[e2e] step 9200 loss 3.8787 lr 3.00e-04 19.2 min
[e2e] step 9300 loss 3.9350 lr 3.00e-04 19.3 min
[e2e] step 9400 loss 3.9276 lr 3.00e-04 19.5 min
[e2e] step 9500 loss 3.9001 lr 3.00e-04 19.7 min
[e2e] step 9600 loss 3.8909 lr 3.00e-04 19.8 min
[e2e] step 9700 loss 3.8458 lr 3.00e-04 20.0 min
[e2e] step 9800 loss 3.8512 lr 3.00e-04 20.2 min
[e2e] step 9900 loss 3.8503 lr 3.00e-04 20.4 min
[e2e] step 10000 loss 3.8770 lr 3.00e-04 20.5 min
[e2e] step 10000 quick period probe (linear, 5 classes, n=4000) bal.acc 0.892
[e2e] step 10100 loss 3.8096 lr 3.00e-04 21.5 min
[e2e] step 10200 loss 3.7628 lr 3.00e-04 21.7 min
[e2e] step 10300 loss 3.7893 lr 3.00e-04 21.8 min
[e2e] step 10400 loss 3.8570 lr 3.00e-04 22.0 min
[e2e] step 10500 loss 3.7878 lr 3.00e-04 22.2 min
[e2e] step 10600 loss 3.7335 lr 3.00e-04 22.4 min
[e2e] step 10700 loss 3.7315 lr 3.00e-04 22.5 min
[e2e] step 10800 loss 3.6729 lr 3.00e-04 22.7 min
[e2e] step 10900 loss 3.7223 lr 3.00e-04 22.9 min
[e2e] step 11000 loss 3.7207 lr 3.00e-04 23.1 min
[e2e] step 11100 loss 3.7224 lr 3.00e-04 23.2 min
[e2e] step 11200 loss 3.6900 lr 3.00e-04 23.4 min
[e2e] step 11300 loss 3.6858 lr 3.00e-04 23.6 min
[e2e] step 11400 loss 3.6883 lr 3.00e-04 23.8 min
[e2e] step 11500 loss 3.6648 lr 3.00e-04 23.9 min
[e2e] step 11600 loss 3.6189 lr 3.00e-04 24.1 min
[e2e] step 11700 loss 3.6308 lr 3.00e-04 24.3 min
[e2e] step 11800 loss 3.6250 lr 3.00e-04 24.4 min
[e2e] step 11900 loss 3.6080 lr 3.00e-04 24.6 min
[e2e] step 12000 loss 3.6238 lr 3.00e-04 24.8 min
[e2e] step 12000 quick period probe (linear, 5 classes, n=4000) bal.acc 0.892
[e2e] step 12100 loss 3.5558 lr 3.00e-04 25.8 min
[e2e] step 12200 loss 3.5773 lr 3.00e-04 25.9 min
[e2e] step 12300 loss 3.5527 lr 3.00e-04 26.1 min
[e2e] step 12400 loss 3.5337 lr 3.00e-04 26.3 min
[e2e] step 12500 loss 3.5343 lr 3.00e-04 26.5 min
[e2e] step 12600 loss 3.5256 lr 3.00e-04 26.6 min
[e2e] step 12700 loss 3.5411 lr 3.00e-04 26.8 min
[e2e] step 12800 loss 3.4619 lr 3.00e-04 27.0 min
[e2e] step 12900 loss 3.4641 lr 3.00e-04 27.1 min
[e2e] step 13000 loss 3.4694 lr 3.00e-04 27.3 min
[e2e] step 13100 loss 3.4571 lr 3.00e-04 27.5 min
[e2e] step 13200 loss 3.4874 lr 3.00e-04 27.7 min
[e2e] step 13300 loss 3.4744 lr 3.00e-04 27.8 min
[e2e] step 13400 loss 3.4105 lr 3.00e-04 28.0 min
[e2e] step 13500 loss 3.4547 lr 3.00e-04 28.2 min
[e2e] step 13600 loss 3.3863 lr 3.00e-04 28.3 min
[e2e] step 13700 loss 3.3732 lr 3.00e-04 28.5 min
[e2e] step 13800 loss 3.4265 lr 3.00e-04 28.7 min
[e2e] step 13900 loss 3.4087 lr 3.00e-04 28.9 min
[e2e] step 14000 loss 3.3622 lr 3.00e-04 29.0 min
[e2e] step 14000 quick period probe (linear, 5 classes, n=4000) bal.acc 0.891
[e2e] step 14100 loss 3.3609 lr 3.00e-04 30.0 min
[e2e] step 14200 loss 3.3685 lr 3.00e-04 30.2 min
[e2e] step 14300 loss 3.4091 lr 3.00e-04 30.4 min
[e2e] step 14400 loss 3.3726 lr 3.00e-04 30.5 min
[e2e] step 14500 loss 3.3098 lr 3.00e-04 30.7 min
[e2e] step 14600 loss 3.3270 lr 3.00e-04 30.9 min
[e2e] step 14700 loss 3.2896 lr 3.00e-04 31.1 min
[e2e] step 14800 loss 3.3542 lr 3.00e-04 31.2 min
[e2e] step 14900 loss 3.2768 lr 3.00e-04 31.4 min
[e2e] step 15000 loss 3.3098 lr 3.00e-04 31.6 min
[e2e] step 15100 loss 3.2446 lr 3.00e-04 31.8 min
[e2e] step 15200 loss 3.3011 lr 3.00e-04 31.9 min
[e2e] step 15300 loss 3.2840 lr 3.00e-04 32.1 min
[e2e] step 15400 loss 3.2762 lr 3.00e-04 32.3 min
[e2e] step 15500 loss 3.2226 lr 3.00e-04 32.5 min
[e2e] step 15600 loss 3.2102 lr 3.00e-04 32.6 min
[e2e] step 15700 loss 3.2433 lr 3.00e-04 32.8 min
[e2e] step 15800 loss 3.2106 lr 3.00e-04 33.0 min
[e2e] step 15900 loss 3.2020 lr 3.00e-04 33.2 min
[e2e] step 16000 loss 3.1959 lr 3.00e-04 33.3 min
[e2e] step 16000 quick period probe (linear, 5 classes, n=4000) bal.acc 0.884
[e2e] step 16100 loss 3.1699 lr 3.00e-04 34.3 min
[e2e] step 16200 loss 3.2414 lr 3.00e-04 34.5 min
[e2e] step 16300 loss 3.1798 lr 3.00e-04 34.6 min
[e2e] step 16400 loss 3.2091 lr 3.00e-04 34.8 min
[e2e] step 16500 loss 3.2075 lr 3.00e-04 35.0 min
[e2e] step 16600 loss 3.1897 lr 3.00e-04 35.2 min
[e2e] step 16700 loss 3.2072 lr 3.00e-04 35.3 min
[e2e] step 16800 loss 3.1022 lr 3.00e-04 35.5 min
[e2e] step 16900 loss 3.1137 lr 3.00e-04 35.7 min
[e2e] step 17000 loss 3.1756 lr 3.00e-04 35.8 min
[e2e] step 17100 loss 3.1350 lr 3.00e-04 36.0 min
[e2e] step 17200 loss 3.1675 lr 3.00e-04 36.2 min
[e2e] step 17300 loss 3.1094 lr 3.00e-04 36.4 min
[e2e] step 17400 loss 3.1155 lr 3.00e-04 36.5 min
[e2e] step 17500 loss 3.1398 lr 3.00e-04 36.7 min
[e2e] step 17600 loss 3.1116 lr 3.00e-04 36.9 min
[e2e] step 17700 loss 3.1203 lr 3.00e-04 37.0 min
[e2e] step 17800 loss 3.0989 lr 3.00e-04 37.2 min
[e2e] step 17900 loss 3.0585 lr 3.00e-04 37.4 min
[e2e] step 18000 loss 3.0948 lr 3.00e-04 37.5 min
[e2e] step 18000 quick period probe (linear, 5 classes, n=4000) bal.acc 0.905
[e2e] step 18100 loss 3.0610 lr 3.00e-04 38.3 min
[e2e] step 18200 loss 3.0849 lr 3.00e-04 38.5 min
[e2e] step 18300 loss 3.0240 lr 3.00e-04 38.7 min
[e2e] step 18400 loss 3.0297 lr 3.00e-04 38.8 min
[e2e] step 18500 loss 3.0383 lr 3.00e-04 39.0 min
[e2e] step 18600 loss 3.0201 lr 3.00e-04 39.2 min
[e2e] step 18700 loss 3.0549 lr 3.00e-04 39.3 min
[e2e] step 18800 loss 3.0208 lr 3.00e-04 39.5 min
[e2e] step 18900 loss 3.0577 lr 3.00e-04 39.7 min
[e2e] step 19000 loss 3.0129 lr 3.00e-04 39.8 min
[e2e] step 19100 loss 3.0014 lr 3.00e-04 40.0 min
[e2e] step 19200 loss 3.0099 lr 3.00e-04 40.2 min
[e2e] step 19300 loss 3.0357 lr 3.00e-04 40.4 min
[e2e] step 19400 loss 3.0227 lr 3.00e-04 40.5 min
[e2e] step 19500 loss 2.9824 lr 3.00e-04 40.7 min
[e2e] step 19600 loss 2.9722 lr 3.00e-04 40.9 min
[e2e] step 19700 loss 2.9902 lr 3.00e-04 41.0 min
[e2e] step 19800 loss 3.0416 lr 3.00e-04 41.2 min
[e2e] step 19900 loss 2.9272 lr 3.00e-04 41.4 min
[e2e] step 20000 loss 3.0557 lr 3.00e-04 41.5 min
[e2e] step 20000 quick period probe (linear, 5 classes, n=4000) bal.acc 0.897
[e2e] step 20100 loss 2.9620 lr 3.00e-04 42.3 min
[e2e] step 20200 loss 2.9669 lr 3.00e-04 42.4 min
[e2e] step 20300 loss 2.9346 lr 3.00e-04 42.6 min
[e2e] step 20400 loss 2.9844 lr 3.00e-04 42.8 min
[e2e] step 20500 loss 2.9255 lr 3.00e-04 42.9 min
[e2e] step 20600 loss 2.9319 lr 3.00e-04 43.1 min
[e2e] step 20700 loss 2.9171 lr 3.00e-04 43.3 min
[e2e] step 20800 loss 2.9239 lr 3.00e-04 43.4 min
[e2e] step 20900 loss 2.9219 lr 3.00e-04 43.6 min
[e2e] step 21000 loss 2.9512 lr 3.00e-04 43.8 min
[e2e] step 21100 loss 2.9277 lr 3.00e-04 44.0 min
[e2e] step 21200 loss 2.9052 lr 3.00e-04 44.1 min
[e2e] step 21300 loss 2.9266 lr 3.00e-04 44.3 min
[e2e] step 21400 loss 2.9009 lr 3.00e-04 44.5 min
[e2e] step 21500 loss 2.9118 lr 3.00e-04 44.6 min
[e2e] step 21600 loss 2.9115 lr 3.00e-04 44.8 min
[e2e] step 21700 loss 2.8767 lr 3.00e-04 45.0 min
[e2e] step 21800 loss 2.8552 lr 3.00e-04 45.1 min
[e2e] step 21900 loss 2.8746 lr 3.00e-04 45.3 min
[e2e] step 22000 loss 2.8998 lr 3.00e-04 45.5 min
[e2e] step 22000 quick period probe (linear, 5 classes, n=4000) bal.acc 0.889
[e2e] step 22100 loss 2.8625 lr 3.00e-04 46.2 min
[e2e] step 22200 loss 2.8853 lr 3.00e-04 46.4 min
[e2e] step 22300 loss 2.8763 lr 3.00e-04 46.5 min
[e2e] step 22400 loss 2.8963 lr 3.00e-04 46.7 min
[e2e] step 22500 loss 2.9031 lr 3.00e-04 46.9 min
[e2e] step 22600 loss 2.8600 lr 3.00e-04 47.0 min
[e2e] step 22700 loss 2.8579 lr 3.00e-04 47.2 min
[e2e] step 22800 loss 2.8402 lr 3.00e-04 47.4 min
[e2e] step 22900 loss 2.8157 lr 3.00e-04 47.5 min
[e2e] step 23000 loss 2.8509 lr 3.00e-04 47.7 min
[e2e] step 23100 loss 2.8376 lr 3.00e-04 47.9 min
[e2e] step 23200 loss 2.8406 lr 3.00e-04 48.1 min
[e2e] step 23300 loss 2.8331 lr 3.00e-04 48.2 min
[e2e] step 23400 loss 2.7859 lr 3.00e-04 48.4 min
[e2e] step 23500 loss 2.8199 lr 3.00e-04 48.6 min
[e2e] step 23600 loss 2.8168 lr 3.00e-04 48.7 min
[e2e] step 23700 loss 2.8280 lr 3.00e-04 48.9 min
[e2e] step 23800 loss 2.7831 lr 3.00e-04 49.1 min
[e2e] step 23900 loss 2.7819 lr 3.00e-04 49.2 min
[e2e] step 24000 loss 2.7770 lr 3.00e-04 49.4 min
[e2e] step 24000 quick period probe (linear, 5 classes, n=4000) bal.acc 0.898
[e2e] step 24100 loss 2.7958 lr 3.00e-04 50.1 min
[e2e] step 24200 loss 2.7792 lr 3.00e-04 50.3 min
[e2e] step 24300 loss 2.7977 lr 3.00e-04 50.5 min
[e2e] step 24400 loss 2.7928 lr 3.00e-04 50.6 min
[e2e] step 24500 loss 2.7851 lr 3.00e-04 50.8 min
[e2e] step 24600 loss 2.7665 lr 3.00e-04 51.0 min
[e2e] step 24700 loss 2.7552 lr 3.00e-04 51.1 min
[e2e] step 24800 loss 2.7810 lr 3.00e-04 51.3 min
[e2e] step 24900 loss 2.7844 lr 3.00e-04 51.5 min
[e2e] step 25000 loss 2.7976 lr 3.00e-04 51.7 min
[e2e] step 25100 loss 2.7441 lr 3.00e-04 51.8 min
[e2e] step 25200 loss 2.8038 lr 3.00e-04 52.0 min
[e2e] step 25300 loss 2.7411 lr 3.00e-04 52.2 min
[e2e] step 25400 loss 2.7613 lr 3.00e-04 52.3 min
[e2e] step 25500 loss 2.7414 lr 3.00e-04 52.5 min
[e2e] step 25600 loss 2.7950 lr 3.00e-04 52.7 min
[e2e] step 25700 loss 2.7237 lr 3.00e-04 52.8 min
[e2e] step 25800 loss 2.7307 lr 3.00e-04 53.0 min
[e2e] step 25900 loss 2.7258 lr 3.00e-04 53.2 min
[e2e] step 26000 loss 2.7319 lr 3.00e-04 53.4 min
[e2e] step 26000 quick period probe (linear, 5 classes, n=4000) bal.acc 0.910
[e2e] step 26100 loss 2.7398 lr 3.00e-04 54.1 min
[e2e] step 26200 loss 2.7269 lr 3.00e-04 54.2 min
[e2e] step 26300 loss 2.7076 lr 3.00e-04 54.4 min
[e2e] step 26400 loss 2.6788 lr 3.00e-04 54.6 min
[e2e] step 26500 loss 2.6777 lr 3.00e-04 54.7 min
[e2e] step 26600 loss 2.7283 lr 3.00e-04 54.9 min
[e2e] step 26700 loss 2.7147 lr 3.00e-04 55.1 min
[e2e] step 26800 loss 2.6981 lr 3.00e-04 55.3 min
[e2e] step 26900 loss 2.7371 lr 3.00e-04 55.4 min
[e2e] step 27000 loss 2.7216 lr 3.00e-04 55.6 min
[e2e] step 27100 loss 2.6531 lr 3.00e-04 55.8 min
[e2e] step 27200 loss 2.7062 lr 3.00e-04 55.9 min
[e2e] step 27300 loss 2.6710 lr 3.00e-04 56.1 min
[e2e] step 27400 loss 2.7134 lr 3.00e-04 56.3 min
[e2e] step 27500 loss 2.7336 lr 3.00e-04 56.4 min
[e2e] step 27600 loss 2.6931 lr 3.00e-04 56.6 min
[e2e] step 27700 loss 2.6669 lr 3.00e-04 56.8 min
[e2e] step 27800 loss 2.6323 lr 3.00e-04 57.0 min
[e2e] step 27900 loss 2.6411 lr 3.00e-04 57.1 min
[e2e] step 28000 loss 2.6619 lr 3.00e-04 57.3 min
[e2e] step 28000 quick period probe (linear, 5 classes, n=4000) bal.acc 0.896
[e2e] step 28100 loss 2.7080 lr 3.00e-04 58.1 min
[e2e] step 28200 loss 2.6816 lr 3.00e-04 58.3 min
[e2e] step 28300 loss 2.6472 lr 3.00e-04 58.5 min
[e2e] step 28400 loss 2.6463 lr 3.00e-04 58.6 min
[e2e] step 28500 loss 2.6512 lr 3.00e-04 58.8 min
[e2e] step 28600 loss 2.6692 lr 3.00e-04 59.0 min
[e2e] step 28700 loss 2.6461 lr 3.00e-04 59.2 min
[e2e] step 28800 loss 2.6603 lr 3.00e-04 59.3 min
[e2e] step 28900 loss 2.6080 lr 3.00e-04 59.5 min
[e2e] step 29000 loss 2.6391 lr 3.00e-04 59.7 min
[e2e] step 29100 loss 2.6276 lr 3.00e-04 59.8 min
[e2e] step 29200 loss 2.6178 lr 3.00e-04 60.0 min
[e2e] step 29300 loss 2.6048 lr 3.00e-04 60.2 min
[e2e] step 29400 loss 2.6343 lr 3.00e-04 60.4 min
[e2e] step 29500 loss 2.6411 lr 3.00e-04 60.5 min
[e2e] step 29600 loss 2.5920 lr 3.00e-04 60.7 min
[e2e] step 29700 loss 2.6334 lr 3.00e-04 60.9 min
[e2e] step 29800 loss 2.6353 lr 3.00e-04 61.0 min
[e2e] step 29900 loss 2.6055 lr 3.00e-04 61.2 min
[e2e] step 30000 loss 2.5871 lr 3.00e-04 61.4 min
[e2e] step 30000 quick period probe (linear, 5 classes, n=4000) bal.acc 0.897
[e2e] step 30100 loss 2.6199 lr 3.00e-04 62.0 min
[e2e] step 30200 loss 2.6192 lr 3.00e-04 62.2 min
[e2e] step 30300 loss 2.6131 lr 3.00e-04 62.4 min
[e2e] step 30400 loss 2.6078 lr 3.00e-04 62.5 min
[e2e] step 30500 loss 2.6042 lr 3.00e-04 62.7 min
[e2e] step 30600 loss 2.5815 lr 3.00e-04 62.9 min
[e2e] step 30700 loss 2.5600 lr 3.00e-04 63.1 min
[e2e] step 30800 loss 2.5730 lr 3.00e-04 63.2 min
[e2e] step 30900 loss 2.5788 lr 3.00e-04 63.4 min
[e2e] step 31000 loss 2.5859 lr 3.00e-04 63.6 min
[e2e] step 31100 loss 2.5333 lr 3.00e-04 63.7 min
[e2e] step 31200 loss 2.5639 lr 3.00e-04 63.9 min
[e2e] step 31300 loss 2.5686 lr 3.00e-04 64.1 min
[e2e] step 31400 loss 2.5129 lr 3.00e-04 64.3 min
[e2e] step 31500 loss 2.5583 lr 3.00e-04 64.4 min
[e2e] step 31600 loss 2.5606 lr 3.00e-04 64.6 min
[e2e] step 31700 loss 2.5396 lr 3.00e-04 64.8 min
[e2e] step 31800 loss 2.5643 lr 3.00e-04 64.9 min
[e2e] step 31900 loss 2.5934 lr 3.00e-04 65.1 min
[e2e] step 32000 loss 2.5563 lr 3.00e-04 65.3 min
[e2e] step 32000 quick period probe (linear, 5 classes, n=4000) bal.acc 0.903
[e2e] step 32100 loss 2.5600 lr 3.00e-04 66.0 min
[e2e] step 32200 loss 2.5555 lr 3.00e-04 66.2 min
[e2e] step 32300 loss 2.5715 lr 3.00e-04 66.3 min
[e2e] step 32400 loss 2.5158 lr 3.00e-04 66.5 min
[e2e] step 32500 loss 2.5256 lr 3.00e-04 66.7 min
[e2e] step 32600 loss 2.5391 lr 3.00e-04 66.8 min
[e2e] step 32700 loss 2.5337 lr 3.00e-04 67.0 min
[e2e] step 32800 loss 2.5778 lr 3.00e-04 67.2 min
[e2e] step 32900 loss 2.5156 lr 3.00e-04 67.4 min
[e2e] step 33000 loss 2.5205 lr 3.00e-04 67.5 min
[e2e] step 33100 loss 2.5128 lr 3.00e-04 67.7 min
[e2e] step 33200 loss 2.5115 lr 3.00e-04 67.9 min
[e2e] step 33300 loss 2.5078 lr 3.00e-04 68.0 min
[e2e] step 33400 loss 2.5459 lr 3.00e-04 68.2 min
[e2e] step 33500 loss 2.5177 lr 3.00e-04 68.4 min
[e2e] step 33600 loss 2.5036 lr 3.00e-04 68.6 min
[e2e] step 33700 loss 2.5160 lr 3.00e-04 68.7 min
[e2e] step 33800 loss 2.4965 lr 3.00e-04 68.9 min
[e2e] step 33900 loss 2.5084 lr 3.00e-04 69.1 min
[e2e] step 34000 loss 2.5665 lr 3.00e-04 69.2 min
[e2e] step 34000 quick period probe (linear, 5 classes, n=4000) bal.acc 0.891
[e2e] step 34100 loss 2.4923 lr 3.00e-04 69.9 min
[e2e] step 34200 loss 2.5214 lr 3.00e-04 70.1 min
[e2e] step 34300 loss 2.4983 lr 3.00e-04 70.2 min
[e2e] step 34400 loss 2.5033 lr 3.00e-04 70.4 min
[e2e] step 34500 loss 2.5438 lr 3.00e-04 70.6 min
[e2e] step 34600 loss 2.5065 lr 3.00e-04 70.7 min
[e2e] step 34700 loss 2.5042 lr 3.00e-04 70.9 min
[e2e] step 34800 loss 2.4820 lr 3.00e-04 71.1 min
[e2e] step 34900 loss 2.5622 lr 3.00e-04 71.2 min
[e2e] step 35000 loss 2.4798 lr 3.00e-04 71.4 min
[e2e] step 35100 loss 2.4742 lr 3.00e-04 71.6 min
[e2e] step 35200 loss 2.5049 lr 3.00e-04 71.7 min
[e2e] step 35300 loss 2.4935 lr 3.00e-04 71.9 min
[e2e] step 35400 loss 2.5010 lr 3.00e-04 72.1 min
[e2e] step 35500 loss 2.4589 lr 3.00e-04 72.3 min
[e2e] step 35600 loss 2.4984 lr 3.00e-04 72.4 min
[e2e] step 35700 loss 2.4949 lr 3.00e-04 72.6 min
[e2e] step 35800 loss 2.4987 lr 3.00e-04 72.8 min
[e2e] step 35900 loss 2.5012 lr 3.00e-04 72.9 min
[e2e] step 36000 loss 2.5054 lr 3.00e-04 73.1 min
[e2e] step 36000 quick period probe (linear, 5 classes, n=4000) bal.acc 0.883
[e2e] step 36100 loss 2.5084 lr 3.00e-04 73.8 min
[e2e] step 36200 loss 2.4386 lr 3.00e-04 74.0 min
[e2e] step 36300 loss 2.4968 lr 3.00e-04 74.2 min
[e2e] step 36400 loss 2.4358 lr 3.00e-04 74.3 min
[e2e] step 36500 loss 2.4448 lr 3.00e-04 74.5 min
[e2e] step 36600 loss 2.4603 lr 3.00e-04 74.7 min
[e2e] step 36700 loss 2.4444 lr 3.00e-04 74.8 min
[e2e] step 36800 loss 2.4839 lr 3.00e-04 75.0 min
[e2e] step 36900 loss 2.4807 lr 3.00e-04 75.2 min
[e2e] step 37000 loss 2.4295 lr 3.00e-04 75.4 min
[e2e] step 37100 loss 2.4598 lr 3.00e-04 75.5 min
[e2e] step 37200 loss 2.4127 lr 3.00e-04 75.7 min
[e2e] step 37300 loss 2.4609 lr 3.00e-04 75.9 min
[e2e] step 37400 loss 2.4299 lr 3.00e-04 76.0 min
[e2e] step 37500 loss 2.4322 lr 3.00e-04 76.2 min
[e2e] step 37600 loss 2.4316 lr 3.00e-04 76.4 min
[e2e] step 37700 loss 2.3806 lr 3.00e-04 76.5 min
[e2e] step 37800 loss 2.4742 lr 3.00e-04 76.7 min
[e2e] step 37900 loss 2.4507 lr 3.00e-04 76.9 min
[e2e] step 38000 loss 2.4337 lr 3.00e-04 77.0 min
[e2e] step 38000 quick period probe (linear, 5 classes, n=4000) bal.acc 0.890
[e2e] step 38100 loss 2.4650 lr 3.00e-04 77.8 min
[e2e] step 38200 loss 2.4235 lr 3.00e-04 77.9 min
[e2e] step 38300 loss 2.4336 lr 3.00e-04 78.1 min
[e2e] step 38400 loss 2.4130 lr 3.00e-04 78.3 min
[e2e] step 38500 loss 2.4297 lr 3.00e-04 78.4 min
[e2e] step 38600 loss 2.4280 lr 3.00e-04 78.6 min
[e2e] step 38700 loss 2.4471 lr 3.00e-04 78.8 min
[e2e] step 38800 loss 2.4179 lr 3.00e-04 78.9 min
[e2e] step 38900 loss 2.3985 lr 3.00e-04 79.1 min
[e2e] step 39000 loss 2.4106 lr 3.00e-04 79.3 min
[e2e] step 39100 loss 2.4092 lr 3.00e-04 79.5 min
[e2e] step 39200 loss 2.3933 lr 3.00e-04 79.6 min
[e2e] step 39300 loss 2.4164 lr 3.00e-04 79.8 min
[e2e] step 39400 loss 2.4136 lr 3.00e-04 80.0 min
[e2e] step 39500 loss 2.4207 lr 3.00e-04 80.1 min
[e2e] step 39600 loss 2.4113 lr 3.00e-04 80.3 min
[e2e] step 39700 loss 2.4016 lr 3.00e-04 80.5 min
[e2e] step 39800 loss 2.3987 lr 3.00e-04 80.6 min
[e2e] step 39900 loss 2.3430 lr 3.00e-04 80.8 min
[e2e] step 40000 loss 2.3660 lr 3.00e-04 81.0 min
[e2e] step 40000 quick period probe (linear, 5 classes, n=4000) bal.acc 0.903
[e2e] step 40100 loss 2.3967 lr 3.00e-04 81.7 min
[e2e] step 40200 loss 2.3801 lr 3.00e-04 81.8 min
[e2e] step 40300 loss 2.3828 lr 3.00e-04 82.0 min
[e2e] step 40400 loss 2.4557 lr 3.00e-04 82.2 min
[e2e] step 40500 loss 2.3830 lr 3.00e-04 82.3 min
[e2e] step 40600 loss 2.3532 lr 3.00e-04 82.5 min
[e2e] step 40700 loss 2.3740 lr 3.00e-04 82.7 min
[e2e] step 40800 loss 2.3861 lr 3.00e-04 82.8 min
[e2e] step 40900 loss 2.3797 lr 3.00e-04 83.0 min
[e2e] step 41000 loss 2.3861 lr 3.00e-04 83.2 min
[e2e] step 41100 loss 2.3800 lr 3.00e-04 83.3 min
[e2e] step 41200 loss 2.3810 lr 3.00e-04 83.5 min
[e2e] step 41300 loss 2.3817 lr 3.00e-04 83.7 min
[e2e] step 41400 loss 2.4002 lr 3.00e-04 83.9 min
[e2e] step 41500 loss 2.3837 lr 3.00e-04 84.0 min
[e2e] step 41600 loss 2.3653 lr 3.00e-04 84.2 min
[e2e] step 41700 loss 2.3658 lr 3.00e-04 84.4 min
[e2e] step 41800 loss 2.3476 lr 3.00e-04 84.5 min
[e2e] step 41900 loss 2.3589 lr 3.00e-04 84.7 min
[e2e] step 42000 loss 2.3463 lr 3.00e-04 84.9 min
[e2e] step 42000 quick period probe (linear, 5 classes, n=4000) bal.acc 0.908
[e2e] step 42100 loss 2.3430 lr 3.00e-04 85.5 min
[e2e] step 42200 loss 2.3376 lr 3.00e-04 85.7 min
[e2e] step 42300 loss 2.3661 lr 3.00e-04 85.9 min
[e2e] step 42400 loss 2.3579 lr 3.00e-04 86.0 min
[e2e] step 42500 loss 2.3470 lr 3.00e-04 86.2 min
[e2e] step 42600 loss 2.3610 lr 3.00e-04 86.4 min
[e2e] step 42700 loss 2.3850 lr 3.00e-04 86.5 min
[e2e] step 42800 loss 2.3704 lr 3.00e-04 86.7 min
[e2e] step 42900 loss 2.3571 lr 3.00e-04 86.9 min
[e2e] step 43000 loss 2.3786 lr 3.00e-04 87.0 min
[e2e] step 43100 loss 2.3749 lr 3.00e-04 87.2 min
[e2e] step 43200 loss 2.3766 lr 3.00e-04 87.4 min
[e2e] step 43300 loss 2.3260 lr 3.00e-04 87.6 min
[e2e] step 43400 loss 2.3472 lr 3.00e-04 87.7 min
[e2e] step 43500 loss 2.3806 lr 3.00e-04 87.9 min
[e2e] step 43600 loss 2.3431 lr 3.00e-04 88.1 min
[e2e] step 43700 loss 2.3449 lr 3.00e-04 88.2 min
[e2e] step 43800 loss 2.3341 lr 3.00e-04 88.4 min
[e2e] step 43900 loss 2.3340 lr 3.00e-04 88.6 min
[e2e] step 44000 loss 2.3235 lr 3.00e-04 88.7 min
[e2e] step 44000 quick period probe (linear, 5 classes, n=4000) bal.acc 0.896
[e2e] step 44100 loss 2.3722 lr 3.00e-04 89.5 min
[e2e] step 44200 loss 2.3346 lr 3.00e-04 89.7 min
[e2e] step 44300 loss 2.3417 lr 3.00e-04 89.9 min
[e2e] step 44400 loss 2.3730 lr 3.00e-04 90.0 min
[e2e] step 44500 loss 2.3583 lr 3.00e-04 90.2 min
[e2e] step 44600 loss 2.3154 lr 3.00e-04 90.4 min
[e2e] step 44700 loss 2.3553 lr 3.00e-04 90.5 min
[e2e] step 44800 loss 2.3714 lr 3.00e-04 90.7 min
[e2e] step 44900 loss 2.3198 lr 3.00e-04 90.9 min
[e2e] step 45000 loss 2.3626 lr 3.00e-04 91.0 min
[e2e] step 45100 loss 2.3315 lr 3.00e-04 91.2 min
[e2e] step 45200 loss 2.2970 lr 3.00e-04 91.4 min
[e2e] step 45300 loss 2.3477 lr 3.00e-04 91.5 min
[e2e] step 45400 loss 2.3105 lr 3.00e-04 91.7 min
[e2e] step 45500 loss 2.3109 lr 3.00e-04 91.9 min
[e2e] step 45600 loss 2.3153 lr 3.00e-04 92.0 min
[e2e] step 45700 loss 2.3441 lr 3.00e-04 92.2 min
[e2e] step 45800 loss 2.3172 lr 3.00e-04 92.4 min
[e2e] step 45900 loss 2.3260 lr 3.00e-04 92.5 min
[e2e] step 46000 loss 2.3546 lr 3.00e-04 92.7 min
[e2e] step 46000 quick period probe (linear, 5 classes, n=4000) bal.acc 0.922
[e2e] step 46100 loss 2.3734 lr 3.00e-04 93.4 min
[e2e] step 46200 loss 2.3043 lr 3.00e-04 93.5 min
[e2e] step 46300 loss 2.3075 lr 3.00e-04 93.7 min
[e2e] step 46400 loss 2.3075 lr 3.00e-04 93.9 min
[e2e] step 46500 loss 2.3203 lr 3.00e-04 94.0 min
[e2e] step 46600 loss 2.3341 lr 3.00e-04 94.2 min
[e2e] step 46700 loss 2.3230 lr 3.00e-04 94.4 min
[e2e] step 46800 loss 2.3230 lr 3.00e-04 94.5 min
[e2e] step 46900 loss 2.3254 lr 3.00e-04 94.7 min
[e2e] step 47000 loss 2.2904 lr 3.00e-04 94.9 min
[e2e] step 47100 loss 2.2983 lr 3.00e-04 95.0 min
[e2e] step 47200 loss 2.3061 lr 3.00e-04 95.2 min
[e2e] step 47300 loss 2.3313 lr 3.00e-04 95.4 min
[e2e] step 47400 loss 2.3523 lr 3.00e-04 95.5 min
[e2e] step 47500 loss 2.2957 lr 3.00e-04 95.7 min
[e2e] step 47600 loss 2.2802 lr 3.00e-04 95.9 min
[e2e] step 47700 loss 2.2884 lr 3.00e-04 96.1 min
[e2e] step 47800 loss 2.3030 lr 3.00e-04 96.2 min
[e2e] step 47900 loss 2.2769 lr 3.00e-04 96.4 min
[e2e] step 48000 loss 2.3260 lr 3.00e-04 96.6 min
[e2e] step 48000 quick period probe (linear, 5 classes, n=4000) bal.acc 0.889
[e2e] step 48100 loss 2.2668 lr 3.00e-04 97.0 min
[e2e] step 48200 loss 2.3205 lr 3.00e-04 97.2 min
[e2e] step 48300 loss 2.2885 lr 3.00e-04 97.4 min
[e2e] step 48400 loss 2.3012 lr 3.00e-04 97.5 min
[e2e] step 48500 loss 2.2756 lr 3.00e-04 97.7 min
[e2e] step 48600 loss 2.3006 lr 3.00e-04 97.9 min
[e2e] step 48700 loss 2.2596 lr 3.00e-04 98.0 min
[e2e] step 48800 loss 2.3436 lr 3.00e-04 98.2 min
[e2e] step 48900 loss 2.2570 lr 3.00e-04 98.4 min
[e2e] step 49000 loss 2.3046 lr 3.00e-04 98.5 min
[e2e] step 49100 loss 2.2743 lr 3.00e-04 98.7 min
[e2e] step 49200 loss 2.2814 lr 3.00e-04 98.9 min
[e2e] step 49300 loss 2.2698 lr 3.00e-04 99.1 min
[e2e] step 49400 loss 2.2667 lr 3.00e-04 99.2 min
[e2e] step 49500 loss 2.2807 lr 3.00e-04 99.4 min
[e2e] step 49600 loss 2.2727 lr 3.00e-04 99.6 min
[e2e] step 49700 loss 2.2791 lr 3.00e-04 99.7 min
[e2e] step 49800 loss 2.2530 lr 3.00e-04 99.9 min
[e2e] step 49900 loss 2.2595 lr 3.00e-04 100.1 min
[e2e] step 50000 loss 2.2674 lr 3.00e-04 100.2 min
[e2e] step 50000 quick period probe (linear, 5 classes, n=4000) bal.acc 0.893
[e2e] step 50100 loss 2.2752 lr 3.00e-04 100.7 min
[e2e] step 50200 loss 2.2653 lr 3.00e-04 100.9 min
[e2e] step 50300 loss 2.2338 lr 3.00e-04 101.1 min
[e2e] step 50400 loss 2.2648 lr 3.00e-04 101.2 min
[e2e] step 50500 loss 2.2669 lr 3.00e-04 101.4 min
[e2e] step 50600 loss 2.2695 lr 3.00e-04 101.6 min
[e2e] step 50700 loss 2.2586 lr 3.00e-04 101.7 min
[e2e] step 50800 loss 2.2584 lr 3.00e-04 101.9 min
[e2e] step 50900 loss 2.2715 lr 3.00e-04 102.1 min
[e2e] step 51000 loss 2.2444 lr 3.00e-04 102.2 min
[e2e] step 51100 loss 2.2696 lr 3.00e-04 102.4 min
[e2e] step 51200 loss 2.2755 lr 3.00e-04 102.6 min
[e2e] step 51300 loss 2.2609 lr 3.00e-04 102.8 min
[e2e] step 51400 loss 2.2562 lr 3.00e-04 102.9 min
[e2e] step 51500 loss 2.2364 lr 3.00e-04 103.1 min
[e2e] step 51600 loss 2.2503 lr 3.00e-04 103.3 min
[e2e] step 51700 loss 2.2816 lr 3.00e-04 103.4 min
[e2e] step 51800 loss 2.2871 lr 3.00e-04 103.6 min
[e2e] step 51900 loss 2.2503 lr 3.00e-04 103.8 min
[e2e] step 52000 loss 2.2446 lr 3.00e-04 103.9 min
[e2e] step 52000 quick period probe (linear, 5 classes, n=4000) bal.acc 0.900
[e2e] step 52100 loss 2.2357 lr 3.00e-04 104.5 min
[e2e] step 52200 loss 2.2485 lr 3.00e-04 104.7 min
[e2e] step 52300 loss 2.2805 lr 3.00e-04 104.9 min
[e2e] step 52400 loss 2.2118 lr 3.00e-04 105.0 min
[e2e] step 52500 loss 2.2813 lr 3.00e-04 105.2 min
[e2e] step 52600 loss 2.2791 lr 3.00e-04 105.4 min
[e2e] step 52700 loss 2.2551 lr 3.00e-04 105.5 min
[e2e] step 52800 loss 2.2531 lr 3.00e-04 105.7 min
[e2e] step 52900 loss 2.2239 lr 3.00e-04 105.9 min
[e2e] step 53000 loss 2.2515 lr 3.00e-04 106.0 min
[e2e] step 53100 loss 2.2134 lr 3.00e-04 106.2 min
[e2e] step 53200 loss 2.2570 lr 3.00e-04 106.4 min
[e2e] step 53300 loss 2.2304 lr 3.00e-04 106.5 min
[e2e] step 53400 loss 2.2387 lr 3.00e-04 106.7 min
[e2e] step 53500 loss 2.2369 lr 3.00e-04 106.9 min
[e2e] step 53600 loss 2.2282 lr 3.00e-04 107.0 min
[e2e] step 53700 loss 2.2634 lr 3.00e-04 107.2 min
[e2e] step 53800 loss 2.2307 lr 3.00e-04 107.4 min
[e2e] step 53900 loss 2.2379 lr 3.00e-04 107.5 min
[e2e] step 54000 loss 2.2396 lr 3.00e-04 107.7 min
[e2e] step 54000 quick period probe (linear, 5 classes, n=4000) bal.acc 0.900
[e2e] step 54100 loss 2.2043 lr 3.00e-04 108.4 min
[e2e] step 54200 loss 2.2281 lr 3.00e-04 108.5 min
[e2e] step 54300 loss 2.2031 lr 3.00e-04 108.7 min
[e2e] step 54400 loss 2.2193 lr 3.00e-04 108.9 min
[e2e] step 54500 loss 2.2265 lr 3.00e-04 109.0 min
[e2e] step 54600 loss 2.1951 lr 3.00e-04 109.2 min
[e2e] step 54700 loss 2.2452 lr 3.00e-04 109.4 min
[e2e] step 54800 loss 2.1978 lr 3.00e-04 109.5 min
[e2e] step 54900 loss 2.2107 lr 3.00e-04 109.7 min
[e2e] step 55000 loss 2.2370 lr 3.00e-04 109.9 min
[e2e] step 55100 loss 2.2574 lr 3.00e-04 110.0 min
[e2e] step 55200 loss 2.2180 lr 3.00e-04 110.2 min
[e2e] step 55300 loss 2.2360 lr 3.00e-04 110.4 min
[e2e] step 55400 loss 2.1973 lr 3.00e-04 110.5 min
[e2e] step 55500 loss 2.2405 lr 3.00e-04 110.7 min
[e2e] step 55600 loss 2.2026 lr 3.00e-04 110.9 min
[e2e] step 55700 loss 2.2071 lr 3.00e-04 111.0 min
[e2e] step 55800 loss 2.2318 lr 3.00e-04 111.2 min
[e2e] step 55900 loss 2.2174 lr 3.00e-04 111.4 min
[e2e] step 56000 loss 2.1942 lr 3.00e-04 111.5 min
[e2e] step 56000 quick period probe (linear, 5 classes, n=4000) bal.acc 0.875
[e2e] step 56100 loss 2.1775 lr 3.00e-04 112.2 min
[e2e] step 56200 loss 2.2352 lr 3.00e-04 112.4 min
[e2e] step 56300 loss 2.2475 lr 3.00e-04 112.5 min
[e2e] step 56400 loss 2.1994 lr 3.00e-04 112.7 min
[e2e] step 56500 loss 2.2117 lr 3.00e-04 112.9 min
[e2e] step 56600 loss 2.1696 lr 3.00e-04 113.0 min
[e2e] step 56700 loss 2.1992 lr 3.00e-04 113.2 min
[e2e] step 56800 loss 2.2179 lr 3.00e-04 113.4 min
[e2e] step 56900 loss 2.1833 lr 3.00e-04 113.5 min
[e2e] step 57000 loss 2.2299 lr 3.00e-04 113.7 min
[e2e] step 57100 loss 2.2032 lr 3.00e-04 113.9 min
[e2e] step 57200 loss 2.1885 lr 3.00e-04 114.1 min
[e2e] step 57300 loss 2.1930 lr 3.00e-04 114.2 min
[e2e] step 57400 loss 2.1772 lr 3.00e-04 114.4 min
[e2e] step 57500 loss 2.2328 lr 3.00e-04 114.6 min
[e2e] step 57600 loss 2.2016 lr 3.00e-04 114.7 min
[e2e] step 57700 loss 2.2140 lr 3.00e-04 114.9 min
[e2e] step 57800 loss 2.2068 lr 3.00e-04 115.1 min
[e2e] step 57900 loss 2.2074 lr 3.00e-04 115.2 min
[e2e] step 58000 loss 2.2106 lr 3.00e-04 115.4 min
[e2e] step 58000 quick period probe (linear, 5 classes, n=4000) bal.acc 0.895
[e2e] step 58100 loss 2.1814 lr 3.00e-04 116.0 min
[e2e] step 58200 loss 2.1487 lr 3.00e-04 116.1 min
[e2e] step 58300 loss 2.1788 lr 3.00e-04 116.3 min
[e2e] step 58400 loss 2.1667 lr 3.00e-04 116.5 min
[e2e] step 58500 loss 2.1706 lr 3.00e-04 116.6 min
[e2e] step 58600 loss 2.1766 lr 3.00e-04 116.8 min
[e2e] step 58700 loss 2.1897 lr 3.00e-04 117.0 min
[e2e] step 58800 loss 2.1887 lr 3.00e-04 117.1 min
[e2e] step 58900 loss 2.2010 lr 3.00e-04 117.3 min
[e2e] step 59000 loss 2.1724 lr 3.00e-04 117.5 min
[e2e] step 59100 loss 2.1759 lr 3.00e-04 117.7 min
[e2e] step 59200 loss 2.1797 lr 3.00e-04 117.8 min
[e2e] step 59300 loss 2.1845 lr 3.00e-04 118.0 min
[e2e] step 59400 loss 2.1782 lr 3.00e-04 118.2 min
[e2e] step 59500 loss 2.1986 lr 3.00e-04 118.3 min
[e2e] step 59600 loss 2.2143 lr 3.00e-04 118.5 min
[e2e] step 59700 loss 2.1514 lr 3.00e-04 118.7 min
[e2e] step 59800 loss 2.1921 lr 3.00e-04 118.8 min
[e2e] step 59900 loss 2.1706 lr 3.00e-04 119.0 min
[e2e] step 60000 loss 2.1774 lr 3.00e-04 119.2 min
[e2e] step 60000 quick period probe (linear, 5 classes, n=4000) bal.acc 0.889
[e2e] step 60100 loss 2.1712 lr 3.00e-04 119.7 min
[e2e] step 60200 loss 2.1861 lr 3.00e-04 119.9 min
[e2e] step 60300 loss 2.1888 lr 3.00e-04 120.0 min
[e2e] step 60400 loss 2.2057 lr 3.00e-04 120.2 min
[e2e] step 60500 loss 2.1951 lr 3.00e-04 120.4 min
[e2e] step 60600 loss 2.1506 lr 3.00e-04 120.5 min
[e2e] step 60700 loss 2.1734 lr 3.00e-04 120.7 min
[e2e] step 60800 loss 2.1539 lr 3.00e-04 120.9 min
[e2e] step 60900 loss 2.1463 lr 3.00e-04 121.0 min
[e2e] step 61000 loss 2.1736 lr 3.00e-04 121.2 min
[e2e] step 61100 loss 2.1654 lr 3.00e-04 121.4 min
[e2e] step 61200 loss 2.1724 lr 3.00e-04 121.5 min
[e2e] step 61300 loss 2.1772 lr 3.00e-04 121.7 min
[e2e] step 61400 loss 2.1847 lr 3.00e-04 121.9 min
[e2e] step 61500 loss 2.1190 lr 3.00e-04 122.0 min
[e2e] step 61600 loss 2.1678 lr 3.00e-04 122.2 min
[e2e] step 61700 loss 2.1553 lr 3.00e-04 122.4 min
[e2e] step 61800 loss 2.1680 lr 3.00e-04 122.5 min
[e2e] step 61900 loss 2.1890 lr 3.00e-04 122.7 min
[e2e] step 62000 loss 2.1953 lr 3.00e-04 122.9 min
[e2e] step 62000 quick period probe (linear, 5 classes, n=4000) bal.acc 0.902
[e2e] step 62100 loss 2.1719 lr 3.00e-04 123.4 min
[e2e] step 62200 loss 2.1675 lr 3.00e-04 123.6 min
[e2e] step 62300 loss 2.1818 lr 3.00e-04 123.8 min
[e2e] step 62400 loss 2.1595 lr 3.00e-04 123.9 min
[e2e] step 62500 loss 2.1441 lr 3.00e-04 124.1 min
[e2e] step 62600 loss 2.1563 lr 3.00e-04 124.3 min
[e2e] step 62700 loss 2.1536 lr 3.00e-04 124.4 min
[e2e] step 62800 loss 2.1538 lr 3.00e-04 124.6 min
[e2e] step 62900 loss 2.1692 lr 3.00e-04 124.8 min
[e2e] step 63000 loss 2.1901 lr 3.00e-04 125.0 min
[e2e] step 63100 loss 2.1493 lr 3.00e-04 125.1 min
[e2e] step 63200 loss 2.1539 lr 3.00e-04 125.3 min
[e2e] step 63300 loss 2.1353 lr 3.00e-04 125.5 min
[e2e] step 63400 loss 2.1685 lr 3.00e-04 125.6 min
[e2e] step 63500 loss 2.1505 lr 3.00e-04 125.8 min
[e2e] step 63600 loss 2.1828 lr 3.00e-04 126.0 min
[e2e] step 63700 loss 2.1708 lr 3.00e-04 126.1 min
[e2e] step 63800 loss 2.1480 lr 3.00e-04 126.3 min
[e2e] step 63900 loss 2.1311 lr 3.00e-04 126.5 min
[e2e] step 64000 loss 2.1807 lr 3.00e-04 126.6 min
[e2e] step 64000 quick period probe (linear, 5 classes, n=4000) bal.acc 0.910
[e2e] step 64100 loss 2.1286 lr 3.00e-04 127.2 min
[e2e] step 64200 loss 2.1563 lr 3.00e-04 127.3 min
[e2e] step 64300 loss 2.1459 lr 3.00e-04 127.5 min
[e2e] step 64400 loss 2.1581 lr 3.00e-04 127.7 min
[e2e] step 64500 loss 2.1444 lr 3.00e-04 127.8 min
[e2e] step 64600 loss 2.1359 lr 3.00e-04 128.0 min
[e2e] step 64700 loss 2.1738 lr 3.00e-04 128.2 min
[e2e] step 64800 loss 2.1382 lr 3.00e-04 128.3 min
[e2e] step 64900 loss 2.1511 lr 3.00e-04 128.5 min
[e2e] step 65000 loss 2.1667 lr 3.00e-04 128.7 min
[e2e] step 65100 loss 2.1529 lr 3.00e-04 128.8 min
[e2e] step 65200 loss 2.1474 lr 3.00e-04 129.0 min
[e2e] step 65300 loss 2.1228 lr 3.00e-04 129.2 min
[e2e] step 65400 loss 2.1532 lr 3.00e-04 129.3 min
[e2e] step 65500 loss 2.1323 lr 3.00e-04 129.5 min
[e2e] step 65600 loss 2.1311 lr 3.00e-04 129.7 min
[e2e] step 65700 loss 2.1285 lr 3.00e-04 129.8 min
[e2e] step 65800 loss 2.1492 lr 3.00e-04 130.0 min
[e2e] step 65900 loss 2.1287 lr 3.00e-04 130.2 min
[e2e] step 66000 loss 2.1402 lr 3.00e-04 130.3 min
[e2e] step 66000 quick period probe (linear, 5 classes, n=4000) bal.acc 0.908
[e2e] step 66100 loss 2.1309 lr 3.00e-04 131.0 min
[e2e] step 66200 loss 2.1488 lr 3.00e-04 131.2 min
[e2e] step 66300 loss 2.1489 lr 3.00e-04 131.4 min
[e2e] step 66400 loss 2.1409 lr 3.00e-04 131.5 min
[e2e] step 66500 loss 2.1752 lr 3.00e-04 131.7 min
[e2e] step 66600 loss 2.1215 lr 3.00e-04 131.9 min
[e2e] step 66700 loss 2.1390 lr 3.00e-04 132.0 min
[e2e] step 66800 loss 2.1358 lr 3.00e-04 132.2 min
[e2e] step 66900 loss 2.1365 lr 3.00e-04 132.4 min
[e2e] step 67000 loss 2.1025 lr 3.00e-04 132.5 min
[e2e] step 67100 loss 2.1405 lr 3.00e-04 132.7 min
[e2e] step 67200 loss 2.0948 lr 3.00e-04 132.9 min
[e2e] step 67300 loss 2.1126 lr 3.00e-04 133.0 min
[e2e] step 67400 loss 2.1366 lr 3.00e-04 133.2 min
[e2e] step 67500 loss 2.1261 lr 3.00e-04 133.4 min
[e2e] step 67600 loss 2.1772 lr 3.00e-04 133.5 min
[e2e] step 67700 loss 2.1363 lr 3.00e-04 133.7 min
[e2e] step 67800 loss 2.1398 lr 3.00e-04 133.9 min
[e2e] step 67900 loss 2.1047 lr 3.00e-04 134.0 min
[e2e] step 68000 loss 2.1539 lr 3.00e-04 134.2 min
[e2e] step 68000 quick period probe (linear, 5 classes, n=4000) bal.acc 0.916
[e2e] step 68100 loss 2.1153 lr 3.00e-04 134.9 min
[e2e] step 68200 loss 2.0967 lr 3.00e-04 135.1 min
[e2e] step 68300 loss 2.1377 lr 3.00e-04 135.3 min
[e2e] step 68400 loss 2.1171 lr 3.00e-04 135.4 min
[e2e] step 68500 loss 2.1331 lr 3.00e-04 135.6 min
[e2e] step 68600 loss 2.1172 lr 3.00e-04 135.8 min
[e2e] step 68700 loss 2.1262 lr 3.00e-04 135.9 min
[e2e] step 68800 loss 2.1181 lr 3.00e-04 136.1 min
[e2e] step 68900 loss 2.1041 lr 3.00e-04 136.3 min
[e2e] step 69000 loss 2.0807 lr 3.00e-04 136.5 min
[e2e] step 69100 loss 2.1383 lr 3.00e-04 136.6 min
[e2e] step 69200 loss 2.1003 lr 3.00e-04 136.8 min
[e2e] step 69300 loss 2.1402 lr 3.00e-04 137.0 min
[e2e] step 69400 loss 2.1459 lr 3.00e-04 137.1 min
[e2e] step 69500 loss 2.1419 lr 3.00e-04 137.3 min
[e2e] step 69600 loss 2.1128 lr 3.00e-04 137.5 min
[e2e] step 69700 loss 2.1280 lr 3.00e-04 137.6 min
[e2e] step 69800 loss 2.1461 lr 3.00e-04 137.8 min
[e2e] step 69900 loss 2.0990 lr 3.00e-04 138.0 min
[e2e] step 70000 loss 2.1517 lr 3.00e-04 138.1 min
[e2e] step 70000 quick period probe (linear, 5 classes, n=4000) bal.acc 0.895
[e2e] step 70100 loss 2.1316 lr 3.00e-04 138.9 min
[e2e] step 70200 loss 2.0865 lr 3.00e-04 139.0 min
[e2e] step 70300 loss 2.1073 lr 3.00e-04 139.2 min
[e2e] step 70400 loss 2.1071 lr 3.00e-04 139.4 min
[e2e] step 70500 loss 2.1016 lr 3.00e-04 139.5 min
[e2e] step 70600 loss 2.0997 lr 3.00e-04 139.7 min
[e2e] step 70700 loss 2.1407 lr 3.00e-04 139.9 min
[e2e] step 70800 loss 2.0911 lr 3.00e-04 140.0 min
[e2e] step 70900 loss 2.1322 lr 3.00e-04 140.2 min
[e2e] step 71000 loss 2.1063 lr 3.00e-04 140.4 min
[e2e] step 71100 loss 2.1178 lr 3.00e-04 140.5 min
[e2e] step 71200 loss 2.0863 lr 3.00e-04 140.7 min
[e2e] step 71300 loss 2.0841 lr 3.00e-04 140.9 min
[e2e] step 71400 loss 2.1128 lr 3.00e-04 141.1 min
[e2e] step 71500 loss 2.1040 lr 3.00e-04 141.2 min
[e2e] step 71600 loss 2.0968 lr 3.00e-04 141.4 min
[e2e] step 71700 loss 2.0958 lr 3.00e-04 141.6 min
[e2e] step 71800 loss 2.1152 lr 3.00e-04 141.7 min
[e2e] step 71900 loss 2.1087 lr 3.00e-04 141.9 min
[e2e] step 72000 loss 2.1006 lr 3.00e-04 142.1 min
[e2e] step 72000 quick period probe (linear, 5 classes, n=4000) bal.acc 0.875
[e2e] step 72100 loss 2.1019 lr 3.00e-04 142.8 min
[e2e] step 72200 loss 2.1164 lr 3.00e-04 143.0 min
[e2e] step 72300 loss 2.1125 lr 3.00e-04 143.2 min
[e2e] step 72400 loss 2.1536 lr 3.00e-04 143.3 min
[e2e] step 72500 loss 2.1044 lr 3.00e-04 143.5 min
[e2e] step 72600 loss 2.1203 lr 3.00e-04 143.7 min
[e2e] step 72700 loss 2.0924 lr 3.00e-04 143.8 min
[e2e] step 72800 loss 2.0839 lr 3.00e-04 144.0 min
[e2e] step 72900 loss 2.0997 lr 3.00e-04 144.2 min
[e2e] step 73000 loss 2.0804 lr 3.00e-04 144.3 min
[e2e] step 73100 loss 2.1006 lr 3.00e-04 144.5 min
[e2e] step 73200 loss 2.1052 lr 3.00e-04 144.7 min
[e2e] step 73300 loss 2.1195 lr 3.00e-04 144.8 min
[e2e] step 73400 loss 2.0730 lr 3.00e-04 145.0 min
[e2e] step 73500 loss 2.0819 lr 3.00e-04 145.2 min
[e2e] step 73600 loss 2.1073 lr 3.00e-04 145.3 min
[e2e] step 73700 loss 2.0955 lr 3.00e-04 145.5 min
[e2e] step 73800 loss 2.0926 lr 3.00e-04 145.7 min
[e2e] step 73900 loss 2.1063 lr 3.00e-04 145.8 min
[e2e] step 74000 loss 2.0721 lr 3.00e-04 146.0 min
[e2e] step 74000 quick period probe (linear, 5 classes, n=4000) bal.acc 0.897
[e2e] step 74100 loss 2.0877 lr 3.00e-04 146.6 min
[e2e] step 74200 loss 2.1362 lr 3.00e-04 146.7 min
[e2e] step 74300 loss 2.0496 lr 3.00e-04 146.9 min
[e2e] step 74400 loss 2.0754 lr 3.00e-04 147.1 min
[e2e] step 74500 loss 2.0816 lr 3.00e-04 147.2 min
[e2e] step 74600 loss 2.0912 lr 3.00e-04 147.4 min
[e2e] step 74700 loss 2.1304 lr 3.00e-04 147.6 min
[e2e] step 74800 loss 2.1022 lr 3.00e-04 147.7 min
[e2e] step 74900 loss 2.0823 lr 3.00e-04 147.9 min
[e2e] step 75000 loss 2.1024 lr 3.00e-04 148.1 min
[e2e] step 75100 loss 2.1092 lr 3.00e-04 148.2 min
[e2e] step 75200 loss 2.0895 lr 3.00e-04 148.4 min
[e2e] step 75300 loss 2.1007 lr 3.00e-04 148.6 min
[e2e] step 75400 loss 2.0465 lr 3.00e-04 148.7 min
[e2e] step 75500 loss 2.1001 lr 3.00e-04 148.9 min
[e2e] step 75600 loss 2.0755 lr 3.00e-04 149.1 min
[e2e] step 75700 loss 2.0734 lr 3.00e-04 149.2 min
[e2e] step 75800 loss 2.0969 lr 3.00e-04 149.4 min
[e2e] step 75900 loss 2.0874 lr 3.00e-04 149.6 min
[e2e] step 76000 loss 2.0682 lr 3.00e-04 149.8 min
[e2e] step 76000 quick period probe (linear, 5 classes, n=4000) bal.acc 0.888
[e2e] step 76100 loss 2.0755 lr 3.00e-04 150.3 min
[e2e] step 76200 loss 2.0746 lr 3.00e-04 150.4 min
[e2e] step 76300 loss 2.0933 lr 3.00e-04 150.6 min
[e2e] step 76400 loss 2.0976 lr 3.00e-04 150.8 min
[e2e] step 76500 loss 2.0636 lr 3.00e-04 150.9 min
[e2e] step 76600 loss 2.0810 lr 3.00e-04 151.1 min
[e2e] step 76700 loss 2.0708 lr 3.00e-04 151.3 min
[e2e] step 76800 loss 2.0942 lr 3.00e-04 151.4 min
[e2e] step 76900 loss 2.0837 lr 3.00e-04 151.6 min
[e2e] step 77000 loss 2.0939 lr 3.00e-04 151.8 min
[e2e] step 77100 loss 2.1054 lr 3.00e-04 151.9 min
[e2e] step 77200 loss 2.1219 lr 3.00e-04 152.1 min
[e2e] step 77300 loss 2.0631 lr 3.00e-04 152.3 min
[e2e] step 77400 loss 2.0636 lr 3.00e-04 152.4 min
[e2e] step 77500 loss 2.0661 lr 3.00e-04 152.6 min
[e2e] step 77600 loss 2.0945 lr 3.00e-04 152.8 min
[e2e] step 77700 loss 2.0646 lr 3.00e-04 152.9 min
[e2e] step 77800 loss 2.0814 lr 3.00e-04 153.1 min
[e2e] step 77900 loss 2.0867 lr 3.00e-04 153.3 min
[e2e] step 78000 loss 2.0747 lr 3.00e-04 153.4 min
[e2e] step 78000 quick period probe (linear, 5 classes, n=4000) bal.acc 0.894
[e2e] step 78100 loss 2.0755 lr 3.00e-04 154.1 min
[e2e] step 78200 loss 2.0764 lr 3.00e-04 154.3 min
[e2e] step 78300 loss 2.0931 lr 3.00e-04 154.5 min
[e2e] step 78400 loss 2.0497 lr 3.00e-04 154.6 min
[e2e] step 78500 loss 2.0542 lr 3.00e-04 154.8 min
[e2e] step 78600 loss 2.0822 lr 3.00e-04 155.0 min
[e2e] step 78700 loss 2.0845 lr 3.00e-04 155.1 min
[e2e] step 78800 loss 2.0809 lr 3.00e-04 155.3 min
[e2e] step 78900 loss 2.0609 lr 3.00e-04 155.5 min
[e2e] step 79000 loss 2.0803 lr 3.00e-04 155.6 min
[e2e] step 79100 loss 2.0864 lr 3.00e-04 155.8 min
[e2e] step 79200 loss 2.0709 lr 3.00e-04 156.0 min
[e2e] step 79300 loss 2.1257 lr 3.00e-04 156.1 min
[e2e] step 79400 loss 2.0434 lr 3.00e-04 156.3 min
[e2e] step 79500 loss 2.1005 lr 3.00e-04 156.5 min
[e2e] step 79600 loss 2.0858 lr 3.00e-04 156.6 min
[e2e] step 79700 loss 2.0594 lr 3.00e-04 156.8 min
[e2e] step 79800 loss 2.0779 lr 3.00e-04 157.0 min
[e2e] step 79900 loss 2.0362 lr 3.00e-04 157.1 min
[e2e] step 80000 loss 2.0339 lr 3.00e-04 157.3 min
[e2e] step 80000 quick period probe (linear, 5 classes, n=4000) bal.acc 0.889
[e2e] step 80100 loss 2.0610 lr 3.00e-04 157.8 min
[e2e] step 80200 loss 2.0818 lr 3.00e-04 157.9 min
[e2e] step 80300 loss 2.0973 lr 3.00e-04 158.1 min
[e2e] step 80400 loss 2.0742 lr 3.00e-04 158.3 min
[e2e] step 80500 loss 2.0863 lr 3.00e-04 158.4 min
[e2e] step 80600 loss 2.0706 lr 3.00e-04 158.6 min
[e2e] step 80700 loss 2.0582 lr 3.00e-04 158.8 min
[e2e] step 80800 loss 2.0448 lr 3.00e-04 158.9 min
[e2e] step 80900 loss 2.1005 lr 3.00e-04 159.1 min
[e2e] step 81000 loss 2.0718 lr 3.00e-04 159.3 min
[e2e] step 81100 loss 2.0723 lr 3.00e-04 159.4 min
[e2e] step 81200 loss 2.0772 lr 3.00e-04 159.6 min
[e2e] step 81300 loss 2.0594 lr 3.00e-04 159.8 min
[e2e] step 81400 loss 2.0569 lr 3.00e-04 159.9 min
[e2e] step 81500 loss 2.0693 lr 3.00e-04 160.1 min
[e2e] step 81600 loss 2.0494 lr 3.00e-04 160.3 min
[e2e] step 81700 loss 2.0629 lr 3.00e-04 160.4 min
[e2e] step 81800 loss 2.0580 lr 3.00e-04 160.6 min
[e2e] step 81900 loss 2.0808 lr 3.00e-04 160.8 min
[e2e] step 82000 loss 2.0622 lr 3.00e-04 160.9 min
[e2e] step 82000 quick period probe (linear, 5 classes, n=4000) bal.acc 0.889
[e2e] step 82100 loss 2.0840 lr 3.00e-04 161.4 min
[e2e] step 82200 loss 2.0849 lr 3.00e-04 161.6 min
[e2e] step 82300 loss 2.0914 lr 3.00e-04 161.8 min
[e2e] step 82400 loss 2.0739 lr 3.00e-04 161.9 min
[e2e] step 82500 loss 2.0599 lr 3.00e-04 162.1 min
[e2e] step 82600 loss 2.0597 lr 3.00e-04 162.3 min
[e2e] step 82700 loss 2.0938 lr 3.00e-04 162.4 min
[e2e] step 82800 loss 2.0737 lr 3.00e-04 162.6 min
[e2e] step 82900 loss 2.0670 lr 3.00e-04 162.8 min
[e2e] step 83000 loss 2.0397 lr 3.00e-04 162.9 min
[e2e] step 83100 loss 2.0572 lr 3.00e-04 163.1 min
[e2e] step 83200 loss 2.0557 lr 3.00e-04 163.3 min
[e2e] step 83300 loss 2.0924 lr 3.00e-04 163.4 min
[e2e] step 83400 loss 2.0380 lr 3.00e-04 163.6 min
[e2e] step 83500 loss 2.0338 lr 3.00e-04 163.8 min
[e2e] step 83600 loss 2.0396 lr 3.00e-04 163.9 min
[e2e] step 83700 loss 2.0345 lr 3.00e-04 164.1 min
[e2e] step 83800 loss 2.0438 lr 3.00e-04 164.3 min
[e2e] step 83900 loss 2.0717 lr 3.00e-04 164.4 min
[e2e] step 84000 loss 2.0659 lr 3.00e-04 164.6 min
[e2e] step 84000 quick period probe (linear, 5 classes, n=4000) bal.acc 0.895
[e2e] step 84100 loss 2.0776 lr 3.00e-04 165.1 min
[e2e] step 84200 loss 2.0717 lr 3.00e-04 165.3 min
[e2e] step 84300 loss 2.0544 lr 3.00e-04 165.4 min
[e2e] step 84400 loss 2.0496 lr 3.00e-04 165.6 min
[e2e] step 84500 loss 2.0830 lr 3.00e-04 165.8 min
[e2e] step 84600 loss 2.0609 lr 3.00e-04 165.9 min
[e2e] step 84700 loss 2.0116 lr 3.00e-04 166.1 min
[e2e] step 84800 loss 2.0646 lr 3.00e-04 166.3 min
[e2e] step 84900 loss 2.0888 lr 3.00e-04 166.4 min
[e2e] step 85000 loss 2.0361 lr 3.00e-04 166.6 min
[e2e] step 85100 loss 2.0465 lr 3.00e-04 166.8 min
[e2e] step 85200 loss 2.0707 lr 3.00e-04 167.0 min
[e2e] step 85300 loss 2.0525 lr 3.00e-04 167.1 min
[e2e] step 85400 loss 2.0254 lr 3.00e-04 167.3 min
[e2e] step 85500 loss 2.0758 lr 3.00e-04 167.5 min
[e2e] step 85600 loss 2.0766 lr 3.00e-04 167.6 min
[e2e] step 85700 loss 2.0213 lr 3.00e-04 167.8 min
[e2e] step 85800 loss 2.0337 lr 3.00e-04 168.0 min
[e2e] step 85900 loss 2.0333 lr 3.00e-04 168.1 min
[e2e] step 86000 loss 2.0527 lr 3.00e-04 168.3 min
[e2e] step 86000 quick period probe (linear, 5 classes, n=4000) bal.acc 0.874
[e2e] step 86100 loss 2.0514 lr 3.00e-04 169.0 min
[e2e] step 86200 loss 2.0255 lr 3.00e-04 169.2 min
[e2e] step 86300 loss 2.0383 lr 3.00e-04 169.4 min
[e2e] step 86400 loss 2.0571 lr 3.00e-04 169.5 min
[e2e] step 86500 loss 2.0698 lr 3.00e-04 169.7 min
[e2e] step 86600 loss 2.0648 lr 3.00e-04 169.9 min
[e2e] step 86700 loss 2.0505 lr 3.00e-04 170.0 min
[e2e] step 86800 loss 2.0286 lr 3.00e-04 170.2 min
[e2e] step 86900 loss 2.0312 lr 3.00e-04 170.4 min
[e2e] step 87000 loss 2.0298 lr 3.00e-04 170.5 min
[e2e] step 87100 loss 2.0567 lr 3.00e-04 170.7 min
[e2e] step 87200 loss 2.0332 lr 3.00e-04 170.9 min
[e2e] step 87300 loss 2.0350 lr 3.00e-04 171.1 min
[e2e] step 87400 loss 2.0330 lr 3.00e-04 171.2 min
[e2e] step 87500 loss 2.0701 lr 3.00e-04 171.4 min
[e2e] step 87600 loss 2.0513 lr 3.00e-04 171.6 min
[e2e] step 87700 loss 2.0539 lr 3.00e-04 171.7 min
[e2e] step 87800 loss 2.0421 lr 3.00e-04 171.9 min
[e2e] step 87900 loss 2.0444 lr 3.00e-04 172.1 min
[e2e] step 88000 loss 2.0408 lr 3.00e-04 172.2 min
[e2e] step 88000 quick period probe (linear, 5 classes, n=4000) bal.acc 0.902
[e2e] step 88100 loss 2.0334 lr 3.00e-04 172.8 min
[e2e] step 88200 loss 2.0593 lr 3.00e-04 172.9 min
[e2e] step 88300 loss 2.0438 lr 3.00e-04 173.1 min
[e2e] step 88400 loss 2.0579 lr 3.00e-04 173.3 min
[e2e] step 88500 loss 2.0199 lr 3.00e-04 173.4 min
[e2e] step 88600 loss 2.0375 lr 3.00e-04 173.6 min
[e2e] step 88700 loss 2.0248 lr 3.00e-04 173.8 min
[e2e] step 88800 loss 2.0385 lr 3.00e-04 173.9 min
[e2e] step 88900 loss 2.0492 lr 3.00e-04 174.1 min
[e2e] step 89000 loss 2.0611 lr 3.00e-04 174.3 min
[e2e] step 89100 loss 2.0639 lr 3.00e-04 174.5 min
[e2e] step 89200 loss 2.0472 lr 3.00e-04 174.6 min
[e2e] step 89300 loss 2.0515 lr 3.00e-04 174.8 min
[e2e] step 89400 loss 2.0569 lr 3.00e-04 175.0 min
[e2e] step 89500 loss 2.0433 lr 3.00e-04 175.1 min
[e2e] step 89600 loss 2.0840 lr 3.00e-04 175.3 min
[e2e] step 89700 loss 2.0414 lr 3.00e-04 175.5 min
[e2e] step 89800 loss 2.0644 lr 3.00e-04 175.6 min
[e2e] step 89900 loss 2.0173 lr 3.00e-04 175.8 min
[e2e] step 90000 loss 2.0264 lr 3.00e-04 176.0 min
[e2e] step 90000 quick period probe (linear, 5 classes, n=4000) bal.acc 0.876
[e2e] step 90100 loss 2.0349 lr 3.00e-04 176.7 min
[e2e] step 90200 loss 2.0024 lr 3.00e-04 176.9 min
[e2e] step 90300 loss 2.0438 lr 3.00e-04 177.0 min
[e2e] step 90400 loss 2.0156 lr 3.00e-04 177.2 min
[e2e] step 90500 loss 2.0493 lr 3.00e-04 177.4 min
[e2e] step 90600 loss 2.0047 lr 3.00e-04 177.5 min
[e2e] step 90700 loss 2.0407 lr 3.00e-04 177.7 min
[e2e] step 90800 loss 2.0305 lr 3.00e-04 177.9 min
[e2e] step 90900 loss 2.0244 lr 3.00e-04 178.0 min
[e2e] step 91000 loss 2.0347 lr 3.00e-04 178.2 min
[e2e] step 91100 loss 2.0408 lr 3.00e-04 178.4 min
[e2e] step 91200 loss 2.0468 lr 3.00e-04 178.6 min
[e2e] step 91300 loss 2.0467 lr 3.00e-04 178.7 min
[e2e] step 91400 loss 2.0650 lr 3.00e-04 178.9 min
[e2e] step 91500 loss 2.0204 lr 3.00e-04 179.1 min
[e2e] step 91600 loss 2.0480 lr 3.00e-04 179.2 min
[e2e] step 91700 loss 2.0559 lr 3.00e-04 179.4 min
[e2e] step 91800 loss 2.0724 lr 3.00e-04 179.6 min
[e2e] step 91900 loss 2.0148 lr 3.00e-04 179.7 min
[e2e] step 92000 loss 2.0631 lr 3.00e-04 179.9 min
[e2e] step 92000 quick period probe (linear, 5 classes, n=4000) bal.acc 0.890
[e2e] step 92100 loss 2.0372 lr 3.00e-04 180.7 min
[e2e] step 92200 loss 2.0692 lr 3.00e-04 180.8 min
[e2e] step 92300 loss 2.0496 lr 3.00e-04 181.0 min
[e2e] step 92400 loss 2.0377 lr 3.00e-04 181.2 min
[e2e] step 92500 loss 2.0350 lr 3.00e-04 181.3 min
[e2e] step 92600 loss 2.0013 lr 3.00e-04 181.5 min
[e2e] step 92700 loss 2.0163 lr 3.00e-04 181.7 min
[e2e] step 92800 loss 2.0217 lr 3.00e-04 181.8 min
[e2e] step 92900 loss 2.0361 lr 3.00e-04 182.0 min
[e2e] step 93000 loss 2.0198 lr 3.00e-04 182.2 min
[e2e] step 93100 loss 2.0398 lr 3.00e-04 182.3 min
[e2e] step 93200 loss 2.0238 lr 3.00e-04 182.5 min
[e2e] step 93300 loss 2.0696 lr 3.00e-04 182.7 min
[e2e] step 93400 loss 1.9948 lr 3.00e-04 182.8 min
[e2e] step 93500 loss 2.0155 lr 3.00e-04 183.0 min
[e2e] step 93600 loss 2.0411 lr 3.00e-04 183.2 min
[e2e] step 93700 loss 2.0212 lr 3.00e-04 183.3 min
[e2e] step 93800 loss 2.0086 lr 3.00e-04 183.5 min
[e2e] step 93900 loss 2.0532 lr 3.00e-04 183.7 min
[e2e] step 94000 loss 2.0278 lr 3.00e-04 183.8 min
[e2e] step 94000 quick period probe (linear, 5 classes, n=4000) bal.acc 0.902
[e2e] step 94100 loss 2.0580 lr 3.00e-04 184.6 min
[e2e] step 94200 loss 2.0357 lr 3.00e-04 184.8 min
[e2e] step 94300 loss 2.0168 lr 3.00e-04 184.9 min
[e2e] step 94400 loss 2.0397 lr 3.00e-04 185.1 min
[e2e] step 94500 loss 2.0371 lr 3.00e-04 185.3 min
[e2e] step 94600 loss 2.0364 lr 3.00e-04 185.4 min
[e2e] step 94700 loss 2.0298 lr 3.00e-04 185.6 min
[e2e] step 94800 loss 2.0570 lr 3.00e-04 185.8 min
[e2e] step 94900 loss 2.0372 lr 3.00e-04 185.9 min
[e2e] step 95000 loss 2.0124 lr 3.00e-04 186.1 min
[e2e] step 95100 loss 2.0341 lr 3.00e-04 186.3 min
[e2e] step 95200 loss 2.0259 lr 3.00e-04 186.4 min
[e2e] step 95300 loss 2.0409 lr 3.00e-04 186.6 min
[e2e] step 95400 loss 2.0160 lr 3.00e-04 186.8 min
[e2e] step 95500 loss 2.0485 lr 3.00e-04 186.9 min
[e2e] step 95600 loss 2.0391 lr 3.00e-04 187.1 min
[e2e] step 95700 loss 2.0394 lr 3.00e-04 187.3 min
[e2e] step 95800 loss 2.0627 lr 3.00e-04 187.4 min
[e2e] step 95900 loss 2.0293 lr 3.00e-04 187.6 min
[e2e] step 96000 loss 2.0764 lr 3.00e-04 187.8 min
[e2e] step 96000 quick period probe (linear, 5 classes, n=4000) bal.acc 0.882
[e2e] step 96100 loss 2.0298 lr 3.00e-04 188.4 min
[e2e] step 96200 loss 2.0591 lr 3.00e-04 188.6 min
[e2e] step 96300 loss 2.0585 lr 3.00e-04 188.8 min
[e2e] step 96400 loss 2.0273 lr 3.00e-04 188.9 min
[e2e] step 96500 loss 2.0227 lr 3.00e-04 189.1 min
[e2e] step 96600 loss 2.0299 lr 3.00e-04 189.3 min
[e2e] step 96700 loss 2.0243 lr 3.00e-04 189.4 min
[e2e] step 96800 loss 2.0336 lr 3.00e-04 189.6 min
[e2e] step 96900 loss 2.0157 lr 3.00e-04 189.8 min
[e2e] step 97000 loss 2.0211 lr 3.00e-04 189.9 min
[e2e] step 97100 loss 2.0272 lr 3.00e-04 190.1 min
[e2e] step 97200 loss 1.9926 lr 3.00e-04 190.3 min
[e2e] step 97300 loss 2.0265 lr 3.00e-04 190.4 min
[e2e] step 97400 loss 2.0032 lr 3.00e-04 190.6 min
[e2e] step 97500 loss 2.0254 lr 3.00e-04 190.8 min
[e2e] step 97600 loss 2.0202 lr 3.00e-04 191.0 min
[e2e] step 97700 loss 2.0061 lr 3.00e-04 191.1 min
[e2e] step 97800 loss 2.0096 lr 3.00e-04 191.3 min
[e2e] step 97900 loss 2.0177 lr 3.00e-04 191.5 min
[e2e] step 98000 loss 2.0100 lr 3.00e-04 191.6 min
[e2e] step 98000 quick period probe (linear, 5 classes, n=4000) bal.acc 0.909
[e2e] step 98100 loss 2.0056 lr 3.00e-04 192.3 min
[e2e] step 98200 loss 1.9979 lr 3.00e-04 192.5 min
[e2e] step 98300 loss 2.0511 lr 3.00e-04 192.6 min
[e2e] step 98400 loss 2.0457 lr 3.00e-04 192.8 min
[e2e] step 98500 loss 2.0374 lr 3.00e-04 193.0 min
[e2e] step 98600 loss 2.0230 lr 3.00e-04 193.1 min
[e2e] step 98700 loss 2.0061 lr 3.00e-04 193.3 min
[e2e] step 98800 loss 2.0421 lr 3.00e-04 193.5 min
[e2e] step 98900 loss 2.0216 lr 3.00e-04 193.6 min
[e2e] step 99000 loss 2.0434 lr 3.00e-04 193.8 min
[e2e] step 99100 loss 2.0246 lr 3.00e-04 194.0 min
[e2e] step 99200 loss 1.9829 lr 3.00e-04 194.1 min
[e2e] step 99300 loss 2.0150 lr 3.00e-04 194.3 min
[e2e] step 99400 loss 2.0093 lr 3.00e-04 194.5 min
[e2e] step 99500 loss 2.0573 lr 3.00e-04 194.6 min
[e2e] step 99600 loss 2.0015 lr 3.00e-04 194.8 min
[e2e] step 99700 loss 2.0425 lr 3.00e-04 195.0 min
[e2e] step 99800 loss 2.0307 lr 3.00e-04 195.1 min
[e2e] step 99900 loss 2.0251 lr 3.00e-04 195.3 min
[e2e] step 100000 loss 2.0072 lr 3.00e-04 195.5 min
[e2e] step 100000 quick period probe (linear, 5 classes, n=4000) bal.acc 0.888
[e2e] step 100100 loss 1.9832 lr 3.00e-04 196.2 min
[e2e] step 100200 loss 1.9967 lr 3.00e-04 196.4 min
[e2e] step 100300 loss 2.0442 lr 3.00e-04 196.6 min
[e2e] step 100400 loss 2.0229 lr 3.00e-04 196.7 min
[e2e] step 100500 loss 2.0191 lr 3.00e-04 196.9 min
[e2e] step 100600 loss 1.9786 lr 3.00e-04 197.1 min
[e2e] step 100700 loss 2.0288 lr 3.00e-04 197.2 min
[e2e] step 100800 loss 2.0188 lr 3.00e-04 197.4 min
[e2e] step 100900 loss 2.0163 lr 3.00e-04 197.6 min
[e2e] step 101000 loss 2.0172 lr 3.00e-04 197.7 min
[e2e] step 101100 loss 2.0148 lr 3.00e-04 197.9 min
[e2e] step 101200 loss 2.0155 lr 3.00e-04 198.1 min
[e2e] step 101300 loss 2.0332 lr 3.00e-04 198.2 min
[e2e] step 101400 loss 1.9968 lr 3.00e-04 198.4 min
[e2e] step 101500 loss 2.0163 lr 3.00e-04 198.6 min
[e2e] step 101600 loss 2.0138 lr 3.00e-04 198.7 min
[e2e] step 101700 loss 2.0192 lr 3.00e-04 198.9 min
[e2e] step 101800 loss 2.0224 lr 3.00e-04 199.1 min
[e2e] step 101900 loss 2.0395 lr 3.00e-04 199.3 min
[e2e] step 102000 loss 2.0162 lr 3.00e-04 199.4 min
[e2e] step 102000 quick period probe (linear, 5 classes, n=4000) bal.acc 0.895
[e2e] step 102100 loss 2.0497 lr 3.00e-04 200.1 min
[e2e] step 102200 loss 2.0421 lr 3.00e-04 200.3 min
[e2e] step 102300 loss 2.0339 lr 3.00e-04 200.4 min
[e2e] step 102400 loss 2.0252 lr 3.00e-04 200.6 min
[e2e] step 102500 loss 2.0107 lr 3.00e-04 200.8 min
[e2e] step 102600 loss 2.0107 lr 3.00e-04 200.9 min
[e2e] step 102700 loss 1.9936 lr 3.00e-04 201.1 min
[e2e] step 102800 loss 2.0175 lr 3.00e-04 201.3 min
[e2e] step 102900 loss 2.0178 lr 3.00e-04 201.4 min
[e2e] step 103000 loss 2.0280 lr 3.00e-04 201.6 min
[e2e] step 103100 loss 1.9891 lr 3.00e-04 201.8 min
[e2e] step 103200 loss 1.9961 lr 3.00e-04 201.9 min
[e2e] step 103300 loss 2.0222 lr 3.00e-04 202.1 min
[e2e] step 103400 loss 2.0390 lr 3.00e-04 202.3 min
[e2e] step 103500 loss 2.0311 lr 3.00e-04 202.4 min
[e2e] step 103600 loss 1.9765 lr 3.00e-04 202.6 min
[e2e] step 103700 loss 2.0144 lr 3.00e-04 202.8 min
[e2e] step 103800 loss 2.0053 lr 3.00e-04 203.0 min
[e2e] step 103900 loss 2.0216 lr 3.00e-04 203.1 min
[e2e] step 104000 loss 1.9864 lr 3.00e-04 203.3 min
[e2e] step 104000 quick period probe (linear, 5 classes, n=4000) bal.acc 0.875
[e2e] step 104100 loss 2.0033 lr 3.00e-04 204.0 min
[e2e] step 104200 loss 2.0538 lr 3.00e-04 204.2 min
[e2e] step 104300 loss 2.0149 lr 3.00e-04 204.3 min
[e2e] step 104400 loss 1.9687 lr 3.00e-04 204.5 min
[e2e] step 104500 loss 2.0000 lr 3.00e-04 204.7 min
[e2e] step 104600 loss 2.0029 lr 3.00e-04 204.8 min
[e2e] step 104700 loss 2.0142 lr 3.00e-04 205.0 min
[e2e] step 104800 loss 2.0310 lr 3.00e-04 205.2 min
[e2e] step 104900 loss 2.0082 lr 3.00e-04 205.3 min
[e2e] step 105000 loss 1.9902 lr 3.00e-04 205.5 min
[e2e] step 105100 loss 1.9957 lr 3.00e-04 205.7 min
[e2e] step 105200 loss 1.9940 lr 3.00e-04 205.8 min
[e2e] step 105300 loss 2.0187 lr 3.00e-04 206.0 min
[e2e] step 105400 loss 2.0255 lr 3.00e-04 206.2 min
[e2e] step 105500 loss 2.0355 lr 3.00e-04 206.3 min
[e2e] step 105600 loss 1.9975 lr 3.00e-04 206.5 min
[e2e] step 105700 loss 2.0068 lr 3.00e-04 206.7 min
[e2e] step 105800 loss 2.0290 lr 3.00e-04 206.8 min
[e2e] step 105900 loss 2.0070 lr 3.00e-04 207.0 min
[e2e] step 106000 loss 1.9861 lr 3.00e-04 207.2 min
[e2e] step 106000 quick period probe (linear, 5 classes, n=4000) bal.acc 0.894
[e2e] step 106100 loss 2.0092 lr 3.00e-04 207.8 min
[e2e] step 106200 loss 1.9965 lr 3.00e-04 208.0 min
[e2e] step 106300 loss 1.9979 lr 3.00e-04 208.2 min
[e2e] step 106400 loss 1.9855 lr 3.00e-04 208.4 min
[e2e] step 106500 loss 2.0005 lr 3.00e-04 208.5 min
[e2e] step 106600 loss 2.0255 lr 3.00e-04 208.7 min
[e2e] step 106700 loss 2.0046 lr 3.00e-04 208.9 min
[e2e] step 106800 loss 1.9966 lr 3.00e-04 209.0 min
[e2e] step 106900 loss 1.9731 lr 3.00e-04 209.2 min
[e2e] step 107000 loss 2.0358 lr 3.00e-04 209.4 min
[e2e] step 107100 loss 2.0208 lr 3.00e-04 209.5 min
[e2e] step 107200 loss 2.0165 lr 3.00e-04 209.7 min
[e2e] step 107300 loss 2.0031 lr 3.00e-04 209.9 min
[e2e] step 107400 loss 1.9961 lr 3.00e-04 210.0 min
[e2e] step 107500 loss 1.9945 lr 3.00e-04 210.2 min
[e2e] step 107600 loss 2.0374 lr 3.00e-04 210.4 min
[e2e] step 107700 loss 1.9572 lr 3.00e-04 210.5 min
[e2e] step 107800 loss 1.9996 lr 3.00e-04 210.7 min
[e2e] step 107900 loss 1.9983 lr 3.00e-04 210.9 min
[e2e] step 108000 loss 1.9828 lr 3.00e-04 211.0 min
[e2e] step 108000 quick period probe (linear, 5 classes, n=4000) bal.acc 0.876
[e2e] step 108100 loss 1.9995 lr 3.00e-04 211.7 min
[e2e] step 108200 loss 1.9782 lr 3.00e-04 211.9 min
[e2e] step 108300 loss 1.9939 lr 3.00e-04 212.0 min
[e2e] step 108400 loss 1.9714 lr 3.00e-04 212.2 min
[e2e] step 108500 loss 1.9948 lr 3.00e-04 212.4 min
[e2e] step 108600 loss 2.0124 lr 3.00e-04 212.5 min
[e2e] step 108700 loss 1.9973 lr 3.00e-04 212.7 min
[e2e] step 108800 loss 1.9983 lr 3.00e-04 212.9 min
[e2e] step 108900 loss 2.0055 lr 3.00e-04 213.0 min
[e2e] step 109000 loss 1.9878 lr 3.00e-04 213.2 min
[e2e] step 109100 loss 1.9882 lr 3.00e-04 213.4 min
[e2e] step 109200 loss 1.9951 lr 3.00e-04 213.5 min
[e2e] step 109300 loss 1.9804 lr 3.00e-04 213.7 min
[e2e] step 109400 loss 2.0367 lr 3.00e-04 213.9 min
[e2e] step 109500 loss 1.9792 lr 3.00e-04 214.0 min
[e2e] step 109600 loss 2.0099 lr 3.00e-04 214.2 min
[e2e] step 109700 loss 1.9958 lr 3.00e-04 214.4 min
[e2e] step 109800 loss 2.0252 lr 3.00e-04 214.5 min
[e2e] step 109900 loss 2.0130 lr 3.00e-04 214.7 min
[e2e] step 110000 loss 1.9931 lr 3.00e-04 214.9 min
[e2e] step 110000 quick period probe (linear, 5 classes, n=4000) bal.acc 0.888
[e2e] step 110100 loss 1.9732 lr 3.00e-04 215.6 min
[e2e] step 110200 loss 1.9891 lr 3.00e-04 215.7 min
[e2e] step 110300 loss 1.9753 lr 3.00e-04 215.9 min
[e2e] step 110400 loss 1.9895 lr 3.00e-04 216.1 min
[e2e] step 110500 loss 1.9677 lr 3.00e-04 216.2 min
[e2e] step 110600 loss 2.0024 lr 3.00e-04 216.4 min
[e2e] step 110700 loss 2.0393 lr 3.00e-04 216.6 min
[e2e] step 110800 loss 2.0151 lr 3.00e-04 216.7 min
[e2e] step 110900 loss 1.9937 lr 3.00e-04 216.9 min
[e2e] step 111000 loss 2.0208 lr 3.00e-04 217.1 min
[e2e] step 111100 loss 1.9588 lr 3.00e-04 217.3 min
[e2e] step 111200 loss 1.9966 lr 3.00e-04 217.4 min
[e2e] step 111300 loss 1.9930 lr 3.00e-04 217.6 min
[e2e] step 111400 loss 1.9935 lr 3.00e-04 217.8 min
[e2e] step 111500 loss 2.0132 lr 3.00e-04 217.9 min
[e2e] step 111600 loss 1.9851 lr 3.00e-04 218.1 min
[e2e] step 111700 loss 1.9881 lr 3.00e-04 218.3 min
[e2e] step 111800 loss 1.9720 lr 3.00e-04 218.4 min
[e2e] step 111900 loss 1.9803 lr 3.00e-04 218.6 min
[e2e] step 112000 loss 1.9901 lr 3.00e-04 218.8 min
[e2e] step 112000 quick period probe (linear, 5 classes, n=4000) bal.acc 0.882
[e2e] step 112100 loss 1.9925 lr 3.00e-04 219.5 min
[e2e] step 112200 loss 1.9968 lr 3.00e-04 219.6 min
[e2e] step 112300 loss 1.9560 lr 3.00e-04 219.8 min
[e2e] step 112400 loss 2.0172 lr 3.00e-04 220.0 min
[e2e] step 112500 loss 1.9553 lr 3.00e-04 220.1 min
[e2e] step 112600 loss 1.9890 lr 3.00e-04 220.3 min
[e2e] step 112700 loss 1.9648 lr 3.00e-04 220.5 min
[e2e] step 112800 loss 1.9781 lr 3.00e-04 220.6 min
[e2e] step 112900 loss 1.9798 lr 3.00e-04 220.8 min
[e2e] step 113000 loss 1.9578 lr 3.00e-04 221.0 min
[e2e] step 113100 loss 1.9637 lr 3.00e-04 221.1 min
[e2e] step 113200 loss 1.9997 lr 3.00e-04 221.3 min
[e2e] step 113300 loss 1.9903 lr 3.00e-04 221.5 min
[e2e] step 113400 loss 1.9976 lr 3.00e-04 221.6 min
[e2e] step 113500 loss 1.9790 lr 3.00e-04 221.8 min
[e2e] step 113600 loss 1.9647 lr 3.00e-04 222.0 min
[e2e] step 113700 loss 2.0175 lr 3.00e-04 222.2 min
[e2e] step 113800 loss 1.9759 lr 3.00e-04 222.3 min
[e2e] step 113900 loss 1.9664 lr 3.00e-04 222.5 min
[e2e] step 114000 loss 1.9806 lr 3.00e-04 222.7 min
[e2e] step 114000 quick period probe (linear, 5 classes, n=4000) bal.acc 0.888
[e2e] step 114100 loss 1.9912 lr 3.00e-04 223.3 min
[e2e] step 114200 loss 1.9825 lr 3.00e-04 223.5 min
[e2e] step 114300 loss 1.9883 lr 3.00e-04 223.6 min
[e2e] step 114400 loss 1.9610 lr 3.00e-04 223.8 min
[e2e] step 114500 loss 1.9940 lr 3.00e-04 224.0 min
[e2e] step 114600 loss 1.9532 lr 3.00e-04 224.2 min
[e2e] step 114700 loss 2.0011 lr 3.00e-04 224.3 min
[e2e] step 114800 loss 1.9693 lr 3.00e-04 224.5 min
[e2e] step 114900 loss 1.9615 lr 3.00e-04 224.7 min
[e2e] step 115000 loss 1.9894 lr 3.00e-04 224.8 min
[e2e] step 115100 loss 1.9851 lr 3.00e-04 225.0 min
[e2e] step 115200 loss 1.9340 lr 3.00e-04 225.2 min
[e2e] step 115300 loss 1.9649 lr 3.00e-04 225.3 min
[e2e] step 115400 loss 1.9907 lr 3.00e-04 225.5 min
[e2e] step 115500 loss 1.9709 lr 3.00e-04 225.7 min
[e2e] step 115600 loss 1.9472 lr 3.00e-04 225.8 min
[e2e] step 115700 loss 1.9770 lr 3.00e-04 226.0 min
[e2e] step 115800 loss 1.9988 lr 3.00e-04 226.2 min
[e2e] step 115900 loss 1.9609 lr 3.00e-04 226.3 min
[e2e] step 116000 loss 1.9547 lr 3.00e-04 226.5 min
[e2e] step 116000 quick period probe (linear, 5 classes, n=4000) bal.acc 0.881
[e2e] step 116100 loss 1.9894 lr 3.00e-04 227.2 min
[e2e] step 116200 loss 1.9707 lr 3.00e-04 227.3 min
[e2e] step 116300 loss 1.9788 lr 3.00e-04 227.5 min
[e2e] step 116400 loss 1.9747 lr 3.00e-04 227.7 min
[e2e] step 116500 loss 1.9676 lr 3.00e-04 227.8 min
[e2e] step 116600 loss 1.9881 lr 3.00e-04 228.0 min
[e2e] step 116700 loss 1.9805 lr 3.00e-04 228.2 min
[e2e] step 116800 loss 1.9753 lr 3.00e-04 228.3 min
[e2e] step 116900 loss 1.9962 lr 3.00e-04 228.5 min
[e2e] step 117000 loss 1.9789 lr 3.00e-04 228.7 min
[e2e] step 117100 loss 1.9788 lr 3.00e-04 228.8 min
[e2e] step 117200 loss 1.9708 lr 3.00e-04 229.0 min
[e2e] step 117300 loss 1.9500 lr 3.00e-04 229.2 min
[e2e] step 117400 loss 1.9469 lr 3.00e-04 229.4 min
[e2e] step 117500 loss 1.9878 lr 3.00e-04 229.5 min
[e2e] step 117600 loss 1.9924 lr 3.00e-04 229.7 min
[e2e] step 117700 loss 1.9931 lr 3.00e-04 229.9 min
[e2e] step 117800 loss 2.0002 lr 3.00e-04 230.0 min
[e2e] step 117900 loss 1.9725 lr 3.00e-04 230.2 min
[e2e] step 118000 loss 1.9455 lr 3.00e-04 230.4 min
[e2e] step 118000 quick period probe (linear, 5 classes, n=4000) bal.acc 0.888
[e2e] step 118100 loss 2.0158 lr 3.00e-04 231.0 min
[e2e] step 118200 loss 1.9501 lr 3.00e-04 231.1 min
[e2e] step 118300 loss 1.9704 lr 3.00e-04 231.3 min
[e2e] step 118400 loss 1.9812 lr 3.00e-04 231.5 min
[e2e] step 118500 loss 1.9869 lr 3.00e-04 231.6 min
[e2e] step 118600 loss 1.9734 lr 3.00e-04 231.8 min
[e2e] step 118700 loss 1.9667 lr 3.00e-04 232.0 min
[e2e] step 118800 loss 2.0152 lr 3.00e-04 232.1 min
[e2e] step 118900 loss 1.9633 lr 3.00e-04 232.3 min
[e2e] step 119000 loss 1.9890 lr 3.00e-04 232.5 min
[e2e] step 119100 loss 2.0023 lr 3.00e-04 232.7 min
[e2e] step 119200 loss 1.9863 lr 3.00e-04 232.8 min
[e2e] step 119300 loss 1.9609 lr 3.00e-04 233.0 min
[e2e] step 119400 loss 1.9785 lr 3.00e-04 233.2 min
[e2e] step 119500 loss 1.9776 lr 3.00e-04 233.3 min
[e2e] step 119600 loss 1.9559 lr 3.00e-04 233.5 min
[e2e] step 119700 loss 1.9797 lr 3.00e-04 233.7 min
[e2e] step 119800 loss 1.9691 lr 3.00e-04 233.8 min
[e2e] step 119900 loss 2.0266 lr 3.00e-04 234.0 min
[e2e] step 120000 loss 2.0025 lr 3.00e-04 234.2 min
[e2e] step 120000 quick period probe (linear, 5 classes, n=4000) bal.acc 0.888
[e2e] step 120100 loss 1.9795 lr 3.00e-04 234.8 min
[e2e] step 120200 loss 1.9787 lr 3.00e-04 234.9 min
[e2e] step 120300 loss 1.9546 lr 3.00e-04 235.1 min
[e2e] step 120400 loss 1.9659 lr 3.00e-04 235.3 min
[e2e] step 120500 loss 1.9638 lr 3.00e-04 235.4 min
[e2e] step 120600 loss 1.9852 lr 3.00e-04 235.6 min
[e2e] step 120700 loss 1.9550 lr 3.00e-04 235.8 min
[e2e] step 120800 loss 1.9857 lr 3.00e-04 236.0 min
[e2e] step 120900 loss 1.9319 lr 3.00e-04 236.1 min
[e2e] step 121000 loss 1.9903 lr 3.00e-04 236.3 min
[e2e] step 121100 loss 1.9744 lr 3.00e-04 236.5 min
[e2e] step 121200 loss 1.9978 lr 3.00e-04 236.6 min
[e2e] step 121300 loss 1.9579 lr 3.00e-04 236.8 min
[e2e] step 121400 loss 1.9377 lr 3.00e-04 237.0 min
[e2e] step 121500 loss 1.9835 lr 3.00e-04 237.1 min
[e2e] step 121600 loss 1.9980 lr 3.00e-04 237.3 min
[e2e] step 121700 loss 1.9758 lr 3.00e-04 237.5 min
[e2e] step 121800 loss 1.9589 lr 3.00e-04 237.6 min
[e2e] step 121900 loss 1.9701 lr 3.00e-04 237.8 min
[e2e] step 122000 loss 1.9934 lr 3.00e-04 238.0 min
[e2e] step 122000 quick period probe (linear, 5 classes, n=4000) bal.acc 0.895
[e2e] step 122100 loss 1.9625 lr 3.00e-04 238.7 min
[e2e] step 122200 loss 1.9568 lr 3.00e-04 238.8 min
[e2e] step 122300 loss 1.9679 lr 3.00e-04 239.0 min
[e2e] step 122400 loss 1.9637 lr 3.00e-04 239.2 min
[e2e] step 122500 loss 1.9567 lr 3.00e-04 239.4 min
[e2e] step 122600 loss 2.0009 lr 3.00e-04 239.5 min
[e2e] step 122700 loss 1.9487 lr 3.00e-04 239.7 min
[e2e] step 122800 loss 1.9681 lr 3.00e-04 239.9 min
[e2e] step 122900 loss 1.9604 lr 3.00e-04 240.0 min
[e2e] step 123000 loss 1.9546 lr 3.00e-04 240.2 min
[e2e] step 123100 loss 1.9535 lr 3.00e-04 240.4 min
[e2e] step 123200 loss 1.9411 lr 3.00e-04 240.5 min
[e2e] step 123300 loss 1.9822 lr 3.00e-04 240.7 min
[e2e] step 123400 loss 1.9394 lr 3.00e-04 240.9 min
[e2e] step 123500 loss 1.9557 lr 3.00e-04 241.0 min
[e2e] step 123600 loss 1.9619 lr 3.00e-04 241.2 min
[e2e] step 123700 loss 1.9614 lr 3.00e-04 241.4 min
[e2e] step 123800 loss 1.9880 lr 3.00e-04 241.5 min
[e2e] step 123900 loss 1.9871 lr 3.00e-04 241.7 min
[e2e] step 124000 loss 1.9538 lr 3.00e-04 241.9 min
[e2e] step 124000 quick period probe (linear, 5 classes, n=4000) bal.acc 0.881
[e2e] step 124100 loss 1.9668 lr 3.00e-04 242.7 min
[e2e] step 124200 loss 1.9568 lr 3.00e-04 242.8 min
[e2e] step 124300 loss 1.9392 lr 3.00e-04 243.0 min
[e2e] step 124400 loss 1.9652 lr 3.00e-04 243.2 min
[e2e] step 124500 loss 1.9765 lr 3.00e-04 243.4 min
[e2e] step 124600 loss 1.9639 lr 3.00e-04 243.5 min
[e2e] step 124700 loss 1.9447 lr 3.00e-04 243.7 min
[e2e] step 124800 loss 1.9464 lr 3.00e-04 243.9 min
[e2e] step 124900 loss 1.9512 lr 3.00e-04 244.0 min
[e2e] step 125000 loss 1.9396 lr 3.00e-04 244.2 min
[e2e] step 125100 loss 1.9771 lr 3.00e-04 244.4 min
[e2e] step 125200 loss 1.9569 lr 3.00e-04 244.5 min
[e2e] step 125300 loss 1.9499 lr 3.00e-04 244.7 min
[e2e] step 125400 loss 1.9465 lr 3.00e-04 244.9 min
[e2e] step 125500 loss 1.9754 lr 3.00e-04 245.0 min
[e2e] step 125600 loss 1.9501 lr 3.00e-04 245.2 min
[e2e] step 125700 loss 1.9710 lr 3.00e-04 245.4 min
[e2e] step 125800 loss 1.9363 lr 3.00e-04 245.5 min
[e2e] step 125900 loss 1.9333 lr 3.00e-04 245.7 min
[e2e] step 126000 loss 1.9547 lr 3.00e-04 245.9 min
[e2e] step 126000 quick period probe (linear, 5 classes, n=4000) bal.acc 0.895
[e2e] step 126100 loss 1.9195 lr 3.00e-04 246.5 min
[e2e] step 126200 loss 1.9435 lr 3.00e-04 246.7 min
[e2e] step 126300 loss 1.9647 lr 3.00e-04 246.9 min
[e2e] step 126400 loss 1.9684 lr 3.00e-04 247.0 min
[e2e] step 126500 loss 1.9667 lr 3.00e-04 247.2 min
[e2e] step 126600 loss 1.9762 lr 3.00e-04 247.4 min
[e2e] step 126700 loss 1.9492 lr 3.00e-04 247.5 min
[e2e] step 126800 loss 1.9457 lr 3.00e-04 247.7 min
[e2e] step 126900 loss 1.9596 lr 3.00e-04 247.9 min
[e2e] step 127000 loss 1.9361 lr 3.00e-04 248.0 min
[e2e] step 127100 loss 1.9917 lr 3.00e-04 248.2 min
[e2e] step 127200 loss 1.9713 lr 3.00e-04 248.4 min
[e2e] step 127300 loss 1.9628 lr 3.00e-04 248.6 min
[e2e] step 127400 loss 1.9698 lr 3.00e-04 248.7 min
[e2e] step 127500 loss 1.9404 lr 3.00e-04 248.9 min
[e2e] step 127600 loss 1.9220 lr 3.00e-04 249.1 min
[e2e] step 127700 loss 1.9296 lr 3.00e-04 249.2 min
[e2e] step 127800 loss 1.9806 lr 3.00e-04 249.4 min
[e2e] step 127900 loss 1.9499 lr 3.00e-04 249.6 min
[e2e] step 128000 loss 1.9605 lr 3.00e-04 249.7 min
[e2e] step 128000 quick period probe (linear, 5 classes, n=4000) bal.acc 0.902
[e2e] step 128100 loss 1.9631 lr 3.00e-04 250.3 min
[e2e] step 128200 loss 1.9610 lr 3.00e-04 250.5 min
[e2e] step 128300 loss 1.9457 lr 3.00e-04 250.7 min
[e2e] step 128400 loss 1.9649 lr 3.00e-04 250.8 min
[e2e] step 128500 loss 1.9581 lr 3.00e-04 251.0 min
[e2e] step 128600 loss 1.9365 lr 3.00e-04 251.2 min
[e2e] step 128700 loss 1.9516 lr 3.00e-04 251.3 min
[e2e] step 128800 loss 1.9596 lr 3.00e-04 251.5 min
[e2e] step 128900 loss 1.9455 lr 3.00e-04 251.7 min
[e2e] step 129000 loss 1.9863 lr 3.00e-04 251.9 min
[e2e] step 129100 loss 1.9486 lr 3.00e-04 252.0 min
[e2e] step 129200 loss 1.9529 lr 3.00e-04 252.2 min
[e2e] step 129300 loss 1.9613 lr 3.00e-04 252.4 min
[e2e] step 129400 loss 1.9746 lr 3.00e-04 252.5 min
[e2e] step 129500 loss 1.9557 lr 3.00e-04 252.7 min
[e2e] step 129600 loss 1.9669 lr 3.00e-04 252.9 min
[e2e] step 129700 loss 1.9580 lr 3.00e-04 253.0 min
[e2e] step 129800 loss 1.9483 lr 3.00e-04 253.2 min
[e2e] step 129900 loss 1.9366 lr 3.00e-04 253.4 min
[e2e] step 130000 loss 1.9458 lr 3.00e-04 253.5 min
[e2e] step 130000 quick period probe (linear, 5 classes, n=4000) bal.acc 0.874
[e2e] step 130100 loss 1.9820 lr 3.00e-04 254.3 min
[e2e] step 130200 loss 1.9410 lr 3.00e-04 254.5 min
[e2e] step 130300 loss 1.9503 lr 3.00e-04 254.7 min
[e2e] step 130400 loss 1.9700 lr 3.00e-04 254.8 min
[e2e] step 130500 loss 1.9898 lr 3.00e-04 255.0 min
[e2e] step 130600 loss 1.9312 lr 3.00e-04 255.2 min
[e2e] step 130700 loss 1.9480 lr 3.00e-04 255.3 min
[e2e] step 130800 loss 1.9726 lr 3.00e-04 255.5 min
[e2e] step 130900 loss 1.9466 lr 3.00e-04 255.7 min
[e2e] step 131000 loss 1.9711 lr 3.00e-04 255.8 min
[e2e] step 131100 loss 1.9428 lr 3.00e-04 256.0 min
[e2e] step 131200 loss 1.9372 lr 3.00e-04 256.2 min
[e2e] step 131300 loss 1.9448 lr 3.00e-04 256.3 min
[e2e] step 131400 loss 1.9738 lr 3.00e-04 256.5 min
[e2e] step 131500 loss 1.9416 lr 3.00e-04 256.7 min
[e2e] step 131600 loss 1.9695 lr 3.00e-04 256.9 min
[e2e] step 131700 loss 1.9417 lr 3.00e-04 257.0 min
[e2e] step 131800 loss 1.9502 lr 3.00e-04 257.2 min
[e2e] step 131900 loss 1.9307 lr 3.00e-04 257.4 min
[e2e] step 132000 loss 1.9617 lr 3.00e-04 257.5 min
[e2e] step 132000 quick period probe (linear, 5 classes, n=4000) bal.acc 0.869
[e2e] step 132100 loss 1.9414 lr 3.00e-04 258.3 min
[e2e] step 132200 loss 1.9450 lr 3.00e-04 258.4 min
[e2e] step 132300 loss 1.9298 lr 3.00e-04 258.6 min
[e2e] step 132400 loss 1.9001 lr 3.00e-04 258.8 min
[e2e] step 132500 loss 1.9523 lr 3.00e-04 258.9 min
[e2e] step 132600 loss 1.9387 lr 3.00e-04 259.1 min
[e2e] step 132700 loss 1.9297 lr 3.00e-04 259.3 min
[e2e] step 132800 loss 1.9309 lr 3.00e-04 259.4 min
[e2e] step 132900 loss 1.9369 lr 3.00e-04 259.6 min
[e2e] step 133000 loss 1.9444 lr 3.00e-04 259.8 min
[e2e] step 133100 loss 1.9402 lr 3.00e-04 260.0 min
[e2e] step 133200 loss 1.9515 lr 3.00e-04 260.1 min
[e2e] step 133300 loss 1.9185 lr 3.00e-04 260.3 min
[e2e] step 133400 loss 1.9457 lr 3.00e-04 260.5 min
[e2e] step 133500 loss 1.9291 lr 3.00e-04 260.6 min
[e2e] step 133600 loss 1.9122 lr 3.00e-04 260.8 min
[e2e] step 133700 loss 1.9493 lr 3.00e-04 261.0 min
[e2e] step 133800 loss 1.9440 lr 3.00e-04 261.1 min
[e2e] step 133900 loss 1.9740 lr 3.00e-04 261.3 min
[e2e] step 134000 loss 1.9278 lr 3.00e-04 261.5 min
[e2e] step 134000 quick period probe (linear, 5 classes, n=4000) bal.acc 0.874
[e2e] step 134100 loss 1.9379 lr 3.00e-04 262.2 min
[e2e] step 134200 loss 1.9364 lr 3.00e-04 262.3 min
[e2e] step 134300 loss 1.9255 lr 3.00e-04 262.5 min
[e2e] step 134400 loss 1.9386 lr 3.00e-04 262.7 min
[e2e] step 134500 loss 1.9290 lr 3.00e-04 262.9 min
[e2e] step 134600 loss 1.9688 lr 3.00e-04 263.0 min
[e2e] step 134700 loss 1.9822 lr 3.00e-04 263.2 min
[e2e] step 134800 loss 1.9611 lr 3.00e-04 263.4 min
[e2e] step 134900 loss 1.9620 lr 3.00e-04 263.5 min
[e2e] step 135000 loss 1.9676 lr 3.00e-04 263.7 min
[e2e] step 135100 loss 1.9503 lr 3.00e-04 263.9 min
[e2e] step 135200 loss 1.9439 lr 3.00e-04 264.0 min
[e2e] step 135300 loss 1.9452 lr 3.00e-04 264.2 min
[e2e] step 135400 loss 1.9212 lr 3.00e-04 264.4 min
[e2e] step 135500 loss 1.9455 lr 3.00e-04 264.5 min
[e2e] step 135600 loss 1.9668 lr 3.00e-04 264.7 min
[e2e] step 135700 loss 1.9245 lr 3.00e-04 264.9 min
[e2e] step 135800 loss 1.9604 lr 3.00e-04 265.0 min
[e2e] step 135900 loss 1.9393 lr 3.00e-04 265.2 min
[e2e] step 136000 loss 1.9272 lr 3.00e-04 265.4 min
[e2e] step 136000 quick period probe (linear, 5 classes, n=4000) bal.acc 0.869
[e2e] step 136100 loss 1.9134 lr 3.00e-04 266.0 min
[e2e] step 136200 loss 1.9420 lr 3.00e-04 266.2 min
[e2e] step 136300 loss 1.9394 lr 3.00e-04 266.3 min
[e2e] step 136400 loss 1.9266 lr 3.00e-04 266.5 min
[e2e] step 136500 loss 1.9239 lr 3.00e-04 266.7 min
[e2e] step 136600 loss 1.9215 lr 3.00e-04 266.9 min
[e2e] step 136700 loss 1.9311 lr 3.00e-04 267.0 min
[e2e] step 136800 loss 1.9422 lr 3.00e-04 267.2 min
[e2e] step 136900 loss 1.9273 lr 3.00e-04 267.4 min
[e2e] step 137000 loss 1.9677 lr 3.00e-04 267.5 min
[e2e] step 137100 loss 1.9297 lr 3.00e-04 267.7 min
[e2e] step 137200 loss 1.9284 lr 3.00e-04 267.9 min
[e2e] step 137300 loss 1.9431 lr 3.00e-04 268.0 min
[e2e] step 137400 loss 1.9329 lr 3.00e-04 268.2 min
[e2e] step 137500 loss 1.9343 lr 3.00e-04 268.4 min
[e2e] step 137600 loss 1.9426 lr 3.00e-04 268.5 min
[e2e] step 137700 loss 1.9348 lr 3.00e-04 268.7 min
[e2e] step 137800 loss 1.9368 lr 3.00e-04 268.9 min
[e2e] step 137900 loss 1.9298 lr 3.00e-04 269.0 min
[e2e] step 138000 loss 1.9443 lr 3.00e-04 269.2 min
[e2e] step 138000 quick period probe (linear, 5 classes, n=4000) bal.acc 0.881
[e2e] step 138100 loss 1.9255 lr 3.00e-04 269.9 min
[e2e] step 138200 loss 1.9159 lr 3.00e-04 270.1 min
[e2e] step 138300 loss 1.9293 lr 3.00e-04 270.3 min
[e2e] step 138400 loss 1.9302 lr 3.00e-04 270.4 min
[e2e] step 138500 loss 1.9561 lr 3.00e-04 270.6 min
[e2e] step 138600 loss 1.9281 lr 3.00e-04 270.8 min
[e2e] step 138700 loss 1.9272 lr 3.00e-04 271.0 min
[e2e] step 138800 loss 1.9251 lr 3.00e-04 271.1 min
[e2e] step 138900 loss 1.9174 lr 3.00e-04 271.3 min
[e2e] step 139000 loss 1.9217 lr 3.00e-04 271.5 min
[e2e] step 139100 loss 1.9162 lr 3.00e-04 271.6 min
[e2e] step 139200 loss 1.9158 lr 3.00e-04 271.8 min
[e2e] step 139300 loss 1.9158 lr 3.00e-04 272.0 min
[e2e] step 139400 loss 1.8939 lr 3.00e-04 272.1 min
[e2e] step 139500 loss 1.9241 lr 3.00e-04 272.3 min
[e2e] step 139600 loss 1.9104 lr 3.00e-04 272.5 min
[e2e] step 139700 loss 1.9615 lr 3.00e-04 272.6 min
[e2e] step 139800 loss 1.9429 lr 3.00e-04 272.8 min
[e2e] step 139900 loss 1.9603 lr 3.00e-04 273.0 min
[e2e] step 140000 loss 1.9487 lr 3.00e-04 273.1 min
[e2e] step 140000 quick period probe (linear, 5 classes, n=4000) bal.acc 0.875
[e2e] step 140100 loss 1.9426 lr 3.00e-04 273.9 min
[e2e] step 140200 loss 1.9169 lr 3.00e-04 274.0 min
[e2e] step 140300 loss 1.9402 lr 3.00e-04 274.2 min
[e2e] step 140400 loss 1.9115 lr 3.00e-04 274.4 min
[e2e] step 140500 loss 1.9129 lr 3.00e-04 274.6 min
[e2e] step 140600 loss 1.9091 lr 3.00e-04 274.7 min
[e2e] step 140700 loss 1.9343 lr 3.00e-04 274.9 min
[e2e] step 140800 loss 1.9536 lr 3.00e-04 275.1 min
[e2e] step 140900 loss 1.9259 lr 3.00e-04 275.2 min
[e2e] step 141000 loss 1.9607 lr 3.00e-04 275.4 min
[e2e] step 141100 loss 1.9225 lr 3.00e-04 275.6 min
[e2e] step 141200 loss 1.9183 lr 3.00e-04 275.7 min
[e2e] step 141300 loss 1.9208 lr 3.00e-04 275.9 min
[e2e] step 141400 loss 1.9120 lr 3.00e-04 276.1 min
[e2e] step 141500 loss 1.9345 lr 3.00e-04 276.2 min
[e2e] step 141600 loss 1.9269 lr 3.00e-04 276.4 min
[e2e] step 141700 loss 1.9166 lr 3.00e-04 276.6 min
[e2e] step 141800 loss 1.9358 lr 3.00e-04 276.7 min
[e2e] step 141900 loss 1.9589 lr 3.00e-04 276.9 min
[e2e] step 142000 loss 1.9464 lr 3.00e-04 277.1 min
[e2e] step 142000 quick period probe (linear, 5 classes, n=4000) bal.acc 0.867
[e2e] step 142100 loss 1.9476 lr 3.00e-04 277.8 min
[e2e] step 142200 loss 1.9213 lr 3.00e-04 278.0 min
[e2e] step 142300 loss 1.9402 lr 3.00e-04 278.2 min
[e2e] step 142400 loss 1.9638 lr 3.00e-04 278.3 min
[e2e] step 142500 loss 1.9648 lr 3.00e-04 278.5 min
[e2e] step 142600 loss 1.9214 lr 3.00e-04 278.7 min
[e2e] step 142700 loss 1.9143 lr 3.00e-04 278.8 min
[e2e] step 142800 loss 1.9335 lr 3.00e-04 279.0 min
[e2e] step 142900 loss 1.9457 lr 3.00e-04 279.2 min
[e2e] step 143000 loss 1.9490 lr 3.00e-04 279.4 min
[e2e] step 143100 loss 1.9135 lr 3.00e-04 279.5 min
[e2e] step 143200 loss 1.9627 lr 3.00e-04 279.7 min
[e2e] step 143300 loss 1.9206 lr 3.00e-04 279.9 min
[e2e] step 143400 loss 1.9224 lr 3.00e-04 280.0 min
[e2e] step 143500 loss 1.9046 lr 3.00e-04 280.2 min
[e2e] step 143600 loss 1.9304 lr 3.00e-04 280.4 min
[e2e] step 143700 loss 1.9214 lr 3.00e-04 280.5 min
[e2e] step 143800 loss 1.9361 lr 3.00e-04 280.7 min
[e2e] step 143900 loss 1.9489 lr 3.00e-04 280.9 min
[e2e] step 144000 loss 1.9255 lr 3.00e-04 281.0 min
[e2e] step 144000 quick period probe (linear, 5 classes, n=4000) bal.acc 0.881
[e2e] step 144100 loss 1.9298 lr 3.00e-04 281.7 min
[e2e] step 144200 loss 1.9151 lr 3.00e-04 281.8 min
[e2e] step 144300 loss 1.9357 lr 3.00e-04 282.0 min
[e2e] step 144400 loss 1.9376 lr 3.00e-04 282.2 min
[e2e] step 144500 loss 1.9438 lr 3.00e-04 282.3 min
[e2e] step 144600 loss 1.9486 lr 3.00e-04 282.5 min
[e2e] step 144700 loss 1.9454 lr 3.00e-04 282.7 min
[e2e] step 144800 loss 1.9000 lr 3.00e-04 282.8 min
[e2e] step 144900 loss 1.9324 lr 3.00e-04 283.0 min
[e2e] step 145000 loss 1.9612 lr 3.00e-04 283.2 min
[e2e] step 145100 loss 1.9263 lr 3.00e-04 283.4 min
[e2e] step 145200 loss 1.9513 lr 3.00e-04 283.5 min
[e2e] step 145300 loss 1.9133 lr 3.00e-04 283.7 min
[e2e] step 145400 loss 1.9294 lr 3.00e-04 283.9 min
[e2e] step 145500 loss 1.9334 lr 3.00e-04 284.0 min
[e2e] step 145600 loss 1.9556 lr 3.00e-04 284.2 min
[e2e] step 145700 loss 1.9173 lr 3.00e-04 284.4 min
[e2e] step 145800 loss 1.9153 lr 3.00e-04 284.5 min
[e2e] step 145900 loss 1.9214 lr 3.00e-04 284.7 min
[e2e] step 146000 loss 1.9404 lr 3.00e-04 284.9 min
[e2e] step 146000 quick period probe (linear, 5 classes, n=4000) bal.acc 0.867
[e2e] step 146100 loss 1.9375 lr 3.00e-04 285.6 min
[e2e] step 146200 loss 1.9308 lr 3.00e-04 285.8 min
[e2e] step 146300 loss 1.9490 lr 3.00e-04 285.9 min
[e2e] step 146400 loss 1.9611 lr 3.00e-04 286.1 min
[e2e] step 146500 loss 1.9128 lr 3.00e-04 286.3 min
[e2e] step 146600 loss 1.9392 lr 3.00e-04 286.4 min
[e2e] step 146700 loss 1.9139 lr 3.00e-04 286.6 min
[e2e] step 146800 loss 1.9303 lr 3.00e-04 286.8 min
[e2e] step 146900 loss 1.9459 lr 3.00e-04 286.9 min
[e2e] step 147000 loss 1.9054 lr 3.00e-04 287.1 min
[e2e] step 147100 loss 1.9292 lr 3.00e-04 287.3 min
[e2e] step 147200 loss 1.9423 lr 3.00e-04 287.4 min
[e2e] step 147300 loss 1.9492 lr 3.00e-04 287.6 min
[e2e] step 147400 loss 1.9491 lr 3.00e-04 287.8 min
[e2e] step 147500 loss 1.9089 lr 3.00e-04 288.0 min
[e2e] step 147600 loss 1.9374 lr 3.00e-04 288.1 min
[e2e] step 147700 loss 1.9309 lr 3.00e-04 288.3 min
[e2e] step 147800 loss 1.9056 lr 3.00e-04 288.5 min
[e2e] step 147900 loss 1.9659 lr 3.00e-04 288.6 min
[e2e] step 148000 loss 1.9398 lr 3.00e-04 288.8 min
[e2e] step 148000 quick period probe (linear, 5 classes, n=4000) bal.acc 0.861
[e2e] step 148100 loss 1.9247 lr 3.00e-04 289.5 min
[e2e] step 148200 loss 1.9000 lr 3.00e-04 289.7 min
[e2e] step 148300 loss 1.9173 lr 3.00e-04 289.8 min
[e2e] step 148400 loss 1.9436 lr 3.00e-04 290.0 min
[e2e] step 148500 loss 1.9163 lr 3.00e-04 290.2 min
[e2e] step 148600 loss 1.8902 lr 3.00e-04 290.3 min
[e2e] step 148700 loss 1.9290 lr 3.00e-04 290.5 min
[e2e] step 148800 loss 1.8993 lr 3.00e-04 290.7 min
[e2e] step 148900 loss 1.9380 lr 3.00e-04 290.8 min
[e2e] step 149000 loss 1.9119 lr 3.00e-04 291.0 min
[e2e] step 149100 loss 1.9103 lr 3.00e-04 291.2 min
[e2e] step 149200 loss 1.9223 lr 3.00e-04 291.4 min
[e2e] step 149300 loss 1.9395 lr 3.00e-04 291.5 min
[e2e] step 149400 loss 1.9334 lr 3.00e-04 291.7 min
[e2e] step 149500 loss 1.9370 lr 3.00e-04 291.9 min
[e2e] step 149600 loss 1.9463 lr 3.00e-04 292.0 min
[e2e] step 149700 loss 1.9287 lr 3.00e-04 292.2 min
[e2e] step 149800 loss 1.9336 lr 3.00e-04 292.4 min
[e2e] step 149900 loss 1.9439 lr 3.00e-04 292.5 min
[e2e] step 150000 loss 1.8973 lr 3.00e-04 292.7 min
[e2e] step 150000 quick period probe (linear, 5 classes, n=4000) bal.acc 0.874
[e2e] step 150100 loss 1.9286 lr 3.00e-04 293.4 min
[e2e] step 150200 loss 1.9399 lr 3.00e-04 293.5 min
[e2e] step 150300 loss 1.9290 lr 3.00e-04 293.7 min
[e2e] step 150400 loss 1.9323 lr 3.00e-04 293.9 min
[e2e] step 150500 loss 1.9416 lr 3.00e-04 294.0 min
[e2e] step 150600 loss 1.9229 lr 3.00e-04 294.2 min
[e2e] step 150700 loss 1.9256 lr 3.00e-04 294.4 min
[e2e] step 150800 loss 1.9300 lr 3.00e-04 294.5 min
[e2e] step 150900 loss 1.9058 lr 3.00e-04 294.7 min
[e2e] step 151000 loss 1.9180 lr 3.00e-04 294.9 min
[e2e] step 151100 loss 1.9454 lr 3.00e-04 295.0 min
[e2e] step 151200 loss 1.9085 lr 3.00e-04 295.2 min
[e2e] step 151300 loss 1.9275 lr 3.00e-04 295.4 min
[e2e] step 151400 loss 1.9592 lr 3.00e-04 295.5 min
[e2e] step 151500 loss 1.9160 lr 3.00e-04 295.7 min
[e2e] step 151600 loss 1.9275 lr 3.00e-04 295.9 min
[e2e] step 151700 loss 1.9085 lr 3.00e-04 296.0 min
[e2e] step 151800 loss 1.9291 lr 3.00e-04 296.2 min
[e2e] step 151900 loss 1.9193 lr 3.00e-04 296.4 min
[e2e] step 152000 loss 1.9322 lr 3.00e-04 296.5 min
[e2e] step 152000 quick period probe (linear, 5 classes, n=4000) bal.acc 0.887
[e2e] step 152100 loss 1.9569 lr 3.00e-04 297.3 min
[e2e] step 152200 loss 1.9357 lr 3.00e-04 297.4 min
[e2e] step 152300 loss 1.9169 lr 3.00e-04 297.6 min
[e2e] step 152400 loss 1.9048 lr 3.00e-04 297.8 min
[e2e] step 152500 loss 1.8922 lr 3.00e-04 297.9 min
[e2e] step 152600 loss 1.9562 lr 3.00e-04 298.1 min
[e2e] step 152700 loss 1.8863 lr 3.00e-04 298.3 min
[e2e] step 152800 loss 1.9115 lr 3.00e-04 298.4 min
[e2e] step 152900 loss 1.9093 lr 3.00e-04 298.6 min
[e2e] step 153000 loss 1.9495 lr 3.00e-04 298.8 min
[e2e] step 153100 loss 1.9156 lr 3.00e-04 299.0 min
[e2e] step 153200 loss 1.9503 lr 3.00e-04 299.1 min
[e2e] step 153300 loss 1.9471 lr 3.00e-04 299.3 min
[e2e] step 153400 loss 1.9404 lr 3.00e-04 299.5 min
[e2e] step 153500 loss 1.9174 lr 3.00e-04 299.6 min
[e2e] step 153600 loss 1.9427 lr 3.00e-04 299.8 min
[e2e] step 153700 loss 1.9206 lr 3.00e-04 300.0 min
[e2e] done e2e_barlow_S-s0: 153723 steps in 5.01h; embeddings -> store 'ssl_e2e::e2e_barlow_S-s0' (31,905 texts); final.pt in chrono/artifacts_ssl/e2e/e2e_barlow_S-s0
Auto packing the repository in background for optimum performance.
See "git help gc" for manual housekeeping.
[yarin-sandbox d7496604] C11: e2e barlow S (job 33680)
 1 file changed, 0 insertions(+), 0 deletions(-)
From https://github.com/YarinBeni/HUJI-THESIS--YARIN
 * branch              yarin-sandbox -> FETCH_HEAD
Auto packing the repository in background for optimum performance.
See "git help gc" for manual housekeeping.
Current branch yarin-sandbox is up to date.
Auto packing the repository in background for optimum performance.
See "git help gc" for manual housekeeping.
To https://github.com/YarinBeni/HUJI-THESIS--YARIN.git
   71bb9dea..d7496604  HEAD -> yarin-sandbox
[commit_push_sandbox] pushed to yarin-sandbox
=== Done. Thu Sep  3 03:14:16 UTC 2026 ===
