# job 33683 C11_e2e exit=0 Thu Sep  3 03:50:22 UTC 2026
# last 4000 lines of /home/yarin.b/projects/HUJI-THESIS--YARIN/chrono/sbatch/logs/C11_e2e_33660_3.out
=== C11 e2e barlow XL === job 33683 Wed Sep  2 22:49:17 UTC 2026
From https://github.com/YarinBeni/HUJI-THESIS--YARIN
 * branch              yarin-sandbox -> FETCH_HEAD
Auto packing the repository in background for optimum performance.
See "git help gc" for manual housekeeping.
Current branch yarin-sandbox is up to date.
Auto packing the repository in background for optimum performance.
See "git help gc" for manual housekeeping.
/home/yarin.b/miniconda3/envs/thesis/lib/python3.11/site-packages/torch/nn/modules/transformer.py:392: UserWarning: enable_nested_tensor is True, but self.use_nested_tensor is False because encoder_layer.norm_first was True
  warnings.warn(
[e2e] e2e_barlow_XL-s0: size XL params 104.5M vocab 23044 train texts 24,589 objective barlow batch 192 budget 5.0h dev cuda
[e2e] step 100 loss 29.7810 lr 3.00e-05 0.4 min
[e2e] step 200 loss 17.9530 lr 6.00e-05 0.8 min
[e2e] step 300 loss 14.3476 lr 9.00e-05 1.3 min
[e2e] step 400 loss 12.3387 lr 1.20e-04 1.7 min
[e2e] step 500 loss 11.4959 lr 1.50e-04 2.1 min
[e2e] step 600 loss 10.8475 lr 1.80e-04 2.5 min
[e2e] step 700 loss 10.3400 lr 2.10e-04 2.9 min
[e2e] step 800 loss 10.0488 lr 2.40e-04 3.3 min
[e2e] step 900 loss 9.5172 lr 2.70e-04 3.8 min
[e2e] step 1000 loss 9.2937 lr 3.00e-04 4.2 min
[e2e] step 1100 loss 9.1286 lr 3.00e-04 4.6 min
[e2e] step 1200 loss 8.8004 lr 3.00e-04 5.1 min
[e2e] step 1300 loss 8.6956 lr 3.00e-04 5.5 min
[e2e] step 1400 loss 8.1908 lr 3.00e-04 5.9 min
[e2e] step 1500 loss 8.0357 lr 3.00e-04 6.3 min
[e2e] step 1600 loss 7.7409 lr 3.00e-04 6.7 min
[e2e] step 1700 loss 7.5212 lr 3.00e-04 7.2 min
[e2e] step 1800 loss 7.3373 lr 3.00e-04 7.6 min
[e2e] step 1900 loss 7.1775 lr 3.00e-04 8.0 min
[e2e] step 2000 loss 7.1486 lr 3.00e-04 8.4 min
[e2e] step 2000 quick period probe (linear, 5 classes, n=4000) bal.acc 0.877
[e2e] step 2100 loss 6.9318 lr 3.00e-04 9.9 min
[e2e] step 2200 loss 6.9239 lr 3.00e-04 10.3 min
[e2e] step 2300 loss 6.7808 lr 3.00e-04 10.7 min
[e2e] step 2400 loss 6.7821 lr 3.00e-04 11.2 min
[e2e] step 2500 loss 6.5309 lr 3.00e-04 11.6 min
[e2e] step 2600 loss 6.6201 lr 3.00e-04 12.0 min
[e2e] step 2700 loss 6.4634 lr 3.00e-04 12.4 min
[e2e] step 2800 loss 6.4129 lr 3.00e-04 12.8 min
[e2e] step 2900 loss 6.2732 lr 3.00e-04 13.3 min
[e2e] step 3000 loss 6.2728 lr 3.00e-04 13.7 min
[e2e] step 3100 loss 6.2137 lr 3.00e-04 14.1 min
[e2e] step 3200 loss 6.2467 lr 3.00e-04 14.6 min
[e2e] step 3300 loss 6.2045 lr 3.00e-04 15.0 min
[e2e] step 3400 loss 6.1086 lr 3.00e-04 15.4 min
[e2e] step 3500 loss 6.0049 lr 3.00e-04 15.8 min
[e2e] step 3600 loss 5.9694 lr 3.00e-04 16.2 min
[e2e] step 3700 loss 5.9488 lr 3.00e-04 16.7 min
[e2e] step 3800 loss 5.8169 lr 3.00e-04 17.1 min
[e2e] step 3900 loss 5.8002 lr 3.00e-04 17.5 min
[e2e] step 4000 loss 5.6894 lr 3.00e-04 17.9 min
[e2e] step 4000 quick period probe (linear, 5 classes, n=4000) bal.acc 0.884
[e2e] step 4100 loss 5.6820 lr 3.00e-04 19.3 min
[e2e] step 4200 loss 5.6750 lr 3.00e-04 19.7 min
[e2e] step 4300 loss 5.6201 lr 3.00e-04 20.2 min
[e2e] step 4400 loss 5.5855 lr 3.00e-04 20.6 min
[e2e] step 4500 loss 5.6460 lr 3.00e-04 21.0 min
[e2e] step 4600 loss 5.4953 lr 3.00e-04 21.4 min
[e2e] step 4700 loss 5.4655 lr 3.00e-04 21.8 min
[e2e] step 4800 loss 5.4592 lr 3.00e-04 22.3 min
[e2e] step 4900 loss 5.3291 lr 3.00e-04 22.7 min
[e2e] step 5000 loss 5.2722 lr 3.00e-04 23.1 min
[e2e] step 5100 loss 5.3058 lr 3.00e-04 23.5 min
[e2e] step 5200 loss 5.3891 lr 3.00e-04 24.0 min
[e2e] step 5300 loss 5.2901 lr 3.00e-04 24.4 min
[e2e] step 5400 loss 5.2526 lr 3.00e-04 24.8 min
[e2e] step 5500 loss 5.2443 lr 3.00e-04 25.2 min
[e2e] step 5600 loss 5.2171 lr 3.00e-04 25.7 min
[e2e] step 5700 loss 5.1984 lr 3.00e-04 26.1 min
[e2e] step 5800 loss 5.1691 lr 3.00e-04 26.5 min
[e2e] step 5900 loss 5.1347 lr 3.00e-04 26.9 min
[e2e] step 6000 loss 5.0712 lr 3.00e-04 27.3 min
[e2e] step 6000 quick period probe (linear, 5 classes, n=4000) bal.acc 0.885
[e2e] step 6100 loss 5.0242 lr 3.00e-04 28.9 min
[e2e] step 6200 loss 5.0770 lr 3.00e-04 29.3 min
[e2e] step 6300 loss 5.0712 lr 3.00e-04 29.7 min
[e2e] step 6400 loss 5.0441 lr 3.00e-04 30.1 min
[e2e] step 6500 loss 5.0221 lr 3.00e-04 30.6 min
[e2e] step 6600 loss 4.9228 lr 3.00e-04 31.0 min
[e2e] step 6700 loss 4.9819 lr 3.00e-04 31.4 min
[e2e] step 6800 loss 4.9310 lr 3.00e-04 31.8 min
[e2e] step 6900 loss 4.9332 lr 3.00e-04 32.2 min
[e2e] step 7000 loss 4.9476 lr 3.00e-04 32.7 min
[e2e] step 7100 loss 4.7685 lr 3.00e-04 33.1 min
[e2e] step 7200 loss 4.8363 lr 3.00e-04 33.5 min
[e2e] step 7300 loss 4.7048 lr 3.00e-04 34.0 min
[e2e] step 7400 loss 4.7403 lr 3.00e-04 34.4 min
[e2e] step 7500 loss 4.7114 lr 3.00e-04 34.8 min
[e2e] step 7600 loss 4.8111 lr 3.00e-04 35.2 min
[e2e] step 7700 loss 4.7048 lr 3.00e-04 35.6 min
[e2e] step 7800 loss 4.7795 lr 3.00e-04 36.1 min
[e2e] step 7900 loss 4.7222 lr 3.00e-04 36.5 min
[e2e] step 8000 loss 4.6927 lr 3.00e-04 36.9 min
[e2e] step 8000 quick period probe (linear, 5 classes, n=4000) bal.acc 0.862
[e2e] step 8100 loss 4.6667 lr 3.00e-04 38.7 min
[e2e] step 8200 loss 4.7036 lr 3.00e-04 39.1 min
[e2e] step 8300 loss 4.6711 lr 3.00e-04 39.5 min
[e2e] step 8400 loss 4.6693 lr 3.00e-04 39.9 min
[e2e] step 8500 loss 4.7050 lr 3.00e-04 40.3 min
[e2e] step 8600 loss 4.6496 lr 3.00e-04 40.7 min
[e2e] step 8700 loss 4.6030 lr 3.00e-04 41.2 min
[e2e] step 8800 loss 4.5683 lr 3.00e-04 41.6 min
[e2e] step 8900 loss 4.6192 lr 3.00e-04 42.0 min
[e2e] step 9000 loss 4.5649 lr 3.00e-04 42.4 min
[e2e] step 9100 loss 4.5056 lr 3.00e-04 42.9 min
[e2e] step 9200 loss 4.4429 lr 3.00e-04 43.3 min
[e2e] step 9300 loss 4.4851 lr 3.00e-04 43.7 min
[e2e] step 9400 loss 4.5463 lr 3.00e-04 44.1 min
[e2e] step 9500 loss 4.4908 lr 3.00e-04 44.5 min
[e2e] step 9600 loss 4.4021 lr 3.00e-04 45.0 min
[e2e] step 9700 loss 4.4165 lr 3.00e-04 45.4 min
[e2e] step 9800 loss 4.4726 lr 3.00e-04 45.8 min
[e2e] step 9900 loss 4.5856 lr 3.00e-04 46.2 min
[e2e] step 10000 loss 4.4616 lr 3.00e-04 46.6 min
[e2e] step 10000 quick period probe (linear, 5 classes, n=4000) bal.acc 0.877
[e2e] step 10100 loss 4.5335 lr 3.00e-04 48.3 min
[e2e] step 10200 loss 4.3702 lr 3.00e-04 48.7 min
[e2e] step 10300 loss 4.3765 lr 3.00e-04 49.2 min
[e2e] step 10400 loss 4.3561 lr 3.00e-04 49.6 min
[e2e] step 10500 loss 4.3533 lr 3.00e-04 50.0 min
[e2e] step 10600 loss 4.3878 lr 3.00e-04 50.4 min
[e2e] step 10700 loss 4.3371 lr 3.00e-04 50.8 min
[e2e] step 10800 loss 4.3361 lr 3.00e-04 51.2 min
[e2e] step 10900 loss 4.3022 lr 3.00e-04 51.7 min
[e2e] step 11000 loss 4.3391 lr 3.00e-04 52.1 min
[e2e] step 11100 loss 4.3200 lr 3.00e-04 52.5 min
[e2e] step 11200 loss 4.2943 lr 3.00e-04 53.0 min
[e2e] step 11300 loss 4.2826 lr 3.00e-04 53.4 min
[e2e] step 11400 loss 4.2371 lr 3.00e-04 53.8 min
[e2e] step 11500 loss 4.2046 lr 3.00e-04 54.2 min
[e2e] step 11600 loss 4.2284 lr 3.00e-04 54.6 min
[e2e] step 11700 loss 4.2303 lr 3.00e-04 55.0 min
[e2e] step 11800 loss 4.1806 lr 3.00e-04 55.5 min
[e2e] step 11900 loss 4.1836 lr 3.00e-04 55.9 min
[e2e] step 12000 loss 4.2510 lr 3.00e-04 56.3 min
[e2e] step 12000 quick period probe (linear, 5 classes, n=4000) bal.acc 0.875
[e2e] step 12100 loss 4.2584 lr 3.00e-04 57.5 min
[e2e] step 12200 loss 4.2661 lr 3.00e-04 57.9 min
[e2e] step 12300 loss 4.1068 lr 3.00e-04 58.3 min
[e2e] step 12400 loss 4.1641 lr 3.00e-04 58.8 min
[e2e] step 12500 loss 4.2094 lr 3.00e-04 59.2 min
[e2e] step 12600 loss 4.1126 lr 3.00e-04 59.6 min
[e2e] step 12700 loss 4.1665 lr 3.00e-04 60.0 min
[e2e] step 12800 loss 4.1749 lr 3.00e-04 60.4 min
[e2e] step 12900 loss 4.0484 lr 3.00e-04 60.8 min
[e2e] step 13000 loss 4.1719 lr 3.00e-04 61.3 min
[e2e] step 13100 loss 4.0979 lr 3.00e-04 61.7 min
[e2e] step 13200 loss 4.0979 lr 3.00e-04 62.1 min
[e2e] step 13300 loss 4.0884 lr 3.00e-04 62.5 min
[e2e] step 13400 loss 4.1410 lr 3.00e-04 63.0 min
[e2e] step 13500 loss 4.0527 lr 3.00e-04 63.4 min
[e2e] step 13600 loss 4.0977 lr 3.00e-04 63.8 min
[e2e] step 13700 loss 4.0373 lr 3.00e-04 64.2 min
[e2e] step 13800 loss 4.0353 lr 3.00e-04 64.6 min
[e2e] step 13900 loss 4.1005 lr 3.00e-04 65.0 min
[e2e] step 14000 loss 4.0169 lr 3.00e-04 65.5 min
[e2e] step 14000 quick period probe (linear, 5 classes, n=4000) bal.acc 0.864
[e2e] step 14100 loss 4.0263 lr 3.00e-04 66.8 min
[e2e] step 14200 loss 4.0652 lr 3.00e-04 67.2 min
[e2e] step 14300 loss 3.9597 lr 3.00e-04 67.6 min
[e2e] step 14400 loss 3.9898 lr 3.00e-04 68.0 min
[e2e] step 14500 loss 4.0024 lr 3.00e-04 68.4 min
[e2e] step 14600 loss 3.9730 lr 3.00e-04 68.9 min
[e2e] step 14700 loss 4.0648 lr 3.00e-04 69.3 min
[e2e] step 14800 loss 3.9487 lr 3.00e-04 69.7 min
[e2e] step 14900 loss 3.9688 lr 3.00e-04 70.1 min
[e2e] step 15000 loss 3.9767 lr 3.00e-04 70.5 min
[e2e] step 15100 loss 3.9422 lr 3.00e-04 71.0 min
[e2e] step 15200 loss 3.9440 lr 3.00e-04 71.4 min
[e2e] step 15300 loss 3.9206 lr 3.00e-04 71.8 min
[e2e] step 15400 loss 3.9378 lr 3.00e-04 72.2 min
[e2e] step 15500 loss 3.9061 lr 3.00e-04 72.6 min
[e2e] step 15600 loss 3.9129 lr 3.00e-04 73.0 min
[e2e] step 15700 loss 3.9403 lr 3.00e-04 73.5 min
[e2e] step 15800 loss 3.8525 lr 3.00e-04 73.9 min
[e2e] step 15900 loss 3.9172 lr 3.00e-04 74.3 min
[e2e] step 16000 loss 3.8922 lr 3.00e-04 74.7 min
[e2e] step 16000 quick period probe (linear, 5 classes, n=4000) bal.acc 0.874
[e2e] step 16100 loss 3.8943 lr 3.00e-04 76.3 min
[e2e] step 16200 loss 3.9089 lr 3.00e-04 76.7 min
[e2e] step 16300 loss 3.8951 lr 3.00e-04 77.2 min
[e2e] step 16400 loss 3.9075 lr 3.00e-04 77.6 min
[e2e] step 16500 loss 3.8630 lr 3.00e-04 78.0 min
[e2e] step 16600 loss 3.9000 lr 3.00e-04 78.4 min
[e2e] step 16700 loss 3.8390 lr 3.00e-04 78.8 min
[e2e] step 16800 loss 3.9023 lr 3.00e-04 79.2 min
[e2e] step 16900 loss 3.8356 lr 3.00e-04 79.6 min
[e2e] step 17000 loss 3.9034 lr 3.00e-04 80.1 min
[e2e] step 17100 loss 3.7912 lr 3.00e-04 80.5 min
[e2e] step 17200 loss 3.8667 lr 3.00e-04 80.9 min
[e2e] step 17300 loss 3.7808 lr 3.00e-04 81.3 min
[e2e] step 17400 loss 3.7870 lr 3.00e-04 81.8 min
[e2e] step 17500 loss 3.7485 lr 3.00e-04 82.2 min
[e2e] step 17600 loss 3.7604 lr 3.00e-04 82.6 min
[e2e] step 17700 loss 3.7999 lr 3.00e-04 83.0 min
[e2e] step 17800 loss 3.8175 lr 3.00e-04 83.4 min
[e2e] step 17900 loss 3.7178 lr 3.00e-04 83.8 min
[e2e] step 18000 loss 3.8186 lr 3.00e-04 84.3 min
[e2e] step 18000 quick period probe (linear, 5 classes, n=4000) bal.acc 0.847
[e2e] step 18100 loss 3.7155 lr 3.00e-04 85.7 min
[e2e] step 18200 loss 3.7368 lr 3.00e-04 86.1 min
[e2e] step 18300 loss 3.7686 lr 3.00e-04 86.6 min
[e2e] step 18400 loss 3.7225 lr 3.00e-04 87.0 min
[e2e] step 18500 loss 3.7550 lr 3.00e-04 87.4 min
[e2e] step 18600 loss 3.7098 lr 3.00e-04 87.8 min
[e2e] step 18700 loss 3.6996 lr 3.00e-04 88.2 min
[e2e] step 18800 loss 3.7794 lr 3.00e-04 88.6 min
[e2e] step 18900 loss 3.7549 lr 3.00e-04 89.0 min
[e2e] step 19000 loss 3.6437 lr 3.00e-04 89.5 min
[e2e] step 19100 loss 3.6016 lr 3.00e-04 89.9 min
[e2e] step 19200 loss 3.6430 lr 3.00e-04 90.3 min
[e2e] step 19300 loss 3.7208 lr 3.00e-04 90.7 min
[e2e] step 19400 loss 3.6987 lr 3.00e-04 91.2 min
[e2e] step 19500 loss 3.6982 lr 3.00e-04 91.6 min
[e2e] step 19600 loss 3.6266 lr 3.00e-04 92.0 min
[e2e] step 19700 loss 3.6624 lr 3.00e-04 92.4 min
[e2e] step 19800 loss 3.6434 lr 3.00e-04 92.8 min
[e2e] step 19900 loss 3.6369 lr 3.00e-04 93.2 min
[e2e] step 20000 loss 3.6839 lr 3.00e-04 93.7 min
[e2e] step 20000 quick period probe (linear, 5 classes, n=4000) bal.acc 0.874
[e2e] step 20100 loss 3.6057 lr 3.00e-04 95.1 min
[e2e] step 20200 loss 3.6244 lr 3.00e-04 95.5 min
[e2e] step 20300 loss 3.6527 lr 3.00e-04 95.9 min
[e2e] step 20400 loss 3.6705 lr 3.00e-04 96.4 min
[e2e] step 20500 loss 3.6587 lr 3.00e-04 96.8 min
[e2e] step 20600 loss 3.6226 lr 3.00e-04 97.2 min
[e2e] step 20700 loss 3.6224 lr 3.00e-04 97.6 min
[e2e] step 20800 loss 3.5867 lr 3.00e-04 98.0 min
[e2e] step 20900 loss 3.5680 lr 3.00e-04 98.4 min
[e2e] step 21000 loss 3.6391 lr 3.00e-04 98.9 min
[e2e] step 21100 loss 3.6467 lr 3.00e-04 99.3 min
[e2e] step 21200 loss 3.5812 lr 3.00e-04 99.7 min
[e2e] step 21300 loss 3.5510 lr 3.00e-04 100.1 min
[e2e] step 21400 loss 3.5907 lr 3.00e-04 100.6 min
[e2e] step 21500 loss 3.5943 lr 3.00e-04 101.0 min
[e2e] step 21600 loss 3.5333 lr 3.00e-04 101.4 min
[e2e] step 21700 loss 3.6063 lr 3.00e-04 101.8 min
[e2e] step 21800 loss 3.5220 lr 3.00e-04 102.2 min
[e2e] step 21900 loss 3.5321 lr 3.00e-04 102.6 min
[e2e] step 22000 loss 3.5339 lr 3.00e-04 103.1 min
[e2e] step 22000 quick period probe (linear, 5 classes, n=4000) bal.acc 0.862
[e2e] step 22100 loss 3.5650 lr 3.00e-04 104.8 min
[e2e] step 22200 loss 3.5061 lr 3.00e-04 105.2 min
[e2e] step 22300 loss 3.5119 lr 3.00e-04 105.6 min
[e2e] step 22400 loss 3.5053 lr 3.00e-04 106.0 min
[e2e] step 22500 loss 3.5200 lr 3.00e-04 106.5 min
[e2e] step 22600 loss 3.5656 lr 3.00e-04 106.9 min
[e2e] step 22700 loss 3.4927 lr 3.00e-04 107.3 min
[e2e] step 22800 loss 3.5675 lr 3.00e-04 107.7 min
[e2e] step 22900 loss 3.4727 lr 3.00e-04 108.1 min
[e2e] step 23000 loss 3.5301 lr 3.00e-04 108.5 min
[e2e] step 23100 loss 3.5671 lr 3.00e-04 109.0 min
[e2e] step 23200 loss 3.5502 lr 3.00e-04 109.4 min
[e2e] step 23300 loss 3.4864 lr 3.00e-04 109.8 min
[e2e] step 23400 loss 3.4881 lr 3.00e-04 110.2 min
[e2e] step 23500 loss 3.4929 lr 3.00e-04 110.7 min
[e2e] step 23600 loss 3.5217 lr 3.00e-04 111.1 min
[e2e] step 23700 loss 3.5226 lr 3.00e-04 111.5 min
[e2e] step 23800 loss 3.5012 lr 3.00e-04 111.9 min
[e2e] step 23900 loss 3.5326 lr 3.00e-04 112.3 min
[e2e] step 24000 loss 3.4783 lr 3.00e-04 112.7 min
[e2e] step 24000 quick period probe (linear, 5 classes, n=4000) bal.acc 0.843
[e2e] step 24100 loss 3.5202 lr 3.00e-04 114.4 min
[e2e] step 24200 loss 3.5672 lr 3.00e-04 114.8 min
[e2e] step 24300 loss 3.4140 lr 3.00e-04 115.2 min
[e2e] step 24400 loss 3.5206 lr 3.00e-04 115.7 min
[e2e] step 24500 loss 3.4519 lr 3.00e-04 116.1 min
[e2e] step 24600 loss 3.4486 lr 3.00e-04 116.5 min
[e2e] step 24700 loss 3.4486 lr 3.00e-04 116.9 min
[e2e] step 24800 loss 3.5073 lr 3.00e-04 117.3 min
[e2e] step 24900 loss 3.4389 lr 3.00e-04 117.7 min
[e2e] step 25000 loss 3.4854 lr 3.00e-04 118.2 min
[e2e] step 25100 loss 3.4141 lr 3.00e-04 118.6 min
[e2e] step 25200 loss 3.4401 lr 3.00e-04 119.0 min
[e2e] step 25300 loss 3.4070 lr 3.00e-04 119.4 min
[e2e] step 25400 loss 3.4216 lr 3.00e-04 119.9 min
[e2e] step 25500 loss 3.3921 lr 3.00e-04 120.3 min
[e2e] step 25600 loss 3.4256 lr 3.00e-04 120.7 min
[e2e] step 25700 loss 3.4199 lr 3.00e-04 121.1 min
[e2e] step 25800 loss 3.4247 lr 3.00e-04 121.5 min
[e2e] step 25900 loss 3.3784 lr 3.00e-04 121.9 min
[e2e] step 26000 loss 3.3965 lr 3.00e-04 122.4 min
[e2e] step 26000 quick period probe (linear, 5 classes, n=4000) bal.acc 0.850
[e2e] step 26100 loss 3.4283 lr 3.00e-04 123.8 min
[e2e] step 26200 loss 3.4389 lr 3.00e-04 124.2 min
[e2e] step 26300 loss 3.4191 lr 3.00e-04 124.6 min
[e2e] step 26400 loss 3.4388 lr 3.00e-04 125.0 min
[e2e] step 26500 loss 3.3815 lr 3.00e-04 125.5 min
[e2e] step 26600 loss 3.4253 lr 3.00e-04 125.9 min
[e2e] step 26700 loss 3.4147 lr 3.00e-04 126.3 min
[e2e] step 26800 loss 3.3757 lr 3.00e-04 126.7 min
[e2e] step 26900 loss 3.4173 lr 3.00e-04 127.1 min
[e2e] step 27000 loss 3.3867 lr 3.00e-04 127.5 min
[e2e] step 27100 loss 3.3585 lr 3.00e-04 128.0 min
[e2e] step 27200 loss 3.3915 lr 3.00e-04 128.4 min
[e2e] step 27300 loss 3.3463 lr 3.00e-04 128.8 min
[e2e] step 27400 loss 3.3818 lr 3.00e-04 129.2 min
[e2e] step 27500 loss 3.4730 lr 3.00e-04 129.7 min
[e2e] step 27600 loss 3.3665 lr 3.00e-04 130.1 min
[e2e] step 27700 loss 3.4258 lr 3.00e-04 130.5 min
[e2e] step 27800 loss 3.3677 lr 3.00e-04 130.9 min
[e2e] step 27900 loss 3.3924 lr 3.00e-04 131.3 min
[e2e] step 28000 loss 3.3065 lr 3.00e-04 131.7 min
[e2e] step 28000 quick period probe (linear, 5 classes, n=4000) bal.acc 0.877
[e2e] step 28100 loss 3.3806 lr 3.00e-04 133.3 min
[e2e] step 28200 loss 3.3409 lr 3.00e-04 133.7 min
[e2e] step 28300 loss 3.3231 lr 3.00e-04 134.1 min
[e2e] step 28400 loss 3.4167 lr 3.00e-04 134.5 min
[e2e] step 28500 loss 3.3817 lr 3.00e-04 134.9 min
[e2e] step 28600 loss 3.3541 lr 3.00e-04 135.3 min
[e2e] step 28700 loss 3.3708 lr 3.00e-04 135.8 min
[e2e] step 28800 loss 3.3207 lr 3.00e-04 136.2 min
[e2e] step 28900 loss 3.3116 lr 3.00e-04 136.6 min
[e2e] step 29000 loss 3.3684 lr 3.00e-04 137.0 min
[e2e] step 29100 loss 3.3387 lr 3.00e-04 137.5 min
[e2e] step 29200 loss 3.3718 lr 3.00e-04 137.9 min
[e2e] step 29300 loss 3.3418 lr 3.00e-04 138.3 min
[e2e] step 29400 loss 3.3479 lr 3.00e-04 138.7 min
[e2e] step 29500 loss 3.2902 lr 3.00e-04 139.1 min
[e2e] step 29600 loss 3.2985 lr 3.00e-04 139.5 min
[e2e] step 29700 loss 3.2655 lr 3.00e-04 140.0 min
[e2e] step 29800 loss 3.2966 lr 3.00e-04 140.4 min
[e2e] step 29900 loss 3.3070 lr 3.00e-04 140.8 min
[e2e] step 30000 loss 3.2695 lr 3.00e-04 141.2 min
[e2e] step 30000 quick period probe (linear, 5 classes, n=4000) bal.acc 0.862
[e2e] step 30100 loss 3.3164 lr 3.00e-04 142.7 min
[e2e] step 30200 loss 3.3106 lr 3.00e-04 143.2 min
[e2e] step 30300 loss 3.3173 lr 3.00e-04 143.6 min
[e2e] step 30400 loss 3.3300 lr 3.00e-04 144.0 min
[e2e] step 30500 loss 3.2560 lr 3.00e-04 144.4 min
[e2e] step 30600 loss 3.3001 lr 3.00e-04 144.8 min
[e2e] step 30700 loss 3.3372 lr 3.00e-04 145.2 min
[e2e] step 30800 loss 3.3422 lr 3.00e-04 145.7 min
[e2e] step 30900 loss 3.3169 lr 3.00e-04 146.1 min
[e2e] step 31000 loss 3.2798 lr 3.00e-04 146.5 min
[e2e] step 31100 loss 3.2955 lr 3.00e-04 146.9 min
[e2e] step 31200 loss 3.2567 lr 3.00e-04 147.4 min
[e2e] step 31300 loss 3.2910 lr 3.00e-04 147.8 min
[e2e] step 31400 loss 3.2847 lr 3.00e-04 148.2 min
[e2e] step 31500 loss 3.2503 lr 3.00e-04 148.6 min
[e2e] step 31600 loss 3.3148 lr 3.00e-04 149.0 min
[e2e] step 31700 loss 3.2272 lr 3.00e-04 149.5 min
[e2e] step 31800 loss 3.2501 lr 3.00e-04 149.9 min
[e2e] step 31900 loss 3.2301 lr 3.00e-04 150.3 min
[e2e] step 32000 loss 3.1990 lr 3.00e-04 150.7 min
[e2e] step 32000 quick period probe (linear, 5 classes, n=4000) bal.acc 0.857
[e2e] step 32100 loss 3.2532 lr 3.00e-04 152.1 min
[e2e] step 32200 loss 3.1771 lr 3.00e-04 152.5 min
[e2e] step 32300 loss 3.2371 lr 3.00e-04 153.0 min
[e2e] step 32400 loss 3.2276 lr 3.00e-04 153.4 min
[e2e] step 32500 loss 3.2103 lr 3.00e-04 153.8 min
[e2e] step 32600 loss 3.2960 lr 3.00e-04 154.2 min
[e2e] step 32700 loss 3.1991 lr 3.00e-04 154.6 min
[e2e] step 32800 loss 3.2453 lr 3.00e-04 155.0 min
[e2e] step 32900 loss 3.2355 lr 3.00e-04 155.5 min
[e2e] step 33000 loss 3.2376 lr 3.00e-04 155.9 min
[e2e] step 33100 loss 3.2032 lr 3.00e-04 156.3 min
[e2e] step 33200 loss 3.2096 lr 3.00e-04 156.8 min
[e2e] step 33300 loss 3.2317 lr 3.00e-04 157.2 min
[e2e] step 33400 loss 3.2355 lr 3.00e-04 157.6 min
[e2e] step 33500 loss 3.1363 lr 3.00e-04 158.0 min
[e2e] step 33600 loss 3.2104 lr 3.00e-04 158.4 min
[e2e] step 33700 loss 3.2215 lr 3.00e-04 158.8 min
[e2e] step 33800 loss 3.1959 lr 3.00e-04 159.3 min
[e2e] step 33900 loss 3.2028 lr 3.00e-04 159.7 min
[e2e] step 34000 loss 3.2195 lr 3.00e-04 160.1 min
[e2e] step 34000 quick period probe (linear, 5 classes, n=4000) bal.acc 0.858
[e2e] step 34100 loss 3.2132 lr 3.00e-04 161.4 min
[e2e] step 34200 loss 3.2175 lr 3.00e-04 161.8 min
[e2e] step 34300 loss 3.2175 lr 3.00e-04 162.2 min
[e2e] step 34400 loss 3.2164 lr 3.00e-04 162.6 min
[e2e] step 34500 loss 3.1818 lr 3.00e-04 163.0 min
[e2e] step 34600 loss 3.1977 lr 3.00e-04 163.5 min
[e2e] step 34700 loss 3.2166 lr 3.00e-04 163.9 min
[e2e] step 34800 loss 3.2287 lr 3.00e-04 164.3 min
[e2e] step 34900 loss 3.1995 lr 3.00e-04 164.7 min
[e2e] step 35000 loss 3.2103 lr 3.00e-04 165.1 min
[e2e] step 35100 loss 3.1884 lr 3.00e-04 165.6 min
[e2e] step 35200 loss 3.1844 lr 3.00e-04 166.0 min
[e2e] step 35300 loss 3.2203 lr 3.00e-04 166.4 min
[e2e] step 35400 loss 3.1683 lr 3.00e-04 166.8 min
[e2e] step 35500 loss 3.1588 lr 3.00e-04 167.3 min
[e2e] step 35600 loss 3.2083 lr 3.00e-04 167.7 min
[e2e] step 35700 loss 3.1613 lr 3.00e-04 168.1 min
[e2e] step 35800 loss 3.1750 lr 3.00e-04 168.5 min
[e2e] step 35900 loss 3.1617 lr 3.00e-04 168.9 min
[e2e] step 36000 loss 3.1332 lr 3.00e-04 169.3 min
[e2e] step 36000 quick period probe (linear, 5 classes, n=4000) bal.acc 0.870
[e2e] step 36100 loss 3.1631 lr 3.00e-04 170.7 min
[e2e] step 36200 loss 3.1799 lr 3.00e-04 171.1 min
[e2e] step 36300 loss 3.1440 lr 3.00e-04 171.6 min
[e2e] step 36400 loss 3.2082 lr 3.00e-04 172.0 min
[e2e] step 36500 loss 3.1528 lr 3.00e-04 172.4 min
[e2e] step 36600 loss 3.2025 lr 3.00e-04 172.8 min
[e2e] step 36700 loss 3.1889 lr 3.00e-04 173.2 min
[e2e] step 36800 loss 3.1426 lr 3.00e-04 173.6 min
[e2e] step 36900 loss 3.1477 lr 3.00e-04 174.1 min
[e2e] step 37000 loss 3.1370 lr 3.00e-04 174.5 min
[e2e] step 37100 loss 3.1091 lr 3.00e-04 174.9 min
[e2e] step 37200 loss 3.1776 lr 3.00e-04 175.4 min
[e2e] step 37300 loss 3.1589 lr 3.00e-04 175.8 min
[e2e] step 37400 loss 3.1485 lr 3.00e-04 176.2 min
[e2e] step 37500 loss 3.1833 lr 3.00e-04 176.6 min
[e2e] step 37600 loss 3.1621 lr 3.00e-04 177.0 min
[e2e] step 37700 loss 3.1887 lr 3.00e-04 177.4 min
[e2e] step 37800 loss 3.1284 lr 3.00e-04 177.9 min
[e2e] step 37900 loss 3.1241 lr 3.00e-04 178.3 min
[e2e] step 38000 loss 3.1174 lr 3.00e-04 178.7 min
[e2e] step 38000 quick period probe (linear, 5 classes, n=4000) bal.acc 0.849
[e2e] step 38100 loss 3.1292 lr 3.00e-04 180.0 min
[e2e] step 38200 loss 3.1459 lr 3.00e-04 180.4 min
[e2e] step 38300 loss 3.1029 lr 3.00e-04 180.9 min
[e2e] step 38400 loss 3.1195 lr 3.00e-04 181.3 min
[e2e] step 38500 loss 3.1128 lr 3.00e-04 181.7 min
[e2e] step 38600 loss 3.1253 lr 3.00e-04 182.1 min
[e2e] step 38700 loss 3.1147 lr 3.00e-04 182.5 min
[e2e] step 38800 loss 3.0919 lr 3.00e-04 182.9 min
[e2e] step 38900 loss 3.0804 lr 3.00e-04 183.4 min
[e2e] step 39000 loss 3.1333 lr 3.00e-04 183.8 min
[e2e] step 39100 loss 3.1130 lr 3.00e-04 184.2 min
[e2e] step 39200 loss 3.0719 lr 3.00e-04 184.6 min
[e2e] step 39300 loss 3.1251 lr 3.00e-04 185.1 min
[e2e] step 39400 loss 3.0511 lr 3.00e-04 185.5 min
[e2e] step 39500 loss 3.1158 lr 3.00e-04 185.9 min
[e2e] step 39600 loss 3.1550 lr 3.00e-04 186.3 min
[e2e] step 39700 loss 3.1570 lr 3.00e-04 186.7 min
[e2e] step 39800 loss 3.1189 lr 3.00e-04 187.1 min
[e2e] step 39900 loss 3.1239 lr 3.00e-04 187.6 min
[e2e] step 40000 loss 3.1096 lr 3.00e-04 188.0 min
[e2e] step 40000 quick period probe (linear, 5 classes, n=4000) bal.acc 0.870
[e2e] step 40100 loss 3.0825 lr 3.00e-04 189.3 min
[e2e] step 40200 loss 3.0537 lr 3.00e-04 189.7 min
[e2e] step 40300 loss 3.1136 lr 3.00e-04 190.1 min
[e2e] step 40400 loss 3.1488 lr 3.00e-04 190.6 min
[e2e] step 40500 loss 3.1128 lr 3.00e-04 191.0 min
[e2e] step 40600 loss 3.0844 lr 3.00e-04 191.4 min
[e2e] step 40700 loss 3.1076 lr 3.00e-04 191.8 min
[e2e] step 40800 loss 3.0898 lr 3.00e-04 192.2 min
[e2e] step 40900 loss 3.1343 lr 3.00e-04 192.7 min
[e2e] step 41000 loss 3.0770 lr 3.00e-04 193.1 min
[e2e] step 41100 loss 3.0745 lr 3.00e-04 193.5 min
[e2e] step 41200 loss 3.1298 lr 3.00e-04 193.9 min
[e2e] step 41300 loss 3.1199 lr 3.00e-04 194.4 min
[e2e] step 41400 loss 3.0695 lr 3.00e-04 194.8 min
[e2e] step 41500 loss 3.1109 lr 3.00e-04 195.2 min
[e2e] step 41600 loss 3.1411 lr 3.00e-04 195.6 min
[e2e] step 41700 loss 3.0620 lr 3.00e-04 196.0 min
[e2e] step 41800 loss 3.0383 lr 3.00e-04 196.5 min
[e2e] step 41900 loss 3.0284 lr 3.00e-04 196.9 min
[e2e] step 42000 loss 3.0377 lr 3.00e-04 197.3 min
[e2e] step 42000 quick period probe (linear, 5 classes, n=4000) bal.acc 0.865
[e2e] step 42100 loss 3.0550 lr 3.00e-04 198.6 min
[e2e] step 42200 loss 3.0671 lr 3.00e-04 199.0 min
[e2e] step 42300 loss 3.0562 lr 3.00e-04 199.4 min
[e2e] step 42400 loss 3.0868 lr 3.00e-04 199.9 min
[e2e] step 42500 loss 3.1083 lr 3.00e-04 200.3 min
[e2e] step 42600 loss 3.0466 lr 3.00e-04 200.7 min
[e2e] step 42700 loss 3.0612 lr 3.00e-04 201.1 min
[e2e] step 42800 loss 3.0205 lr 3.00e-04 201.5 min
[e2e] step 42900 loss 3.1289 lr 3.00e-04 201.9 min
[e2e] step 43000 loss 3.0532 lr 3.00e-04 202.4 min
[e2e] step 43100 loss 3.0648 lr 3.00e-04 202.8 min
[e2e] step 43200 loss 3.0780 lr 3.00e-04 203.2 min
[e2e] step 43300 loss 3.0568 lr 3.00e-04 203.7 min
[e2e] step 43400 loss 3.0490 lr 3.00e-04 204.1 min
[e2e] step 43500 loss 3.0793 lr 3.00e-04 204.5 min
[e2e] step 43600 loss 3.0094 lr 3.00e-04 204.9 min
[e2e] step 43700 loss 3.0004 lr 3.00e-04 205.3 min
[e2e] step 43800 loss 3.0329 lr 3.00e-04 205.7 min
[e2e] step 43900 loss 3.0599 lr 3.00e-04 206.2 min
[e2e] step 44000 loss 3.0800 lr 3.00e-04 206.6 min
[e2e] step 44000 quick period probe (linear, 5 classes, n=4000) bal.acc 0.857
[e2e] step 44100 loss 3.0603 lr 3.00e-04 208.3 min
[e2e] step 44200 loss 3.0279 lr 3.00e-04 208.7 min
[e2e] step 44300 loss 3.0976 lr 3.00e-04 209.1 min
[e2e] step 44400 loss 3.0886 lr 3.00e-04 209.5 min
[e2e] step 44500 loss 3.0315 lr 3.00e-04 209.9 min
[e2e] step 44600 loss 3.0738 lr 3.00e-04 210.4 min
[e2e] step 44700 loss 2.9731 lr 3.00e-04 210.8 min
[e2e] step 44800 loss 3.0606 lr 3.00e-04 211.2 min
[e2e] step 44900 loss 3.0649 lr 3.00e-04 211.6 min
[e2e] step 45000 loss 3.0600 lr 3.00e-04 212.0 min
[e2e] step 45100 loss 3.0256 lr 3.00e-04 212.5 min
[e2e] step 45200 loss 3.0754 lr 3.00e-04 212.9 min
[e2e] step 45300 loss 3.0575 lr 3.00e-04 213.3 min
[e2e] step 45400 loss 3.0379 lr 3.00e-04 213.7 min
[e2e] step 45500 loss 3.0528 lr 3.00e-04 214.2 min
[e2e] step 45600 loss 3.0493 lr 3.00e-04 214.6 min
[e2e] step 45700 loss 3.0424 lr 3.00e-04 215.0 min
[e2e] step 45800 loss 3.0147 lr 3.00e-04 215.4 min
[e2e] step 45900 loss 3.0379 lr 3.00e-04 215.8 min
[e2e] step 46000 loss 3.0212 lr 3.00e-04 216.2 min
[e2e] step 46000 quick period probe (linear, 5 classes, n=4000) bal.acc 0.863
[e2e] step 46100 loss 3.0287 lr 3.00e-04 217.6 min
[e2e] step 46200 loss 3.0281 lr 3.00e-04 218.0 min
[e2e] step 46300 loss 3.0046 lr 3.00e-04 218.5 min
[e2e] step 46400 loss 3.0418 lr 3.00e-04 218.9 min
[e2e] step 46500 loss 2.9932 lr 3.00e-04 219.3 min
[e2e] step 46600 loss 3.0388 lr 3.00e-04 219.7 min
[e2e] step 46700 loss 3.0613 lr 3.00e-04 220.1 min
[e2e] step 46800 loss 3.0348 lr 3.00e-04 220.6 min
[e2e] step 46900 loss 3.0046 lr 3.00e-04 221.0 min
[e2e] step 47000 loss 3.0035 lr 3.00e-04 221.4 min
[e2e] step 47100 loss 3.0106 lr 3.00e-04 221.8 min
[e2e] step 47200 loss 2.9900 lr 3.00e-04 222.3 min
[e2e] step 47300 loss 3.0366 lr 3.00e-04 222.7 min
[e2e] step 47400 loss 3.0059 lr 3.00e-04 223.1 min
[e2e] step 47500 loss 3.0389 lr 3.00e-04 223.5 min
[e2e] step 47600 loss 3.0377 lr 3.00e-04 223.9 min
[e2e] step 47700 loss 3.0382 lr 3.00e-04 224.4 min
[e2e] step 47800 loss 3.0188 lr 3.00e-04 224.8 min
[e2e] step 47900 loss 2.9847 lr 3.00e-04 225.2 min
[e2e] step 48000 loss 2.9954 lr 3.00e-04 225.6 min
[e2e] step 48000 quick period probe (linear, 5 classes, n=4000) bal.acc 0.855
[e2e] step 48100 loss 3.0164 lr 3.00e-04 227.1 min
[e2e] step 48200 loss 3.0161 lr 3.00e-04 227.6 min
[e2e] step 48300 loss 2.9667 lr 3.00e-04 228.0 min
[e2e] step 48400 loss 2.9596 lr 3.00e-04 228.4 min
[e2e] step 48500 loss 2.9868 lr 3.00e-04 228.8 min
[e2e] step 48600 loss 2.9084 lr 3.00e-04 229.2 min
[e2e] step 48700 loss 3.0128 lr 3.00e-04 229.6 min
[e2e] step 48800 loss 2.9901 lr 3.00e-04 230.1 min
[e2e] step 48900 loss 3.0212 lr 3.00e-04 230.5 min
[e2e] step 49000 loss 2.9968 lr 3.00e-04 230.9 min
[e2e] step 49100 loss 3.0126 lr 3.00e-04 231.4 min
[e2e] step 49200 loss 2.9149 lr 3.00e-04 231.8 min
[e2e] step 49300 loss 2.9296 lr 3.00e-04 232.2 min
[e2e] step 49400 loss 2.9747 lr 3.00e-04 232.6 min
[e2e] step 49500 loss 2.9831 lr 3.00e-04 233.0 min
[e2e] step 49600 loss 3.0045 lr 3.00e-04 233.4 min
[e2e] step 49700 loss 3.0081 lr 3.00e-04 233.9 min
[e2e] step 49800 loss 2.9954 lr 3.00e-04 234.3 min
[e2e] step 49900 loss 2.9544 lr 3.00e-04 234.7 min
[e2e] step 50000 loss 2.9345 lr 3.00e-04 235.1 min
[e2e] step 50000 quick period probe (linear, 5 classes, n=4000) bal.acc 0.850
[e2e] step 50100 loss 2.9406 lr 3.00e-04 236.3 min
[e2e] step 50200 loss 2.9896 lr 3.00e-04 236.8 min
[e2e] step 50300 loss 3.0040 lr 3.00e-04 237.2 min
[e2e] step 50400 loss 2.9503 lr 3.00e-04 237.6 min
[e2e] step 50500 loss 2.9889 lr 3.00e-04 238.0 min
[e2e] step 50600 loss 2.9481 lr 3.00e-04 238.4 min
[e2e] step 50700 loss 2.9609 lr 3.00e-04 238.8 min
[e2e] step 50800 loss 3.0201 lr 3.00e-04 239.3 min
[e2e] step 50900 loss 2.9540 lr 3.00e-04 239.7 min
[e2e] step 51000 loss 3.0007 lr 3.00e-04 240.1 min
[e2e] step 51100 loss 3.0020 lr 3.00e-04 240.6 min
[e2e] step 51200 loss 2.9595 lr 3.00e-04 241.0 min
[e2e] step 51300 loss 2.9671 lr 3.00e-04 241.4 min
[e2e] step 51400 loss 2.9669 lr 3.00e-04 241.8 min
[e2e] step 51500 loss 2.9716 lr 3.00e-04 242.2 min
[e2e] step 51600 loss 2.9629 lr 3.00e-04 242.6 min
[e2e] step 51700 loss 2.9467 lr 3.00e-04 243.1 min
[e2e] step 51800 loss 2.9454 lr 3.00e-04 243.5 min
[e2e] step 51900 loss 2.9196 lr 3.00e-04 243.9 min
[e2e] step 52000 loss 2.9935 lr 3.00e-04 244.3 min
[e2e] step 52000 quick period probe (linear, 5 classes, n=4000) bal.acc 0.855
[e2e] step 52100 loss 2.9179 lr 3.00e-04 245.7 min
[e2e] step 52200 loss 2.9390 lr 3.00e-04 246.1 min
[e2e] step 52300 loss 2.9223 lr 3.00e-04 246.5 min
[e2e] step 52400 loss 2.9522 lr 3.00e-04 247.0 min
[e2e] step 52500 loss 2.9221 lr 3.00e-04 247.4 min
[e2e] step 52600 loss 2.9561 lr 3.00e-04 247.8 min
[e2e] step 52700 loss 2.9662 lr 3.00e-04 248.2 min
[e2e] step 52800 loss 2.9099 lr 3.00e-04 248.6 min
[e2e] step 52900 loss 2.9765 lr 3.00e-04 249.1 min
[e2e] step 53000 loss 2.9305 lr 3.00e-04 249.5 min
[e2e] step 53100 loss 2.9499 lr 3.00e-04 249.9 min
[e2e] step 53200 loss 2.9633 lr 3.00e-04 250.3 min
[e2e] step 53300 loss 2.9670 lr 3.00e-04 250.8 min
[e2e] step 53400 loss 2.9560 lr 3.00e-04 251.2 min
[e2e] step 53500 loss 2.9199 lr 3.00e-04 251.6 min
[e2e] step 53600 loss 2.9144 lr 3.00e-04 252.0 min
[e2e] step 53700 loss 2.9480 lr 3.00e-04 252.4 min
[e2e] step 53800 loss 2.9465 lr 3.00e-04 252.8 min
[e2e] step 53900 loss 2.9984 lr 3.00e-04 253.3 min
[e2e] step 54000 loss 2.9001 lr 3.00e-04 253.7 min
[e2e] step 54000 quick period probe (linear, 5 classes, n=4000) bal.acc 0.855
[e2e] step 54100 loss 2.8799 lr 3.00e-04 255.0 min
[e2e] step 54200 loss 2.9415 lr 3.00e-04 255.5 min
[e2e] step 54300 loss 2.9175 lr 3.00e-04 255.9 min
[e2e] step 54400 loss 2.9576 lr 3.00e-04 256.3 min
[e2e] step 54500 loss 2.9320 lr 3.00e-04 256.7 min
[e2e] step 54600 loss 2.9114 lr 3.00e-04 257.1 min
[e2e] step 54700 loss 2.9914 lr 3.00e-04 257.5 min
[e2e] step 54800 loss 2.9408 lr 3.00e-04 258.0 min
[e2e] step 54900 loss 2.9340 lr 3.00e-04 258.4 min
[e2e] step 55000 loss 2.9106 lr 3.00e-04 258.8 min
[e2e] step 55100 loss 2.9129 lr 3.00e-04 259.3 min
[e2e] step 55200 loss 2.9176 lr 3.00e-04 259.7 min
[e2e] step 55300 loss 2.9505 lr 3.00e-04 260.1 min
[e2e] step 55400 loss 2.9501 lr 3.00e-04 260.5 min
[e2e] step 55500 loss 2.9308 lr 3.00e-04 260.9 min
[e2e] step 55600 loss 2.8939 lr 3.00e-04 261.3 min
[e2e] step 55700 loss 2.8999 lr 3.00e-04 261.8 min
[e2e] step 55800 loss 2.9529 lr 3.00e-04 262.2 min
[e2e] step 55900 loss 2.9106 lr 3.00e-04 262.6 min
[e2e] step 56000 loss 2.9224 lr 3.00e-04 263.0 min
[e2e] step 56000 quick period probe (linear, 5 classes, n=4000) bal.acc 0.855
[e2e] step 56100 loss 2.9324 lr 3.00e-04 264.5 min
[e2e] step 56200 loss 2.8756 lr 3.00e-04 264.9 min
[e2e] step 56300 loss 2.8859 lr 3.00e-04 265.3 min
[e2e] step 56400 loss 2.9459 lr 3.00e-04 265.7 min
[e2e] step 56500 loss 2.8976 lr 3.00e-04 266.1 min
[e2e] step 56600 loss 2.9085 lr 3.00e-04 266.5 min
[e2e] step 56700 loss 2.9569 lr 3.00e-04 267.0 min
[e2e] step 56800 loss 2.9233 lr 3.00e-04 267.4 min
[e2e] step 56900 loss 2.9094 lr 3.00e-04 267.8 min
[e2e] step 57000 loss 2.9010 lr 3.00e-04 268.2 min
[e2e] step 57100 loss 2.9327 lr 3.00e-04 268.7 min
[e2e] step 57200 loss 2.9216 lr 3.00e-04 269.1 min
[e2e] step 57300 loss 2.9156 lr 3.00e-04 269.5 min
[e2e] step 57400 loss 2.9525 lr 3.00e-04 269.9 min
[e2e] step 57500 loss 2.9052 lr 3.00e-04 270.3 min
[e2e] step 57600 loss 2.8693 lr 3.00e-04 270.8 min
[e2e] step 57700 loss 2.9532 lr 3.00e-04 271.2 min
[e2e] step 57800 loss 2.9375 lr 3.00e-04 271.6 min
[e2e] step 57900 loss 2.9028 lr 3.00e-04 272.0 min
[e2e] step 58000 loss 2.8539 lr 3.00e-04 272.4 min
[e2e] step 58000 quick period probe (linear, 5 classes, n=4000) bal.acc 0.862
[e2e] step 58100 loss 2.9524 lr 3.00e-04 273.8 min
[e2e] step 58200 loss 2.8806 lr 3.00e-04 274.2 min
[e2e] step 58300 loss 2.8795 lr 3.00e-04 274.7 min
[e2e] step 58400 loss 2.9081 lr 3.00e-04 275.1 min
[e2e] step 58500 loss 2.9045 lr 3.00e-04 275.5 min
[e2e] step 58600 loss 2.9365 lr 3.00e-04 275.9 min
[e2e] step 58700 loss 2.8869 lr 3.00e-04 276.3 min
[e2e] step 58800 loss 2.9264 lr 3.00e-04 276.7 min
[e2e] step 58900 loss 2.8603 lr 3.00e-04 277.2 min
[e2e] step 59000 loss 2.9114 lr 3.00e-04 277.6 min
[e2e] step 59100 loss 2.9554 lr 3.00e-04 278.0 min
[e2e] step 59200 loss 2.8715 lr 3.00e-04 278.4 min
[e2e] step 59300 loss 2.9138 lr 3.00e-04 278.9 min
[e2e] step 59400 loss 2.9143 lr 3.00e-04 279.3 min
[e2e] step 59500 loss 2.8764 lr 3.00e-04 279.7 min
[e2e] step 59600 loss 2.9126 lr 3.00e-04 280.1 min
[e2e] step 59700 loss 2.8791 lr 3.00e-04 280.5 min
[e2e] step 59800 loss 2.8813 lr 3.00e-04 281.0 min
[e2e] step 59900 loss 2.8668 lr 3.00e-04 281.4 min
[e2e] step 60000 loss 2.8828 lr 3.00e-04 281.8 min
[e2e] step 60000 quick period probe (linear, 5 classes, n=4000) bal.acc 0.849
[e2e] step 60100 loss 2.8413 lr 3.00e-04 283.3 min
[e2e] step 60200 loss 2.8972 lr 3.00e-04 283.7 min
[e2e] step 60300 loss 2.8789 lr 3.00e-04 284.1 min
[e2e] step 60400 loss 2.8753 lr 3.00e-04 284.5 min
[e2e] step 60500 loss 2.8739 lr 3.00e-04 285.0 min
[e2e] step 60600 loss 2.8347 lr 3.00e-04 285.4 min
[e2e] step 60700 loss 2.9059 lr 3.00e-04 285.8 min
[e2e] step 60800 loss 2.8829 lr 3.00e-04 286.2 min
[e2e] step 60900 loss 2.8918 lr 3.00e-04 286.6 min
[e2e] step 61000 loss 2.8807 lr 3.00e-04 287.0 min
[e2e] step 61100 loss 2.9146 lr 3.00e-04 287.5 min
[e2e] step 61200 loss 2.9351 lr 3.00e-04 287.9 min
[e2e] step 61300 loss 2.9417 lr 3.00e-04 288.3 min
[e2e] step 61400 loss 2.9022 lr 3.00e-04 288.7 min
[e2e] step 61500 loss 2.9120 lr 3.00e-04 289.2 min
[e2e] step 61600 loss 2.8735 lr 3.00e-04 289.6 min
[e2e] step 61700 loss 2.9142 lr 3.00e-04 290.0 min
[e2e] step 61800 loss 2.8268 lr 3.00e-04 290.4 min
[e2e] step 61900 loss 2.9228 lr 3.00e-04 290.8 min
[e2e] step 62000 loss 2.9139 lr 3.00e-04 291.3 min
[e2e] step 62000 quick period probe (linear, 5 classes, n=4000) bal.acc 0.884
[e2e] step 62100 loss 2.8748 lr 3.00e-04 292.7 min
[e2e] step 62200 loss 2.8244 lr 3.00e-04 293.2 min
[e2e] step 62300 loss 2.8396 lr 3.00e-04 293.6 min
[e2e] step 62400 loss 2.8696 lr 3.00e-04 294.0 min
[e2e] step 62500 loss 2.8554 lr 3.00e-04 294.4 min
[e2e] step 62600 loss 2.8934 lr 3.00e-04 294.8 min
[e2e] step 62700 loss 2.9054 lr 3.00e-04 295.3 min
[e2e] step 62800 loss 2.8573 lr 3.00e-04 295.7 min
[e2e] step 62900 loss 2.8383 lr 3.00e-04 296.1 min
[e2e] step 63000 loss 2.8536 lr 3.00e-04 296.5 min
[e2e] step 63100 loss 2.8788 lr 3.00e-04 297.0 min
[e2e] step 63200 loss 2.8648 lr 3.00e-04 297.4 min
[e2e] step 63300 loss 2.8916 lr 3.00e-04 297.8 min
[e2e] step 63400 loss 2.8071 lr 3.00e-04 298.2 min
[e2e] step 63500 loss 2.8551 lr 3.00e-04 298.6 min
[e2e] step 63600 loss 2.8099 lr 3.00e-04 299.1 min
[e2e] step 63700 loss 2.8766 lr 3.00e-04 299.5 min
[e2e] step 63800 loss 2.8665 lr 3.00e-04 299.9 min
[e2e] done e2e_barlow_XL-s0: 63826 steps in 5.01h; embeddings -> store 'ssl_e2e::e2e_barlow_XL-s0' (31,905 texts); final.pt in chrono/artifacts_ssl/e2e/e2e_barlow_XL-s0
Auto packing the repository in background for optimum performance.
See "git help gc" for manual housekeeping.
[yarin-sandbox 15211f5d] C11: e2e barlow XL (job 33683)
 1 file changed, 0 insertions(+), 0 deletions(-)
From https://github.com/YarinBeni/HUJI-THESIS--YARIN
 * branch              yarin-sandbox -> FETCH_HEAD
Auto packing the repository in background for optimum performance.
See "git help gc" for manual housekeeping.
Current branch yarin-sandbox is up to date.
Auto packing the repository in background for optimum performance.
See "git help gc" for manual housekeeping.
To https://github.com/YarinBeni/HUJI-THESIS--YARIN.git
   44f32906..15211f5d  HEAD -> yarin-sandbox
[commit_push_sandbox] pushed to yarin-sandbox
=== Done. Thu Sep  3 03:50:22 UTC 2026 ===
