# job 33681 C11_e2e exit=0 Thu Sep  3 03:18:20 UTC 2026
# last 4000 lines of /home/yarin.b/projects/HUJI-THESIS--YARIN/chrono/sbatch/logs/C11_e2e_33660_1.out
=== C11 e2e barlow M === job 33681 Wed Sep  2 22:17:17 UTC 2026
From https://github.com/YarinBeni/HUJI-THESIS--YARIN
 * branch              yarin-sandbox -> FETCH_HEAD
Auto packing the repository in background for optimum performance.
See "git help gc" for manual housekeeping.
Current branch yarin-sandbox is up to date.
Auto packing the repository in background for optimum performance.
See "git help gc" for manual housekeeping.
/home/yarin.b/miniconda3/envs/thesis/lib/python3.11/site-packages/torch/nn/modules/transformer.py:392: UserWarning: enable_nested_tensor is True, but self.use_nested_tensor is False because encoder_layer.norm_first was True
  warnings.warn(
[e2e] e2e_barlow_M-s0: size M params 23.6M vocab 23044 train texts 24,589 objective barlow batch 256 budget 5.0h dev cuda
[e2e] step 100 loss 34.2181 lr 3.00e-05 0.3 min
[e2e] step 200 loss 21.4465 lr 6.00e-05 0.5 min
[e2e] step 300 loss 16.9274 lr 9.00e-05 0.8 min
[e2e] step 400 loss 14.2774 lr 1.20e-04 1.1 min
[e2e] step 500 loss 12.5895 lr 1.50e-04 1.3 min
[e2e] step 600 loss 11.4431 lr 1.80e-04 1.6 min
[e2e] step 700 loss 10.4074 lr 2.10e-04 1.9 min
[e2e] step 800 loss 9.9761 lr 2.40e-04 2.1 min
[e2e] step 900 loss 9.4011 lr 2.70e-04 2.4 min
[e2e] step 1000 loss 9.0354 lr 3.00e-04 2.6 min
[e2e] step 1100 loss 8.4931 lr 3.00e-04 2.9 min
[e2e] step 1200 loss 8.1506 lr 3.00e-04 3.2 min
[e2e] step 1300 loss 7.7133 lr 3.00e-04 3.4 min
[e2e] step 1400 loss 7.2982 lr 3.00e-04 3.7 min
[e2e] step 1500 loss 7.1497 lr 3.00e-04 4.0 min
[e2e] step 1600 loss 6.8870 lr 3.00e-04 4.2 min
[e2e] step 1700 loss 6.7468 lr 3.00e-04 4.5 min
[e2e] step 1800 loss 6.5147 lr 3.00e-04 4.8 min
[e2e] step 1900 loss 6.4038 lr 3.00e-04 5.1 min
[e2e] step 2000 loss 6.1894 lr 3.00e-04 5.3 min
[e2e] step 2000 quick period probe (linear, 5 classes, n=4000) bal.acc 0.852
[e2e] step 2100 loss 6.0299 lr 3.00e-04 7.0 min
[e2e] step 2200 loss 6.0158 lr 3.00e-04 7.2 min
[e2e] step 2300 loss 5.8662 lr 3.00e-04 7.5 min
[e2e] step 2400 loss 5.8637 lr 3.00e-04 7.8 min
[e2e] step 2500 loss 5.5540 lr 3.00e-04 8.0 min
[e2e] step 2600 loss 5.6015 lr 3.00e-04 8.3 min
[e2e] step 2700 loss 5.4530 lr 3.00e-04 8.6 min
[e2e] step 2800 loss 5.3971 lr 3.00e-04 8.8 min
[e2e] step 2900 loss 5.2992 lr 3.00e-04 9.1 min
[e2e] step 3000 loss 5.2614 lr 3.00e-04 9.4 min
[e2e] step 3100 loss 5.2150 lr 3.00e-04 9.6 min
[e2e] step 3200 loss 5.1373 lr 3.00e-04 9.9 min
[e2e] step 3300 loss 5.0029 lr 3.00e-04 10.2 min
[e2e] step 3400 loss 4.9604 lr 3.00e-04 10.4 min
[e2e] step 3500 loss 4.8424 lr 3.00e-04 10.7 min
[e2e] step 3600 loss 4.9486 lr 3.00e-04 10.9 min
[e2e] step 3700 loss 4.7943 lr 3.00e-04 11.2 min
[e2e] step 3800 loss 4.7299 lr 3.00e-04 11.5 min
[e2e] step 3900 loss 4.7301 lr 3.00e-04 11.7 min
[e2e] step 4000 loss 4.6729 lr 3.00e-04 12.0 min
[e2e] step 4000 quick period probe (linear, 5 classes, n=4000) bal.acc 0.873
[e2e] step 4100 loss 4.6519 lr 3.00e-04 13.5 min
[e2e] step 4200 loss 4.5501 lr 3.00e-04 13.7 min
[e2e] step 4300 loss 4.5827 lr 3.00e-04 14.0 min
[e2e] step 4400 loss 4.4411 lr 3.00e-04 14.3 min
[e2e] step 4500 loss 4.4505 lr 3.00e-04 14.5 min
[e2e] step 4600 loss 4.4352 lr 3.00e-04 14.8 min
[e2e] step 4700 loss 4.3983 lr 3.00e-04 15.0 min
[e2e] step 4800 loss 4.3055 lr 3.00e-04 15.3 min
[e2e] step 4900 loss 4.2983 lr 3.00e-04 15.6 min
[e2e] step 5000 loss 4.3175 lr 3.00e-04 15.8 min
[e2e] step 5100 loss 4.2868 lr 3.00e-04 16.1 min
[e2e] step 5200 loss 4.1903 lr 3.00e-04 16.4 min
[e2e] step 5300 loss 4.2397 lr 3.00e-04 16.6 min
[e2e] step 5400 loss 4.1258 lr 3.00e-04 16.9 min
[e2e] step 5500 loss 4.1096 lr 3.00e-04 17.2 min
[e2e] step 5600 loss 4.0553 lr 3.00e-04 17.4 min
[e2e] step 5700 loss 4.0284 lr 3.00e-04 17.7 min
[e2e] step 5800 loss 3.9969 lr 3.00e-04 18.0 min
[e2e] step 5900 loss 3.9530 lr 3.00e-04 18.2 min
[e2e] step 6000 loss 3.9469 lr 3.00e-04 18.5 min
[e2e] step 6000 quick period probe (linear, 5 classes, n=4000) bal.acc 0.891
[e2e] step 6100 loss 3.9399 lr 3.00e-04 20.1 min
[e2e] step 6200 loss 3.9062 lr 3.00e-04 20.4 min
[e2e] step 6300 loss 3.8443 lr 3.00e-04 20.7 min
[e2e] step 6400 loss 3.9100 lr 3.00e-04 20.9 min
[e2e] step 6500 loss 3.8163 lr 3.00e-04 21.2 min
[e2e] step 6600 loss 3.8727 lr 3.00e-04 21.5 min
[e2e] step 6700 loss 3.8215 lr 3.00e-04 21.7 min
[e2e] step 6800 loss 3.7818 lr 3.00e-04 22.0 min
[e2e] step 6900 loss 3.7137 lr 3.00e-04 22.3 min
[e2e] step 7000 loss 3.6474 lr 3.00e-04 22.5 min
[e2e] step 7100 loss 3.7001 lr 3.00e-04 22.8 min
[e2e] step 7200 loss 3.6565 lr 3.00e-04 23.1 min
[e2e] step 7300 loss 3.6777 lr 3.00e-04 23.3 min
[e2e] step 7400 loss 3.6661 lr 3.00e-04 23.6 min
[e2e] step 7500 loss 3.6390 lr 3.00e-04 23.8 min
[e2e] step 7600 loss 3.6101 lr 3.00e-04 24.1 min
[e2e] step 7700 loss 3.5473 lr 3.00e-04 24.4 min
[e2e] step 7800 loss 3.5457 lr 3.00e-04 24.6 min
[e2e] step 7900 loss 3.5924 lr 3.00e-04 24.9 min
[e2e] step 8000 loss 3.5568 lr 3.00e-04 25.2 min
[e2e] step 8000 quick period probe (linear, 5 classes, n=4000) bal.acc 0.882
[e2e] step 8100 loss 3.5587 lr 3.00e-04 26.9 min
[e2e] step 8200 loss 3.5162 lr 3.00e-04 27.2 min
[e2e] step 8300 loss 3.4348 lr 3.00e-04 27.5 min
[e2e] step 8400 loss 3.4459 lr 3.00e-04 27.7 min
[e2e] step 8500 loss 3.4013 lr 3.00e-04 28.0 min
[e2e] step 8600 loss 3.3957 lr 3.00e-04 28.3 min
[e2e] step 8700 loss 3.4447 lr 3.00e-04 28.5 min
[e2e] step 8800 loss 3.4308 lr 3.00e-04 28.8 min
[e2e] step 8900 loss 3.4071 lr 3.00e-04 29.1 min
[e2e] step 9000 loss 3.4159 lr 3.00e-04 29.3 min
[e2e] step 9100 loss 3.3131 lr 3.00e-04 29.6 min
[e2e] step 9200 loss 3.3070 lr 3.00e-04 29.9 min
[e2e] step 9300 loss 3.3406 lr 3.00e-04 30.1 min
[e2e] step 9400 loss 3.3514 lr 3.00e-04 30.4 min
[e2e] step 9500 loss 3.3171 lr 3.00e-04 30.7 min
[e2e] step 9600 loss 3.3012 lr 3.00e-04 30.9 min
[e2e] step 9700 loss 3.2649 lr 3.00e-04 31.2 min
[e2e] step 9800 loss 3.2519 lr 3.00e-04 31.5 min
[e2e] step 9900 loss 3.2403 lr 3.00e-04 31.7 min
[e2e] step 10000 loss 3.2883 lr 3.00e-04 32.0 min
[e2e] step 10000 quick period probe (linear, 5 classes, n=4000) bal.acc 0.883
[e2e] step 10100 loss 3.2351 lr 3.00e-04 33.3 min
[e2e] step 10200 loss 3.2025 lr 3.00e-04 33.5 min
[e2e] step 10300 loss 3.1957 lr 3.00e-04 33.8 min
[e2e] step 10400 loss 3.2832 lr 3.00e-04 34.0 min
[e2e] step 10500 loss 3.2048 lr 3.00e-04 34.3 min
[e2e] step 10600 loss 3.1542 lr 3.00e-04 34.6 min
[e2e] step 10700 loss 3.1964 lr 3.00e-04 34.8 min
[e2e] step 10800 loss 3.1518 lr 3.00e-04 35.1 min
[e2e] step 10900 loss 3.1341 lr 3.00e-04 35.3 min
[e2e] step 11000 loss 3.1602 lr 3.00e-04 35.6 min
[e2e] step 11100 loss 3.2085 lr 3.00e-04 35.9 min
[e2e] step 11200 loss 3.1680 lr 3.00e-04 36.1 min
[e2e] step 11300 loss 3.1441 lr 3.00e-04 36.4 min
[e2e] step 11400 loss 3.1364 lr 3.00e-04 36.6 min
[e2e] step 11500 loss 3.1042 lr 3.00e-04 36.9 min
[e2e] step 11600 loss 3.1024 lr 3.00e-04 37.2 min
[e2e] step 11700 loss 3.1162 lr 3.00e-04 37.4 min
[e2e] step 11800 loss 3.0825 lr 3.00e-04 37.7 min
[e2e] step 11900 loss 3.1090 lr 3.00e-04 37.9 min
[e2e] step 12000 loss 3.0591 lr 3.00e-04 38.2 min
[e2e] step 12000 quick period probe (linear, 5 classes, n=4000) bal.acc 0.875
[e2e] step 12100 loss 3.0266 lr 3.00e-04 39.4 min
[e2e] step 12200 loss 3.0372 lr 3.00e-04 39.7 min
[e2e] step 12300 loss 3.0336 lr 3.00e-04 40.0 min
[e2e] step 12400 loss 3.0121 lr 3.00e-04 40.2 min
[e2e] step 12500 loss 3.0343 lr 3.00e-04 40.5 min
[e2e] step 12600 loss 3.0028 lr 3.00e-04 40.7 min
[e2e] step 12700 loss 3.0180 lr 3.00e-04 41.0 min
[e2e] step 12800 loss 2.9669 lr 3.00e-04 41.3 min
[e2e] step 12900 loss 2.9655 lr 3.00e-04 41.5 min
[e2e] step 13000 loss 2.9659 lr 3.00e-04 41.8 min
[e2e] step 13100 loss 2.9566 lr 3.00e-04 42.0 min
[e2e] step 13200 loss 2.9622 lr 3.00e-04 42.3 min
[e2e] step 13300 loss 2.9836 lr 3.00e-04 42.6 min
[e2e] step 13400 loss 2.9308 lr 3.00e-04 42.8 min
[e2e] step 13500 loss 2.9128 lr 3.00e-04 43.1 min
[e2e] step 13600 loss 2.9092 lr 3.00e-04 43.3 min
[e2e] step 13700 loss 2.9101 lr 3.00e-04 43.6 min
[e2e] step 13800 loss 2.9142 lr 3.00e-04 43.9 min
[e2e] step 13900 loss 2.9053 lr 3.00e-04 44.1 min
[e2e] step 14000 loss 2.8579 lr 3.00e-04 44.4 min
[e2e] step 14000 quick period probe (linear, 5 classes, n=4000) bal.acc 0.881
[e2e] step 14100 loss 2.9147 lr 3.00e-04 45.7 min
[e2e] step 14200 loss 2.8775 lr 3.00e-04 46.0 min
[e2e] step 14300 loss 2.8828 lr 3.00e-04 46.2 min
[e2e] step 14400 loss 2.9046 lr 3.00e-04 46.5 min
[e2e] step 14500 loss 2.8330 lr 3.00e-04 46.7 min
[e2e] step 14600 loss 2.8675 lr 3.00e-04 47.0 min
[e2e] step 14700 loss 2.8635 lr 3.00e-04 47.3 min
[e2e] step 14800 loss 2.8679 lr 3.00e-04 47.5 min
[e2e] step 14900 loss 2.8373 lr 3.00e-04 47.8 min
[e2e] step 15000 loss 2.8599 lr 3.00e-04 48.1 min
[e2e] step 15100 loss 2.8236 lr 3.00e-04 48.3 min
[e2e] step 15200 loss 2.8453 lr 3.00e-04 48.6 min
[e2e] step 15300 loss 2.8009 lr 3.00e-04 48.8 min
[e2e] step 15400 loss 2.8201 lr 3.00e-04 49.1 min
[e2e] step 15500 loss 2.7969 lr 3.00e-04 49.4 min
[e2e] step 15600 loss 2.7775 lr 3.00e-04 49.6 min
[e2e] step 15700 loss 2.7857 lr 3.00e-04 49.9 min
[e2e] step 15800 loss 2.7690 lr 3.00e-04 50.2 min
[e2e] step 15900 loss 2.7612 lr 3.00e-04 50.4 min
[e2e] step 16000 loss 2.7637 lr 3.00e-04 50.7 min
[e2e] step 16000 quick period probe (linear, 5 classes, n=4000) bal.acc 0.881
[e2e] step 16100 loss 2.7434 lr 3.00e-04 52.1 min
[e2e] step 16200 loss 2.8054 lr 3.00e-04 52.3 min
[e2e] step 16300 loss 2.7672 lr 3.00e-04 52.6 min
[e2e] step 16400 loss 2.7545 lr 3.00e-04 52.8 min
[e2e] step 16500 loss 2.7949 lr 3.00e-04 53.1 min
[e2e] step 16600 loss 2.7842 lr 3.00e-04 53.4 min
[e2e] step 16700 loss 2.7687 lr 3.00e-04 53.6 min
[e2e] step 16800 loss 2.6862 lr 3.00e-04 53.9 min
[e2e] step 16900 loss 2.7114 lr 3.00e-04 54.2 min
[e2e] step 17000 loss 2.7605 lr 3.00e-04 54.4 min
[e2e] step 17100 loss 2.7031 lr 3.00e-04 54.7 min
[e2e] step 17200 loss 2.7614 lr 3.00e-04 54.9 min
[e2e] step 17300 loss 2.6763 lr 3.00e-04 55.2 min
[e2e] step 17400 loss 2.7220 lr 3.00e-04 55.5 min
[e2e] step 17500 loss 2.7097 lr 3.00e-04 55.7 min
[e2e] step 17600 loss 2.7252 lr 3.00e-04 56.0 min
[e2e] step 17700 loss 2.6860 lr 3.00e-04 56.3 min
[e2e] step 17800 loss 2.7046 lr 3.00e-04 56.5 min
[e2e] step 17900 loss 2.6808 lr 3.00e-04 56.8 min
[e2e] step 18000 loss 2.7000 lr 3.00e-04 57.0 min
[e2e] step 18000 quick period probe (linear, 5 classes, n=4000) bal.acc 0.861
[e2e] step 18100 loss 2.6717 lr 3.00e-04 58.4 min
[e2e] step 18200 loss 2.7005 lr 3.00e-04 58.6 min
[e2e] step 18300 loss 2.6631 lr 3.00e-04 58.9 min
[e2e] step 18400 loss 2.6216 lr 3.00e-04 59.2 min
[e2e] step 18500 loss 2.6595 lr 3.00e-04 59.4 min
[e2e] step 18600 loss 2.6274 lr 3.00e-04 59.7 min
[e2e] step 18700 loss 2.6582 lr 3.00e-04 59.9 min
[e2e] step 18800 loss 2.6238 lr 3.00e-04 60.2 min
[e2e] step 18900 loss 2.6445 lr 3.00e-04 60.5 min
[e2e] step 19000 loss 2.6388 lr 3.00e-04 60.7 min
[e2e] step 19100 loss 2.6702 lr 3.00e-04 61.0 min
[e2e] step 19200 loss 2.6506 lr 3.00e-04 61.3 min
[e2e] step 19300 loss 2.6520 lr 3.00e-04 61.5 min
[e2e] step 19400 loss 2.6415 lr 3.00e-04 61.8 min
[e2e] step 19500 loss 2.5944 lr 3.00e-04 62.1 min
[e2e] step 19600 loss 2.5924 lr 3.00e-04 62.3 min
[e2e] step 19700 loss 2.6197 lr 3.00e-04 62.6 min
[e2e] step 19800 loss 2.6370 lr 3.00e-04 62.8 min
[e2e] step 19900 loss 2.5708 lr 3.00e-04 63.1 min
[e2e] step 20000 loss 2.6429 lr 3.00e-04 63.4 min
[e2e] step 20000 quick period probe (linear, 5 classes, n=4000) bal.acc 0.868
[e2e] step 20100 loss 2.5842 lr 3.00e-04 64.5 min
[e2e] step 20200 loss 2.5592 lr 3.00e-04 64.8 min
[e2e] step 20300 loss 2.5889 lr 3.00e-04 65.1 min
[e2e] step 20400 loss 2.6174 lr 3.00e-04 65.3 min
[e2e] step 20500 loss 2.6064 lr 3.00e-04 65.6 min
[e2e] step 20600 loss 2.5745 lr 3.00e-04 65.8 min
[e2e] step 20700 loss 2.5450 lr 3.00e-04 66.1 min
[e2e] step 20800 loss 2.5756 lr 3.00e-04 66.4 min
[e2e] step 20900 loss 2.5763 lr 3.00e-04 66.6 min
[e2e] step 21000 loss 2.5687 lr 3.00e-04 66.9 min
[e2e] step 21100 loss 2.5596 lr 3.00e-04 67.2 min
[e2e] step 21200 loss 2.5395 lr 3.00e-04 67.4 min
[e2e] step 21300 loss 2.5457 lr 3.00e-04 67.7 min
[e2e] step 21400 loss 2.5664 lr 3.00e-04 67.9 min
[e2e] step 21500 loss 2.5571 lr 3.00e-04 68.2 min
[e2e] step 21600 loss 2.5461 lr 3.00e-04 68.5 min
[e2e] step 21700 loss 2.5495 lr 3.00e-04 68.7 min
[e2e] step 21800 loss 2.5218 lr 3.00e-04 69.0 min
[e2e] step 21900 loss 2.5231 lr 3.00e-04 69.2 min
[e2e] step 22000 loss 2.5525 lr 3.00e-04 69.5 min
[e2e] step 22000 quick period probe (linear, 5 classes, n=4000) bal.acc 0.875
[e2e] step 22100 loss 2.5318 lr 3.00e-04 70.7 min
[e2e] step 22200 loss 2.5221 lr 3.00e-04 70.9 min
[e2e] step 22300 loss 2.5259 lr 3.00e-04 71.2 min
[e2e] step 22400 loss 2.5535 lr 3.00e-04 71.5 min
[e2e] step 22500 loss 2.5727 lr 3.00e-04 71.7 min
[e2e] step 22600 loss 2.5060 lr 3.00e-04 72.0 min
[e2e] step 22700 loss 2.5358 lr 3.00e-04 72.2 min
[e2e] step 22800 loss 2.5203 lr 3.00e-04 72.5 min
[e2e] step 22900 loss 2.4891 lr 3.00e-04 72.7 min
[e2e] step 23000 loss 2.4971 lr 3.00e-04 73.0 min
[e2e] step 23100 loss 2.5121 lr 3.00e-04 73.3 min
[e2e] step 23200 loss 2.5042 lr 3.00e-04 73.5 min
[e2e] step 23300 loss 2.4825 lr 3.00e-04 73.8 min
[e2e] step 23400 loss 2.4689 lr 3.00e-04 74.0 min
[e2e] step 23500 loss 2.5112 lr 3.00e-04 74.3 min
[e2e] step 23600 loss 2.4951 lr 3.00e-04 74.6 min
[e2e] step 23700 loss 2.5064 lr 3.00e-04 74.8 min
[e2e] step 23800 loss 2.4667 lr 3.00e-04 75.1 min
[e2e] step 23900 loss 2.4835 lr 3.00e-04 75.3 min
[e2e] step 24000 loss 2.4589 lr 3.00e-04 75.6 min
[e2e] step 24000 quick period probe (linear, 5 classes, n=4000) bal.acc 0.870
[e2e] step 24100 loss 2.4723 lr 3.00e-04 77.0 min
[e2e] step 24200 loss 2.4640 lr 3.00e-04 77.3 min
[e2e] step 24300 loss 2.4653 lr 3.00e-04 77.6 min
[e2e] step 24400 loss 2.4650 lr 3.00e-04 77.8 min
[e2e] step 24500 loss 2.4938 lr 3.00e-04 78.1 min
[e2e] step 24600 loss 2.4456 lr 3.00e-04 78.3 min
[e2e] step 24700 loss 2.4409 lr 3.00e-04 78.6 min
[e2e] step 24800 loss 2.4632 lr 3.00e-04 78.8 min
[e2e] step 24900 loss 2.4463 lr 3.00e-04 79.1 min
[e2e] step 25000 loss 2.4810 lr 3.00e-04 79.4 min
[e2e] step 25100 loss 2.4281 lr 3.00e-04 79.6 min
[e2e] step 25200 loss 2.4919 lr 3.00e-04 79.9 min
[e2e] step 25300 loss 2.4667 lr 3.00e-04 80.1 min
[e2e] step 25400 loss 2.4240 lr 3.00e-04 80.4 min
[e2e] step 25500 loss 2.4666 lr 3.00e-04 80.7 min
[e2e] step 25600 loss 2.4475 lr 3.00e-04 80.9 min
[e2e] step 25700 loss 2.4355 lr 3.00e-04 81.2 min
[e2e] step 25800 loss 2.4088 lr 3.00e-04 81.4 min
[e2e] step 25900 loss 2.4682 lr 3.00e-04 81.7 min
[e2e] step 26000 loss 2.4542 lr 3.00e-04 82.0 min
[e2e] step 26000 quick period probe (linear, 5 classes, n=4000) bal.acc 0.873
[e2e] step 26100 loss 2.4561 lr 3.00e-04 83.0 min
[e2e] step 26200 loss 2.4488 lr 3.00e-04 83.3 min
[e2e] step 26300 loss 2.4210 lr 3.00e-04 83.5 min
[e2e] step 26400 loss 2.3838 lr 3.00e-04 83.8 min
[e2e] step 26500 loss 2.4044 lr 3.00e-04 84.1 min
[e2e] step 26600 loss 2.4306 lr 3.00e-04 84.3 min
[e2e] step 26700 loss 2.4212 lr 3.00e-04 84.6 min
[e2e] step 26800 loss 2.4340 lr 3.00e-04 84.8 min
[e2e] step 26900 loss 2.4274 lr 3.00e-04 85.1 min
[e2e] step 27000 loss 2.4628 lr 3.00e-04 85.4 min
[e2e] step 27100 loss 2.3951 lr 3.00e-04 85.6 min
[e2e] step 27200 loss 2.4134 lr 3.00e-04 85.9 min
[e2e] step 27300 loss 2.4075 lr 3.00e-04 86.2 min
[e2e] step 27400 loss 2.4324 lr 3.00e-04 86.4 min
[e2e] step 27500 loss 2.4219 lr 3.00e-04 86.7 min
[e2e] step 27600 loss 2.4138 lr 3.00e-04 86.9 min
[e2e] step 27700 loss 2.4329 lr 3.00e-04 87.2 min
[e2e] step 27800 loss 2.3650 lr 3.00e-04 87.5 min
[e2e] step 27900 loss 2.3556 lr 3.00e-04 87.7 min
[e2e] step 28000 loss 2.4256 lr 3.00e-04 88.0 min
[e2e] step 28000 quick period probe (linear, 5 classes, n=4000) bal.acc 0.869
[e2e] step 28100 loss 2.4028 lr 3.00e-04 89.1 min
[e2e] step 28200 loss 2.4065 lr 3.00e-04 89.4 min
[e2e] step 28300 loss 2.4192 lr 3.00e-04 89.6 min
[e2e] step 28400 loss 2.3855 lr 3.00e-04 89.9 min
[e2e] step 28500 loss 2.3826 lr 3.00e-04 90.1 min
[e2e] step 28600 loss 2.4473 lr 3.00e-04 90.4 min
[e2e] step 28700 loss 2.3929 lr 3.00e-04 90.6 min
[e2e] step 28800 loss 2.4070 lr 3.00e-04 90.9 min
[e2e] step 28900 loss 2.3509 lr 3.00e-04 91.2 min
[e2e] step 29000 loss 2.3888 lr 3.00e-04 91.4 min
[e2e] step 29100 loss 2.3771 lr 3.00e-04 91.7 min
[e2e] step 29200 loss 2.3581 lr 3.00e-04 91.9 min
[e2e] step 29300 loss 2.3555 lr 3.00e-04 92.2 min
[e2e] step 29400 loss 2.3884 lr 3.00e-04 92.5 min
[e2e] step 29500 loss 2.4027 lr 3.00e-04 92.7 min
[e2e] step 29600 loss 2.3671 lr 3.00e-04 93.0 min
[e2e] step 29700 loss 2.3936 lr 3.00e-04 93.2 min
[e2e] step 29800 loss 2.4040 lr 3.00e-04 93.5 min
[e2e] step 29900 loss 2.3671 lr 3.00e-04 93.7 min
[e2e] step 30000 loss 2.3448 lr 3.00e-04 94.0 min
[e2e] step 30000 quick period probe (linear, 5 classes, n=4000) bal.acc 0.875
[e2e] step 30100 loss 2.3628 lr 3.00e-04 95.1 min
[e2e] step 30200 loss 2.3533 lr 3.00e-04 95.4 min
[e2e] step 30300 loss 2.3494 lr 3.00e-04 95.7 min
[e2e] step 30400 loss 2.3680 lr 3.00e-04 95.9 min
[e2e] step 30500 loss 2.3648 lr 3.00e-04 96.2 min
[e2e] step 30600 loss 2.3405 lr 3.00e-04 96.4 min
[e2e] step 30700 loss 2.3057 lr 3.00e-04 96.7 min
[e2e] step 30800 loss 2.3151 lr 3.00e-04 96.9 min
[e2e] step 30900 loss 2.3511 lr 3.00e-04 97.2 min
[e2e] step 31000 loss 2.3612 lr 3.00e-04 97.5 min
[e2e] step 31100 loss 2.3210 lr 3.00e-04 97.7 min
[e2e] step 31200 loss 2.3441 lr 3.00e-04 98.0 min
[e2e] step 31300 loss 2.3466 lr 3.00e-04 98.2 min
[e2e] step 31400 loss 2.2997 lr 3.00e-04 98.5 min
[e2e] step 31500 loss 2.3505 lr 3.00e-04 98.8 min
[e2e] step 31600 loss 2.3222 lr 3.00e-04 99.0 min
[e2e] step 31700 loss 2.3286 lr 3.00e-04 99.3 min
[e2e] step 31800 loss 2.3253 lr 3.00e-04 99.5 min
[e2e] step 31900 loss 2.3276 lr 3.00e-04 99.8 min
[e2e] step 32000 loss 2.3213 lr 3.00e-04 100.0 min
[e2e] step 32000 quick period probe (linear, 5 classes, n=4000) bal.acc 0.855
[e2e] step 32100 loss 2.3196 lr 3.00e-04 101.1 min
[e2e] step 32200 loss 2.3117 lr 3.00e-04 101.4 min
[e2e] step 32300 loss 2.3444 lr 3.00e-04 101.6 min
[e2e] step 32400 loss 2.3049 lr 3.00e-04 101.9 min
[e2e] step 32500 loss 2.2908 lr 3.00e-04 102.1 min
[e2e] step 32600 loss 2.3044 lr 3.00e-04 102.4 min
[e2e] step 32700 loss 2.2987 lr 3.00e-04 102.7 min
[e2e] step 32800 loss 2.3210 lr 3.00e-04 102.9 min
[e2e] step 32900 loss 2.3040 lr 3.00e-04 103.2 min
[e2e] step 33000 loss 2.3162 lr 3.00e-04 103.4 min
[e2e] step 33100 loss 2.2861 lr 3.00e-04 103.7 min
[e2e] step 33200 loss 2.2976 lr 3.00e-04 104.0 min
[e2e] step 33300 loss 2.2839 lr 3.00e-04 104.2 min
[e2e] step 33400 loss 2.2929 lr 3.00e-04 104.5 min
[e2e] step 33500 loss 2.3105 lr 3.00e-04 104.7 min
[e2e] step 33600 loss 2.2670 lr 3.00e-04 105.0 min
[e2e] step 33700 loss 2.2793 lr 3.00e-04 105.2 min
[e2e] step 33800 loss 2.2824 lr 3.00e-04 105.5 min
[e2e] step 33900 loss 2.2980 lr 3.00e-04 105.8 min
[e2e] step 34000 loss 2.3494 lr 3.00e-04 106.0 min
[e2e] step 34000 quick period probe (linear, 5 classes, n=4000) bal.acc 0.895
[e2e] step 34100 loss 2.2526 lr 3.00e-04 106.9 min
[e2e] step 34200 loss 2.2892 lr 3.00e-04 107.1 min
[e2e] step 34300 loss 2.2839 lr 3.00e-04 107.4 min
[e2e] step 34400 loss 2.3049 lr 3.00e-04 107.6 min
[e2e] step 34500 loss 2.3051 lr 3.00e-04 107.9 min
[e2e] step 34600 loss 2.2843 lr 3.00e-04 108.1 min
[e2e] step 34700 loss 2.2903 lr 3.00e-04 108.4 min
[e2e] step 34800 loss 2.2613 lr 3.00e-04 108.6 min
[e2e] step 34900 loss 2.2777 lr 3.00e-04 108.9 min
[e2e] step 35000 loss 2.2631 lr 3.00e-04 109.2 min
[e2e] step 35100 loss 2.2493 lr 3.00e-04 109.4 min
[e2e] step 35200 loss 2.2329 lr 3.00e-04 109.7 min
[e2e] step 35300 loss 2.2663 lr 3.00e-04 109.9 min
[e2e] step 35400 loss 2.2935 lr 3.00e-04 110.2 min
[e2e] step 35500 loss 2.2732 lr 3.00e-04 110.5 min
[e2e] step 35600 loss 2.2525 lr 3.00e-04 110.7 min
[e2e] step 35700 loss 2.2738 lr 3.00e-04 111.0 min
[e2e] step 35800 loss 2.2596 lr 3.00e-04 111.2 min
[e2e] step 35900 loss 2.3013 lr 3.00e-04 111.5 min
[e2e] step 36000 loss 2.2532 lr 3.00e-04 111.7 min
[e2e] step 36000 quick period probe (linear, 5 classes, n=4000) bal.acc 0.881
[e2e] step 36100 loss 2.2519 lr 3.00e-04 112.8 min
[e2e] step 36200 loss 2.2227 lr 3.00e-04 113.0 min
[e2e] step 36300 loss 2.2520 lr 3.00e-04 113.3 min
[e2e] step 36400 loss 2.2397 lr 3.00e-04 113.5 min
[e2e] step 36500 loss 2.2394 lr 3.00e-04 113.8 min
[e2e] step 36600 loss 2.2353 lr 3.00e-04 114.1 min
[e2e] step 36700 loss 2.2322 lr 3.00e-04 114.3 min
[e2e] step 36800 loss 2.2577 lr 3.00e-04 114.6 min
[e2e] step 36900 loss 2.2734 lr 3.00e-04 114.8 min
[e2e] step 37000 loss 2.2078 lr 3.00e-04 115.1 min
[e2e] step 37100 loss 2.2559 lr 3.00e-04 115.4 min
[e2e] step 37200 loss 2.2184 lr 3.00e-04 115.6 min
[e2e] step 37300 loss 2.2403 lr 3.00e-04 115.9 min
[e2e] step 37400 loss 2.2141 lr 3.00e-04 116.1 min
[e2e] step 37500 loss 2.2578 lr 3.00e-04 116.4 min
[e2e] step 37600 loss 2.2100 lr 3.00e-04 116.7 min
[e2e] step 37700 loss 2.2015 lr 3.00e-04 116.9 min
[e2e] step 37800 loss 2.2678 lr 3.00e-04 117.2 min
[e2e] step 37900 loss 2.2499 lr 3.00e-04 117.4 min
[e2e] step 38000 loss 2.2459 lr 3.00e-04 117.7 min
[e2e] step 38000 quick period probe (linear, 5 classes, n=4000) bal.acc 0.867
[e2e] step 38100 loss 2.2237 lr 3.00e-04 118.9 min
[e2e] step 38200 loss 2.2467 lr 3.00e-04 119.1 min
[e2e] step 38300 loss 2.2026 lr 3.00e-04 119.4 min
[e2e] step 38400 loss 2.2346 lr 3.00e-04 119.6 min
[e2e] step 38500 loss 2.2388 lr 3.00e-04 119.9 min
[e2e] step 38600 loss 2.2425 lr 3.00e-04 120.1 min
[e2e] step 38700 loss 2.2488 lr 3.00e-04 120.4 min
[e2e] step 38800 loss 2.2178 lr 3.00e-04 120.7 min
[e2e] step 38900 loss 2.2143 lr 3.00e-04 120.9 min
[e2e] step 39000 loss 2.2139 lr 3.00e-04 121.2 min
[e2e] step 39100 loss 2.2097 lr 3.00e-04 121.4 min
[e2e] step 39200 loss 2.2458 lr 3.00e-04 121.7 min
[e2e] step 39300 loss 2.2181 lr 3.00e-04 122.0 min
[e2e] step 39400 loss 2.2014 lr 3.00e-04 122.2 min
[e2e] step 39500 loss 2.2191 lr 3.00e-04 122.5 min
[e2e] step 39600 loss 2.2419 lr 3.00e-04 122.7 min
[e2e] step 39700 loss 2.1947 lr 3.00e-04 123.0 min
[e2e] step 39800 loss 2.2094 lr 3.00e-04 123.3 min
[e2e] step 39900 loss 2.1974 lr 3.00e-04 123.5 min
[e2e] step 40000 loss 2.1929 lr 3.00e-04 123.8 min
[e2e] step 40000 quick period probe (linear, 5 classes, n=4000) bal.acc 0.874
[e2e] step 40100 loss 2.2180 lr 3.00e-04 125.0 min
[e2e] step 40200 loss 2.2010 lr 3.00e-04 125.2 min
[e2e] step 40300 loss 2.1789 lr 3.00e-04 125.5 min
[e2e] step 40400 loss 2.2766 lr 3.00e-04 125.8 min
[e2e] step 40500 loss 2.1819 lr 3.00e-04 126.0 min
[e2e] step 40600 loss 2.1719 lr 3.00e-04 126.3 min
[e2e] step 40700 loss 2.2144 lr 3.00e-04 126.5 min
[e2e] step 40800 loss 2.1818 lr 3.00e-04 126.8 min
[e2e] step 40900 loss 2.1780 lr 3.00e-04 127.1 min
[e2e] step 41000 loss 2.2029 lr 3.00e-04 127.3 min
[e2e] step 41100 loss 2.2089 lr 3.00e-04 127.6 min
[e2e] step 41200 loss 2.2005 lr 3.00e-04 127.8 min
[e2e] step 41300 loss 2.2145 lr 3.00e-04 128.1 min
[e2e] step 41400 loss 2.2129 lr 3.00e-04 128.3 min
[e2e] step 41500 loss 2.2031 lr 3.00e-04 128.6 min
[e2e] step 41600 loss 2.1762 lr 3.00e-04 128.9 min
[e2e] step 41700 loss 2.1943 lr 3.00e-04 129.1 min
[e2e] step 41800 loss 2.1947 lr 3.00e-04 129.4 min
[e2e] step 41900 loss 2.1846 lr 3.00e-04 129.6 min
[e2e] step 42000 loss 2.2018 lr 3.00e-04 129.9 min
[e2e] step 42000 quick period probe (linear, 5 classes, n=4000) bal.acc 0.869
[e2e] step 42100 loss 2.1613 lr 3.00e-04 130.7 min
[e2e] step 42200 loss 2.2077 lr 3.00e-04 131.0 min
[e2e] step 42300 loss 2.1981 lr 3.00e-04 131.2 min
[e2e] step 42400 loss 2.1972 lr 3.00e-04 131.5 min
[e2e] step 42500 loss 2.1719 lr 3.00e-04 131.8 min
[e2e] step 42600 loss 2.2108 lr 3.00e-04 132.0 min
[e2e] step 42700 loss 2.2223 lr 3.00e-04 132.3 min
[e2e] step 42800 loss 2.1768 lr 3.00e-04 132.5 min
[e2e] step 42900 loss 2.2107 lr 3.00e-04 132.8 min
[e2e] step 43000 loss 2.1801 lr 3.00e-04 133.0 min
[e2e] step 43100 loss 2.1982 lr 3.00e-04 133.3 min
[e2e] step 43200 loss 2.1987 lr 3.00e-04 133.6 min
[e2e] step 43300 loss 2.1960 lr 3.00e-04 133.8 min
[e2e] step 43400 loss 2.2074 lr 3.00e-04 134.1 min
[e2e] step 43500 loss 2.1618 lr 3.00e-04 134.3 min
[e2e] step 43600 loss 2.1628 lr 3.00e-04 134.6 min
[e2e] step 43700 loss 2.1841 lr 3.00e-04 134.8 min
[e2e] step 43800 loss 2.1727 lr 3.00e-04 135.1 min
[e2e] step 43900 loss 2.1825 lr 3.00e-04 135.4 min
[e2e] step 44000 loss 2.1853 lr 3.00e-04 135.6 min
[e2e] step 44000 quick period probe (linear, 5 classes, n=4000) bal.acc 0.861
[e2e] step 44100 loss 2.2008 lr 3.00e-04 136.5 min
[e2e] step 44200 loss 2.1389 lr 3.00e-04 136.7 min
[e2e] step 44300 loss 2.2020 lr 3.00e-04 137.0 min
[e2e] step 44400 loss 2.1841 lr 3.00e-04 137.2 min
[e2e] step 44500 loss 2.1790 lr 3.00e-04 137.5 min
[e2e] step 44600 loss 2.1576 lr 3.00e-04 137.7 min
[e2e] step 44700 loss 2.2061 lr 3.00e-04 138.0 min
[e2e] step 44800 loss 2.1777 lr 3.00e-04 138.3 min
[e2e] step 44900 loss 2.1709 lr 3.00e-04 138.5 min
[e2e] step 45000 loss 2.1819 lr 3.00e-04 138.8 min
[e2e] step 45100 loss 2.1831 lr 3.00e-04 139.0 min
[e2e] step 45200 loss 2.1805 lr 3.00e-04 139.3 min
[e2e] step 45300 loss 2.1778 lr 3.00e-04 139.6 min
[e2e] step 45400 loss 2.1622 lr 3.00e-04 139.8 min
[e2e] step 45500 loss 2.1414 lr 3.00e-04 140.1 min
[e2e] step 45600 loss 2.1207 lr 3.00e-04 140.3 min
[e2e] step 45700 loss 2.1513 lr 3.00e-04 140.6 min
[e2e] step 45800 loss 2.1564 lr 3.00e-04 140.8 min
[e2e] step 45900 loss 2.1675 lr 3.00e-04 141.1 min
[e2e] step 46000 loss 2.1595 lr 3.00e-04 141.4 min
[e2e] step 46000 quick period probe (linear, 5 classes, n=4000) bal.acc 0.874
[e2e] step 46100 loss 2.1974 lr 3.00e-04 142.4 min
[e2e] step 46200 loss 2.1388 lr 3.00e-04 142.6 min
[e2e] step 46300 loss 2.1794 lr 3.00e-04 142.9 min
[e2e] step 46400 loss 2.1615 lr 3.00e-04 143.1 min
[e2e] step 46500 loss 2.1495 lr 3.00e-04 143.4 min
[e2e] step 46600 loss 2.1780 lr 3.00e-04 143.7 min
[e2e] step 46700 loss 2.1821 lr 3.00e-04 143.9 min
[e2e] step 46800 loss 2.1481 lr 3.00e-04 144.2 min
[e2e] step 46900 loss 2.1889 lr 3.00e-04 144.4 min
[e2e] step 47000 loss 2.1366 lr 3.00e-04 144.7 min
[e2e] step 47100 loss 2.1477 lr 3.00e-04 145.0 min
[e2e] step 47200 loss 2.1503 lr 3.00e-04 145.2 min
[e2e] step 47300 loss 2.1701 lr 3.00e-04 145.5 min
[e2e] step 47400 loss 2.1862 lr 3.00e-04 145.7 min
[e2e] step 47500 loss 2.1249 lr 3.00e-04 146.0 min
[e2e] step 47600 loss 2.1340 lr 3.00e-04 146.2 min
[e2e] step 47700 loss 2.1416 lr 3.00e-04 146.5 min
[e2e] step 47800 loss 2.1768 lr 3.00e-04 146.8 min
[e2e] step 47900 loss 2.1386 lr 3.00e-04 147.0 min
[e2e] step 48000 loss 2.1526 lr 3.00e-04 147.3 min
[e2e] step 48000 quick period probe (linear, 5 classes, n=4000) bal.acc 0.862
[e2e] step 48100 loss 2.1485 lr 3.00e-04 148.3 min
[e2e] step 48200 loss 2.1379 lr 3.00e-04 148.5 min
[e2e] step 48300 loss 2.1737 lr 3.00e-04 148.8 min
[e2e] step 48400 loss 2.1560 lr 3.00e-04 149.1 min
[e2e] step 48500 loss 2.1301 lr 3.00e-04 149.3 min
[e2e] step 48600 loss 2.1471 lr 3.00e-04 149.6 min
[e2e] step 48700 loss 2.1549 lr 3.00e-04 149.8 min
[e2e] step 48800 loss 2.2012 lr 3.00e-04 150.1 min
[e2e] step 48900 loss 2.1455 lr 3.00e-04 150.3 min
[e2e] step 49000 loss 2.1578 lr 3.00e-04 150.6 min
[e2e] step 49100 loss 2.1401 lr 3.00e-04 150.9 min
[e2e] step 49200 loss 2.1460 lr 3.00e-04 151.1 min
[e2e] step 49300 loss 2.1192 lr 3.00e-04 151.4 min
[e2e] step 49400 loss 2.1297 lr 3.00e-04 151.6 min
[e2e] step 49500 loss 2.1719 lr 3.00e-04 151.9 min
[e2e] step 49600 loss 2.1567 lr 3.00e-04 152.1 min
[e2e] step 49700 loss 2.1370 lr 3.00e-04 152.4 min
[e2e] step 49800 loss 2.1583 lr 3.00e-04 152.7 min
[e2e] step 49900 loss 2.1421 lr 3.00e-04 152.9 min
[e2e] step 50000 loss 2.1318 lr 3.00e-04 153.2 min
[e2e] step 50000 quick period probe (linear, 5 classes, n=4000) bal.acc 0.869
[e2e] step 50100 loss 2.1810 lr 3.00e-04 154.1 min
[e2e] step 50200 loss 2.1652 lr 3.00e-04 154.4 min
[e2e] step 50300 loss 2.1505 lr 3.00e-04 154.6 min
[e2e] step 50400 loss 2.1084 lr 3.00e-04 154.9 min
[e2e] step 50500 loss 2.1306 lr 3.00e-04 155.2 min
[e2e] step 50600 loss 2.1224 lr 3.00e-04 155.4 min
[e2e] step 50700 loss 2.1288 lr 3.00e-04 155.7 min
[e2e] step 50800 loss 2.1230 lr 3.00e-04 155.9 min
[e2e] step 50900 loss 2.1602 lr 3.00e-04 156.2 min
[e2e] step 51000 loss 2.1254 lr 3.00e-04 156.5 min
[e2e] step 51100 loss 2.1343 lr 3.00e-04 156.7 min
[e2e] step 51200 loss 2.1398 lr 3.00e-04 157.0 min
[e2e] step 51300 loss 2.1009 lr 3.00e-04 157.2 min
[e2e] step 51400 loss 2.1369 lr 3.00e-04 157.5 min
[e2e] step 51500 loss 2.1201 lr 3.00e-04 157.8 min
[e2e] step 51600 loss 2.1216 lr 3.00e-04 158.0 min
[e2e] step 51700 loss 2.1532 lr 3.00e-04 158.3 min
[e2e] step 51800 loss 2.1952 lr 3.00e-04 158.5 min
[e2e] step 51900 loss 2.1235 lr 3.00e-04 158.8 min
[e2e] step 52000 loss 2.0871 lr 3.00e-04 159.1 min
[e2e] step 52000 quick period probe (linear, 5 classes, n=4000) bal.acc 0.861
[e2e] step 52100 loss 2.1101 lr 3.00e-04 160.0 min
[e2e] step 52200 loss 2.1471 lr 3.00e-04 160.2 min
[e2e] step 52300 loss 2.1413 lr 3.00e-04 160.5 min
[e2e] step 52400 loss 2.1385 lr 3.00e-04 160.8 min
[e2e] step 52500 loss 2.1500 lr 3.00e-04 161.0 min
[e2e] step 52600 loss 2.1472 lr 3.00e-04 161.3 min
[e2e] step 52700 loss 2.1619 lr 3.00e-04 161.5 min
[e2e] step 52800 loss 2.0930 lr 3.00e-04 161.8 min
[e2e] step 52900 loss 2.1086 lr 3.00e-04 162.0 min
[e2e] step 53000 loss 2.1310 lr 3.00e-04 162.3 min
[e2e] step 53100 loss 2.1146 lr 3.00e-04 162.6 min
[e2e] step 53200 loss 2.1384 lr 3.00e-04 162.8 min
[e2e] step 53300 loss 2.1354 lr 3.00e-04 163.1 min
[e2e] step 53400 loss 2.1436 lr 3.00e-04 163.3 min
[e2e] step 53500 loss 2.1167 lr 3.00e-04 163.6 min
[e2e] step 53600 loss 2.1208 lr 3.00e-04 163.8 min
[e2e] step 53700 loss 2.1428 lr 3.00e-04 164.1 min
[e2e] step 53800 loss 2.1458 lr 3.00e-04 164.4 min
[e2e] step 53900 loss 2.1425 lr 3.00e-04 164.6 min
[e2e] step 54000 loss 2.1338 lr 3.00e-04 164.9 min
[e2e] step 54000 quick period probe (linear, 5 classes, n=4000) bal.acc 0.855
[e2e] step 54100 loss 2.1037 lr 3.00e-04 166.2 min
[e2e] step 54200 loss 2.1212 lr 3.00e-04 166.4 min
[e2e] step 54300 loss 2.1114 lr 3.00e-04 166.7 min
[e2e] step 54400 loss 2.1201 lr 3.00e-04 166.9 min
[e2e] step 54500 loss 2.1026 lr 3.00e-04 167.2 min
[e2e] step 54600 loss 2.1170 lr 3.00e-04 167.4 min
[e2e] step 54700 loss 2.1343 lr 3.00e-04 167.7 min
[e2e] step 54800 loss 2.1239 lr 3.00e-04 168.0 min
[e2e] step 54900 loss 2.1238 lr 3.00e-04 168.2 min
[e2e] step 55000 loss 2.1433 lr 3.00e-04 168.5 min
[e2e] step 55100 loss 2.1421 lr 3.00e-04 168.7 min
[e2e] step 55200 loss 2.1291 lr 3.00e-04 169.0 min
[e2e] step 55300 loss 2.1614 lr 3.00e-04 169.3 min
[e2e] step 55400 loss 2.1153 lr 3.00e-04 169.5 min
[e2e] step 55500 loss 2.1004 lr 3.00e-04 169.8 min
[e2e] step 55600 loss 2.1154 lr 3.00e-04 170.0 min
[e2e] step 55700 loss 2.1192 lr 3.00e-04 170.3 min
[e2e] step 55800 loss 2.1194 lr 3.00e-04 170.6 min
[e2e] step 55900 loss 2.1159 lr 3.00e-04 170.8 min
[e2e] step 56000 loss 2.1054 lr 3.00e-04 171.1 min
[e2e] step 56000 quick period probe (linear, 5 classes, n=4000) bal.acc 0.856
[e2e] step 56100 loss 2.0942 lr 3.00e-04 172.3 min
[e2e] step 56200 loss 2.1379 lr 3.00e-04 172.5 min
[e2e] step 56300 loss 2.1426 lr 3.00e-04 172.8 min
[e2e] step 56400 loss 2.1167 lr 3.00e-04 173.1 min
[e2e] step 56500 loss 2.1196 lr 3.00e-04 173.3 min
[e2e] step 56600 loss 2.0785 lr 3.00e-04 173.6 min
[e2e] step 56700 loss 2.1155 lr 3.00e-04 173.8 min
[e2e] step 56800 loss 2.1152 lr 3.00e-04 174.1 min
[e2e] step 56900 loss 2.0878 lr 3.00e-04 174.4 min
[e2e] step 57000 loss 2.0935 lr 3.00e-04 174.6 min
[e2e] step 57100 loss 2.1054 lr 3.00e-04 174.9 min
[e2e] step 57200 loss 2.1204 lr 3.00e-04 175.1 min
[e2e] step 57300 loss 2.1280 lr 3.00e-04 175.4 min
[e2e] step 57400 loss 2.1029 lr 3.00e-04 175.7 min
[e2e] step 57500 loss 2.1441 lr 3.00e-04 175.9 min
[e2e] step 57600 loss 2.1272 lr 3.00e-04 176.2 min
[e2e] step 57700 loss 2.1176 lr 3.00e-04 176.4 min
[e2e] step 57800 loss 2.1231 lr 3.00e-04 176.7 min
[e2e] step 57900 loss 2.1094 lr 3.00e-04 176.9 min
[e2e] step 58000 loss 2.1077 lr 3.00e-04 177.2 min
[e2e] step 58000 quick period probe (linear, 5 classes, n=4000) bal.acc 0.860
[e2e] step 58100 loss 2.1108 lr 3.00e-04 178.2 min
[e2e] step 58200 loss 2.0859 lr 3.00e-04 178.5 min
[e2e] step 58300 loss 2.1230 lr 3.00e-04 178.7 min
[e2e] step 58400 loss 2.0891 lr 3.00e-04 179.0 min
[e2e] step 58500 loss 2.0953 lr 3.00e-04 179.2 min
[e2e] step 58600 loss 2.1222 lr 3.00e-04 179.5 min
[e2e] step 58700 loss 2.1026 lr 3.00e-04 179.8 min
[e2e] step 58800 loss 2.1081 lr 3.00e-04 180.0 min
[e2e] step 58900 loss 2.1095 lr 3.00e-04 180.3 min
[e2e] step 59000 loss 2.0759 lr 3.00e-04 180.5 min
[e2e] step 59100 loss 2.0806 lr 3.00e-04 180.8 min
[e2e] step 59200 loss 2.0980 lr 3.00e-04 181.1 min
[e2e] step 59300 loss 2.0561 lr 3.00e-04 181.3 min
[e2e] step 59400 loss 2.0495 lr 3.00e-04 181.6 min
[e2e] step 59500 loss 2.0818 lr 3.00e-04 181.8 min
[e2e] step 59600 loss 2.1119 lr 3.00e-04 182.1 min
[e2e] step 59700 loss 2.0707 lr 3.00e-04 182.4 min
[e2e] step 59800 loss 2.1105 lr 3.00e-04 182.6 min
[e2e] step 59900 loss 2.0819 lr 3.00e-04 182.9 min
[e2e] step 60000 loss 2.0890 lr 3.00e-04 183.1 min
[e2e] step 60000 quick period probe (linear, 5 classes, n=4000) bal.acc 0.860
[e2e] step 60100 loss 2.0501 lr 3.00e-04 184.1 min
[e2e] step 60200 loss 2.1176 lr 3.00e-04 184.3 min
[e2e] step 60300 loss 2.0592 lr 3.00e-04 184.6 min
[e2e] step 60400 loss 2.0892 lr 3.00e-04 184.8 min
[e2e] step 60500 loss 2.1071 lr 3.00e-04 185.1 min
[e2e] step 60600 loss 2.0714 lr 3.00e-04 185.3 min
[e2e] step 60700 loss 2.0810 lr 3.00e-04 185.6 min
[e2e] step 60800 loss 2.0840 lr 3.00e-04 185.9 min
[e2e] step 60900 loss 2.0814 lr 3.00e-04 186.1 min
[e2e] step 61000 loss 2.1105 lr 3.00e-04 186.4 min
[e2e] step 61100 loss 2.0786 lr 3.00e-04 186.6 min
[e2e] step 61200 loss 2.0890 lr 3.00e-04 186.9 min
[e2e] step 61300 loss 2.0832 lr 3.00e-04 187.2 min
[e2e] step 61400 loss 2.0916 lr 3.00e-04 187.4 min
[e2e] step 61500 loss 2.0657 lr 3.00e-04 187.7 min
[e2e] step 61600 loss 2.0590 lr 3.00e-04 187.9 min
[e2e] step 61700 loss 2.0924 lr 3.00e-04 188.2 min
[e2e] step 61800 loss 2.0661 lr 3.00e-04 188.5 min
[e2e] step 61900 loss 2.0963 lr 3.00e-04 188.7 min
[e2e] step 62000 loss 2.0762 lr 3.00e-04 189.0 min
[e2e] step 62000 quick period probe (linear, 5 classes, n=4000) bal.acc 0.875
[e2e] step 62100 loss 2.0917 lr 3.00e-04 189.8 min
[e2e] step 62200 loss 2.0795 lr 3.00e-04 190.0 min
[e2e] step 62300 loss 2.0887 lr 3.00e-04 190.3 min
[e2e] step 62400 loss 2.0692 lr 3.00e-04 190.6 min
[e2e] step 62500 loss 2.0708 lr 3.00e-04 190.8 min
[e2e] step 62600 loss 2.0862 lr 3.00e-04 191.1 min
[e2e] step 62700 loss 2.0554 lr 3.00e-04 191.3 min
[e2e] step 62800 loss 2.0598 lr 3.00e-04 191.6 min
[e2e] step 62900 loss 2.0699 lr 3.00e-04 191.9 min
[e2e] step 63000 loss 2.0938 lr 3.00e-04 192.1 min
[e2e] step 63100 loss 2.0495 lr 3.00e-04 192.4 min
[e2e] step 63200 loss 2.0706 lr 3.00e-04 192.6 min
[e2e] step 63300 loss 2.0675 lr 3.00e-04 192.9 min
[e2e] step 63400 loss 2.0589 lr 3.00e-04 193.2 min
[e2e] step 63500 loss 2.0594 lr 3.00e-04 193.4 min
[e2e] step 63600 loss 2.0937 lr 3.00e-04 193.7 min
[e2e] step 63700 loss 2.0638 lr 3.00e-04 193.9 min
[e2e] step 63800 loss 2.0552 lr 3.00e-04 194.2 min
[e2e] step 63900 loss 2.0518 lr 3.00e-04 194.5 min
[e2e] step 64000 loss 2.0676 lr 3.00e-04 194.7 min
[e2e] step 64000 quick period probe (linear, 5 classes, n=4000) bal.acc 0.857
[e2e] step 64100 loss 2.0736 lr 3.00e-04 195.6 min
[e2e] step 64200 loss 2.0565 lr 3.00e-04 195.8 min
[e2e] step 64300 loss 2.0294 lr 3.00e-04 196.1 min
[e2e] step 64400 loss 2.1123 lr 3.00e-04 196.4 min
[e2e] step 64500 loss 2.0841 lr 3.00e-04 196.6 min
[e2e] step 64600 loss 2.0642 lr 3.00e-04 196.9 min
[e2e] step 64700 loss 2.0541 lr 3.00e-04 197.1 min
[e2e] step 64800 loss 2.0539 lr 3.00e-04 197.4 min
[e2e] step 64900 loss 2.0744 lr 3.00e-04 197.6 min
[e2e] step 65000 loss 2.0819 lr 3.00e-04 197.9 min
[e2e] step 65100 loss 2.0547 lr 3.00e-04 198.2 min
[e2e] step 65200 loss 2.0613 lr 3.00e-04 198.4 min
[e2e] step 65300 loss 2.0483 lr 3.00e-04 198.7 min
[e2e] step 65400 loss 2.0852 lr 3.00e-04 199.0 min
[e2e] step 65500 loss 2.0568 lr 3.00e-04 199.2 min
[e2e] step 65600 loss 2.0638 lr 3.00e-04 199.5 min
[e2e] step 65700 loss 2.0760 lr 3.00e-04 199.7 min
[e2e] step 65800 loss 2.0972 lr 3.00e-04 200.0 min
[e2e] step 65900 loss 2.0626 lr 3.00e-04 200.2 min
[e2e] step 66000 loss 2.0797 lr 3.00e-04 200.5 min
[e2e] step 66000 quick period probe (linear, 5 classes, n=4000) bal.acc 0.869
[e2e] step 66100 loss 2.0658 lr 3.00e-04 201.5 min
[e2e] step 66200 loss 2.0853 lr 3.00e-04 201.8 min
[e2e] step 66300 loss 2.0605 lr 3.00e-04 202.0 min
[e2e] step 66400 loss 2.0633 lr 3.00e-04 202.3 min
[e2e] step 66500 loss 2.0969 lr 3.00e-04 202.5 min
[e2e] step 66600 loss 2.0577 lr 3.00e-04 202.8 min
[e2e] step 66700 loss 2.0543 lr 3.00e-04 203.1 min
[e2e] step 66800 loss 2.0626 lr 3.00e-04 203.3 min
[e2e] step 66900 loss 2.0938 lr 3.00e-04 203.6 min
[e2e] step 67000 loss 2.0206 lr 3.00e-04 203.8 min
[e2e] step 67100 loss 2.0686 lr 3.00e-04 204.1 min
[e2e] step 67200 loss 2.0732 lr 3.00e-04 204.4 min
[e2e] step 67300 loss 2.0201 lr 3.00e-04 204.6 min
[e2e] step 67400 loss 2.0556 lr 3.00e-04 204.9 min
[e2e] step 67500 loss 2.0616 lr 3.00e-04 205.1 min
[e2e] step 67600 loss 2.0584 lr 3.00e-04 205.4 min
[e2e] step 67700 loss 2.0643 lr 3.00e-04 205.7 min
[e2e] step 67800 loss 2.0720 lr 3.00e-04 205.9 min
[e2e] step 67900 loss 2.0494 lr 3.00e-04 206.2 min
[e2e] step 68000 loss 2.0675 lr 3.00e-04 206.4 min
[e2e] step 68000 quick period probe (linear, 5 classes, n=4000) bal.acc 0.854
[e2e] step 68100 loss 2.0286 lr 3.00e-04 207.3 min
[e2e] step 68200 loss 2.0582 lr 3.00e-04 207.6 min
[e2e] step 68300 loss 2.0822 lr 3.00e-04 207.8 min
[e2e] step 68400 loss 2.0468 lr 3.00e-04 208.1 min
[e2e] step 68500 loss 2.0608 lr 3.00e-04 208.4 min
[e2e] step 68600 loss 2.0860 lr 3.00e-04 208.6 min
[e2e] step 68700 loss 2.0439 lr 3.00e-04 208.9 min
[e2e] step 68800 loss 2.0598 lr 3.00e-04 209.1 min
[e2e] step 68900 loss 2.0102 lr 3.00e-04 209.4 min
[e2e] step 69000 loss 2.0388 lr 3.00e-04 209.6 min
[e2e] step 69100 loss 2.0598 lr 3.00e-04 209.9 min
[e2e] step 69200 loss 2.0501 lr 3.00e-04 210.2 min
[e2e] step 69300 loss 2.0694 lr 3.00e-04 210.4 min
[e2e] step 69400 loss 2.0647 lr 3.00e-04 210.7 min
[e2e] step 69500 loss 2.0660 lr 3.00e-04 211.0 min
[e2e] step 69600 loss 2.0772 lr 3.00e-04 211.2 min
[e2e] step 69700 loss 2.0380 lr 3.00e-04 211.5 min
[e2e] step 69800 loss 2.0625 lr 3.00e-04 211.7 min
[e2e] step 69900 loss 2.0463 lr 3.00e-04 212.0 min
[e2e] step 70000 loss 2.0781 lr 3.00e-04 212.3 min
[e2e] step 70000 quick period probe (linear, 5 classes, n=4000) bal.acc 0.875
[e2e] step 70100 loss 2.0743 lr 3.00e-04 213.3 min
[e2e] step 70200 loss 2.0289 lr 3.00e-04 213.5 min
[e2e] step 70300 loss 2.0415 lr 3.00e-04 213.8 min
[e2e] step 70400 loss 2.0542 lr 3.00e-04 214.1 min
[e2e] step 70500 loss 2.0163 lr 3.00e-04 214.3 min
[e2e] step 70600 loss 2.0366 lr 3.00e-04 214.6 min
[e2e] step 70700 loss 2.0453 lr 3.00e-04 214.8 min
[e2e] step 70800 loss 2.0491 lr 3.00e-04 215.1 min
[e2e] step 70900 loss 2.0361 lr 3.00e-04 215.3 min
[e2e] step 71000 loss 2.0062 lr 3.00e-04 215.6 min
[e2e] step 71100 loss 2.0578 lr 3.00e-04 215.9 min
[e2e] step 71200 loss 2.0617 lr 3.00e-04 216.1 min
[e2e] step 71300 loss 2.0688 lr 3.00e-04 216.4 min
[e2e] step 71400 loss 2.0832 lr 3.00e-04 216.7 min
[e2e] step 71500 loss 2.0516 lr 3.00e-04 216.9 min
[e2e] step 71600 loss 2.0308 lr 3.00e-04 217.2 min
[e2e] step 71700 loss 2.0389 lr 3.00e-04 217.4 min
[e2e] step 71800 loss 2.0640 lr 3.00e-04 217.7 min
[e2e] step 71900 loss 2.0338 lr 3.00e-04 217.9 min
[e2e] step 72000 loss 2.0516 lr 3.00e-04 218.2 min
[e2e] step 72000 quick period probe (linear, 5 classes, n=4000) bal.acc 0.862
[e2e] step 72100 loss 2.0228 lr 3.00e-04 219.1 min
[e2e] step 72200 loss 2.0515 lr 3.00e-04 219.4 min
[e2e] step 72300 loss 2.0373 lr 3.00e-04 219.6 min
[e2e] step 72400 loss 2.0585 lr 3.00e-04 219.9 min
[e2e] step 72500 loss 2.0271 lr 3.00e-04 220.2 min
[e2e] step 72600 loss 2.0812 lr 3.00e-04 220.4 min
[e2e] step 72700 loss 2.0171 lr 3.00e-04 220.7 min
[e2e] step 72800 loss 2.0192 lr 3.00e-04 220.9 min
[e2e] step 72900 loss 2.0426 lr 3.00e-04 221.2 min
[e2e] step 73000 loss 2.0103 lr 3.00e-04 221.5 min
[e2e] step 73100 loss 2.0534 lr 3.00e-04 221.7 min
[e2e] step 73200 loss 2.0301 lr 3.00e-04 222.0 min
[e2e] step 73300 loss 2.0276 lr 3.00e-04 222.3 min
[e2e] step 73400 loss 2.0422 lr 3.00e-04 222.5 min
[e2e] step 73500 loss 2.0240 lr 3.00e-04 222.8 min
[e2e] step 73600 loss 2.0153 lr 3.00e-04 223.0 min
[e2e] step 73700 loss 2.0524 lr 3.00e-04 223.3 min
[e2e] step 73800 loss 2.0290 lr 3.00e-04 223.5 min
[e2e] step 73900 loss 2.0734 lr 3.00e-04 223.8 min
[e2e] step 74000 loss 2.0495 lr 3.00e-04 224.1 min
[e2e] step 74000 quick period probe (linear, 5 classes, n=4000) bal.acc 0.868
[e2e] step 74100 loss 2.0418 lr 3.00e-04 225.1 min
[e2e] step 74200 loss 2.0788 lr 3.00e-04 225.3 min
[e2e] step 74300 loss 2.0204 lr 3.00e-04 225.6 min
[e2e] step 74400 loss 2.0189 lr 3.00e-04 225.8 min
[e2e] step 74500 loss 2.0428 lr 3.00e-04 226.1 min
[e2e] step 74600 loss 2.0093 lr 3.00e-04 226.3 min
[e2e] step 74700 loss 2.0838 lr 3.00e-04 226.6 min
[e2e] step 74800 loss 2.0332 lr 3.00e-04 226.9 min
[e2e] step 74900 loss 2.0610 lr 3.00e-04 227.1 min
[e2e] step 75000 loss 2.0291 lr 3.00e-04 227.4 min
[e2e] step 75100 loss 2.0362 lr 3.00e-04 227.6 min
[e2e] step 75200 loss 2.0077 lr 3.00e-04 227.9 min
[e2e] step 75300 loss 2.0178 lr 3.00e-04 228.2 min
[e2e] step 75400 loss 1.9836 lr 3.00e-04 228.4 min
[e2e] step 75500 loss 2.0538 lr 3.00e-04 228.7 min
[e2e] step 75600 loss 2.0198 lr 3.00e-04 228.9 min
[e2e] step 75700 loss 2.0088 lr 3.00e-04 229.2 min
[e2e] step 75800 loss 2.0553 lr 3.00e-04 229.5 min
[e2e] step 75900 loss 2.0344 lr 3.00e-04 229.7 min
[e2e] step 76000 loss 1.9961 lr 3.00e-04 230.0 min
[e2e] step 76000 quick period probe (linear, 5 classes, n=4000) bal.acc 0.870
[e2e] step 76100 loss 2.0276 lr 3.00e-04 230.9 min
[e2e] step 76200 loss 2.0503 lr 3.00e-04 231.1 min
[e2e] step 76300 loss 2.0277 lr 3.00e-04 231.4 min
[e2e] step 76400 loss 2.0254 lr 3.00e-04 231.6 min
[e2e] step 76500 loss 2.0054 lr 3.00e-04 231.9 min
[e2e] step 76600 loss 2.0260 lr 3.00e-04 232.1 min
[e2e] step 76700 loss 2.0167 lr 3.00e-04 232.4 min
[e2e] step 76800 loss 2.0467 lr 3.00e-04 232.7 min
[e2e] step 76900 loss 2.0102 lr 3.00e-04 232.9 min
[e2e] step 77000 loss 2.0200 lr 3.00e-04 233.2 min
[e2e] step 77100 loss 2.0329 lr 3.00e-04 233.4 min
[e2e] step 77200 loss 2.0610 lr 3.00e-04 233.7 min
[e2e] step 77300 loss 2.0043 lr 3.00e-04 234.0 min
[e2e] step 77400 loss 2.0047 lr 3.00e-04 234.2 min
[e2e] step 77500 loss 2.0225 lr 3.00e-04 234.5 min
[e2e] step 77600 loss 2.0423 lr 3.00e-04 234.7 min
[e2e] step 77700 loss 1.9793 lr 3.00e-04 235.0 min
[e2e] step 77800 loss 2.0007 lr 3.00e-04 235.2 min
[e2e] step 77900 loss 2.0264 lr 3.00e-04 235.5 min
[e2e] step 78000 loss 2.0157 lr 3.00e-04 235.8 min
[e2e] step 78000 quick period probe (linear, 5 classes, n=4000) bal.acc 0.871
[e2e] step 78100 loss 2.0048 lr 3.00e-04 236.8 min
[e2e] step 78200 loss 2.0263 lr 3.00e-04 237.0 min
[e2e] step 78300 loss 2.0368 lr 3.00e-04 237.3 min
[e2e] step 78400 loss 2.0259 lr 3.00e-04 237.6 min
[e2e] step 78500 loss 2.0051 lr 3.00e-04 237.8 min
[e2e] step 78600 loss 2.0129 lr 3.00e-04 238.1 min
[e2e] step 78700 loss 2.0210 lr 3.00e-04 238.3 min
[e2e] step 78800 loss 2.0178 lr 3.00e-04 238.6 min
[e2e] step 78900 loss 1.9819 lr 3.00e-04 238.8 min
[e2e] step 79000 loss 2.0178 lr 3.00e-04 239.1 min
[e2e] step 79100 loss 2.0064 lr 3.00e-04 239.4 min
[e2e] step 79200 loss 2.0171 lr 3.00e-04 239.6 min
[e2e] step 79300 loss 2.0503 lr 3.00e-04 239.9 min
[e2e] step 79400 loss 1.9539 lr 3.00e-04 240.1 min
[e2e] step 79500 loss 2.0315 lr 3.00e-04 240.4 min
[e2e] step 79600 loss 2.0256 lr 3.00e-04 240.7 min
[e2e] step 79700 loss 2.0032 lr 3.00e-04 240.9 min
[e2e] step 79800 loss 2.0131 lr 3.00e-04 241.2 min
[e2e] step 79900 loss 2.0034 lr 3.00e-04 241.4 min
[e2e] step 80000 loss 1.9888 lr 3.00e-04 241.7 min
[e2e] step 80000 quick period probe (linear, 5 classes, n=4000) bal.acc 0.863
[e2e] step 80100 loss 1.9940 lr 3.00e-04 242.7 min
[e2e] step 80200 loss 2.0043 lr 3.00e-04 242.9 min
[e2e] step 80300 loss 2.0107 lr 3.00e-04 243.2 min
[e2e] step 80400 loss 2.0056 lr 3.00e-04 243.5 min
[e2e] step 80500 loss 2.0384 lr 3.00e-04 243.7 min
[e2e] step 80600 loss 2.0373 lr 3.00e-04 244.0 min
[e2e] step 80700 loss 1.9850 lr 3.00e-04 244.2 min
[e2e] step 80800 loss 2.0022 lr 3.00e-04 244.5 min
[e2e] step 80900 loss 2.0273 lr 3.00e-04 244.8 min
[e2e] step 81000 loss 2.0038 lr 3.00e-04 245.0 min
[e2e] step 81100 loss 2.0150 lr 3.00e-04 245.3 min
[e2e] step 81200 loss 2.0194 lr 3.00e-04 245.5 min
[e2e] step 81300 loss 2.0066 lr 3.00e-04 245.8 min
[e2e] step 81400 loss 1.9889 lr 3.00e-04 246.1 min
[e2e] step 81500 loss 2.0160 lr 3.00e-04 246.3 min
[e2e] step 81600 loss 1.9884 lr 3.00e-04 246.6 min
[e2e] step 81700 loss 2.0055 lr 3.00e-04 246.8 min
[e2e] step 81800 loss 1.9990 lr 3.00e-04 247.1 min
[e2e] step 81900 loss 2.0043 lr 3.00e-04 247.3 min
[e2e] step 82000 loss 1.9947 lr 3.00e-04 247.6 min
[e2e] step 82000 quick period probe (linear, 5 classes, n=4000) bal.acc 0.869
[e2e] step 82100 loss 2.0012 lr 3.00e-04 248.6 min
[e2e] step 82200 loss 2.0114 lr 3.00e-04 248.8 min
[e2e] step 82300 loss 2.0124 lr 3.00e-04 249.1 min
[e2e] step 82400 loss 2.0095 lr 3.00e-04 249.4 min
[e2e] step 82500 loss 2.0255 lr 3.00e-04 249.6 min
[e2e] step 82600 loss 2.0225 lr 3.00e-04 249.9 min
[e2e] step 82700 loss 2.0094 lr 3.00e-04 250.1 min
[e2e] step 82800 loss 2.0023 lr 3.00e-04 250.4 min
[e2e] step 82900 loss 2.0062 lr 3.00e-04 250.7 min
[e2e] step 83000 loss 1.9650 lr 3.00e-04 250.9 min
[e2e] step 83100 loss 2.0086 lr 3.00e-04 251.2 min
[e2e] step 83200 loss 2.0110 lr 3.00e-04 251.4 min
[e2e] step 83300 loss 2.0040 lr 3.00e-04 251.7 min
[e2e] step 83400 loss 1.9657 lr 3.00e-04 252.0 min
[e2e] step 83500 loss 1.9969 lr 3.00e-04 252.2 min
[e2e] step 83600 loss 1.9803 lr 3.00e-04 252.5 min
[e2e] step 83700 loss 1.9756 lr 3.00e-04 252.7 min
[e2e] step 83800 loss 1.9994 lr 3.00e-04 253.0 min
[e2e] step 83900 loss 1.9990 lr 3.00e-04 253.3 min
[e2e] step 84000 loss 2.0036 lr 3.00e-04 253.5 min
[e2e] step 84000 quick period probe (linear, 5 classes, n=4000) bal.acc 0.856
[e2e] step 84100 loss 2.0085 lr 3.00e-04 254.5 min
[e2e] step 84200 loss 2.0138 lr 3.00e-04 254.8 min
[e2e] step 84300 loss 1.9857 lr 3.00e-04 255.0 min
[e2e] step 84400 loss 1.9704 lr 3.00e-04 255.3 min
[e2e] step 84500 loss 2.0165 lr 3.00e-04 255.6 min
[e2e] step 84600 loss 2.0208 lr 3.00e-04 255.8 min
[e2e] step 84700 loss 1.9994 lr 3.00e-04 256.1 min
[e2e] step 84800 loss 2.0027 lr 3.00e-04 256.3 min
[e2e] step 84900 loss 1.9824 lr 3.00e-04 256.6 min
[e2e] step 85000 loss 2.0071 lr 3.00e-04 256.9 min
[e2e] step 85100 loss 1.9680 lr 3.00e-04 257.1 min
[e2e] step 85200 loss 2.0198 lr 3.00e-04 257.4 min
[e2e] step 85300 loss 1.9841 lr 3.00e-04 257.6 min
[e2e] step 85400 loss 1.9849 lr 3.00e-04 257.9 min
[e2e] step 85500 loss 2.0072 lr 3.00e-04 258.2 min
[e2e] step 85600 loss 2.0108 lr 3.00e-04 258.4 min
[e2e] step 85700 loss 1.9484 lr 3.00e-04 258.7 min
[e2e] step 85800 loss 1.9943 lr 3.00e-04 258.9 min
[e2e] step 85900 loss 2.0023 lr 3.00e-04 259.2 min
[e2e] step 86000 loss 2.0217 lr 3.00e-04 259.5 min
[e2e] step 86000 quick period probe (linear, 5 classes, n=4000) bal.acc 0.875
[e2e] step 86100 loss 2.0026 lr 3.00e-04 260.3 min
[e2e] step 86200 loss 1.9956 lr 3.00e-04 260.5 min
[e2e] step 86300 loss 1.9652 lr 3.00e-04 260.8 min
[e2e] step 86400 loss 1.9737 lr 3.00e-04 261.1 min
[e2e] step 86500 loss 2.0182 lr 3.00e-04 261.3 min
[e2e] step 86600 loss 1.9964 lr 3.00e-04 261.6 min
[e2e] step 86700 loss 1.9892 lr 3.00e-04 261.8 min
[e2e] step 86800 loss 1.9392 lr 3.00e-04 262.1 min
[e2e] step 86900 loss 1.9749 lr 3.00e-04 262.4 min
[e2e] step 87000 loss 1.9674 lr 3.00e-04 262.6 min
[e2e] step 87100 loss 1.9912 lr 3.00e-04 262.9 min
[e2e] step 87200 loss 1.9771 lr 3.00e-04 263.1 min
[e2e] step 87300 loss 1.9812 lr 3.00e-04 263.4 min
[e2e] step 87400 loss 2.0093 lr 3.00e-04 263.7 min
[e2e] step 87500 loss 1.9930 lr 3.00e-04 263.9 min
[e2e] step 87600 loss 1.9963 lr 3.00e-04 264.2 min
[e2e] step 87700 loss 2.0121 lr 3.00e-04 264.4 min
[e2e] step 87800 loss 1.9920 lr 3.00e-04 264.7 min
[e2e] step 87900 loss 1.9733 lr 3.00e-04 265.0 min
[e2e] step 88000 loss 1.9982 lr 3.00e-04 265.2 min
[e2e] step 88000 quick period probe (linear, 5 classes, n=4000) bal.acc 0.887
[e2e] step 88100 loss 1.9763 lr 3.00e-04 266.1 min
[e2e] step 88200 loss 1.9766 lr 3.00e-04 266.4 min
[e2e] step 88300 loss 1.9746 lr 3.00e-04 266.6 min
[e2e] step 88400 loss 1.9600 lr 3.00e-04 266.9 min
[e2e] step 88500 loss 1.9571 lr 3.00e-04 267.1 min
[e2e] step 88600 loss 2.0057 lr 3.00e-04 267.4 min
[e2e] step 88700 loss 1.9723 lr 3.00e-04 267.7 min
[e2e] step 88800 loss 1.9628 lr 3.00e-04 267.9 min
[e2e] step 88900 loss 1.9921 lr 3.00e-04 268.2 min
[e2e] step 89000 loss 1.9688 lr 3.00e-04 268.4 min
[e2e] step 89100 loss 1.9710 lr 3.00e-04 268.7 min
[e2e] step 89200 loss 1.9774 lr 3.00e-04 269.0 min
[e2e] step 89300 loss 1.9572 lr 3.00e-04 269.2 min
[e2e] step 89400 loss 1.9739 lr 3.00e-04 269.5 min
[e2e] step 89500 loss 1.9656 lr 3.00e-04 269.7 min
[e2e] step 89600 loss 1.9638 lr 3.00e-04 270.0 min
[e2e] step 89700 loss 1.9809 lr 3.00e-04 270.3 min
[e2e] step 89800 loss 1.9744 lr 3.00e-04 270.5 min
[e2e] step 89900 loss 1.9879 lr 3.00e-04 270.8 min
[e2e] step 90000 loss 1.9620 lr 3.00e-04 271.0 min
[e2e] step 90000 quick period probe (linear, 5 classes, n=4000) bal.acc 0.854
[e2e] step 90100 loss 1.9844 lr 3.00e-04 271.9 min
[e2e] step 90200 loss 1.9475 lr 3.00e-04 272.2 min
[e2e] step 90300 loss 1.9796 lr 3.00e-04 272.4 min
[e2e] step 90400 loss 1.9387 lr 3.00e-04 272.7 min
[e2e] step 90500 loss 1.9555 lr 3.00e-04 273.0 min
[e2e] step 90600 loss 1.9496 lr 3.00e-04 273.2 min
[e2e] step 90700 loss 1.9595 lr 3.00e-04 273.5 min
[e2e] step 90800 loss 1.9510 lr 3.00e-04 273.7 min
[e2e] step 90900 loss 1.9691 lr 3.00e-04 274.0 min
[e2e] step 91000 loss 1.9443 lr 3.00e-04 274.3 min
[e2e] step 91100 loss 1.9602 lr 3.00e-04 274.5 min
[e2e] step 91200 loss 1.9679 lr 3.00e-04 274.8 min
[e2e] step 91300 loss 1.9759 lr 3.00e-04 275.0 min
[e2e] step 91400 loss 1.9479 lr 3.00e-04 275.3 min
[e2e] step 91500 loss 1.9447 lr 3.00e-04 275.6 min
[e2e] step 91600 loss 1.9230 lr 3.00e-04 275.8 min
[e2e] step 91700 loss 1.9819 lr 3.00e-04 276.1 min
[e2e] step 91800 loss 1.9995 lr 3.00e-04 276.4 min
[e2e] step 91900 loss 1.9166 lr 3.00e-04 276.6 min
[e2e] step 92000 loss 1.9428 lr 3.00e-04 276.9 min
[e2e] step 92000 quick period probe (linear, 5 classes, n=4000) bal.acc 0.849
[e2e] step 92100 loss 1.9675 lr 3.00e-04 277.7 min
[e2e] step 92200 loss 1.9901 lr 3.00e-04 278.0 min
[e2e] step 92300 loss 1.9676 lr 3.00e-04 278.2 min
[e2e] step 92400 loss 1.9717 lr 3.00e-04 278.5 min
[e2e] step 92500 loss 1.9459 lr 3.00e-04 278.7 min
[e2e] step 92600 loss 1.9252 lr 3.00e-04 279.0 min
[e2e] step 92700 loss 1.9465 lr 3.00e-04 279.3 min
[e2e] step 92800 loss 1.9365 lr 3.00e-04 279.5 min
[e2e] step 92900 loss 1.9384 lr 3.00e-04 279.8 min
[e2e] step 93000 loss 1.9359 lr 3.00e-04 280.0 min
[e2e] step 93100 loss 1.9562 lr 3.00e-04 280.3 min
[e2e] step 93200 loss 1.9608 lr 3.00e-04 280.6 min
[e2e] step 93300 loss 1.9787 lr 3.00e-04 280.8 min
[e2e] step 93400 loss 1.9342 lr 3.00e-04 281.1 min
[e2e] step 93500 loss 1.9270 lr 3.00e-04 281.3 min
[e2e] step 93600 loss 1.9186 lr 3.00e-04 281.6 min
[e2e] step 93700 loss 1.9258 lr 3.00e-04 281.9 min
[e2e] step 93800 loss 1.9500 lr 3.00e-04 282.1 min
[e2e] step 93900 loss 1.9698 lr 3.00e-04 282.4 min
[e2e] step 94000 loss 1.9349 lr 3.00e-04 282.6 min
[e2e] step 94000 quick period probe (linear, 5 classes, n=4000) bal.acc 0.861
[e2e] step 94100 loss 1.9323 lr 3.00e-04 283.6 min
[e2e] step 94200 loss 1.9468 lr 3.00e-04 283.8 min
[e2e] step 94300 loss 1.9542 lr 3.00e-04 284.1 min
[e2e] step 94400 loss 1.9522 lr 3.00e-04 284.4 min
[e2e] step 94500 loss 1.9430 lr 3.00e-04 284.6 min
[e2e] step 94600 loss 1.9492 lr 3.00e-04 284.9 min
[e2e] step 94700 loss 1.9331 lr 3.00e-04 285.1 min
[e2e] step 94800 loss 1.9604 lr 3.00e-04 285.4 min
[e2e] step 94900 loss 1.9433 lr 3.00e-04 285.7 min
[e2e] step 95000 loss 1.9415 lr 3.00e-04 285.9 min
[e2e] step 95100 loss 1.9573 lr 3.00e-04 286.2 min
[e2e] step 95200 loss 1.9495 lr 3.00e-04 286.4 min
[e2e] step 95300 loss 1.9479 lr 3.00e-04 286.7 min
[e2e] step 95400 loss 1.9378 lr 3.00e-04 287.0 min
[e2e] step 95500 loss 1.9703 lr 3.00e-04 287.2 min
[e2e] step 95600 loss 1.9706 lr 3.00e-04 287.5 min
[e2e] step 95700 loss 1.9408 lr 3.00e-04 287.7 min
[e2e] step 95800 loss 1.9644 lr 3.00e-04 288.0 min
[e2e] step 95900 loss 1.9634 lr 3.00e-04 288.3 min
[e2e] step 96000 loss 1.9632 lr 3.00e-04 288.5 min
[e2e] step 96000 quick period probe (linear, 5 classes, n=4000) bal.acc 0.862
[e2e] step 96100 loss 1.9677 lr 3.00e-04 289.5 min
[e2e] step 96200 loss 1.9432 lr 3.00e-04 289.8 min
[e2e] step 96300 loss 1.9878 lr 3.00e-04 290.0 min
[e2e] step 96400 loss 1.9372 lr 3.00e-04 290.3 min
[e2e] step 96500 loss 1.9354 lr 3.00e-04 290.5 min
[e2e] step 96600 loss 1.9484 lr 3.00e-04 290.8 min
[e2e] step 96700 loss 1.9431 lr 3.00e-04 291.1 min
[e2e] step 96800 loss 1.9242 lr 3.00e-04 291.3 min
[e2e] step 96900 loss 1.9420 lr 3.00e-04 291.6 min
[e2e] step 97000 loss 1.9116 lr 3.00e-04 291.8 min
[e2e] step 97100 loss 1.9504 lr 3.00e-04 292.1 min
[e2e] step 97200 loss 1.9004 lr 3.00e-04 292.4 min
[e2e] step 97300 loss 1.9582 lr 3.00e-04 292.6 min
[e2e] step 97400 loss 1.9241 lr 3.00e-04 292.9 min
[e2e] step 97500 loss 1.9242 lr 3.00e-04 293.1 min
[e2e] step 97600 loss 1.9533 lr 3.00e-04 293.4 min
[e2e] step 97700 loss 1.9080 lr 3.00e-04 293.7 min
[e2e] step 97800 loss 1.9260 lr 3.00e-04 293.9 min
[e2e] step 97900 loss 1.9175 lr 3.00e-04 294.2 min
[e2e] step 98000 loss 1.9243 lr 3.00e-04 294.4 min
[e2e] step 98000 quick period probe (linear, 5 classes, n=4000) bal.acc 0.862
[e2e] step 98100 loss 1.9337 lr 3.00e-04 295.3 min
[e2e] step 98200 loss 1.9254 lr 3.00e-04 295.5 min
[e2e] step 98300 loss 1.9548 lr 3.00e-04 295.8 min
[e2e] step 98400 loss 1.9340 lr 3.00e-04 296.1 min
[e2e] step 98500 loss 1.9632 lr 3.00e-04 296.3 min
[e2e] step 98600 loss 1.9659 lr 3.00e-04 296.6 min
[e2e] step 98700 loss 1.9031 lr 3.00e-04 296.8 min
[e2e] step 98800 loss 1.9544 lr 3.00e-04 297.1 min
[e2e] step 98900 loss 1.9454 lr 3.00e-04 297.4 min
[e2e] step 99000 loss 1.9449 lr 3.00e-04 297.6 min
[e2e] step 99100 loss 1.9330 lr 3.00e-04 297.9 min
[e2e] step 99200 loss 1.9103 lr 3.00e-04 298.1 min
[e2e] step 99300 loss 1.9282 lr 3.00e-04 298.4 min
[e2e] step 99400 loss 1.9478 lr 3.00e-04 298.6 min
[e2e] step 99500 loss 1.9611 lr 3.00e-04 298.9 min
[e2e] step 99600 loss 1.9220 lr 3.00e-04 299.2 min
[e2e] step 99700 loss 1.9366 lr 3.00e-04 299.4 min
[e2e] step 99800 loss 1.9297 lr 3.00e-04 299.7 min
[e2e] step 99900 loss 1.9220 lr 3.00e-04 299.9 min
[e2e] done e2e_barlow_M-s0: 99922 steps in 5.01h; embeddings -> store 'ssl_e2e::e2e_barlow_M-s0' (31,905 texts); final.pt in chrono/artifacts_ssl/e2e/e2e_barlow_M-s0
Auto packing the repository in background for optimum performance.
See "git help gc" for manual housekeeping.
[yarin-sandbox fcce782a] C11: e2e barlow M (job 33681)
 1 file changed, 0 insertions(+), 0 deletions(-)
From https://github.com/YarinBeni/HUJI-THESIS--YARIN
 * branch              yarin-sandbox -> FETCH_HEAD
Auto packing the repository in background for optimum performance.
See "git help gc" for manual housekeeping.
Current branch yarin-sandbox is up to date.
Auto packing the repository in background for optimum performance.
See "git help gc" for manual housekeeping.
To https://github.com/YarinBeni/HUJI-THESIS--YARIN.git
   c31bb7f5..fcce782a  HEAD -> yarin-sandbox
[commit_push_sandbox] pushed to yarin-sandbox
=== Done. Thu Sep  3 03:18:20 UTC 2026 ===
