# job 33682 C11_e2e exit=0 Thu Sep  3 03:49:06 UTC 2026
# last 4000 lines of /home/yarin.b/projects/HUJI-THESIS--YARIN/chrono/sbatch/logs/C11_e2e_33660_2.out
=== C11 e2e barlow L === job 33682 Wed Sep  2 22:48:17 UTC 2026
From https://github.com/YarinBeni/HUJI-THESIS--YARIN
 * branch              yarin-sandbox -> FETCH_HEAD
Auto packing the repository in background for optimum performance.
See "git help gc" for manual housekeeping.
Current branch yarin-sandbox is up to date.
Auto packing the repository in background for optimum performance.
See "git help gc" for manual housekeeping.
/home/yarin.b/miniconda3/envs/thesis/lib/python3.11/site-packages/torch/nn/modules/transformer.py:392: UserWarning: enable_nested_tensor is True, but self.use_nested_tensor is False because encoder_layer.norm_first was True
  warnings.warn(
[e2e] e2e_barlow_L-s0: size L params 50.5M vocab 23044 train texts 24,589 objective barlow batch 256 budget 5.0h dev cuda
[e2e] step 100 loss 31.7528 lr 3.00e-05 0.4 min
[e2e] step 200 loss 19.1170 lr 6.00e-05 0.8 min
[e2e] step 300 loss 14.9004 lr 9.00e-05 1.2 min
[e2e] step 400 loss 12.5487 lr 1.20e-04 1.6 min
[e2e] step 500 loss 11.2608 lr 1.50e-04 2.0 min
[e2e] step 600 loss 10.6070 lr 1.80e-04 2.4 min
[e2e] step 700 loss 9.6536 lr 2.10e-04 2.8 min
[e2e] step 800 loss 9.3042 lr 2.40e-04 3.2 min
[e2e] step 900 loss 8.8516 lr 2.70e-04 3.6 min
[e2e] step 1000 loss 8.5119 lr 3.00e-04 4.0 min
[e2e] step 1100 loss 8.1173 lr 3.00e-04 4.4 min
[e2e] step 1200 loss 7.8923 lr 3.00e-04 4.8 min
[e2e] step 1300 loss 7.4034 lr 3.00e-04 5.2 min
[e2e] step 1400 loss 7.1238 lr 3.00e-04 5.6 min
[e2e] step 1500 loss 6.8712 lr 3.00e-04 6.0 min
[e2e] step 1600 loss 6.7524 lr 3.00e-04 6.4 min
[e2e] step 1700 loss 6.5335 lr 3.00e-04 6.8 min
[e2e] step 1800 loss 6.3808 lr 3.00e-04 7.2 min
[e2e] step 1900 loss 6.2731 lr 3.00e-04 7.6 min
[e2e] step 2000 loss 6.0590 lr 3.00e-04 8.0 min
[e2e] step 2000 quick period probe (linear, 5 classes, n=4000) bal.acc 0.850
[e2e] step 2100 loss 5.9056 lr 3.00e-04 11.0 min
[e2e] step 2200 loss 5.9341 lr 3.00e-04 11.4 min
[e2e] step 2300 loss 5.7769 lr 3.00e-04 11.8 min
[e2e] step 2400 loss 5.7737 lr 3.00e-04 12.2 min
[e2e] step 2500 loss 5.4295 lr 3.00e-04 12.6 min
[e2e] step 2600 loss 5.4454 lr 3.00e-04 13.0 min
[e2e] step 2700 loss 5.3828 lr 3.00e-04 13.4 min
[e2e] step 2800 loss 5.3110 lr 3.00e-04 13.8 min
[e2e] step 2900 loss 5.2494 lr 3.00e-04 14.2 min
[e2e] step 3000 loss 5.1631 lr 3.00e-04 14.6 min
[e2e] step 3100 loss 5.1454 lr 3.00e-04 15.0 min
[e2e] step 3200 loss 5.0766 lr 3.00e-04 15.4 min
[e2e] step 3300 loss 4.9683 lr 3.00e-04 15.8 min
[e2e] step 3400 loss 4.9470 lr 3.00e-04 16.2 min
[e2e] step 3500 loss 4.7837 lr 3.00e-04 16.6 min
[e2e] step 3600 loss 4.9419 lr 3.00e-04 17.0 min
[e2e] step 3700 loss 4.7767 lr 3.00e-04 17.4 min
[e2e] step 3800 loss 4.6739 lr 3.00e-04 17.8 min
[e2e] step 3900 loss 4.7334 lr 3.00e-04 18.2 min
[e2e] step 4000 loss 4.6324 lr 3.00e-04 18.6 min
[e2e] step 4000 quick period probe (linear, 5 classes, n=4000) bal.acc 0.863
[e2e] step 4100 loss 4.5889 lr 3.00e-04 22.0 min
[e2e] step 4200 loss 4.5211 lr 3.00e-04 22.4 min
[e2e] step 4300 loss 4.5413 lr 3.00e-04 22.8 min
[e2e] step 4400 loss 4.4112 lr 3.00e-04 23.1 min
[e2e] step 4500 loss 4.4363 lr 3.00e-04 23.5 min
[e2e] step 4600 loss 4.4428 lr 3.00e-04 23.9 min
[e2e] step 4700 loss 4.3701 lr 3.00e-04 24.3 min
[e2e] step 4800 loss 4.3547 lr 3.00e-04 24.8 min
[e2e] step 4900 loss 4.3468 lr 3.00e-04 25.2 min
[e2e] step 5000 loss 4.3065 lr 3.00e-04 25.6 min
[e2e] step 5100 loss 4.3059 lr 3.00e-04 26.0 min
[e2e] step 5200 loss 4.2298 lr 3.00e-04 26.4 min
[e2e] step 5300 loss 4.2489 lr 3.00e-04 26.8 min
[e2e] step 5400 loss 4.1488 lr 3.00e-04 27.2 min
[e2e] step 5500 loss 4.1207 lr 3.00e-04 27.6 min
[e2e] step 5600 loss 4.1151 lr 3.00e-04 28.0 min
[e2e] step 5700 loss 4.0373 lr 3.00e-04 28.3 min
[e2e] step 5800 loss 4.0705 lr 3.00e-04 28.7 min
[e2e] step 5900 loss 4.0081 lr 3.00e-04 29.1 min
[e2e] step 6000 loss 3.9945 lr 3.00e-04 29.5 min
[e2e] step 6000 quick period probe (linear, 5 classes, n=4000) bal.acc 0.870
[e2e] step 6100 loss 4.0067 lr 3.00e-04 32.9 min
[e2e] step 6200 loss 3.9297 lr 3.00e-04 33.3 min
[e2e] step 6300 loss 3.8682 lr 3.00e-04 33.7 min
[e2e] step 6400 loss 3.9279 lr 3.00e-04 34.1 min
[e2e] step 6500 loss 3.8849 lr 3.00e-04 34.5 min
[e2e] step 6600 loss 3.8967 lr 3.00e-04 34.9 min
[e2e] step 6700 loss 3.8575 lr 3.00e-04 35.3 min
[e2e] step 6800 loss 3.7827 lr 3.00e-04 35.7 min
[e2e] step 6900 loss 3.8103 lr 3.00e-04 36.1 min
[e2e] step 7000 loss 3.7087 lr 3.00e-04 36.5 min
[e2e] step 7100 loss 3.7875 lr 3.00e-04 36.9 min
[e2e] step 7200 loss 3.7220 lr 3.00e-04 37.3 min
[e2e] step 7300 loss 3.7570 lr 3.00e-04 37.7 min
[e2e] step 7400 loss 3.7545 lr 3.00e-04 38.0 min
[e2e] step 7500 loss 3.6899 lr 3.00e-04 38.4 min
[e2e] step 7600 loss 3.7023 lr 3.00e-04 38.8 min
[e2e] step 7700 loss 3.6916 lr 3.00e-04 39.2 min
[e2e] step 7800 loss 3.6376 lr 3.00e-04 39.6 min
[e2e] step 7900 loss 3.6523 lr 3.00e-04 40.0 min
[e2e] step 8000 loss 3.6607 lr 3.00e-04 40.4 min
[e2e] step 8000 quick period probe (linear, 5 classes, n=4000) bal.acc 0.889
[e2e] step 8100 loss 3.6729 lr 3.00e-04 43.8 min
[e2e] step 8200 loss 3.6352 lr 3.00e-04 44.2 min
[e2e] step 8300 loss 3.5067 lr 3.00e-04 44.6 min
[e2e] step 8400 loss 3.5242 lr 3.00e-04 45.0 min
[e2e] step 8500 loss 3.5285 lr 3.00e-04 45.3 min
[e2e] step 8600 loss 3.4898 lr 3.00e-04 45.7 min
[e2e] step 8700 loss 3.5409 lr 3.00e-04 46.1 min
[e2e] step 8800 loss 3.5328 lr 3.00e-04 46.5 min
[e2e] step 8900 loss 3.5148 lr 3.00e-04 46.9 min
[e2e] step 9000 loss 3.5162 lr 3.00e-04 47.3 min
[e2e] step 9100 loss 3.4386 lr 3.00e-04 47.7 min
[e2e] step 9200 loss 3.4343 lr 3.00e-04 48.1 min
[e2e] step 9300 loss 3.4771 lr 3.00e-04 48.5 min
[e2e] step 9400 loss 3.4827 lr 3.00e-04 48.9 min
[e2e] step 9500 loss 3.4172 lr 3.00e-04 49.3 min
[e2e] step 9600 loss 3.4294 lr 3.00e-04 49.7 min
[e2e] step 9700 loss 3.3855 lr 3.00e-04 50.1 min
[e2e] step 9800 loss 3.3622 lr 3.00e-04 50.5 min
[e2e] step 9900 loss 3.3626 lr 3.00e-04 50.9 min
[e2e] step 10000 loss 3.4437 lr 3.00e-04 51.3 min
[e2e] step 10000 quick period probe (linear, 5 classes, n=4000) bal.acc 0.889
[e2e] step 10100 loss 3.3590 lr 3.00e-04 53.9 min
[e2e] step 10200 loss 3.3258 lr 3.00e-04 54.3 min
[e2e] step 10300 loss 3.3366 lr 3.00e-04 54.7 min
[e2e] step 10400 loss 3.3525 lr 3.00e-04 55.1 min
[e2e] step 10500 loss 3.2993 lr 3.00e-04 55.5 min
[e2e] step 10600 loss 3.2993 lr 3.00e-04 56.0 min
[e2e] step 10700 loss 3.2947 lr 3.00e-04 56.4 min
[e2e] step 10800 loss 3.2891 lr 3.00e-04 56.8 min
[e2e] step 10900 loss 3.2964 lr 3.00e-04 57.2 min
[e2e] step 11000 loss 3.2683 lr 3.00e-04 57.6 min
[e2e] step 11100 loss 3.3117 lr 3.00e-04 58.0 min
[e2e] step 11200 loss 3.2867 lr 3.00e-04 58.4 min
[e2e] step 11300 loss 3.2687 lr 3.00e-04 58.9 min
[e2e] step 11400 loss 3.2551 lr 3.00e-04 59.3 min
[e2e] step 11500 loss 3.2332 lr 3.00e-04 59.7 min
[e2e] step 11600 loss 3.1859 lr 3.00e-04 60.1 min
[e2e] step 11700 loss 3.1933 lr 3.00e-04 60.5 min
[e2e] step 11800 loss 3.1979 lr 3.00e-04 60.9 min
[e2e] step 11900 loss 3.2296 lr 3.00e-04 61.3 min
[e2e] step 12000 loss 3.1866 lr 3.00e-04 61.8 min
[e2e] step 12000 quick period probe (linear, 5 classes, n=4000) bal.acc 0.902
[e2e] step 12100 loss 3.1958 lr 3.00e-04 64.7 min
[e2e] step 12200 loss 3.1769 lr 3.00e-04 65.1 min
[e2e] step 12300 loss 3.1816 lr 3.00e-04 65.5 min
[e2e] step 12400 loss 3.1391 lr 3.00e-04 65.9 min
[e2e] step 12500 loss 3.1648 lr 3.00e-04 66.3 min
[e2e] step 12600 loss 3.1395 lr 3.00e-04 66.7 min
[e2e] step 12700 loss 3.1306 lr 3.00e-04 67.2 min
[e2e] step 12800 loss 3.1058 lr 3.00e-04 67.6 min
[e2e] step 12900 loss 3.0751 lr 3.00e-04 68.0 min
[e2e] step 13000 loss 3.0892 lr 3.00e-04 68.4 min
[e2e] step 13100 loss 3.0484 lr 3.00e-04 68.8 min
[e2e] step 13200 loss 3.0916 lr 3.00e-04 69.2 min
[e2e] step 13300 loss 3.1119 lr 3.00e-04 69.7 min
[e2e] step 13400 loss 3.0506 lr 3.00e-04 70.1 min
[e2e] step 13500 loss 3.0589 lr 3.00e-04 70.5 min
[e2e] step 13600 loss 3.0363 lr 3.00e-04 70.9 min
[e2e] step 13700 loss 3.0082 lr 3.00e-04 71.4 min
[e2e] step 13800 loss 3.0360 lr 3.00e-04 71.8 min
[e2e] step 13900 loss 3.0247 lr 3.00e-04 72.2 min
[e2e] step 14000 loss 2.9964 lr 3.00e-04 72.6 min
[e2e] step 14000 quick period probe (linear, 5 classes, n=4000) bal.acc 0.900
[e2e] step 14100 loss 3.0317 lr 3.00e-04 75.7 min
[e2e] step 14200 loss 3.0407 lr 3.00e-04 76.1 min
[e2e] step 14300 loss 3.0100 lr 3.00e-04 76.5 min
[e2e] step 14400 loss 3.0421 lr 3.00e-04 77.0 min
[e2e] step 14500 loss 2.9885 lr 3.00e-04 77.4 min
[e2e] step 14600 loss 2.9664 lr 3.00e-04 77.8 min
[e2e] step 14700 loss 2.9434 lr 3.00e-04 78.2 min
[e2e] step 14800 loss 2.9967 lr 3.00e-04 78.6 min
[e2e] step 14900 loss 2.9388 lr 3.00e-04 79.1 min
[e2e] step 15000 loss 2.9793 lr 3.00e-04 79.5 min
[e2e] step 15100 loss 2.9444 lr 3.00e-04 79.9 min
[e2e] step 15200 loss 2.9763 lr 3.00e-04 80.3 min
[e2e] step 15300 loss 2.9192 lr 3.00e-04 80.7 min
[e2e] step 15400 loss 2.9447 lr 3.00e-04 81.1 min
[e2e] step 15500 loss 2.9064 lr 3.00e-04 81.6 min
[e2e] step 15600 loss 2.9047 lr 3.00e-04 82.0 min
[e2e] step 15700 loss 2.9401 lr 3.00e-04 82.4 min
[e2e] step 15800 loss 2.9225 lr 3.00e-04 82.8 min
[e2e] step 15900 loss 2.8660 lr 3.00e-04 83.2 min
[e2e] step 16000 loss 2.8854 lr 3.00e-04 83.6 min
[e2e] step 16000 quick period probe (linear, 5 classes, n=4000) bal.acc 0.906
[e2e] step 16100 loss 2.8222 lr 3.00e-04 86.5 min
[e2e] step 16200 loss 2.9176 lr 3.00e-04 86.9 min
[e2e] step 16300 loss 2.8953 lr 3.00e-04 87.3 min
[e2e] step 16400 loss 2.8747 lr 3.00e-04 87.7 min
[e2e] step 16500 loss 2.8634 lr 3.00e-04 88.1 min
[e2e] step 16600 loss 2.8886 lr 3.00e-04 88.5 min
[e2e] step 16700 loss 2.8786 lr 3.00e-04 89.0 min
[e2e] step 16800 loss 2.8131 lr 3.00e-04 89.4 min
[e2e] step 16900 loss 2.8212 lr 3.00e-04 89.8 min
[e2e] step 17000 loss 2.8930 lr 3.00e-04 90.2 min
[e2e] step 17100 loss 2.8305 lr 3.00e-04 90.6 min
[e2e] step 17200 loss 2.8510 lr 3.00e-04 91.1 min
[e2e] step 17300 loss 2.7953 lr 3.00e-04 91.5 min
[e2e] step 17400 loss 2.8211 lr 3.00e-04 91.9 min
[e2e] step 17500 loss 2.8029 lr 3.00e-04 92.3 min
[e2e] step 17600 loss 2.8273 lr 3.00e-04 92.7 min
[e2e] step 17700 loss 2.7947 lr 3.00e-04 93.1 min
[e2e] step 17800 loss 2.7888 lr 3.00e-04 93.5 min
[e2e] step 17900 loss 2.7312 lr 3.00e-04 93.9 min
[e2e] step 18000 loss 2.7846 lr 3.00e-04 94.4 min
[e2e] step 18000 quick period probe (linear, 5 classes, n=4000) bal.acc 0.901
[e2e] step 18100 loss 2.8136 lr 3.00e-04 97.1 min
[e2e] step 18200 loss 2.8060 lr 3.00e-04 97.5 min
[e2e] step 18300 loss 2.7570 lr 3.00e-04 97.9 min
[e2e] step 18400 loss 2.7414 lr 3.00e-04 98.3 min
[e2e] step 18500 loss 2.7594 lr 3.00e-04 98.7 min
[e2e] step 18600 loss 2.7510 lr 3.00e-04 99.1 min
[e2e] step 18700 loss 2.7419 lr 3.00e-04 99.6 min
[e2e] step 18800 loss 2.7266 lr 3.00e-04 100.0 min
[e2e] step 18900 loss 2.7427 lr 3.00e-04 100.4 min
[e2e] step 19000 loss 2.7283 lr 3.00e-04 100.8 min
[e2e] step 19100 loss 2.7323 lr 3.00e-04 101.2 min
[e2e] step 19200 loss 2.7673 lr 3.00e-04 101.6 min
[e2e] step 19300 loss 2.7385 lr 3.00e-04 102.0 min
[e2e] step 19400 loss 2.7246 lr 3.00e-04 102.5 min
[e2e] step 19500 loss 2.6804 lr 3.00e-04 102.9 min
[e2e] step 19600 loss 2.6831 lr 3.00e-04 103.3 min
[e2e] step 19700 loss 2.7033 lr 3.00e-04 103.7 min
[e2e] step 19800 loss 2.7523 lr 3.00e-04 104.1 min
[e2e] step 19900 loss 2.6870 lr 3.00e-04 104.6 min
[e2e] step 20000 loss 2.7325 lr 3.00e-04 105.0 min
[e2e] step 20000 quick period probe (linear, 5 classes, n=4000) bal.acc 0.907
[e2e] step 20100 loss 2.6895 lr 3.00e-04 108.0 min
[e2e] step 20200 loss 2.6840 lr 3.00e-04 108.4 min
[e2e] step 20300 loss 2.6911 lr 3.00e-04 108.8 min
[e2e] step 20400 loss 2.7181 lr 3.00e-04 109.2 min
[e2e] step 20500 loss 2.6843 lr 3.00e-04 109.6 min
[e2e] step 20600 loss 2.6643 lr 3.00e-04 110.0 min
[e2e] step 20700 loss 2.6237 lr 3.00e-04 110.4 min
[e2e] step 20800 loss 2.6794 lr 3.00e-04 110.8 min
[e2e] step 20900 loss 2.6534 lr 3.00e-04 111.2 min
[e2e] step 21000 loss 2.6775 lr 3.00e-04 111.6 min
[e2e] step 21100 loss 2.6483 lr 3.00e-04 112.0 min
[e2e] step 21200 loss 2.6386 lr 3.00e-04 112.4 min
[e2e] step 21300 loss 2.6323 lr 3.00e-04 112.8 min
[e2e] step 21400 loss 2.6339 lr 3.00e-04 113.2 min
[e2e] step 21500 loss 2.6511 lr 3.00e-04 113.6 min
[e2e] step 21600 loss 2.6732 lr 3.00e-04 114.1 min
[e2e] step 21700 loss 2.6300 lr 3.00e-04 114.5 min
[e2e] step 21800 loss 2.6208 lr 3.00e-04 114.9 min
[e2e] step 21900 loss 2.5962 lr 3.00e-04 115.3 min
[e2e] step 22000 loss 2.6221 lr 3.00e-04 115.7 min
[e2e] step 22000 quick period probe (linear, 5 classes, n=4000) bal.acc 0.904
[e2e] step 22100 loss 2.6184 lr 3.00e-04 118.0 min
[e2e] step 22200 loss 2.6331 lr 3.00e-04 118.4 min
[e2e] step 22300 loss 2.6051 lr 3.00e-04 118.8 min
[e2e] step 22400 loss 2.6450 lr 3.00e-04 119.2 min
[e2e] step 22500 loss 2.6224 lr 3.00e-04 119.6 min
[e2e] step 22600 loss 2.5990 lr 3.00e-04 120.0 min
[e2e] step 22700 loss 2.6137 lr 3.00e-04 120.5 min
[e2e] step 22800 loss 2.6278 lr 3.00e-04 120.8 min
[e2e] step 22900 loss 2.5723 lr 3.00e-04 121.2 min
[e2e] step 23000 loss 2.5592 lr 3.00e-04 121.6 min
[e2e] step 23100 loss 2.5721 lr 3.00e-04 122.1 min
[e2e] step 23200 loss 2.6022 lr 3.00e-04 122.5 min
[e2e] step 23300 loss 2.5592 lr 3.00e-04 122.9 min
[e2e] step 23400 loss 2.5568 lr 3.00e-04 123.3 min
[e2e] step 23500 loss 2.5798 lr 3.00e-04 123.7 min
[e2e] step 23600 loss 2.5536 lr 3.00e-04 124.1 min
[e2e] step 23700 loss 2.5618 lr 3.00e-04 124.5 min
[e2e] step 23800 loss 2.5543 lr 3.00e-04 124.9 min
[e2e] step 23900 loss 2.5549 lr 3.00e-04 125.3 min
[e2e] step 24000 loss 2.5511 lr 3.00e-04 125.8 min
[e2e] step 24000 quick period probe (linear, 5 classes, n=4000) bal.acc 0.907
[e2e] step 24100 loss 2.5519 lr 3.00e-04 128.6 min
[e2e] step 24200 loss 2.5725 lr 3.00e-04 129.0 min
[e2e] step 24300 loss 2.5676 lr 3.00e-04 129.4 min
[e2e] step 24400 loss 2.5217 lr 3.00e-04 129.8 min
[e2e] step 24500 loss 2.5764 lr 3.00e-04 130.2 min
[e2e] step 24600 loss 2.5232 lr 3.00e-04 130.6 min
[e2e] step 24700 loss 2.5318 lr 3.00e-04 131.0 min
[e2e] step 24800 loss 2.5317 lr 3.00e-04 131.4 min
[e2e] step 24900 loss 2.5006 lr 3.00e-04 131.8 min
[e2e] step 25000 loss 2.5495 lr 3.00e-04 132.2 min
[e2e] step 25100 loss 2.4698 lr 3.00e-04 132.7 min
[e2e] step 25200 loss 2.5194 lr 3.00e-04 133.1 min
[e2e] step 25300 loss 2.5443 lr 3.00e-04 133.5 min
[e2e] step 25400 loss 2.4681 lr 3.00e-04 133.9 min
[e2e] step 25500 loss 2.5424 lr 3.00e-04 134.3 min
[e2e] step 25600 loss 2.5296 lr 3.00e-04 134.7 min
[e2e] step 25700 loss 2.4993 lr 3.00e-04 135.1 min
[e2e] step 25800 loss 2.5024 lr 3.00e-04 135.5 min
[e2e] step 25900 loss 2.5166 lr 3.00e-04 136.0 min
[e2e] step 26000 loss 2.4920 lr 3.00e-04 136.4 min
[e2e] step 26000 quick period probe (linear, 5 classes, n=4000) bal.acc 0.887
[e2e] step 26100 loss 2.5062 lr 3.00e-04 139.2 min
[e2e] step 26200 loss 2.5076 lr 3.00e-04 139.6 min
[e2e] step 26300 loss 2.4800 lr 3.00e-04 140.0 min
[e2e] step 26400 loss 2.4920 lr 3.00e-04 140.4 min
[e2e] step 26500 loss 2.4697 lr 3.00e-04 140.8 min
[e2e] step 26600 loss 2.4896 lr 3.00e-04 141.2 min
[e2e] step 26700 loss 2.4752 lr 3.00e-04 141.7 min
[e2e] step 26800 loss 2.5143 lr 3.00e-04 142.1 min
[e2e] step 26900 loss 2.4887 lr 3.00e-04 142.5 min
[e2e] step 27000 loss 2.5086 lr 3.00e-04 142.9 min
[e2e] step 27100 loss 2.4449 lr 3.00e-04 143.3 min
[e2e] step 27200 loss 2.4797 lr 3.00e-04 143.7 min
[e2e] step 27300 loss 2.4676 lr 3.00e-04 144.2 min
[e2e] step 27400 loss 2.4793 lr 3.00e-04 144.6 min
[e2e] step 27500 loss 2.4648 lr 3.00e-04 145.0 min
[e2e] step 27600 loss 2.4883 lr 3.00e-04 145.4 min
[e2e] step 27700 loss 2.4165 lr 3.00e-04 145.8 min
[e2e] step 27800 loss 2.4336 lr 3.00e-04 146.2 min
[e2e] step 27900 loss 2.4078 lr 3.00e-04 146.6 min
[e2e] step 28000 loss 2.4605 lr 3.00e-04 147.0 min
[e2e] step 28000 quick period probe (linear, 5 classes, n=4000) bal.acc 0.887
[e2e] step 28100 loss 2.4870 lr 3.00e-04 150.2 min
[e2e] step 28200 loss 2.4462 lr 3.00e-04 150.6 min
[e2e] step 28300 loss 2.4902 lr 3.00e-04 151.0 min
[e2e] step 28400 loss 2.4405 lr 3.00e-04 151.4 min
[e2e] step 28500 loss 2.4391 lr 3.00e-04 151.8 min
[e2e] step 28600 loss 2.4825 lr 3.00e-04 152.2 min
[e2e] step 28700 loss 2.4491 lr 3.00e-04 152.6 min
[e2e] step 28800 loss 2.4686 lr 3.00e-04 153.0 min
[e2e] step 28900 loss 2.4197 lr 3.00e-04 153.4 min
[e2e] step 29000 loss 2.4191 lr 3.00e-04 153.8 min
[e2e] step 29100 loss 2.4122 lr 3.00e-04 154.2 min
[e2e] step 29200 loss 2.4255 lr 3.00e-04 154.6 min
[e2e] step 29300 loss 2.3908 lr 3.00e-04 155.0 min
[e2e] step 29400 loss 2.4415 lr 3.00e-04 155.5 min
[e2e] step 29500 loss 2.4544 lr 3.00e-04 155.9 min
[e2e] step 29600 loss 2.3822 lr 3.00e-04 156.3 min
[e2e] step 29700 loss 2.4207 lr 3.00e-04 156.7 min
[e2e] step 29800 loss 2.4400 lr 3.00e-04 157.1 min
[e2e] step 29900 loss 2.4292 lr 3.00e-04 157.5 min
[e2e] step 30000 loss 2.4204 lr 3.00e-04 157.9 min
[e2e] step 30000 quick period probe (linear, 5 classes, n=4000) bal.acc 0.894
[e2e] step 30100 loss 2.4267 lr 3.00e-04 160.6 min
[e2e] step 30200 loss 2.4161 lr 3.00e-04 161.0 min
[e2e] step 30300 loss 2.3934 lr 3.00e-04 161.4 min
[e2e] step 30400 loss 2.3875 lr 3.00e-04 161.8 min
[e2e] step 30500 loss 2.3799 lr 3.00e-04 162.2 min
[e2e] step 30600 loss 2.3782 lr 3.00e-04 162.6 min
[e2e] step 30700 loss 2.3796 lr 3.00e-04 163.0 min
[e2e] step 30800 loss 2.3798 lr 3.00e-04 163.4 min
[e2e] step 30900 loss 2.3369 lr 3.00e-04 163.8 min
[e2e] step 31000 loss 2.4127 lr 3.00e-04 164.2 min
[e2e] step 31100 loss 2.3703 lr 3.00e-04 164.6 min
[e2e] step 31200 loss 2.3915 lr 3.00e-04 165.0 min
[e2e] step 31300 loss 2.3841 lr 3.00e-04 165.4 min
[e2e] step 31400 loss 2.3374 lr 3.00e-04 165.8 min
[e2e] step 31500 loss 2.3937 lr 3.00e-04 166.2 min
[e2e] step 31600 loss 2.3859 lr 3.00e-04 166.6 min
[e2e] step 31700 loss 2.3861 lr 3.00e-04 167.0 min
[e2e] step 31800 loss 2.3805 lr 3.00e-04 167.4 min
[e2e] step 31900 loss 2.4273 lr 3.00e-04 167.8 min
[e2e] step 32000 loss 2.4074 lr 3.00e-04 168.2 min
[e2e] step 32000 quick period probe (linear, 5 classes, n=4000) bal.acc 0.902
[e2e] step 32100 loss 2.3750 lr 3.00e-04 170.6 min
[e2e] step 32200 loss 2.3704 lr 3.00e-04 171.0 min
[e2e] step 32300 loss 2.3956 lr 3.00e-04 171.4 min
[e2e] step 32400 loss 2.3802 lr 3.00e-04 171.8 min
[e2e] step 32500 loss 2.3714 lr 3.00e-04 172.2 min
[e2e] step 32600 loss 2.3703 lr 3.00e-04 172.6 min
[e2e] step 32700 loss 2.3661 lr 3.00e-04 173.0 min
[e2e] step 32800 loss 2.3643 lr 3.00e-04 173.4 min
[e2e] step 32900 loss 2.3567 lr 3.00e-04 173.8 min
[e2e] step 33000 loss 2.3449 lr 3.00e-04 174.2 min
[e2e] step 33100 loss 2.3614 lr 3.00e-04 174.6 min
[e2e] step 33200 loss 2.3374 lr 3.00e-04 175.0 min
[e2e] step 33300 loss 2.3523 lr 3.00e-04 175.4 min
[e2e] step 33400 loss 2.3515 lr 3.00e-04 175.8 min
[e2e] step 33500 loss 2.3765 lr 3.00e-04 176.2 min
[e2e] step 33600 loss 2.3250 lr 3.00e-04 176.6 min
[e2e] step 33700 loss 2.3351 lr 3.00e-04 177.0 min
[e2e] step 33800 loss 2.3574 lr 3.00e-04 177.4 min
[e2e] step 33900 loss 2.3671 lr 3.00e-04 177.8 min
[e2e] step 34000 loss 2.3744 lr 3.00e-04 178.3 min
[e2e] step 34000 quick period probe (linear, 5 classes, n=4000) bal.acc 0.899
[e2e] step 34100 loss 2.3528 lr 3.00e-04 181.0 min
[e2e] step 34200 loss 2.3612 lr 3.00e-04 181.4 min
[e2e] step 34300 loss 2.3279 lr 3.00e-04 181.8 min
[e2e] step 34400 loss 2.3523 lr 3.00e-04 182.2 min
[e2e] step 34500 loss 2.3943 lr 3.00e-04 182.6 min
[e2e] step 34600 loss 2.3855 lr 3.00e-04 183.0 min
[e2e] step 34700 loss 2.3590 lr 3.00e-04 183.4 min
[e2e] step 34800 loss 2.3352 lr 3.00e-04 183.8 min
[e2e] step 34900 loss 2.3958 lr 3.00e-04 184.2 min
[e2e] step 35000 loss 2.3204 lr 3.00e-04 184.6 min
[e2e] step 35100 loss 2.3425 lr 3.00e-04 185.1 min
[e2e] step 35200 loss 2.2973 lr 3.00e-04 185.5 min
[e2e] step 35300 loss 2.3627 lr 3.00e-04 185.9 min
[e2e] step 35400 loss 2.3412 lr 3.00e-04 186.3 min
[e2e] step 35500 loss 2.3043 lr 3.00e-04 186.7 min
[e2e] step 35600 loss 2.3452 lr 3.00e-04 187.1 min
[e2e] step 35700 loss 2.3415 lr 3.00e-04 187.5 min
[e2e] step 35800 loss 2.3295 lr 3.00e-04 187.9 min
[e2e] step 35900 loss 2.3277 lr 3.00e-04 188.3 min
[e2e] step 36000 loss 2.3320 lr 3.00e-04 188.6 min
[e2e] step 36000 quick period probe (linear, 5 classes, n=4000) bal.acc 0.893
[e2e] step 36100 loss 2.3055 lr 3.00e-04 191.7 min
[e2e] step 36200 loss 2.3250 lr 3.00e-04 192.1 min
[e2e] step 36300 loss 2.3307 lr 3.00e-04 192.5 min
[e2e] step 36400 loss 2.3202 lr 3.00e-04 192.9 min
[e2e] step 36500 loss 2.3051 lr 3.00e-04 193.3 min
[e2e] step 36600 loss 2.3098 lr 3.00e-04 193.7 min
[e2e] step 36700 loss 2.3012 lr 3.00e-04 194.1 min
[e2e] step 36800 loss 2.3200 lr 3.00e-04 194.5 min
[e2e] step 36900 loss 2.3378 lr 3.00e-04 194.9 min
[e2e] step 37000 loss 2.2877 lr 3.00e-04 195.3 min
[e2e] step 37100 loss 2.2854 lr 3.00e-04 195.7 min
[e2e] step 37200 loss 2.2956 lr 3.00e-04 196.1 min
[e2e] step 37300 loss 2.3082 lr 3.00e-04 196.5 min
[e2e] step 37400 loss 2.3075 lr 3.00e-04 196.9 min
[e2e] step 37500 loss 2.2773 lr 3.00e-04 197.3 min
[e2e] step 37600 loss 2.3255 lr 3.00e-04 197.7 min
[e2e] step 37700 loss 2.2711 lr 3.00e-04 198.1 min
[e2e] step 37800 loss 2.3219 lr 3.00e-04 198.5 min
[e2e] step 37900 loss 2.3189 lr 3.00e-04 198.9 min
[e2e] step 38000 loss 2.2868 lr 3.00e-04 199.3 min
[e2e] step 38000 quick period probe (linear, 5 classes, n=4000) bal.acc 0.893
[e2e] step 38100 loss 2.2858 lr 3.00e-04 202.0 min
[e2e] step 38200 loss 2.3080 lr 3.00e-04 202.4 min
[e2e] step 38300 loss 2.2934 lr 3.00e-04 202.8 min
[e2e] step 38400 loss 2.2783 lr 3.00e-04 203.2 min
[e2e] step 38500 loss 2.2891 lr 3.00e-04 203.6 min
[e2e] step 38600 loss 2.2836 lr 3.00e-04 204.0 min
[e2e] step 38700 loss 2.3266 lr 3.00e-04 204.4 min
[e2e] step 38800 loss 2.3151 lr 3.00e-04 204.8 min
[e2e] step 38900 loss 2.2888 lr 3.00e-04 205.2 min
[e2e] step 39000 loss 2.2954 lr 3.00e-04 205.5 min
[e2e] step 39100 loss 2.2922 lr 3.00e-04 206.0 min
[e2e] step 39200 loss 2.2774 lr 3.00e-04 206.3 min
[e2e] step 39300 loss 2.2720 lr 3.00e-04 206.8 min
[e2e] step 39400 loss 2.2617 lr 3.00e-04 207.2 min
[e2e] step 39500 loss 2.2688 lr 3.00e-04 207.5 min
[e2e] step 39600 loss 2.2883 lr 3.00e-04 207.9 min
[e2e] step 39700 loss 2.2384 lr 3.00e-04 208.3 min
[e2e] step 39800 loss 2.2741 lr 3.00e-04 208.7 min
[e2e] step 39900 loss 2.2489 lr 3.00e-04 209.1 min
[e2e] step 40000 loss 2.2348 lr 3.00e-04 209.5 min
[e2e] step 40000 quick period probe (linear, 5 classes, n=4000) bal.acc 0.893
[e2e] step 40100 loss 2.3009 lr 3.00e-04 212.3 min
[e2e] step 40200 loss 2.2394 lr 3.00e-04 212.7 min
[e2e] step 40300 loss 2.2709 lr 3.00e-04 213.1 min
[e2e] step 40400 loss 2.3325 lr 3.00e-04 213.5 min
[e2e] step 40500 loss 2.2518 lr 3.00e-04 213.9 min
[e2e] step 40600 loss 2.2194 lr 3.00e-04 214.3 min
[e2e] step 40700 loss 2.2745 lr 3.00e-04 214.7 min
[e2e] step 40800 loss 2.2595 lr 3.00e-04 215.1 min
[e2e] step 40900 loss 2.2577 lr 3.00e-04 215.5 min
[e2e] step 41000 loss 2.2601 lr 3.00e-04 215.9 min
[e2e] step 41100 loss 2.2537 lr 3.00e-04 216.3 min
[e2e] step 41200 loss 2.2698 lr 3.00e-04 216.7 min
[e2e] step 41300 loss 2.2651 lr 3.00e-04 217.1 min
[e2e] step 41400 loss 2.2405 lr 3.00e-04 217.5 min
[e2e] step 41500 loss 2.2599 lr 3.00e-04 217.9 min
[e2e] step 41600 loss 2.2490 lr 3.00e-04 218.3 min
[e2e] step 41700 loss 2.2266 lr 3.00e-04 218.7 min
[e2e] step 41800 loss 2.2373 lr 3.00e-04 219.1 min
[e2e] step 41900 loss 2.2377 lr 3.00e-04 219.5 min
[e2e] step 42000 loss 2.2517 lr 3.00e-04 219.9 min
[e2e] step 42000 quick period probe (linear, 5 classes, n=4000) bal.acc 0.886
[e2e] step 42100 loss 2.2115 lr 3.00e-04 222.8 min
[e2e] step 42200 loss 2.2334 lr 3.00e-04 223.1 min
[e2e] step 42300 loss 2.2486 lr 3.00e-04 223.5 min
[e2e] step 42400 loss 2.2458 lr 3.00e-04 224.0 min
[e2e] step 42500 loss 2.2268 lr 3.00e-04 224.4 min
[e2e] step 42600 loss 2.2507 lr 3.00e-04 224.8 min
[e2e] step 42700 loss 2.2454 lr 3.00e-04 225.2 min
[e2e] step 42800 loss 2.1939 lr 3.00e-04 225.6 min
[e2e] step 42900 loss 2.2364 lr 3.00e-04 226.0 min
[e2e] step 43000 loss 2.2479 lr 3.00e-04 226.5 min
[e2e] step 43100 loss 2.2360 lr 3.00e-04 226.9 min
[e2e] step 43200 loss 2.2320 lr 3.00e-04 227.3 min
[e2e] step 43300 loss 2.1949 lr 3.00e-04 227.7 min
[e2e] step 43400 loss 2.2484 lr 3.00e-04 228.1 min
[e2e] step 43500 loss 2.2296 lr 3.00e-04 228.5 min
[e2e] step 43600 loss 2.2091 lr 3.00e-04 228.9 min
[e2e] step 43700 loss 2.2567 lr 3.00e-04 229.3 min
[e2e] step 43800 loss 2.2503 lr 3.00e-04 229.7 min
[e2e] step 43900 loss 2.2174 lr 3.00e-04 230.1 min
[e2e] step 44000 loss 2.2204 lr 3.00e-04 230.6 min
[e2e] step 44000 quick period probe (linear, 5 classes, n=4000) bal.acc 0.894
[e2e] step 44100 loss 2.2050 lr 3.00e-04 233.5 min
[e2e] step 44200 loss 2.2296 lr 3.00e-04 233.9 min
[e2e] step 44300 loss 2.2111 lr 3.00e-04 234.3 min
[e2e] step 44400 loss 2.1934 lr 3.00e-04 234.7 min
[e2e] step 44500 loss 2.2190 lr 3.00e-04 235.1 min
[e2e] step 44600 loss 2.2081 lr 3.00e-04 235.5 min
[e2e] step 44700 loss 2.2441 lr 3.00e-04 235.9 min
[e2e] step 44800 loss 2.2544 lr 3.00e-04 236.3 min
[e2e] step 44900 loss 2.1964 lr 3.00e-04 236.7 min
[e2e] step 45000 loss 2.2260 lr 3.00e-04 237.1 min
[e2e] step 45100 loss 2.2002 lr 3.00e-04 237.6 min
[e2e] step 45200 loss 2.2256 lr 3.00e-04 238.0 min
[e2e] step 45300 loss 2.2211 lr 3.00e-04 238.4 min
[e2e] step 45400 loss 2.2036 lr 3.00e-04 238.8 min
[e2e] step 45500 loss 2.1799 lr 3.00e-04 239.2 min
[e2e] step 45600 loss 2.1747 lr 3.00e-04 239.6 min
[e2e] step 45700 loss 2.2189 lr 3.00e-04 240.0 min
[e2e] step 45800 loss 2.1968 lr 3.00e-04 240.4 min
[e2e] step 45900 loss 2.1860 lr 3.00e-04 240.8 min
[e2e] step 46000 loss 2.1903 lr 3.00e-04 241.2 min
[e2e] step 46000 quick period probe (linear, 5 classes, n=4000) bal.acc 0.899
[e2e] step 46100 loss 2.2097 lr 3.00e-04 244.5 min
[e2e] step 46200 loss 2.1791 lr 3.00e-04 244.9 min
[e2e] step 46300 loss 2.1902 lr 3.00e-04 245.3 min
[e2e] step 46400 loss 2.1855 lr 3.00e-04 245.7 min
[e2e] step 46500 loss 2.1624 lr 3.00e-04 246.1 min
[e2e] step 46600 loss 2.2209 lr 3.00e-04 246.5 min
[e2e] step 46700 loss 2.2297 lr 3.00e-04 246.9 min
[e2e] step 46800 loss 2.1996 lr 3.00e-04 247.4 min
[e2e] step 46900 loss 2.2079 lr 3.00e-04 247.8 min
[e2e] step 47000 loss 2.1687 lr 3.00e-04 248.2 min
[e2e] step 47100 loss 2.1764 lr 3.00e-04 248.6 min
[e2e] step 47200 loss 2.1732 lr 3.00e-04 249.0 min
[e2e] step 47300 loss 2.1824 lr 3.00e-04 249.5 min
[e2e] step 47400 loss 2.2501 lr 3.00e-04 249.9 min
[e2e] step 47500 loss 2.1556 lr 3.00e-04 250.3 min
[e2e] step 47600 loss 2.1932 lr 3.00e-04 250.7 min
[e2e] step 47700 loss 2.1755 lr 3.00e-04 251.1 min
[e2e] step 47800 loss 2.1984 lr 3.00e-04 251.5 min
[e2e] step 47900 loss 2.1703 lr 3.00e-04 252.0 min
[e2e] step 48000 loss 2.1605 lr 3.00e-04 252.4 min
[e2e] step 48000 quick period probe (linear, 5 classes, n=4000) bal.acc 0.895
[e2e] step 48100 loss 2.1389 lr 3.00e-04 255.3 min
[e2e] step 48200 loss 2.1614 lr 3.00e-04 255.7 min
[e2e] step 48300 loss 2.1740 lr 3.00e-04 256.1 min
[e2e] step 48400 loss 2.1624 lr 3.00e-04 256.6 min
[e2e] step 48500 loss 2.1879 lr 3.00e-04 257.0 min
[e2e] step 48600 loss 2.1643 lr 3.00e-04 257.4 min
[e2e] step 48700 loss 2.1712 lr 3.00e-04 257.8 min
[e2e] step 48800 loss 2.1969 lr 3.00e-04 258.2 min
[e2e] step 48900 loss 2.1692 lr 3.00e-04 258.7 min
[e2e] step 49000 loss 2.2102 lr 3.00e-04 259.1 min
[e2e] step 49100 loss 2.1926 lr 3.00e-04 259.5 min
[e2e] step 49200 loss 2.1961 lr 3.00e-04 259.9 min
[e2e] step 49300 loss 2.1744 lr 3.00e-04 260.3 min
[e2e] step 49400 loss 2.1467 lr 3.00e-04 260.8 min
[e2e] step 49500 loss 2.1659 lr 3.00e-04 261.2 min
[e2e] step 49600 loss 2.1720 lr 3.00e-04 261.6 min
[e2e] step 49700 loss 2.1668 lr 3.00e-04 262.0 min
[e2e] step 49800 loss 2.1609 lr 3.00e-04 262.4 min
[e2e] step 49900 loss 2.1551 lr 3.00e-04 262.8 min
[e2e] step 50000 loss 2.1498 lr 3.00e-04 263.2 min
[e2e] step 50000 quick period probe (linear, 5 classes, n=4000) bal.acc 0.902
[e2e] step 50100 loss 2.2195 lr 3.00e-04 265.9 min
[e2e] step 50200 loss 2.1647 lr 3.00e-04 266.3 min
[e2e] step 50300 loss 2.1292 lr 3.00e-04 266.7 min
[e2e] step 50400 loss 2.1483 lr 3.00e-04 267.1 min
[e2e] step 50500 loss 2.1944 lr 3.00e-04 267.5 min
[e2e] step 50600 loss 2.1459 lr 3.00e-04 267.9 min
[e2e] step 50700 loss 2.1401 lr 3.00e-04 268.3 min
[e2e] step 50800 loss 2.1509 lr 3.00e-04 268.7 min
[e2e] step 50900 loss 2.1642 lr 3.00e-04 269.1 min
[e2e] step 51000 loss 2.1464 lr 3.00e-04 269.5 min
[e2e] step 51100 loss 2.1303 lr 3.00e-04 269.9 min
[e2e] step 51200 loss 2.1851 lr 3.00e-04 270.3 min
[e2e] step 51300 loss 2.1644 lr 3.00e-04 270.7 min
[e2e] step 51400 loss 2.1646 lr 3.00e-04 271.1 min
[e2e] step 51500 loss 2.1566 lr 3.00e-04 271.5 min
[e2e] step 51600 loss 2.1458 lr 3.00e-04 271.9 min
[e2e] step 51700 loss 2.1866 lr 3.00e-04 272.3 min
[e2e] step 51800 loss 2.2243 lr 3.00e-04 272.7 min
[e2e] step 51900 loss 2.1408 lr 3.00e-04 273.1 min
[e2e] step 52000 loss 2.1293 lr 3.00e-04 273.6 min
[e2e] step 52000 quick period probe (linear, 5 classes, n=4000) bal.acc 0.892
[e2e] step 52100 loss 2.1418 lr 3.00e-04 276.6 min
[e2e] step 52200 loss 2.1551 lr 3.00e-04 276.9 min
[e2e] step 52300 loss 2.1622 lr 3.00e-04 277.3 min
[e2e] step 52400 loss 2.1504 lr 3.00e-04 277.7 min
[e2e] step 52500 loss 2.1655 lr 3.00e-04 278.1 min
[e2e] step 52600 loss 2.1730 lr 3.00e-04 278.6 min
[e2e] step 52700 loss 2.1573 lr 3.00e-04 279.0 min
[e2e] step 52800 loss 2.1422 lr 3.00e-04 279.4 min
[e2e] step 52900 loss 2.1191 lr 3.00e-04 279.8 min
[e2e] step 53000 loss 2.1498 lr 3.00e-04 280.2 min
[e2e] step 53100 loss 2.1234 lr 3.00e-04 280.6 min
[e2e] step 53200 loss 2.1442 lr 3.00e-04 281.0 min
[e2e] step 53300 loss 2.1295 lr 3.00e-04 281.4 min
[e2e] step 53400 loss 2.1697 lr 3.00e-04 281.8 min
[e2e] step 53500 loss 2.1662 lr 3.00e-04 282.2 min
[e2e] step 53600 loss 2.1341 lr 3.00e-04 282.6 min
[e2e] step 53700 loss 2.1568 lr 3.00e-04 283.0 min
[e2e] step 53800 loss 2.1638 lr 3.00e-04 283.4 min
[e2e] step 53900 loss 2.1591 lr 3.00e-04 283.8 min
[e2e] step 54000 loss 2.1305 lr 3.00e-04 284.2 min
[e2e] step 54000 quick period probe (linear, 5 classes, n=4000) bal.acc 0.888
[e2e] step 54100 loss 2.1240 lr 3.00e-04 287.7 min
[e2e] step 54200 loss 2.1122 lr 3.00e-04 288.1 min
[e2e] step 54300 loss 2.1264 lr 3.00e-04 288.5 min
[e2e] step 54400 loss 2.1513 lr 3.00e-04 289.0 min
[e2e] step 54500 loss 2.1379 lr 3.00e-04 289.4 min
[e2e] step 54600 loss 2.1303 lr 3.00e-04 289.8 min
[e2e] step 54700 loss 2.1434 lr 3.00e-04 290.2 min
[e2e] step 54800 loss 2.1298 lr 3.00e-04 290.6 min
[e2e] step 54900 loss 2.1246 lr 3.00e-04 291.0 min
[e2e] step 55000 loss 2.1531 lr 3.00e-04 291.4 min
[e2e] step 55100 loss 2.1710 lr 3.00e-04 291.9 min
[e2e] step 55200 loss 2.1467 lr 3.00e-04 292.3 min
[e2e] step 55300 loss 2.1447 lr 3.00e-04 292.7 min
[e2e] step 55400 loss 2.1018 lr 3.00e-04 293.1 min
[e2e] step 55500 loss 2.1298 lr 3.00e-04 293.5 min
[e2e] step 55600 loss 2.1145 lr 3.00e-04 293.9 min
[e2e] step 55700 loss 2.1051 lr 3.00e-04 294.3 min
[e2e] step 55800 loss 2.1427 lr 3.00e-04 294.7 min
[e2e] step 55900 loss 2.1425 lr 3.00e-04 295.1 min
[e2e] step 56000 loss 2.1160 lr 3.00e-04 295.5 min
[e2e] step 56000 quick period probe (linear, 5 classes, n=4000) bal.acc 0.899
[e2e] step 56100 loss 2.1148 lr 3.00e-04 298.7 min
[e2e] step 56200 loss 2.1367 lr 3.00e-04 299.2 min
[e2e] step 56300 loss 2.1776 lr 3.00e-04 299.5 min
[e2e] step 56400 loss 2.1293 lr 3.00e-04 299.9 min
[e2e] done e2e_barlow_L-s0: 56414 steps in 5.01h; embeddings -> store 'ssl_e2e::e2e_barlow_L-s0' (31,905 texts); final.pt in chrono/artifacts_ssl/e2e/e2e_barlow_L-s0
Auto packing the repository in background for optimum performance.
See "git help gc" for manual housekeeping.
[yarin-sandbox de86b121] C11: e2e barlow L (job 33682)
 1 file changed, 0 insertions(+), 0 deletions(-)
From https://github.com/YarinBeni/HUJI-THESIS--YARIN
 * branch              yarin-sandbox -> FETCH_HEAD
Auto packing the repository in background for optimum performance.
See "git help gc" for manual housekeeping.
Current branch yarin-sandbox is up to date.
Auto packing the repository in background for optimum performance.
See "git help gc" for manual housekeeping.
To https://github.com/YarinBeni/HUJI-THESIS--YARIN.git
   14118894..de86b121  HEAD -> yarin-sandbox
[commit_push_sandbox] pushed to yarin-sandbox
=== Done. Thu Sep  3 03:49:06 UTC 2026 ===
