# job 33800 C13_s3 exit=0 Thu Sep  3 12:46:37 UTC 2026
# last 4000 lines of /home/yarin.b/projects/HUJI-THESIS--YARIN/chrono/sbatch/logs/C13_s3_33674_6.out
=== C13 s3_cunei400m_init-barlow_frac50 seed 0 === job 33800 Thu Sep  3 09:43:32 UTC 2026
From https://github.com/YarinBeni/HUJI-THESIS--YARIN
 * branch              yarin-sandbox -> FETCH_HEAD
Auto packing the repository in background for optimum performance.
See "git help gc" for manual housekeeping.
Current branch yarin-sandbox is up to date.
Auto packing the repository in background for optimum performance.
See "git help gc" for manual housekeeping.
[labels] label_frac=0.5: 473/925 train docs kept (39 rulers, all retained)
[init] loaded chrono/reports/ssl/heads/ssl_barlow_cunei400m-s0.pt: missing [] unexpected []
epoch 50/200 loss 5.4584
epoch 100/200 loss 4.3966
epoch 150/200 loss 3.8970
epoch 200/200 loss 3.2673
{
  "run_id": "s3_cunei400m_init-barlow_frac50-s0-f0",
  "metrics": {
    "final_dep": NaN,
    "train_soft_spearman": 0.7592249858418487,
    "train_spearman": 0.759090136770615,
    "final_loss": 3.267319083213806,
    "identical_view_rate": 0.00799154334038055,
    "test_spearman": NaN
  },
  "scores_path": "/home/yarin.b/projects/HUJI-THESIS--YARIN/chrono/artifacts/scores/s3_cunei400m_init-barlow_frac50-s0-f0.parquet"
}
[labels] label_frac=0.5: 489/956 train docs kept (39 rulers, all retained)
[init] loaded chrono/reports/ssl/heads/ssl_barlow_cunei400m-s0.pt: missing [] unexpected []
epoch 50/200 loss 6.0601
epoch 100/200 loss 4.7805
epoch 150/200 loss 4.3758
epoch 200/200 loss 3.8059
{
  "run_id": "s3_cunei400m_init-barlow_frac50-s0-f1",
  "metrics": {
    "final_dep": NaN,
    "train_soft_spearman": 0.7969660351505155,
    "train_spearman": 0.7967255086069295,
    "final_loss": 3.805943727493286,
    "identical_view_rate": 0.005511247443762781,
    "test_spearman": NaN
  },
  "scores_path": "/home/yarin.b/projects/HUJI-THESIS--YARIN/chrono/artifacts/scores/s3_cunei400m_init-barlow_frac50-s0-f1.parquet"
}
[labels] label_frac=0.5: 488/963 train docs kept (27 rulers, all retained)
[init] loaded chrono/reports/ssl/heads/ssl_barlow_cunei400m-s0.pt: missing [] unexpected []
epoch 50/200 loss 5.1527
epoch 100/200 loss 4.2960
epoch 150/200 loss 3.7613
epoch 200/200 loss 3.4595
{
  "run_id": "s3_cunei400m_init-barlow_frac50-s0-f2",
  "metrics": {
    "final_dep": NaN,
    "train_soft_spearman": 0.8530783300980265,
    "train_spearman": 0.8529734929336675,
    "final_loss": 3.4595491886138916,
    "identical_view_rate": 0.006157786885245902,
    "test_spearman": 0.15254078783736558
  },
  "scores_path": "/home/yarin.b/projects/HUJI-THESIS--YARIN/chrono/artifacts/scores/s3_cunei400m_init-barlow_frac50-s0-f2.parquet"
}
[labels] label_frac=0.5: 490/964 train docs kept (30 rulers, all retained)
[init] loaded chrono/reports/ssl/heads/ssl_barlow_cunei400m-s0.pt: missing [] unexpected []
epoch 50/200 loss 6.0701
epoch 100/200 loss 4.7999
epoch 150/200 loss 4.1939
epoch 200/200 loss 3.9920
{
  "run_id": "s3_cunei400m_init-barlow_frac50-s0-f3",
  "metrics": {
    "final_dep": NaN,
    "train_soft_spearman": 0.7731847835317283,
    "train_spearman": 0.7730492939701304,
    "final_loss": 3.9920451641082764,
    "identical_view_rate": 0.004765306122448979,
    "test_spearman": 0.5416627550562902
  },
  "scores_path": "/home/yarin.b/projects/HUJI-THESIS--YARIN/chrono/artifacts/scores/s3_cunei400m_init-barlow_frac50-s0-f3.parquet"
}
[labels] label_frac=0.5: 488/964 train docs kept (25 rulers, all retained)
[init] loaded chrono/reports/ssl/heads/ssl_barlow_cunei400m-s0.pt: missing [] unexpected []
epoch 50/200 loss 5.3898
epoch 100/200 loss 4.1208
epoch 150/200 loss 3.7439
epoch 200/200 loss 3.5613
{
  "run_id": "s3_cunei400m_init-barlow_frac50-s0-f4",
  "metrics": {
    "final_dep": NaN,
    "train_soft_spearman": 0.7147388959268427,
    "train_spearman": 0.7149995287540567,
    "final_loss": 3.561342716217041,
    "identical_view_rate": 0.0038114754098360656,
    "test_spearman": 0.7354371488368128
  },
  "scores_path": "/home/yarin.b/projects/HUJI-THESIS--YARIN/chrono/artifacts/scores/s3_cunei400m_init-barlow_frac50-s0-f4.parquet"
}
Auto packing the repository in background for optimum performance.
See "git help gc" for manual housekeeping.
[yarin-sandbox 0e7712ff] C13: s3_cunei400m_init-barlow_frac50 seed 0 (job 33800)
 11 files changed, 0 insertions(+), 0 deletions(-)
 create mode 100644 chrono/reports/tier0/s3_scores/s3_cunei400m_init-jepa_frac25-s1-f0.parquet
 create mode 100644 chrono/reports/tier0/s3_scores/s3_cunei400m_init-jepa_frac25-s1-f1.parquet
 create mode 100644 chrono/reports/tier0/s3_scores/s3_cunei400m_init-jepa_frac25-s1-f2.parquet
 create mode 100644 chrono/reports/tier0/s3_scores/s3_cunei400m_init-jepa_frac25-s1-f3.parquet
 create mode 100644 chrono/reports/tier0/s3_scores/s3_cunei400m_init-jepa_frac25-s1-f4.parquet
 create mode 100644 chrono/reports/tier0/s3_scores/s3_cunei400m_init-none_frac100-s0-f0.parquet
 create mode 100644 chrono/reports/tier0/s3_scores/s3_cunei400m_init-none_frac100-s0-f1.parquet
 create mode 100644 chrono/reports/tier0/s3_scores/s3_cunei400m_init-none_frac100-s0-f2.parquet
 create mode 100644 chrono/reports/tier0/s3_scores/s3_cunei400m_init-none_frac100-s0-f3.parquet
 create mode 100644 chrono/reports/tier0/s3_scores/s3_cunei400m_init-none_frac100-s0-f4.parquet
From https://github.com/YarinBeni/HUJI-THESIS--YARIN
 * branch              yarin-sandbox -> FETCH_HEAD
Auto packing the repository in background for optimum performance.
See "git help gc" for manual housekeeping.
Created autostash: 69e12289
Current branch yarin-sandbox is up to date.
Applied autostash.
Auto packing the repository in background for optimum performance.
See "git help gc" for manual housekeeping.
error: RPC failed; HTTP 408 curl 22 The requested URL returned error: 408
send-pack: unexpected disconnect while reading sideband packet
fatal: the remote end hung up unexpectedly
Everything up-to-date
From https://github.com/YarinBeni/HUJI-THESIS--YARIN
 * branch              yarin-sandbox -> FETCH_HEAD
Auto packing the repository in background for optimum performance.
See "git help gc" for manual housekeeping.
Created autostash: e934faa4
Current branch yarin-sandbox is up to date.
Applied autostash.
Auto packing the repository in background for optimum performance.
See "git help gc" for manual housekeeping.
error: RPC failed; HTTP 408 curl 22 The requested URL returned error: 408
send-pack: unexpected disconnect while reading sideband packet
fatal: the remote end hung up unexpectedly
Everything up-to-date
From https://github.com/YarinBeni/HUJI-THESIS--YARIN
 * branch              yarin-sandbox -> FETCH_HEAD
Auto packing the repository in background for optimum performance.
See "git help gc" for manual housekeeping.
Created autostash: 69aec8db
Current branch yarin-sandbox is up to date.
Applied autostash.
Auto packing the repository in background for optimum performance.
See "git help gc" for manual housekeeping.
error: RPC failed; HTTP 408 curl 22 The requested URL returned error: 408
send-pack: unexpected disconnect while reading sideband packet
fatal: the remote end hung up unexpectedly
Everything up-to-date
From https://github.com/YarinBeni/HUJI-THESIS--YARIN
 * branch              yarin-sandbox -> FETCH_HEAD
Auto packing the repository in background for optimum performance.
See "git help gc" for manual housekeeping.
Created autostash: 48c3d909
Current branch yarin-sandbox is up to date.
Applied autostash.
Auto packing the repository in background for optimum performance.
See "git help gc" for manual housekeeping.
error: RPC failed; HTTP 408 curl 22 The requested URL returned error: 408
send-pack: unexpected disconnect while reading sideband packet
fatal: the remote end hung up unexpectedly
Everything up-to-date
From https://github.com/YarinBeni/HUJI-THESIS--YARIN
 * branch              yarin-sandbox -> FETCH_HEAD
Auto packing the repository in background for optimum performance.
See "git help gc" for manual housekeeping.
Created autostash: bfe1010e
Current branch yarin-sandbox is up to date.
Applied autostash.
Auto packing the repository in background for optimum performance.
See "git help gc" for manual housekeeping.
error: RPC failed; HTTP 408 curl 22 The requested URL returned error: 408
send-pack: unexpected disconnect while reading sideband packet
fatal: the remote end hung up unexpectedly
Everything up-to-date
[commit_push_sandbox] FAILED after 5 attempts
=== Done. Thu Sep  3 12:46:37 UTC 2026 ===
