# job 33826 C13_s3 exit=0 Thu Sep  3 14:52:34 UTC 2026
# last 4000 lines of /home/yarin.b/projects/HUJI-THESIS--YARIN/chrono/sbatch/logs/C13_s3_33674_23.out
=== C13 s3_cunei400m_init-none_frac100_h128 seed 2 === job 33826 Thu Sep  3 13:16:09 UTC 2026
From https://github.com/YarinBeni/HUJI-THESIS--YARIN
 * branch              yarin-sandbox -> FETCH_HEAD
fatal: Cannot autostash
From https://github.com/YarinBeni/HUJI-THESIS--YARIN
 * branch              yarin-sandbox -> FETCH_HEAD
Auto packing the repository in background for optimum performance.
See "git help gc" for manual housekeeping.
Created autostash: 43b58dd8
Current branch yarin-sandbox is up to date.
Applied autostash.
Auto packing the repository in background for optimum performance.
See "git help gc" for manual housekeeping.
epoch 50/200 loss 8.5884
epoch 100/200 loss 6.7168
epoch 150/200 loss 5.8122
epoch 200/200 loss 4.9445
{
  "run_id": "s3_cunei400m_init-none_frac100_h128-s2-f0",
  "metrics": {
    "final_dep": NaN,
    "train_soft_spearman": 0.6613799321450986,
    "train_spearman": 0.6610590405745561,
    "final_loss": 4.944474816322327,
    "identical_view_rate": 0.007491891891891892,
    "test_spearman": NaN
  },
  "scores_path": "/home/yarin.b/projects/HUJI-THESIS--YARIN/chrono/artifacts/scores/s3_cunei400m_init-none_frac100_h128-s2-f0.parquet"
}
epoch 50/200 loss 9.1681
epoch 100/200 loss 7.0414
epoch 150/200 loss 6.0619
epoch 200/200 loss 5.2552
{
  "run_id": "s3_cunei400m_init-none_frac100_h128-s2-f1",
  "metrics": {
    "final_dep": NaN,
    "train_soft_spearman": 0.6729877208410885,
    "train_spearman": 0.6727356265987058,
    "final_loss": 5.255235075950623,
    "identical_view_rate": 0.00651673640167364,
    "test_spearman": NaN
  },
  "scores_path": "/home/yarin.b/projects/HUJI-THESIS--YARIN/chrono/artifacts/scores/s3_cunei400m_init-none_frac100_h128-s2-f1.parquet"
}
epoch 50/200 loss 8.5971
epoch 100/200 loss 6.6398
epoch 150/200 loss 5.4904
epoch 200/200 loss 4.8329
{
  "run_id": "s3_cunei400m_init-none_frac100_h128-s2-f2",
  "metrics": {
    "final_dep": NaN,
    "train_soft_spearman": 0.7283619364999505,
    "train_spearman": 0.7283020633567272,
    "final_loss": 4.832894444465637,
    "identical_view_rate": 0.007876427829698858,
    "test_spearman": 0.17542040592873626
  },
  "scores_path": "/home/yarin.b/projects/HUJI-THESIS--YARIN/chrono/artifacts/scores/s3_cunei400m_init-none_frac100_h128-s2-f2.parquet"
}
epoch 50/200 loss 9.2841
epoch 100/200 loss 7.1216
epoch 150/200 loss 5.9305
epoch 200/200 loss 5.2407
{
  "run_id": "s3_cunei400m_init-none_frac100_h128-s2-f3",
  "metrics": {
    "final_dep": NaN,
    "train_soft_spearman": 0.6215614585300335,
    "train_spearman": 0.6211063923169576,
    "final_loss": 5.240711688995361,
    "identical_view_rate": 0.0036566390041493776,
    "test_spearman": 0.6658475249809807
  },
  "scores_path": "/home/yarin.b/projects/HUJI-THESIS--YARIN/chrono/artifacts/scores/s3_cunei400m_init-none_frac100_h128-s2-f3.parquet"
}
epoch 50/200 loss 8.7987
epoch 100/200 loss 6.7444
epoch 150/200 loss 5.6739
epoch 200/200 loss 5.1083
{
  "run_id": "s3_cunei400m_init-none_frac100_h128-s2-f4",
  "metrics": {
    "final_dep": NaN,
    "train_soft_spearman": 0.5725646030227165,
    "train_spearman": 0.5729035392126526,
    "final_loss": 5.108317494392395,
    "identical_view_rate": 0.007287344398340249,
    "test_spearman": 0.67151903799346
  },
  "scores_path": "/home/yarin.b/projects/HUJI-THESIS--YARIN/chrono/artifacts/scores/s3_cunei400m_init-none_frac100_h128-s2-f4.parquet"
}
Auto packing the repository in background for optimum performance.
See "git help gc" for manual housekeeping.
[yarin-sandbox 8f70a73c] C13: s3_cunei400m_init-none_frac100_h128 seed 2 (job 33826)
 17 files changed, 166 insertions(+)
 create mode 100644 chrono/reports/logs/C13_s3_33825.log
 create mode 100644 chrono/reports/tier0/s3_scores/s3_cunei400m_init-none_frac100-s1-f0.parquet
 create mode 100644 chrono/reports/tier0/s3_scores/s3_cunei400m_init-none_frac100-s1-f1.parquet
 create mode 100644 chrono/reports/tier0/s3_scores/s3_cunei400m_init-none_frac100-s1-f2.parquet
 create mode 100644 chrono/reports/tier0/s3_scores/s3_cunei400m_init-none_frac100-s1-f3.parquet
 create mode 100644 chrono/reports/tier0/s3_scores/s3_cunei400m_init-none_frac100-s1-f4.parquet
 create mode 100644 chrono/reports/tier0/s3_scores/s3_cunei400m_init-none_frac100-s2-f0.parquet
 create mode 100644 chrono/reports/tier0/s3_scores/s3_cunei400m_init-none_frac100-s2-f1.parquet
 create mode 100644 chrono/reports/tier0/s3_scores/s3_cunei400m_init-none_frac100-s2-f2.parquet
 create mode 100644 chrono/reports/tier0/s3_scores/s3_cunei400m_init-none_frac100-s2-f3.parquet
 create mode 100644 chrono/reports/tier0/s3_scores/s3_cunei400m_init-none_frac100-s2-f4.parquet
 create mode 100644 chrono/reports/tier0/s3_scores/s3_cunei400m_init-none_frac100_h128-s0-f0.parquet
 create mode 100644 chrono/reports/tier0/s3_scores/s3_cunei400m_init-none_frac100_h128-s0-f1.parquet
 create mode 100644 chrono/reports/tier0/s3_scores/s3_cunei400m_init-none_frac100_h128-s0-f2.parquet
 create mode 100644 chrono/reports/tier0/s3_scores/s3_cunei400m_init-none_frac100_h128-s0-f3.parquet
 create mode 100644 chrono/reports/tier0/s3_scores/s3_cunei400m_init-none_frac100_h128-s0-f4.parquet
From https://github.com/YarinBeni/HUJI-THESIS--YARIN
 * branch              yarin-sandbox -> FETCH_HEAD
Auto packing the repository in background for optimum performance.
See "git help gc" for manual housekeeping.
Created autostash: 99231a10
Current branch yarin-sandbox is up to date.
Applied autostash.
Auto packing the repository in background for optimum performance.
See "git help gc" for manual housekeeping.
error: RPC failed; HTTP 408 curl 22 The requested URL returned error: 408
send-pack: unexpected disconnect while reading sideband packet
fatal: the remote end hung up unexpectedly
Everything up-to-date
From https://github.com/YarinBeni/HUJI-THESIS--YARIN
 * branch              yarin-sandbox -> FETCH_HEAD
Auto packing the repository in background for optimum performance.
See "git help gc" for manual housekeeping.
Created autostash: f8325ab0
Current branch yarin-sandbox is up to date.
Applied autostash.
Auto packing the repository in background for optimum performance.
See "git help gc" for manual housekeeping.
error: RPC failed; HTTP 408 curl 22 The requested URL returned error: 408
send-pack: unexpected disconnect while reading sideband packet
fatal: the remote end hung up unexpectedly
Everything up-to-date
From https://github.com/YarinBeni/HUJI-THESIS--YARIN
 * branch              yarin-sandbox -> FETCH_HEAD
Auto packing the repository in background for optimum performance.
See "git help gc" for manual housekeeping.
Created autostash: 202e62cf
Current branch yarin-sandbox is up to date.
Applied autostash.
Auto packing the repository in background for optimum performance.
See "git help gc" for manual housekeeping.
error: RPC failed; HTTP 408 curl 22 The requested URL returned error: 408
send-pack: unexpected disconnect while reading sideband packet
fatal: the remote end hung up unexpectedly
Everything up-to-date
From https://github.com/YarinBeni/HUJI-THESIS--YARIN
 * branch              yarin-sandbox -> FETCH_HEAD
Auto packing the repository in background for optimum performance.
See "git help gc" for manual housekeeping.
Created autostash: 2cde7379
Current branch yarin-sandbox is up to date.
Applied autostash.
Auto packing the repository in background for optimum performance.
See "git help gc" for manual housekeeping.
error: RPC failed; HTTP 408 curl 22 The requested URL returned error: 408
send-pack: unexpected disconnect while reading sideband packet
fatal: the remote end hung up unexpectedly
Everything up-to-date
From https://github.com/YarinBeni/HUJI-THESIS--YARIN
 * branch              yarin-sandbox -> FETCH_HEAD
Auto packing the repository in background for optimum performance.
See "git help gc" for manual housekeeping.
Created autostash: 2c106783
Current branch yarin-sandbox is up to date.
Applied autostash.
Auto packing the repository in background for optimum performance.
See "git help gc" for manual housekeeping.
error: RPC failed; HTTP 408 curl 22 The requested URL returned error: 408
send-pack: unexpected disconnect while reading sideband packet
fatal: the remote end hung up unexpectedly
Everything up-to-date
[commit_push_sandbox] FAILED after 5 attempts
=== Done. Thu Sep  3 14:52:34 UTC 2026 ===
