# job 33822 C13_s3 exit=0 Thu Sep  3 16:23:38 UTC 2026
# last 4000 lines of /home/yarin.b/projects/HUJI-THESIS--YARIN/chrono/sbatch/logs/C13_s3_33674_19.out
=== C13 s3_cunei400m_init-none_frac100 seed 1 === job 33822 Thu Sep  3 12:36:38 UTC 2026
From https://github.com/YarinBeni/HUJI-THESIS--YARIN
 * branch              yarin-sandbox -> FETCH_HEAD
Auto packing the repository in background for optimum performance.
See "git help gc" for manual housekeeping.
Created autostash: 08aaa204
Current branch yarin-sandbox is up to date.
Applied autostash.
Auto packing the repository in background for optimum performance.
See "git help gc" for manual housekeeping.
epoch 50/200 loss 7.0955
epoch 100/200 loss 4.9669
epoch 150/200 loss 4.5523
epoch 200/200 loss 4.1382
{
  "run_id": "s3_cunei400m_init-none_frac100-s1-f0",
  "metrics": {
    "final_dep": NaN,
    "train_soft_spearman": 0.709917013673422,
    "train_spearman": 0.7096130079683916,
    "final_loss": 4.138168632984161,
    "identical_view_rate": 0.007616216216216216,
    "test_spearman": NaN
  },
  "scores_path": "/home/yarin.b/projects/HUJI-THESIS--YARIN/chrono/artifacts/scores/s3_cunei400m_init-none_frac100-s1-f0.parquet"
}
epoch 50/200 loss 7.5221
epoch 100/200 loss 5.5083
epoch 150/200 loss 4.7458
epoch 200/200 loss 4.2486
{
  "run_id": "s3_cunei400m_init-none_frac100-s1-f1",
  "metrics": {
    "final_dep": NaN,
    "train_soft_spearman": 0.763631928001933,
    "train_spearman": 0.763595735637965,
    "final_loss": 4.24860417842865,
    "identical_view_rate": 0.006563807531380753,
    "test_spearman": NaN
  },
  "scores_path": "/home/yarin.b/projects/HUJI-THESIS--YARIN/chrono/artifacts/scores/s3_cunei400m_init-none_frac100-s1-f1.parquet"
}
epoch 50/200 loss 7.0982
epoch 100/200 loss 5.0572
epoch 150/200 loss 4.5459
epoch 200/200 loss 3.8534
{
  "run_id": "s3_cunei400m_init-none_frac100-s1-f2",
  "metrics": {
    "final_dep": NaN,
    "train_soft_spearman": 0.7844588808026752,
    "train_spearman": 0.7843352029423393,
    "final_loss": 3.8533761501312256,
    "identical_view_rate": 0.008037383177570093,
    "test_spearman": 0.22814114413145953
  },
  "scores_path": "/home/yarin.b/projects/HUJI-THESIS--YARIN/chrono/artifacts/scores/s3_cunei400m_init-none_frac100-s1-f2.parquet"
}
epoch 50/200 loss 7.5610
epoch 100/200 loss 5.3981
epoch 150/200 loss 4.7415
epoch 200/200 loss 4.3502
{
  "run_id": "s3_cunei400m_init-none_frac100-s1-f3",
  "metrics": {
    "final_dep": NaN,
    "train_soft_spearman": 0.7072032422135414,
    "train_spearman": 0.7073079433941641,
    "final_loss": 4.350191235542297,
    "identical_view_rate": 0.0034802904564315354,
    "test_spearman": 0.517494431426955
  },
  "scores_path": "/home/yarin.b/projects/HUJI-THESIS--YARIN/chrono/artifacts/scores/s3_cunei400m_init-none_frac100-s1-f3.parquet"
}
epoch 50/200 loss 7.1132
epoch 100/200 loss 5.3281
epoch 150/200 loss 4.5851
epoch 200/200 loss 4.0729
{
  "run_id": "s3_cunei400m_init-none_frac100-s1-f4",
  "metrics": {
    "final_dep": NaN,
    "train_soft_spearman": 0.6552376491667748,
    "train_spearman": 0.6550795289974533,
    "final_loss": 4.072927415370941,
    "identical_view_rate": 0.007287344398340249,
    "test_spearman": 0.7344241976483611
  },
  "scores_path": "/home/yarin.b/projects/HUJI-THESIS--YARIN/chrono/artifacts/scores/s3_cunei400m_init-none_frac100-s1-f4.parquet"
}
Auto packing the repository in background for optimum performance.
See "git help gc" for manual housekeeping.
[yarin-sandbox 9f8ccc03] C13: s3_cunei400m_init-none_frac100 seed 1 (job 33822)
 7 files changed, 100 insertions(+)
 create mode 100644 chrono/reports/logs/C14_reprobe_33818.log
 create mode 100644 chrono/reports/tier0/s3_scores/s3_llama2_7b_init-barlow_frac25-s2-f0.parquet
 create mode 100644 chrono/reports/tier0/s3_scores/s3_llama2_7b_init-barlow_frac25-s2-f1.parquet
 create mode 100644 chrono/reports/tier0/s3_scores/s3_llama2_7b_init-barlow_frac25-s2-f2.parquet
 create mode 100644 chrono/reports/tier0/s3_scores/s3_llama2_7b_init-barlow_frac25-s2-f3.parquet
 create mode 100644 chrono/reports/tier0/s3_scores/s3_llama2_7b_init-barlow_frac25-s2-f4.parquet
From https://github.com/YarinBeni/HUJI-THESIS--YARIN
 * branch              yarin-sandbox -> FETCH_HEAD
Auto packing the repository in background for optimum performance.
See "git help gc" for manual housekeeping.
Current branch yarin-sandbox is up to date.
Auto packing the repository in background for optimum performance.
See "git help gc" for manual housekeeping.
error: RPC failed; HTTP 408 curl 22 The requested URL returned error: 408
send-pack: unexpected disconnect while reading sideband packet
fatal: the remote end hung up unexpectedly
Everything up-to-date
From https://github.com/YarinBeni/HUJI-THESIS--YARIN
 * branch              yarin-sandbox -> FETCH_HEAD
Auto packing the repository in background for optimum performance.
See "git help gc" for manual housekeeping.
Created autostash: c7339952
Current branch yarin-sandbox is up to date.
Applied autostash.
Auto packing the repository in background for optimum performance.
See "git help gc" for manual housekeeping.
error: RPC failed; HTTP 408 curl 22 The requested URL returned error: 408
send-pack: unexpected disconnect while reading sideband packet
fatal: the remote end hung up unexpectedly
Everything up-to-date
From https://github.com/YarinBeni/HUJI-THESIS--YARIN
 * branch              yarin-sandbox -> FETCH_HEAD
Auto packing the repository in background for optimum performance.
See "git help gc" for manual housekeeping.
Created autostash: 7a78fab9
Current branch yarin-sandbox is up to date.
Applied autostash.
Auto packing the repository in background for optimum performance.
See "git help gc" for manual housekeeping.
error: RPC failed; HTTP 408 curl 22 The requested URL returned error: 408
send-pack: unexpected disconnect while reading sideband packet
fatal: the remote end hung up unexpectedly
Everything up-to-date
From https://github.com/YarinBeni/HUJI-THESIS--YARIN
 * branch              yarin-sandbox -> FETCH_HEAD
Auto packing the repository in background for optimum performance.
See "git help gc" for manual housekeeping.
Created autostash: 4dffe4d4
Current branch yarin-sandbox is up to date.
Applied autostash.
Auto packing the repository in background for optimum performance.
See "git help gc" for manual housekeeping.
error: RPC failed; HTTP 408 curl 22 The requested URL returned error: 408
send-pack: unexpected disconnect while reading sideband packet
fatal: the remote end hung up unexpectedly
Everything up-to-date
From https://github.com/YarinBeni/HUJI-THESIS--YARIN
 * branch              yarin-sandbox -> FETCH_HEAD
Auto packing the repository in background for optimum performance.
See "git help gc" for manual housekeeping.
Created autostash: a90af1bc
Current branch yarin-sandbox is up to date.
Applied autostash.
Auto packing the repository in background for optimum performance.
See "git help gc" for manual housekeeping.
error: RPC failed; HTTP 408 curl 22 The requested URL returned error: 408
send-pack: unexpected disconnect while reading sideband packet
fatal: the remote end hung up unexpectedly
Everything up-to-date
[commit_push_sandbox] FAILED after 5 attempts
=== Done. Thu Sep  3 16:23:38 UTC 2026 ===
