# job 33843 C13_s3 exit=0 Thu Sep  3 19:55:20 UTC 2026
# last 4000 lines of /home/yarin.b/projects/HUJI-THESIS--YARIN/chrono/sbatch/logs/C13_s3_33674_37.out
=== C13 s3_llama2_7b_init-barlow_frac25 seed 1 === job 33843 Thu Sep  3 16:02:11 UTC 2026
From https://github.com/YarinBeni/HUJI-THESIS--YARIN
 * branch              yarin-sandbox -> FETCH_HEAD
Auto packing the repository in background for optimum performance.
See "git help gc" for manual housekeeping.
Current branch yarin-sandbox is up to date.
Auto packing the repository in background for optimum performance.
See "git help gc" for manual housekeeping.
[labels] label_frac=0.25: 245/925 train docs kept (39 rulers, all retained)
[init] loaded chrono/reports/ssl/heads/ssl_barlow_llama2_7b-s0.pt: missing [] unexpected []
epoch 50/200 loss 7.6343
epoch 100/200 loss 6.2686
epoch 150/200 loss 5.2634
epoch 200/200 loss 4.5097
{
  "run_id": "s3_llama2_7b_init-barlow_frac25-s1-f0",
  "metrics": {
    "final_dep": NaN,
    "train_soft_spearman": 0.8281969568910008,
    "train_spearman": 0.8282449385883726,
    "final_loss": 4.50969123840332,
    "identical_view_rate": 0.007346938775510204,
    "test_spearman": NaN
  },
  "scores_path": "/home/yarin.b/projects/HUJI-THESIS--YARIN/chrono/artifacts/scores/s3_llama2_7b_init-barlow_frac25-s1-f0.parquet"
}
[labels] label_frac=0.25: 253/956 train docs kept (39 rulers, all retained)
[init] loaded chrono/reports/ssl/heads/ssl_barlow_llama2_7b-s0.pt: missing [] unexpected []
epoch 50/200 loss 7.6044
epoch 100/200 loss 6.1201
epoch 150/200 loss 5.2188
epoch 200/200 loss 4.5262
{
  "run_id": "s3_llama2_7b_init-barlow_frac25-s1-f1",
  "metrics": {
    "final_dep": NaN,
    "train_soft_spearman": 0.903039313942785,
    "train_spearman": 0.9029888714772837,
    "final_loss": 4.526201248168945,
    "identical_view_rate": 0.003122529644268775,
    "test_spearman": NaN
  },
  "scores_path": "/home/yarin.b/projects/HUJI-THESIS--YARIN/chrono/artifacts/scores/s3_llama2_7b_init-barlow_frac25-s1-f1.parquet"
}
[labels] label_frac=0.25: 250/963 train docs kept (27 rulers, all retained)
[init] loaded chrono/reports/ssl/heads/ssl_barlow_llama2_7b-s0.pt: missing [] unexpected []
epoch 50/200 loss 8.4344
epoch 100/200 loss 6.0207
epoch 150/200 loss 5.1060
epoch 200/200 loss 4.5242
{
  "run_id": "s3_llama2_7b_init-barlow_frac25-s1-f2",
  "metrics": {
    "final_dep": NaN,
    "train_soft_spearman": 0.8779050870202489,
    "train_spearman": 0.8782555958490063,
    "final_loss": 4.524192810058594,
    "identical_view_rate": 0.00292,
    "test_spearman": 0.3332559355259125
  },
  "scores_path": "/home/yarin.b/projects/HUJI-THESIS--YARIN/chrono/artifacts/scores/s3_llama2_7b_init-barlow_frac25-s1-f2.parquet"
}
[labels] label_frac=0.25: 251/964 train docs kept (30 rulers, all retained)
[init] loaded chrono/reports/ssl/heads/ssl_barlow_llama2_7b-s0.pt: missing [] unexpected []
epoch 50/200 loss 7.5674
epoch 100/200 loss 6.0823
epoch 150/200 loss 5.3163
epoch 200/200 loss 4.7960
{
  "run_id": "s3_llama2_7b_init-barlow_frac25-s1-f3",
  "metrics": {
    "final_dep": NaN,
    "train_soft_spearman": 0.8727098686834542,
    "train_spearman": 0.8725622923856013,
    "final_loss": 4.7960124015808105,
    "identical_view_rate": 0.005657370517928287,
    "test_spearman": 0.5134238704939523
  },
  "scores_path": "/home/yarin.b/projects/HUJI-THESIS--YARIN/chrono/artifacts/scores/s3_llama2_7b_init-barlow_frac25-s1-f3.parquet"
}
[labels] label_frac=0.25: 249/964 train docs kept (25 rulers, all retained)
[init] loaded chrono/reports/ssl/heads/ssl_barlow_llama2_7b-s0.pt: missing [] unexpected []
epoch 50/200 loss 7.5002
epoch 100/200 loss 6.0050
epoch 150/200 loss 5.2410
epoch 200/200 loss 4.5740
{
  "run_id": "s3_llama2_7b_init-barlow_frac25-s1-f4",
  "metrics": {
    "final_dep": NaN,
    "train_soft_spearman": 0.8658867235131403,
    "train_spearman": 0.865877522239679,
    "final_loss": 4.573967456817627,
    "identical_view_rate": 0.009979919678714859,
    "test_spearman": 0.6734470955716593
  },
  "scores_path": "/home/yarin.b/projects/HUJI-THESIS--YARIN/chrono/artifacts/scores/s3_llama2_7b_init-barlow_frac25-s1-f4.parquet"
}
Auto packing the repository in background for optimum performance.
See "git help gc" for manual housekeeping.
[yarin-sandbox 496574b9] C13: s3_llama2_7b_init-barlow_frac25 seed 1 (job 33843)
 1 file changed, 172 insertions(+)
 create mode 100644 chrono/reports/logs/C13_s3_33845.log
From https://github.com/YarinBeni/HUJI-THESIS--YARIN
 * branch              yarin-sandbox -> FETCH_HEAD
Auto packing the repository in background for optimum performance.
See "git help gc" for manual housekeeping.
Current branch yarin-sandbox is up to date.
Auto packing the repository in background for optimum performance.
See "git help gc" for manual housekeeping.
error: RPC failed; HTTP 408 curl 22 The requested URL returned error: 408
send-pack: unexpected disconnect while reading sideband packet
fatal: the remote end hung up unexpectedly
Everything up-to-date
From https://github.com/YarinBeni/HUJI-THESIS--YARIN
 * branch              yarin-sandbox -> FETCH_HEAD
Auto packing the repository in background for optimum performance.
See "git help gc" for manual housekeeping.
Current branch yarin-sandbox is up to date.
Auto packing the repository in background for optimum performance.
See "git help gc" for manual housekeeping.
error: RPC failed; HTTP 408 curl 22 The requested URL returned error: 408
send-pack: unexpected disconnect while reading sideband packet
fatal: the remote end hung up unexpectedly
Everything up-to-date
From https://github.com/YarinBeni/HUJI-THESIS--YARIN
 * branch              yarin-sandbox -> FETCH_HEAD
Auto packing the repository in background for optimum performance.
See "git help gc" for manual housekeeping.
Current branch yarin-sandbox is up to date.
Auto packing the repository in background for optimum performance.
See "git help gc" for manual housekeeping.
error: RPC failed; HTTP 408 curl 22 The requested URL returned error: 408
send-pack: unexpected disconnect while reading sideband packet
fatal: the remote end hung up unexpectedly
Everything up-to-date
From https://github.com/YarinBeni/HUJI-THESIS--YARIN
 * branch              yarin-sandbox -> FETCH_HEAD
Auto packing the repository in background for optimum performance.
See "git help gc" for manual housekeeping.
Current branch yarin-sandbox is up to date.
Auto packing the repository in background for optimum performance.
See "git help gc" for manual housekeeping.
error: RPC failed; HTTP 408 curl 22 The requested URL returned error: 408
send-pack: unexpected disconnect while reading sideband packet
fatal: the remote end hung up unexpectedly
Everything up-to-date
From https://github.com/YarinBeni/HUJI-THESIS--YARIN
 * branch              yarin-sandbox -> FETCH_HEAD
   c2c26954..953ac86c  yarin-sandbox -> origin/yarin-sandbox
Auto packing the repository in background for optimum performance.
See "git help gc" for manual housekeeping.
Rebasing (1/18)Rebasing (2/18)Rebasing (3/18)Rebasing (4/18)Rebasing (5/18)Rebasing (6/18)Rebasing (7/18)Rebasing (8/18)Rebasing (9/18)Rebasing (10/18)Rebasing (11/18)Rebasing (12/18)Rebasing (13/18)Rebasing (14/18)Rebasing (15/18)Rebasing (16/18)Rebasing (17/18)Rebasing (18/18)[KSuccessfully rebased and updated refs/heads/yarin-sandbox.
error: RPC failed; HTTP 408 curl 22 The requested URL returned error: 408
send-pack: unexpected disconnect while reading sideband packet
fatal: the remote end hung up unexpectedly
Everything up-to-date
[commit_push_sandbox] FAILED after 5 attempts
=== Done. Thu Sep  3 19:55:20 UTC 2026 ===
