# job 33844 C13_s3 exit=0 Thu Sep  3 17:50:07 UTC 2026
# last 4000 lines of /home/yarin.b/projects/HUJI-THESIS--YARIN/chrono/sbatch/logs/C13_s3_33674_38.out
=== C13 s3_llama2_7b_init-barlow_frac25 seed 2 === job 33844 Thu Sep  3 16:03:35 UTC 2026
From https://github.com/YarinBeni/HUJI-THESIS--YARIN
 * branch              yarin-sandbox -> FETCH_HEAD
Auto packing the repository in background for optimum performance.
See "git help gc" for manual housekeeping.
Current branch yarin-sandbox is up to date.
Auto packing the repository in background for optimum performance.
See "git help gc" for manual housekeeping.
[labels] label_frac=0.25: 245/925 train docs kept (39 rulers, all retained)
[init] loaded chrono/reports/ssl/heads/ssl_barlow_llama2_7b-s0.pt: missing [] unexpected []
epoch 50/200 loss 7.7293
epoch 100/200 loss 6.2574
epoch 150/200 loss 5.4260
epoch 200/200 loss 4.7676
{
  "run_id": "s3_llama2_7b_init-barlow_frac25-s2-f0",
  "metrics": {
    "final_dep": NaN,
    "train_soft_spearman": 0.8605357935997924,
    "train_spearman": 0.8605455708427224,
    "final_loss": 4.767573356628418,
    "identical_view_rate": 0.004489795918367347,
    "test_spearman": NaN
  },
  "scores_path": "/home/yarin.b/projects/HUJI-THESIS--YARIN/chrono/artifacts/scores/s3_llama2_7b_init-barlow_frac25-s2-f0.parquet"
}
[labels] label_frac=0.25: 253/956 train docs kept (39 rulers, all retained)
[init] loaded chrono/reports/ssl/heads/ssl_barlow_llama2_7b-s0.pt: missing [] unexpected []
epoch 50/200 loss 7.2018
epoch 100/200 loss 5.9758
epoch 150/200 loss 5.0240
epoch 200/200 loss 4.3272
{
  "run_id": "s3_llama2_7b_init-barlow_frac25-s2-f1",
  "metrics": {
    "final_dep": NaN,
    "train_soft_spearman": 0.9082595799354453,
    "train_spearman": 0.908837387467545,
    "final_loss": 4.327159404754639,
    "identical_view_rate": 0.0038339920948616602,
    "test_spearman": NaN
  },
  "scores_path": "/home/yarin.b/projects/HUJI-THESIS--YARIN/chrono/artifacts/scores/s3_llama2_7b_init-barlow_frac25-s2-f1.parquet"
}
[labels] label_frac=0.25: 250/963 train docs kept (27 rulers, all retained)
[init] loaded chrono/reports/ssl/heads/ssl_barlow_llama2_7b-s0.pt: missing [] unexpected []
epoch 50/200 loss 7.0911
epoch 100/200 loss 5.7635
epoch 150/200 loss 4.8936
epoch 200/200 loss 4.3325
{
  "run_id": "s3_llama2_7b_init-barlow_frac25-s2-f2",
  "metrics": {
    "final_dep": NaN,
    "train_soft_spearman": 0.9214669579195652,
    "train_spearman": 0.9216223908245311,
    "final_loss": 4.332518100738525,
    "identical_view_rate": 0.008,
    "test_spearman": 0.2753360164849617
  },
  "scores_path": "/home/yarin.b/projects/HUJI-THESIS--YARIN/chrono/artifacts/scores/s3_llama2_7b_init-barlow_frac25-s2-f2.parquet"
}
[labels] label_frac=0.25: 251/964 train docs kept (30 rulers, all retained)
[init] loaded chrono/reports/ssl/heads/ssl_barlow_llama2_7b-s0.pt: missing [] unexpected []
epoch 50/200 loss 7.7335
epoch 100/200 loss 6.2603
epoch 150/200 loss 5.3820
epoch 200/200 loss 4.7043
{
  "run_id": "s3_llama2_7b_init-barlow_frac25-s2-f3",
  "metrics": {
    "final_dep": NaN,
    "train_soft_spearman": 0.859017916623598,
    "train_spearman": 0.8595866435286537,
    "final_loss": 4.704317569732666,
    "identical_view_rate": 0.00599601593625498,
    "test_spearman": 0.5677034559106532
  },
  "scores_path": "/home/yarin.b/projects/HUJI-THESIS--YARIN/chrono/artifacts/scores/s3_llama2_7b_init-barlow_frac25-s2-f3.parquet"
}
[labels] label_frac=0.25: 249/964 train docs kept (25 rulers, all retained)
[init] loaded chrono/reports/ssl/heads/ssl_barlow_llama2_7b-s0.pt: missing [] unexpected []
epoch 50/200 loss 7.6241
epoch 100/200 loss 6.0665
epoch 150/200 loss 5.2652
epoch 200/200 loss 4.4810
{
  "run_id": "s3_llama2_7b_init-barlow_frac25-s2-f4",
  "metrics": {
    "final_dep": NaN,
    "train_soft_spearman": 0.8264232795316403,
    "train_spearman": 0.8260311586279997,
    "final_loss": 4.4809794425964355,
    "identical_view_rate": 0.0113855421686747,
    "test_spearman": 0.6470490267104857
  },
  "scores_path": "/home/yarin.b/projects/HUJI-THESIS--YARIN/chrono/artifacts/scores/s3_llama2_7b_init-barlow_frac25-s2-f4.parquet"
}
Auto packing the repository in background for optimum performance.
See "git help gc" for manual housekeeping.
[yarin-sandbox bf31c080] C13: s3_llama2_7b_init-barlow_frac25 seed 2 (job 33844)
 1 file changed, 164 insertions(+)
 create mode 100644 chrono/reports/logs/C13_s3_33833.log
From https://github.com/YarinBeni/HUJI-THESIS--YARIN
 * branch              yarin-sandbox -> FETCH_HEAD
Auto packing the repository in background for optimum performance.
See "git help gc" for manual housekeeping.
Current branch yarin-sandbox is up to date.
Auto packing the repository in background for optimum performance.
See "git help gc" for manual housekeeping.
error: RPC failed; HTTP 408 curl 22 The requested URL returned error: 408
send-pack: unexpected disconnect while reading sideband packet
fatal: the remote end hung up unexpectedly
Everything up-to-date
From https://github.com/YarinBeni/HUJI-THESIS--YARIN
 * branch              yarin-sandbox -> FETCH_HEAD
Auto packing the repository in background for optimum performance.
See "git help gc" for manual housekeeping.
Current branch yarin-sandbox is up to date.
Auto packing the repository in background for optimum performance.
See "git help gc" for manual housekeeping.
error: RPC failed; HTTP 408 curl 22 The requested URL returned error: 408
send-pack: unexpected disconnect while reading sideband packet
fatal: the remote end hung up unexpectedly
Everything up-to-date
From https://github.com/YarinBeni/HUJI-THESIS--YARIN
 * branch              yarin-sandbox -> FETCH_HEAD
Auto packing the repository in background for optimum performance.
See "git help gc" for manual housekeeping.
Created autostash: 6fbb68f1
Current branch yarin-sandbox is up to date.
Applied autostash.
Auto packing the repository in background for optimum performance.
See "git help gc" for manual housekeeping.
error: RPC failed; HTTP 408 curl 22 The requested URL returned error: 408
send-pack: unexpected disconnect while reading sideband packet
fatal: the remote end hung up unexpectedly
Everything up-to-date
From https://github.com/YarinBeni/HUJI-THESIS--YARIN
 * branch              yarin-sandbox -> FETCH_HEAD
Auto packing the repository in background for optimum performance.
See "git help gc" for manual housekeeping.
Created autostash: ccf767df
Current branch yarin-sandbox is up to date.
Applied autostash.
Auto packing the repository in background for optimum performance.
See "git help gc" for manual housekeeping.
error: RPC failed; HTTP 408 curl 22 The requested URL returned error: 408
send-pack: unexpected disconnect while reading sideband packet
fatal: the remote end hung up unexpectedly
Everything up-to-date
From https://github.com/YarinBeni/HUJI-THESIS--YARIN
 * branch              yarin-sandbox -> FETCH_HEAD
Auto packing the repository in background for optimum performance.
See "git help gc" for manual housekeeping.
Created autostash: d1b5f93e
Current branch yarin-sandbox is up to date.
Applied autostash.
Auto packing the repository in background for optimum performance.
See "git help gc" for manual housekeeping.
error: RPC failed; HTTP 408 curl 22 The requested URL returned error: 408
send-pack: unexpected disconnect while reading sideband packet
fatal: the remote end hung up unexpectedly
Everything up-to-date
[commit_push_sandbox] FAILED after 5 attempts
=== Done. Thu Sep  3 17:50:07 UTC 2026 ===
