# job 33834 C13_s3 exit=0 Thu Sep  3 18:23:06 UTC 2026
# last 4000 lines of /home/yarin.b/projects/HUJI-THESIS--YARIN/chrono/sbatch/logs/C13_s3_33674_30.out
=== C13 s3_cunei400m_init-none_frac50 seed 0 === job 33834 Thu Sep  3 14:27:10 UTC 2026
From https://github.com/YarinBeni/HUJI-THESIS--YARIN
 * branch              yarin-sandbox -> FETCH_HEAD
Auto packing the repository in background for optimum performance.
See "git help gc" for manual housekeeping.
Created autostash: addbfedd
Current branch yarin-sandbox is up to date.
Applied autostash.
Auto packing the repository in background for optimum performance.
See "git help gc" for manual housekeeping.
[labels] label_frac=0.5: 473/925 train docs kept (39 rulers, all retained)
epoch 50/200 loss 8.2824
epoch 100/200 loss 6.2177
epoch 150/200 loss 5.0789
epoch 200/200 loss 4.1617
{
  "run_id": "s3_cunei400m_init-none_frac50-s0-f0",
  "metrics": {
    "final_dep": NaN,
    "train_soft_spearman": 0.6925069680687712,
    "train_spearman": 0.6924100883346478,
    "final_loss": 4.161707043647766,
    "identical_view_rate": 0.00799154334038055,
    "test_spearman": NaN
  },
  "scores_path": "/home/yarin.b/projects/HUJI-THESIS--YARIN/chrono/artifacts/scores/s3_cunei400m_init-none_frac50-s0-f0.parquet"
}
[labels] label_frac=0.5: 489/956 train docs kept (39 rulers, all retained)
epoch 50/200 loss 9.1370
epoch 100/200 loss 6.7845
epoch 150/200 loss 5.6148
epoch 200/200 loss 4.7331
{
  "run_id": "s3_cunei400m_init-none_frac50-s0-f1",
  "metrics": {
    "final_dep": NaN,
    "train_soft_spearman": 0.7107231445515131,
    "train_spearman": 0.7109741024228045,
    "final_loss": 4.733055830001831,
    "identical_view_rate": 0.005511247443762781,
    "test_spearman": NaN
  },
  "scores_path": "/home/yarin.b/projects/HUJI-THESIS--YARIN/chrono/artifacts/scores/s3_cunei400m_init-none_frac50-s0-f1.parquet"
}
[labels] label_frac=0.5: 488/963 train docs kept (27 rulers, all retained)
epoch 50/200 loss 7.9869
epoch 100/200 loss 5.9483
epoch 150/200 loss 4.9814
epoch 200/200 loss 4.3214
{
  "run_id": "s3_cunei400m_init-none_frac50-s0-f2",
  "metrics": {
    "final_dep": NaN,
    "train_soft_spearman": 0.7833753789341633,
    "train_spearman": 0.783213156767745,
    "final_loss": 4.3213605880737305,
    "identical_view_rate": 0.006157786885245902,
    "test_spearman": 0.18836113258870582
  },
  "scores_path": "/home/yarin.b/projects/HUJI-THESIS--YARIN/chrono/artifacts/scores/s3_cunei400m_init-none_frac50-s0-f2.parquet"
}
[labels] label_frac=0.5: 490/964 train docs kept (30 rulers, all retained)
epoch 50/200 loss 9.0085
epoch 100/200 loss 6.6856
epoch 150/200 loss 5.3779
epoch 200/200 loss 4.8147
{
  "run_id": "s3_cunei400m_init-none_frac50-s0-f3",
  "metrics": {
    "final_dep": NaN,
    "train_soft_spearman": 0.727805882766328,
    "train_spearman": 0.72767394240734,
    "final_loss": 4.814676284790039,
    "identical_view_rate": 0.004765306122448979,
    "test_spearman": 0.6078710069408481
  },
  "scores_path": "/home/yarin.b/projects/HUJI-THESIS--YARIN/chrono/artifacts/scores/s3_cunei400m_init-none_frac50-s0-f3.parquet"
}
[labels] label_frac=0.5: 488/964 train docs kept (25 rulers, all retained)
epoch 50/200 loss 8.5240
epoch 100/200 loss 6.2050
epoch 150/200 loss 4.9666
epoch 200/200 loss 4.4889
{
  "run_id": "s3_cunei400m_init-none_frac50-s0-f4",
  "metrics": {
    "final_dep": NaN,
    "train_soft_spearman": 0.6285085224409572,
    "train_spearman": 0.6281571553151485,
    "final_loss": 4.488907098770142,
    "identical_view_rate": 0.0038114754098360656,
    "test_spearman": 0.7214366227623882
  },
  "scores_path": "/home/yarin.b/projects/HUJI-THESIS--YARIN/chrono/artifacts/scores/s3_cunei400m_init-none_frac50-s0-f4.parquet"
}
Auto packing the repository in background for optimum performance.
See "git help gc" for manual housekeeping.
[yarin-sandbox 6fe80c11] C13: s3_cunei400m_init-none_frac50 seed 0 (job 33834)
 1 file changed, 159 insertions(+)
 create mode 100644 chrono/reports/logs/C13_s3_33836.log
From https://github.com/YarinBeni/HUJI-THESIS--YARIN
 * branch              yarin-sandbox -> FETCH_HEAD
Auto packing the repository in background for optimum performance.
See "git help gc" for manual housekeeping.
Current branch yarin-sandbox is up to date.
Auto packing the repository in background for optimum performance.
See "git help gc" for manual housekeeping.
error: RPC failed; HTTP 408 curl 22 The requested URL returned error: 408
send-pack: unexpected disconnect while reading sideband packet
fatal: the remote end hung up unexpectedly
Everything up-to-date
From https://github.com/YarinBeni/HUJI-THESIS--YARIN
 * branch              yarin-sandbox -> FETCH_HEAD
Auto packing the repository in background for optimum performance.
See "git help gc" for manual housekeeping.
Current branch yarin-sandbox is up to date.
Auto packing the repository in background for optimum performance.
See "git help gc" for manual housekeeping.
error: RPC failed; HTTP 408 curl 22 The requested URL returned error: 408
send-pack: unexpected disconnect while reading sideband packet
fatal: the remote end hung up unexpectedly
Everything up-to-date
From https://github.com/YarinBeni/HUJI-THESIS--YARIN
 * branch              yarin-sandbox -> FETCH_HEAD
Auto packing the repository in background for optimum performance.
See "git help gc" for manual housekeeping.
Current branch yarin-sandbox is up to date.
Auto packing the repository in background for optimum performance.
See "git help gc" for manual housekeeping.
error: RPC failed; HTTP 408 curl 22 The requested URL returned error: 408
send-pack: unexpected disconnect while reading sideband packet
fatal: the remote end hung up unexpectedly
Everything up-to-date
From https://github.com/YarinBeni/HUJI-THESIS--YARIN
 * branch              yarin-sandbox -> FETCH_HEAD
Auto packing the repository in background for optimum performance.
See "git help gc" for manual housekeeping.
Current branch yarin-sandbox is up to date.
Auto packing the repository in background for optimum performance.
See "git help gc" for manual housekeeping.
error: RPC failed; HTTP 408 curl 22 The requested URL returned error: 408
send-pack: unexpected disconnect while reading sideband packet
fatal: the remote end hung up unexpectedly
Everything up-to-date
From https://github.com/YarinBeni/HUJI-THESIS--YARIN
 * branch              yarin-sandbox -> FETCH_HEAD
Auto packing the repository in background for optimum performance.
See "git help gc" for manual housekeeping.
Current branch yarin-sandbox is up to date.
Auto packing the repository in background for optimum performance.
See "git help gc" for manual housekeeping.
error: RPC failed; HTTP 408 curl 22 The requested URL returned error: 408
send-pack: unexpected disconnect while reading sideband packet
fatal: the remote end hung up unexpectedly
Everything up-to-date
[commit_push_sandbox] FAILED after 5 attempts
=== Done. Thu Sep  3 18:23:06 UTC 2026 ===
