# job 33812 C13_s3 exit=0 Thu Sep  3 14:03:12 UTC 2026
# last 4000 lines of /home/yarin.b/projects/HUJI-THESIS--YARIN/chrono/sbatch/logs/C13_s3_33674_11.out
=== C13 s3_cunei400m_init-jepa_frac100 seed 2 === job 33812 Thu Sep  3 10:27:04 UTC 2026
From https://github.com/YarinBeni/HUJI-THESIS--YARIN
 * branch              yarin-sandbox -> FETCH_HEAD
Auto packing the repository in background for optimum performance.
See "git help gc" for manual housekeeping.
Created autostash: 4dd117cd
Current branch yarin-sandbox is up to date.
Applied autostash.
Auto packing the repository in background for optimum performance.
See "git help gc" for manual housekeeping.
[init] loaded chrono/reports/ssl/heads/ssl_jepa_cunei400m-s0.pt: missing [] unexpected []
epoch 50/200 loss 29.5726
epoch 100/200 loss 23.8865
epoch 150/200 loss 19.9525
epoch 200/200 loss 15.8592
{
  "run_id": "s3_cunei400m_init-jepa_frac100-s2-f0",
  "metrics": {
    "final_dep": NaN,
    "train_soft_spearman": 0.6743865662698573,
    "train_spearman": 0.674364026270941,
    "final_loss": 15.8592369556427,
    "identical_view_rate": 0.007491891891891892,
    "test_spearman": NaN
  },
  "scores_path": "/home/yarin.b/projects/HUJI-THESIS--YARIN/chrono/artifacts/scores/s3_cunei400m_init-jepa_frac100-s2-f0.parquet"
}
[init] loaded chrono/reports/ssl/heads/ssl_jepa_cunei400m-s0.pt: missing [] unexpected []
epoch 50/200 loss 29.7433
epoch 100/200 loss 23.6423
epoch 150/200 loss 20.4303
epoch 200/200 loss 16.8126
{
  "run_id": "s3_cunei400m_init-jepa_frac100-s2-f1",
  "metrics": {
    "final_dep": NaN,
    "train_soft_spearman": 0.7114620771805098,
    "train_spearman": 0.7113824375647787,
    "final_loss": 16.812554359436035,
    "identical_view_rate": 0.00651673640167364,
    "test_spearman": NaN
  },
  "scores_path": "/home/yarin.b/projects/HUJI-THESIS--YARIN/chrono/artifacts/scores/s3_cunei400m_init-jepa_frac100-s2-f1.parquet"
}
[init] loaded chrono/reports/ssl/heads/ssl_jepa_cunei400m-s0.pt: missing [] unexpected []
epoch 50/200 loss 28.8014
epoch 100/200 loss 23.7708
epoch 150/200 loss 19.7667
epoch 200/200 loss 17.7620
{
  "run_id": "s3_cunei400m_init-jepa_frac100-s2-f2",
  "metrics": {
    "final_dep": NaN,
    "train_soft_spearman": 0.7663535572687269,
    "train_spearman": 0.7664105618810705,
    "final_loss": 17.761996746063232,
    "identical_view_rate": 0.007876427829698858,
    "test_spearman": 0.1440075308920422
  },
  "scores_path": "/home/yarin.b/projects/HUJI-THESIS--YARIN/chrono/artifacts/scores/s3_cunei400m_init-jepa_frac100-s2-f2.parquet"
}
[init] loaded chrono/reports/ssl/heads/ssl_jepa_cunei400m-s0.pt: missing [] unexpected []
epoch 50/200 loss 29.4682
epoch 100/200 loss 23.7390
epoch 150/200 loss 19.8495
epoch 200/200 loss 15.7373
{
  "run_id": "s3_cunei400m_init-jepa_frac100-s2-f3",
  "metrics": {
    "final_dep": NaN,
    "train_soft_spearman": 0.7103956375489089,
    "train_spearman": 0.710351755260213,
    "final_loss": 15.737330436706543,
    "identical_view_rate": 0.0036566390041493776,
    "test_spearman": 0.6284268726029613
  },
  "scores_path": "/home/yarin.b/projects/HUJI-THESIS--YARIN/chrono/artifacts/scores/s3_cunei400m_init-jepa_frac100-s2-f3.parquet"
}
[init] loaded chrono/reports/ssl/heads/ssl_jepa_cunei400m-s0.pt: missing [] unexpected []
epoch 50/200 loss 29.9287
epoch 100/200 loss 24.2662
epoch 150/200 loss 20.0839
epoch 200/200 loss 16.4970
{
  "run_id": "s3_cunei400m_init-jepa_frac100-s2-f4",
  "metrics": {
    "final_dep": NaN,
    "train_soft_spearman": 0.6280078810819508,
    "train_spearman": 0.627910260343507,
    "final_loss": 16.497000694274902,
    "identical_view_rate": 0.007287344398340249,
    "test_spearman": 0.7375442759598153
  },
  "scores_path": "/home/yarin.b/projects/HUJI-THESIS--YARIN/chrono/artifacts/scores/s3_cunei400m_init-jepa_frac100-s2-f4.parquet"
}
Auto packing the repository in background for optimum performance.
See "git help gc" for manual housekeeping.
[yarin-sandbox 5f34a5e5] C13: s3_cunei400m_init-jepa_frac100 seed 2 (job 33812)
 7 files changed, 174 insertions(+)
 create mode 100644 chrono/reports/logs/C13_s3_33813.log
 create mode 100644 chrono/reports/tier0/s3_scores/s3_cunei400m_init-jepa_frac50-s0-f0.parquet
 create mode 100644 chrono/reports/tier0/s3_scores/s3_cunei400m_init-jepa_frac50-s0-f1.parquet
 create mode 100644 chrono/reports/tier0/s3_scores/s3_cunei400m_init-jepa_frac50-s0-f2.parquet
 create mode 100644 chrono/reports/tier0/s3_scores/s3_cunei400m_init-jepa_frac50-s0-f3.parquet
 create mode 100644 chrono/reports/tier0/s3_scores/s3_cunei400m_init-jepa_frac50-s0-f4.parquet
From https://github.com/YarinBeni/HUJI-THESIS--YARIN
 * branch              yarin-sandbox -> FETCH_HEAD
Auto packing the repository in background for optimum performance.
See "git help gc" for manual housekeeping.
Created autostash: 03c4a84c
Current branch yarin-sandbox is up to date.
Applied autostash.
Auto packing the repository in background for optimum performance.
See "git help gc" for manual housekeeping.
error: RPC failed; HTTP 408 curl 22 The requested URL returned error: 408
send-pack: unexpected disconnect while reading sideband packet
fatal: the remote end hung up unexpectedly
Everything up-to-date
From https://github.com/YarinBeni/HUJI-THESIS--YARIN
 * branch              yarin-sandbox -> FETCH_HEAD
Auto packing the repository in background for optimum performance.
See "git help gc" for manual housekeeping.
Created autostash: a952d02b
Current branch yarin-sandbox is up to date.
Applied autostash.
Auto packing the repository in background for optimum performance.
See "git help gc" for manual housekeeping.
error: RPC failed; HTTP 408 curl 22 The requested URL returned error: 408
send-pack: unexpected disconnect while reading sideband packet
fatal: the remote end hung up unexpectedly
Everything up-to-date
From https://github.com/YarinBeni/HUJI-THESIS--YARIN
 * branch              yarin-sandbox -> FETCH_HEAD
Auto packing the repository in background for optimum performance.
See "git help gc" for manual housekeeping.
Created autostash: f35770b4
Current branch yarin-sandbox is up to date.
Applied autostash.
Auto packing the repository in background for optimum performance.
See "git help gc" for manual housekeeping.
error: RPC failed; HTTP 408 curl 22 The requested URL returned error: 408
send-pack: unexpected disconnect while reading sideband packet
fatal: the remote end hung up unexpectedly
Everything up-to-date
From https://github.com/YarinBeni/HUJI-THESIS--YARIN
 * branch              yarin-sandbox -> FETCH_HEAD
Auto packing the repository in background for optimum performance.
See "git help gc" for manual housekeeping.
Created autostash: 64aabb81
Current branch yarin-sandbox is up to date.
Applied autostash.
Auto packing the repository in background for optimum performance.
See "git help gc" for manual housekeeping.
error: RPC failed; HTTP 408 curl 22 The requested URL returned error: 408
send-pack: unexpected disconnect while reading sideband packet
fatal: the remote end hung up unexpectedly
Everything up-to-date
From https://github.com/YarinBeni/HUJI-THESIS--YARIN
 * branch              yarin-sandbox -> FETCH_HEAD
Auto packing the repository in background for optimum performance.
See "git help gc" for manual housekeeping.
Created autostash: 2c368e67
Current branch yarin-sandbox is up to date.
Applied autostash.
Auto packing the repository in background for optimum performance.
See "git help gc" for manual housekeeping.
error: RPC failed; HTTP 408 curl 22 The requested URL returned error: 408
send-pack: unexpected disconnect while reading sideband packet
fatal: the remote end hung up unexpectedly
Everything up-to-date
[commit_push_sandbox] FAILED after 5 attempts
=== Done. Thu Sep  3 14:03:12 UTC 2026 ===
