# job 33799 C13_s3 exit=0 Thu Sep  3 12:19:20 UTC 2026
# last 4000 lines of /home/yarin.b/projects/HUJI-THESIS--YARIN/chrono/sbatch/logs/C13_s3_33674_5.out
=== C13 s3_cunei400m_init-barlow_frac25 seed 2 === job 33799 Thu Sep  3 09:30:02 UTC 2026
From https://github.com/YarinBeni/HUJI-THESIS--YARIN
 * branch              yarin-sandbox -> FETCH_HEAD
Auto packing the repository in background for optimum performance.
See "git help gc" for manual housekeeping.
Current branch yarin-sandbox is up to date.
Auto packing the repository in background for optimum performance.
See "git help gc" for manual housekeeping.
[labels] label_frac=0.25: 245/925 train docs kept (39 rulers, all retained)
[init] loaded chrono/reports/ssl/heads/ssl_barlow_cunei400m-s0.pt: missing [] unexpected []
epoch 50/200 loss 5.4165
epoch 100/200 loss 4.2959
epoch 150/200 loss 3.8307
epoch 200/200 loss 3.5198
{
  "run_id": "s3_cunei400m_init-barlow_frac25-s2-f0",
  "metrics": {
    "final_dep": NaN,
    "train_soft_spearman": 0.8248490523703759,
    "train_spearman": 0.8247232635355217,
    "final_loss": 3.5197770595550537,
    "identical_view_rate": 0.004489795918367347,
    "test_spearman": NaN
  },
  "scores_path": "/home/yarin.b/projects/HUJI-THESIS--YARIN/chrono/artifacts/scores/s3_cunei400m_init-barlow_frac25-s2-f0.parquet"
}
[labels] label_frac=0.25: 253/956 train docs kept (39 rulers, all retained)
[init] loaded chrono/reports/ssl/heads/ssl_barlow_cunei400m-s0.pt: missing [] unexpected []
epoch 50/200 loss 5.3301
epoch 100/200 loss 4.6216
epoch 150/200 loss 3.8889
epoch 200/200 loss 3.3957
{
  "run_id": "s3_cunei400m_init-barlow_frac25-s2-f1",
  "metrics": {
    "final_dep": NaN,
    "train_soft_spearman": 0.8374910459101756,
    "train_spearman": 0.8377994971443774,
    "final_loss": 3.3956923484802246,
    "identical_view_rate": 0.0038339920948616602,
    "test_spearman": NaN
  },
  "scores_path": "/home/yarin.b/projects/HUJI-THESIS--YARIN/chrono/artifacts/scores/s3_cunei400m_init-barlow_frac25-s2-f1.parquet"
}
[labels] label_frac=0.25: 250/963 train docs kept (27 rulers, all retained)
[init] loaded chrono/reports/ssl/heads/ssl_barlow_cunei400m-s0.pt: missing [] unexpected []
epoch 50/200 loss 4.8517
epoch 100/200 loss 3.9698
epoch 150/200 loss 3.3931
epoch 200/200 loss 3.0944
{
  "run_id": "s3_cunei400m_init-barlow_frac25-s2-f2",
  "metrics": {
    "final_dep": NaN,
    "train_soft_spearman": 0.9073020733800207,
    "train_spearman": 0.9072931002629416,
    "final_loss": 3.094374895095825,
    "identical_view_rate": 0.008,
    "test_spearman": 0.21759221844483573
  },
  "scores_path": "/home/yarin.b/projects/HUJI-THESIS--YARIN/chrono/artifacts/scores/s3_cunei400m_init-barlow_frac25-s2-f2.parquet"
}
[labels] label_frac=0.25: 251/964 train docs kept (30 rulers, all retained)
[init] loaded chrono/reports/ssl/heads/ssl_barlow_cunei400m-s0.pt: missing [] unexpected []
epoch 50/200 loss 5.6551
epoch 100/200 loss 4.5931
epoch 150/200 loss 4.0080
epoch 200/200 loss 3.6383
{
  "run_id": "s3_cunei400m_init-barlow_frac25-s2-f3",
  "metrics": {
    "final_dep": NaN,
    "train_soft_spearman": 0.8225095492617361,
    "train_spearman": 0.8230618130305296,
    "final_loss": 3.6382663249969482,
    "identical_view_rate": 0.00599601593625498,
    "test_spearman": 0.4725819038201779
  },
  "scores_path": "/home/yarin.b/projects/HUJI-THESIS--YARIN/chrono/artifacts/scores/s3_cunei400m_init-barlow_frac25-s2-f3.parquet"
}
[labels] label_frac=0.25: 249/964 train docs kept (25 rulers, all retained)
[init] loaded chrono/reports/ssl/heads/ssl_barlow_cunei400m-s0.pt: missing [] unexpected []
epoch 50/200 loss 5.3719
epoch 100/200 loss 4.1017
epoch 150/200 loss 3.6653
epoch 200/200 loss 3.0814
{
  "run_id": "s3_cunei400m_init-barlow_frac25-s2-f4",
  "metrics": {
    "final_dep": NaN,
    "train_soft_spearman": 0.8373706789828167,
    "train_spearman": 0.8374902025667291,
    "final_loss": 3.081420421600342,
    "identical_view_rate": 0.0113855421686747,
    "test_spearman": 0.5863556777542426
  },
  "scores_path": "/home/yarin.b/projects/HUJI-THESIS--YARIN/chrono/artifacts/scores/s3_cunei400m_init-barlow_frac25-s2-f4.parquet"
}
Auto packing the repository in background for optimum performance.
See "git help gc" for manual housekeeping.
[yarin-sandbox cd627c24] C13: s3_cunei400m_init-barlow_frac25 seed 2 (job 33799)
 41 files changed, 0 insertions(+), 0 deletions(-)
 create mode 100644 chrono/reports/tier0/s3_scores/s3_cunei400m_init-barlow_frac50-s0-f0.parquet
 create mode 100644 chrono/reports/tier0/s3_scores/s3_cunei400m_init-barlow_frac50-s0-f1.parquet
 create mode 100644 chrono/reports/tier0/s3_scores/s3_cunei400m_init-barlow_frac50-s0-f2.parquet
 create mode 100644 chrono/reports/tier0/s3_scores/s3_cunei400m_init-barlow_frac50-s0-f3.parquet
 create mode 100644 chrono/reports/tier0/s3_scores/s3_cunei400m_init-barlow_frac50-s0-f4.parquet
 create mode 100644 chrono/reports/tier0/s3_scores/s3_cunei400m_init-barlow_frac50-s1-f0.parquet
 create mode 100644 chrono/reports/tier0/s3_scores/s3_cunei400m_init-barlow_frac50-s1-f1.parquet
 create mode 100644 chrono/reports/tier0/s3_scores/s3_cunei400m_init-barlow_frac50-s1-f2.parquet
 create mode 100644 chrono/reports/tier0/s3_scores/s3_cunei400m_init-barlow_frac50-s1-f3.parquet
 create mode 100644 chrono/reports/tier0/s3_scores/s3_cunei400m_init-barlow_frac50-s1-f4.parquet
 create mode 100644 chrono/reports/tier0/s3_scores/s3_cunei400m_init-barlow_frac50-s2-f0.parquet
 create mode 100644 chrono/reports/tier0/s3_scores/s3_cunei400m_init-barlow_frac50-s2-f1.parquet
 create mode 100644 chrono/reports/tier0/s3_scores/s3_cunei400m_init-barlow_frac50-s2-f2.parquet
 create mode 100644 chrono/reports/tier0/s3_scores/s3_cunei400m_init-barlow_frac50-s2-f3.parquet
 create mode 100644 chrono/reports/tier0/s3_scores/s3_cunei400m_init-barlow_frac50-s2-f4.parquet
 create mode 100644 chrono/reports/tier0/s3_scores/s3_cunei400m_init-jepa_frac100-s0-f0.parquet
 create mode 100644 chrono/reports/tier0/s3_scores/s3_cunei400m_init-jepa_frac100-s0-f1.parquet
 create mode 100644 chrono/reports/tier0/s3_scores/s3_cunei400m_init-jepa_frac100-s0-f2.parquet
 create mode 100644 chrono/reports/tier0/s3_scores/s3_cunei400m_init-jepa_frac100-s0-f3.parquet
 create mode 100644 chrono/reports/tier0/s3_scores/s3_cunei400m_init-jepa_frac100-s0-f4.parquet
 create mode 100644 chrono/reports/tier0/s3_scores/s3_cunei400m_init-jepa_frac100-s1-f0.parquet
 create mode 100644 chrono/reports/tier0/s3_scores/s3_cunei400m_init-jepa_frac100-s1-f1.parquet
 create mode 100644 chrono/reports/tier0/s3_scores/s3_cunei400m_init-jepa_frac100-s1-f2.parquet
 create mode 100644 chrono/reports/tier0/s3_scores/s3_cunei400m_init-jepa_frac100-s1-f3.parquet
 create mode 100644 chrono/reports/tier0/s3_scores/s3_cunei400m_init-jepa_frac100-s1-f4.parquet
 create mode 100644 chrono/reports/tier0/s3_scores/s3_cunei400m_init-jepa_frac100-s2-f0.parquet
 create mode 100644 chrono/reports/tier0/s3_scores/s3_cunei400m_init-jepa_frac100-s2-f1.parquet
 create mode 100644 chrono/reports/tier0/s3_scores/s3_cunei400m_init-jepa_frac100-s2-f2.parquet
 create mode 100644 chrono/reports/tier0/s3_scores/s3_cunei400m_init-jepa_frac100-s2-f3.parquet
 create mode 100644 chrono/reports/tier0/s3_scores/s3_cunei400m_init-jepa_frac100-s2-f4.parquet
 create mode 100644 chrono/reports/tier0/s3_scores/s3_cunei400m_init-jepa_frac25-s0-f0.parquet
 create mode 100644 chrono/reports/tier0/s3_scores/s3_cunei400m_init-jepa_frac25-s0-f1.parquet
 create mode 100644 chrono/reports/tier0/s3_scores/s3_cunei400m_init-jepa_frac25-s0-f2.parquet
 create mode 100644 chrono/reports/tier0/s3_scores/s3_cunei400m_init-jepa_frac25-s0-f3.parquet
 create mode 100644 chrono/reports/tier0/s3_scores/s3_cunei400m_init-jepa_frac25-s0-f4.parquet
 create mode 100644 chrono/reports/tier0/s3_scores/s3_cunei400m_init-jepa_frac25-s2-f0.parquet
 create mode 100644 chrono/reports/tier0/s3_scores/s3_cunei400m_init-jepa_frac25-s2-f1.parquet
 create mode 100644 chrono/reports/tier0/s3_scores/s3_cunei400m_init-jepa_frac25-s2-f2.parquet
 create mode 100644 chrono/reports/tier0/s3_scores/s3_cunei400m_init-jepa_frac25-s2-f3.parquet
 create mode 100644 chrono/reports/tier0/s3_scores/s3_cunei400m_init-jepa_frac25-s2-f4.parquet
From https://github.com/YarinBeni/HUJI-THESIS--YARIN
 * branch              yarin-sandbox -> FETCH_HEAD
Auto packing the repository in background for optimum performance.
See "git help gc" for manual housekeeping.
Created autostash: c83dd54c
Current branch yarin-sandbox is up to date.
Applied autostash.
Auto packing the repository in background for optimum performance.
See "git help gc" for manual housekeeping.
error: RPC failed; HTTP 408 curl 22 The requested URL returned error: 408
send-pack: unexpected disconnect while reading sideband packet
fatal: the remote end hung up unexpectedly
Everything up-to-date
From https://github.com/YarinBeni/HUJI-THESIS--YARIN
 * branch              yarin-sandbox -> FETCH_HEAD
Auto packing the repository in background for optimum performance.
See "git help gc" for manual housekeeping.
Created autostash: bcf59532
Current branch yarin-sandbox is up to date.
Applied autostash.
Auto packing the repository in background for optimum performance.
See "git help gc" for manual housekeeping.
error: RPC failed; HTTP 408 curl 22 The requested URL returned error: 408
send-pack: unexpected disconnect while reading sideband packet
fatal: the remote end hung up unexpectedly
Everything up-to-date
From https://github.com/YarinBeni/HUJI-THESIS--YARIN
 * branch              yarin-sandbox -> FETCH_HEAD
Auto packing the repository in background for optimum performance.
See "git help gc" for manual housekeeping.
Created autostash: 9163874d
Current branch yarin-sandbox is up to date.
Applied autostash.
Auto packing the repository in background for optimum performance.
See "git help gc" for manual housekeeping.
error: RPC failed; HTTP 408 curl 22 The requested URL returned error: 408
send-pack: unexpected disconnect while reading sideband packet
fatal: the remote end hung up unexpectedly
Everything up-to-date
From https://github.com/YarinBeni/HUJI-THESIS--YARIN
 * branch              yarin-sandbox -> FETCH_HEAD
Auto packing the repository in background for optimum performance.
See "git help gc" for manual housekeeping.
Created autostash: aa5b2dca
Current branch yarin-sandbox is up to date.
Applied autostash.
Auto packing the repository in background for optimum performance.
See "git help gc" for manual housekeeping.
error: RPC failed; HTTP 408 curl 22 The requested URL returned error: 408
send-pack: unexpected disconnect while reading sideband packet
fatal: the remote end hung up unexpectedly
Everything up-to-date
From https://github.com/YarinBeni/HUJI-THESIS--YARIN
 * branch              yarin-sandbox -> FETCH_HEAD
Auto packing the repository in background for optimum performance.
See "git help gc" for manual housekeeping.
Created autostash: 50396a48
Current branch yarin-sandbox is up to date.
Applied autostash.
Auto packing the repository in background for optimum performance.
See "git help gc" for manual housekeeping.
error: RPC failed; HTTP 408 curl 22 The requested URL returned error: 408
send-pack: unexpected disconnect while reading sideband packet
fatal: the remote end hung up unexpectedly
Everything up-to-date
[commit_push_sandbox] FAILED after 5 attempts
=== Done. Thu Sep  3 12:19:20 UTC 2026 ===
