# job 33795 C13_s3 exit=0 Thu Sep  3 11:29:40 UTC 2026
# last 4000 lines of /home/yarin.b/projects/HUJI-THESIS--YARIN/chrono/sbatch/logs/C13_s3_33674_4.out
=== C13 s3_cunei400m_init-barlow_frac25 seed 1 === job 33795 Thu Sep  3 09:23:32 UTC 2026
From https://github.com/YarinBeni/HUJI-THESIS--YARIN
 * branch              yarin-sandbox -> FETCH_HEAD
Auto packing the repository in background for optimum performance.
See "git help gc" for manual housekeeping.
Created autostash: 3b611d3d
Current branch yarin-sandbox is up to date.
Applied autostash.
Auto packing the repository in background for optimum performance.
See "git help gc" for manual housekeeping.
[labels] label_frac=0.25: 245/925 train docs kept (39 rulers, all retained)
[init] loaded chrono/reports/ssl/heads/ssl_barlow_cunei400m-s0.pt: missing [] unexpected []
epoch 50/200 loss 5.3417
epoch 100/200 loss 4.4883
epoch 150/200 loss 3.7933
epoch 200/200 loss 3.3518
{
  "run_id": "s3_cunei400m_init-barlow_frac25-s1-f0",
  "metrics": {
    "final_dep": NaN,
    "train_soft_spearman": 0.7937488730657019,
    "train_spearman": 0.7937496950641735,
    "final_loss": 3.351813554763794,
    "identical_view_rate": 0.007346938775510204,
    "test_spearman": NaN
  },
  "scores_path": "/home/yarin.b/projects/HUJI-THESIS--YARIN/chrono/artifacts/scores/s3_cunei400m_init-barlow_frac25-s1-f0.parquet"
}
[labels] label_frac=0.25: 253/956 train docs kept (39 rulers, all retained)
[init] loaded chrono/reports/ssl/heads/ssl_barlow_cunei400m-s0.pt: missing [] unexpected []
epoch 50/200 loss 5.6988
epoch 100/200 loss 4.7799
epoch 150/200 loss 4.1381
epoch 200/200 loss 3.5090
{
  "run_id": "s3_cunei400m_init-barlow_frac25-s1-f1",
  "metrics": {
    "final_dep": NaN,
    "train_soft_spearman": 0.8152377972512365,
    "train_spearman": 0.8153173743551726,
    "final_loss": 3.5090229511260986,
    "identical_view_rate": 0.003122529644268775,
    "test_spearman": NaN
  },
  "scores_path": "/home/yarin.b/projects/HUJI-THESIS--YARIN/chrono/artifacts/scores/s3_cunei400m_init-barlow_frac25-s1-f1.parquet"
}
[labels] label_frac=0.25: 250/963 train docs kept (27 rulers, all retained)
[init] loaded chrono/reports/ssl/heads/ssl_barlow_cunei400m-s0.pt: missing [] unexpected []
epoch 50/200 loss 6.0904
epoch 100/200 loss 4.6283
epoch 150/200 loss 4.0441
epoch 200/200 loss 3.4665
{
  "run_id": "s3_cunei400m_init-barlow_frac25-s1-f2",
  "metrics": {
    "final_dep": NaN,
    "train_soft_spearman": 0.8416022712788852,
    "train_spearman": 0.8411470366242012,
    "final_loss": 3.466520071029663,
    "identical_view_rate": 0.00292,
    "test_spearman": 0.2816802616219269
  },
  "scores_path": "/home/yarin.b/projects/HUJI-THESIS--YARIN/chrono/artifacts/scores/s3_cunei400m_init-barlow_frac25-s1-f2.parquet"
}
[labels] label_frac=0.25: 251/964 train docs kept (30 rulers, all retained)
[init] loaded chrono/reports/ssl/heads/ssl_barlow_cunei400m-s0.pt: missing [] unexpected []
epoch 50/200 loss 5.9645
epoch 100/200 loss 4.7049
epoch 150/200 loss 4.1954
epoch 200/200 loss 3.7679
{
  "run_id": "s3_cunei400m_init-barlow_frac25-s1-f3",
  "metrics": {
    "final_dep": NaN,
    "train_soft_spearman": 0.8077877406019055,
    "train_spearman": 0.8079054857781055,
    "final_loss": 3.7678639888763428,
    "identical_view_rate": 0.005657370517928287,
    "test_spearman": 0.5684525602834083
  },
  "scores_path": "/home/yarin.b/projects/HUJI-THESIS--YARIN/chrono/artifacts/scores/s3_cunei400m_init-barlow_frac25-s1-f3.parquet"
}
[labels] label_frac=0.25: 249/964 train docs kept (25 rulers, all retained)
[init] loaded chrono/reports/ssl/heads/ssl_barlow_cunei400m-s0.pt: missing [] unexpected []
epoch 50/200 loss 4.8257
epoch 100/200 loss 3.9347
epoch 150/200 loss 3.6796
epoch 200/200 loss 3.2793
{
  "run_id": "s3_cunei400m_init-barlow_frac25-s1-f4",
  "metrics": {
    "final_dep": NaN,
    "train_soft_spearman": 0.83907673817214,
    "train_spearman": 0.838987026740534,
    "final_loss": 3.2792747020721436,
    "identical_view_rate": 0.009979919678714859,
    "test_spearman": 0.6997716248399068
  },
  "scores_path": "/home/yarin.b/projects/HUJI-THESIS--YARIN/chrono/artifacts/scores/s3_cunei400m_init-barlow_frac25-s1-f4.parquet"
}
Auto packing the repository in background for optimum performance.
See "git help gc" for manual housekeeping.
[yarin-sandbox 934df35b] C13: s3_cunei400m_init-barlow_frac25 seed 1 (job 33795)
 1 file changed, 168 insertions(+)
 create mode 100644 chrono/reports/logs/C13_s3_33793.log
From https://github.com/YarinBeni/HUJI-THESIS--YARIN
 * branch              yarin-sandbox -> FETCH_HEAD
Auto packing the repository in background for optimum performance.
See "git help gc" for manual housekeeping.
Current branch yarin-sandbox is up to date.
Auto packing the repository in background for optimum performance.
See "git help gc" for manual housekeeping.
error: RPC failed; HTTP 408 curl 22 The requested URL returned error: 408
send-pack: unexpected disconnect while reading sideband packet
fatal: the remote end hung up unexpectedly
Everything up-to-date
From https://github.com/YarinBeni/HUJI-THESIS--YARIN
 * branch              yarin-sandbox -> FETCH_HEAD
Auto packing the repository in background for optimum performance.
See "git help gc" for manual housekeeping.
Current branch yarin-sandbox is up to date.
Auto packing the repository in background for optimum performance.
See "git help gc" for manual housekeeping.
error: RPC failed; HTTP 408 curl 22 The requested URL returned error: 408
send-pack: unexpected disconnect while reading sideband packet
fatal: the remote end hung up unexpectedly
Everything up-to-date
From https://github.com/YarinBeni/HUJI-THESIS--YARIN
 * branch              yarin-sandbox -> FETCH_HEAD
Auto packing the repository in background for optimum performance.
See "git help gc" for manual housekeeping.
Created autostash: 8a63ca15
Current branch yarin-sandbox is up to date.
Applied autostash.
Auto packing the repository in background for optimum performance.
See "git help gc" for manual housekeeping.
error: RPC failed; HTTP 408 curl 22 The requested URL returned error: 408
send-pack: unexpected disconnect while reading sideband packet
fatal: the remote end hung up unexpectedly
Everything up-to-date
From https://github.com/YarinBeni/HUJI-THESIS--YARIN
 * branch              yarin-sandbox -> FETCH_HEAD
Auto packing the repository in background for optimum performance.
See "git help gc" for manual housekeeping.
Created autostash: b69407ad
Current branch yarin-sandbox is up to date.
Applied autostash.
Auto packing the repository in background for optimum performance.
See "git help gc" for manual housekeeping.
error: RPC failed; HTTP 408 curl 22 The requested URL returned error: 408
send-pack: unexpected disconnect while reading sideband packet
fatal: the remote end hung up unexpectedly
Everything up-to-date
From https://github.com/YarinBeni/HUJI-THESIS--YARIN
 * branch              yarin-sandbox -> FETCH_HEAD
Auto packing the repository in background for optimum performance.
See "git help gc" for manual housekeeping.
Created autostash: 25b16032
Current branch yarin-sandbox is up to date.
Applied autostash.
Auto packing the repository in background for optimum performance.
See "git help gc" for manual housekeeping.
error: RPC failed; HTTP 408 curl 22 The requested URL returned error: 408
send-pack: unexpected disconnect while reading sideband packet
fatal: the remote end hung up unexpectedly
Everything up-to-date
[commit_push_sandbox] FAILED after 5 attempts
=== Done. Thu Sep  3 11:29:40 UTC 2026 ===
