# job 33869 C13_s3 exit=0 Thu Sep  3 21:14:36 UTC 2026
# last 4000 lines of /home/yarin.b/projects/HUJI-THESIS--YARIN/chrono/sbatch/logs/C13_s3_33674_52.out
=== C13 s3_llama2_7b_init-none_frac100 seed 1 === job 33869 Thu Sep  3 17:14:36 UTC 2026
From https://github.com/YarinBeni/HUJI-THESIS--YARIN
 * branch              yarin-sandbox -> FETCH_HEAD
Auto packing the repository in background for optimum performance.
See "git help gc" for manual housekeeping.
Current branch yarin-sandbox is up to date.
Auto packing the repository in background for optimum performance.
See "git help gc" for manual housekeeping.
epoch 50/200 loss 11.0491
epoch 100/200 loss 8.1298
epoch 150/200 loss 6.6915
epoch 200/200 loss 5.8534
{
  "run_id": "s3_llama2_7b_init-none_frac100-s1-f0",
  "metrics": {
    "final_dep": NaN,
    "train_soft_spearman": 0.735903751154213,
    "train_spearman": 0.7357683185369427,
    "final_loss": 5.853427767753601,
    "identical_view_rate": 0.007616216216216216,
    "test_spearman": NaN
  },
  "scores_path": "/home/yarin.b/projects/HUJI-THESIS--YARIN/chrono/artifacts/scores/s3_llama2_7b_init-none_frac100-s1-f0.parquet"
}
epoch 50/200 loss 11.3198
epoch 100/200 loss 7.8701
epoch 150/200 loss 6.5562
epoch 200/200 loss 5.4772
{
  "run_id": "s3_llama2_7b_init-none_frac100-s1-f1",
  "metrics": {
    "final_dep": NaN,
    "train_soft_spearman": 0.789443814098102,
    "train_spearman": 0.789318224511152,
    "final_loss": 5.477239966392517,
    "identical_view_rate": 0.006563807531380753,
    "test_spearman": NaN
  },
  "scores_path": "/home/yarin.b/projects/HUJI-THESIS--YARIN/chrono/artifacts/scores/s3_llama2_7b_init-none_frac100-s1-f1.parquet"
}
epoch 50/200 loss 11.1277
epoch 100/200 loss 7.9883
epoch 150/200 loss 6.8046
epoch 200/200 loss 5.6561
{
  "run_id": "s3_llama2_7b_init-none_frac100-s1-f2",
  "metrics": {
    "final_dep": NaN,
    "train_soft_spearman": 0.7636973692440984,
    "train_spearman": 0.7635971473474008,
    "final_loss": 5.656137466430664,
    "identical_view_rate": 0.008037383177570093,
    "test_spearman": 0.2552648894319796
  },
  "scores_path": "/home/yarin.b/projects/HUJI-THESIS--YARIN/chrono/artifacts/scores/s3_llama2_7b_init-none_frac100-s1-f2.parquet"
}
epoch 50/200 loss 12.4831
epoch 100/200 loss 8.5721
epoch 150/200 loss 7.0476
epoch 200/200 loss 6.2881
{
  "run_id": "s3_llama2_7b_init-none_frac100-s1-f3",
  "metrics": {
    "final_dep": NaN,
    "train_soft_spearman": 0.6134456527616275,
    "train_spearman": 0.6136297066621724,
    "final_loss": 6.288051724433899,
    "identical_view_rate": 0.0034802904564315354,
    "test_spearman": 0.49569600875165004
  },
  "scores_path": "/home/yarin.b/projects/HUJI-THESIS--YARIN/chrono/artifacts/scores/s3_llama2_7b_init-none_frac100-s1-f3.parquet"
}
epoch 50/200 loss 11.8899
epoch 100/200 loss 8.1582
epoch 150/200 loss 6.5036
epoch 200/200 loss 5.6741
{
  "run_id": "s3_llama2_7b_init-none_frac100-s1-f4",
  "metrics": {
    "final_dep": NaN,
    "train_soft_spearman": 0.6855101914804549,
    "train_spearman": 0.6855366671321161,
    "final_loss": 5.67413055896759,
    "identical_view_rate": 0.007287344398340249,
    "test_spearman": 0.6793330133770925
  },
  "scores_path": "/home/yarin.b/projects/HUJI-THESIS--YARIN/chrono/artifacts/scores/s3_llama2_7b_init-none_frac100-s1-f4.parquet"
}
[2026-09-03T21:14:36.026] error: *** JOB 33869 ON g0377 CANCELLED AT 2026-09-03T21:14:36 DUE TO TIME LIMIT ***
