# job 33811 C13_s3 exit=0 Thu Sep  3 14:12:22 UTC 2026
# last 4000 lines of /home/yarin.b/projects/HUJI-THESIS--YARIN/chrono/sbatch/logs/C13_s3_33674_10.out
=== C13 s3_cunei400m_init-jepa_frac100 seed 1 === job 33811 Thu Sep  3 10:27:04 UTC 2026
From https://github.com/YarinBeni/HUJI-THESIS--YARIN
 * branch              yarin-sandbox -> FETCH_HEAD
Auto packing the repository in background for optimum performance.
See "git help gc" for manual housekeeping.
Created autostash: 2a266940
Current branch yarin-sandbox is up to date.
Applied autostash.
Auto packing the repository in background for optimum performance.
See "git help gc" for manual housekeeping.
[init] loaded chrono/reports/ssl/heads/ssl_jepa_cunei400m-s0.pt: missing [] unexpected []
epoch 50/200 loss 29.3578
epoch 100/200 loss 23.9092
epoch 150/200 loss 20.2357
epoch 200/200 loss 16.2837
{
  "run_id": "s3_cunei400m_init-jepa_frac100-s1-f0",
  "metrics": {
    "final_dep": NaN,
    "train_soft_spearman": 0.6733475921891952,
    "train_spearman": 0.6733854781053731,
    "final_loss": 16.283737182617188,
    "identical_view_rate": 0.007616216216216216,
    "test_spearman": NaN
  },
  "scores_path": "/home/yarin.b/projects/HUJI-THESIS--YARIN/chrono/artifacts/scores/s3_cunei400m_init-jepa_frac100-s1-f0.parquet"
}
[init] loaded chrono/reports/ssl/heads/ssl_jepa_cunei400m-s0.pt: missing [] unexpected []
epoch 50/200 loss 29.0587
epoch 100/200 loss 23.6968
epoch 150/200 loss 20.1617
epoch 200/200 loss 16.1125
{
  "run_id": "s3_cunei400m_init-jepa_frac100-s1-f1",
  "metrics": {
    "final_dep": NaN,
    "train_soft_spearman": 0.7114687325809055,
    "train_spearman": 0.7113787420857228,
    "final_loss": 16.112459182739258,
    "identical_view_rate": 0.006563807531380753,
    "test_spearman": NaN
  },
  "scores_path": "/home/yarin.b/projects/HUJI-THESIS--YARIN/chrono/artifacts/scores/s3_cunei400m_init-jepa_frac100-s1-f1.parquet"
}
[init] loaded chrono/reports/ssl/heads/ssl_jepa_cunei400m-s0.pt: missing [] unexpected []
epoch 50/200 loss 29.1673
epoch 100/200 loss 23.4596
epoch 150/200 loss 19.9301
epoch 200/200 loss 17.7093
{
  "run_id": "s3_cunei400m_init-jepa_frac100-s1-f2",
  "metrics": {
    "final_dep": NaN,
    "train_soft_spearman": 0.773053191928195,
    "train_spearman": 0.7729733557550493,
    "final_loss": 17.70934009552002,
    "identical_view_rate": 0.008037383177570093,
    "test_spearman": 0.1948953883953305
  },
  "scores_path": "/home/yarin.b/projects/HUJI-THESIS--YARIN/chrono/artifacts/scores/s3_cunei400m_init-jepa_frac100-s1-f2.parquet"
}
[init] loaded chrono/reports/ssl/heads/ssl_jepa_cunei400m-s0.pt: missing [] unexpected []
epoch 50/200 loss 29.0590
epoch 100/200 loss 24.0126
epoch 150/200 loss 21.1213
epoch 200/200 loss 17.1191
{
  "run_id": "s3_cunei400m_init-jepa_frac100-s1-f3",
  "metrics": {
    "final_dep": NaN,
    "train_soft_spearman": 0.7012438747715214,
    "train_spearman": 0.7009256685412533,
    "final_loss": 17.11910057067871,
    "identical_view_rate": 0.0034802904564315354,
    "test_spearman": 0.6213949887736355
  },
  "scores_path": "/home/yarin.b/projects/HUJI-THESIS--YARIN/chrono/artifacts/scores/s3_cunei400m_init-jepa_frac100-s1-f3.parquet"
}
[init] loaded chrono/reports/ssl/heads/ssl_jepa_cunei400m-s0.pt: missing [] unexpected []
epoch 50/200 loss 29.6658
epoch 100/200 loss 24.2212
epoch 150/200 loss 19.8638
epoch 200/200 loss 15.7079
{
  "run_id": "s3_cunei400m_init-jepa_frac100-s1-f4",
  "metrics": {
    "final_dep": NaN,
    "train_soft_spearman": 0.6398461801832398,
    "train_spearman": 0.6396560693058074,
    "final_loss": 15.707868576049805,
    "identical_view_rate": 0.007287344398340249,
    "test_spearman": 0.7135284766760334
  },
  "scores_path": "/home/yarin.b/projects/HUJI-THESIS--YARIN/chrono/artifacts/scores/s3_cunei400m_init-jepa_frac100-s1-f4.parquet"
}
Auto packing the repository in background for optimum performance.
See "git help gc" for manual housekeeping.
[yarin-sandbox 5dfc81f0] C13: s3_cunei400m_init-jepa_frac100 seed 1 (job 33811)
 1 file changed, 174 insertions(+)
 create mode 100644 chrono/reports/logs/C13_s3_33812.log
From https://github.com/YarinBeni/HUJI-THESIS--YARIN
 * branch              yarin-sandbox -> FETCH_HEAD
Auto packing the repository in background for optimum performance.
See "git help gc" for manual housekeeping.
Created autostash: d3e0f3d0
Current branch yarin-sandbox is up to date.
Applied autostash.
Auto packing the repository in background for optimum performance.
See "git help gc" for manual housekeeping.
error: RPC failed; HTTP 408 curl 22 The requested URL returned error: 408
send-pack: unexpected disconnect while reading sideband packet
fatal: the remote end hung up unexpectedly
Everything up-to-date
From https://github.com/YarinBeni/HUJI-THESIS--YARIN
 * branch              yarin-sandbox -> FETCH_HEAD
Auto packing the repository in background for optimum performance.
See "git help gc" for manual housekeeping.
Created autostash: 1131164d
Current branch yarin-sandbox is up to date.
Applied autostash.
Auto packing the repository in background for optimum performance.
See "git help gc" for manual housekeeping.
error: RPC failed; HTTP 408 curl 22 The requested URL returned error: 408
send-pack: unexpected disconnect while reading sideband packet
fatal: the remote end hung up unexpectedly
Everything up-to-date
From https://github.com/YarinBeni/HUJI-THESIS--YARIN
 * branch              yarin-sandbox -> FETCH_HEAD
Auto packing the repository in background for optimum performance.
See "git help gc" for manual housekeeping.
Created autostash: 2ed868e2
Current branch yarin-sandbox is up to date.
Applied autostash.
Auto packing the repository in background for optimum performance.
See "git help gc" for manual housekeeping.
error: RPC failed; HTTP 408 curl 22 The requested URL returned error: 408
send-pack: unexpected disconnect while reading sideband packet
fatal: the remote end hung up unexpectedly
Everything up-to-date
From https://github.com/YarinBeni/HUJI-THESIS--YARIN
 * branch              yarin-sandbox -> FETCH_HEAD
Auto packing the repository in background for optimum performance.
See "git help gc" for manual housekeeping.
Created autostash: 719219d5
Current branch yarin-sandbox is up to date.
Applied autostash.
Auto packing the repository in background for optimum performance.
See "git help gc" for manual housekeeping.
error: RPC failed; HTTP 408 curl 22 The requested URL returned error: 408
send-pack: unexpected disconnect while reading sideband packet
fatal: the remote end hung up unexpectedly
Everything up-to-date
From https://github.com/YarinBeni/HUJI-THESIS--YARIN
 * branch              yarin-sandbox -> FETCH_HEAD
Auto packing the repository in background for optimum performance.
See "git help gc" for manual housekeeping.
Created autostash: 785f0e52
Current branch yarin-sandbox is up to date.
Applied autostash.
Auto packing the repository in background for optimum performance.
See "git help gc" for manual housekeeping.
error: RPC failed; HTTP 408 curl 22 The requested URL returned error: 408
send-pack: unexpected disconnect while reading sideband packet
fatal: the remote end hung up unexpectedly
Everything up-to-date
[commit_push_sandbox] FAILED after 5 attempts
=== Done. Thu Sep  3 14:12:22 UTC 2026 ===
