# job 33805 C13_s3 exit=0 Thu Sep  3 13:44:29 UTC 2026
# last 4000 lines of /home/yarin.b/projects/HUJI-THESIS--YARIN/chrono/sbatch/logs/C13_s3_33674_9.out
=== C13 s3_cunei400m_init-jepa_frac100 seed 0 === job 33805 Thu Sep  3 10:13:04 UTC 2026
From https://github.com/YarinBeni/HUJI-THESIS--YARIN
 * branch              yarin-sandbox -> FETCH_HEAD
Auto packing the repository in background for optimum performance.
See "git help gc" for manual housekeeping.
Created autostash: 92398eda
Current branch yarin-sandbox is up to date.
Applied autostash.
Auto packing the repository in background for optimum performance.
See "git help gc" for manual housekeeping.
[init] loaded chrono/reports/ssl/heads/ssl_jepa_cunei400m-s0.pt: missing [] unexpected []
epoch 50/200 loss 29.6591
epoch 100/200 loss 23.8887
epoch 150/200 loss 20.5298
epoch 200/200 loss 16.6604
{
  "run_id": "s3_cunei400m_init-jepa_frac100-s0-f0",
  "metrics": {
    "final_dep": NaN,
    "train_soft_spearman": 0.664787942106366,
    "train_spearman": 0.6646979651935189,
    "final_loss": 16.660385608673096,
    "identical_view_rate": 0.0074648648648648645,
    "test_spearman": NaN
  },
  "scores_path": "/home/yarin.b/projects/HUJI-THESIS--YARIN/chrono/artifacts/scores/s3_cunei400m_init-jepa_frac100-s0-f0.parquet"
}
[init] loaded chrono/reports/ssl/heads/ssl_jepa_cunei400m-s0.pt: missing [] unexpected []
epoch 50/200 loss 29.4227
epoch 100/200 loss 23.7552
epoch 150/200 loss 20.6793
epoch 200/200 loss 16.7687
{
  "run_id": "s3_cunei400m_init-jepa_frac100-s0-f1",
  "metrics": {
    "final_dep": NaN,
    "train_soft_spearman": 0.7080569276508979,
    "train_spearman": 0.7080307705405657,
    "final_loss": 16.768669605255127,
    "identical_view_rate": 0.006731171548117155,
    "test_spearman": NaN
  },
  "scores_path": "/home/yarin.b/projects/HUJI-THESIS--YARIN/chrono/artifacts/scores/s3_cunei400m_init-jepa_frac100-s0-f1.parquet"
}
[init] loaded chrono/reports/ssl/heads/ssl_jepa_cunei400m-s0.pt: missing [] unexpected []
epoch 50/200 loss 29.3433
epoch 100/200 loss 23.6537
epoch 150/200 loss 20.0274
epoch 200/200 loss 17.9508
{
  "run_id": "s3_cunei400m_init-jepa_frac100-s0-f2",
  "metrics": {
    "final_dep": NaN,
    "train_soft_spearman": 0.7763227973834291,
    "train_spearman": 0.7762984703413184,
    "final_loss": 17.9508113861084,
    "identical_view_rate": 0.007751817237798546,
    "test_spearman": 0.1500056454816451
  },
  "scores_path": "/home/yarin.b/projects/HUJI-THESIS--YARIN/chrono/artifacts/scores/s3_cunei400m_init-jepa_frac100-s0-f2.parquet"
}
[init] loaded chrono/reports/ssl/heads/ssl_jepa_cunei400m-s0.pt: missing [] unexpected []
epoch 50/200 loss 29.8016
epoch 100/200 loss 24.2831
epoch 150/200 loss 20.7252
epoch 200/200 loss 16.4050
{
  "run_id": "s3_cunei400m_init-jepa_frac100-s0-f3",
  "metrics": {
    "final_dep": NaN,
    "train_soft_spearman": 0.6908033568515548,
    "train_spearman": 0.6908323802417358,
    "final_loss": 16.40498685836792,
    "identical_view_rate": 0.0035840248962655604,
    "test_spearman": 0.6194230103380608
  },
  "scores_path": "/home/yarin.b/projects/HUJI-THESIS--YARIN/chrono/artifacts/scores/s3_cunei400m_init-jepa_frac100-s0-f3.parquet"
}
[init] loaded chrono/reports/ssl/heads/ssl_jepa_cunei400m-s0.pt: missing [] unexpected []
epoch 50/200 loss 29.4994
epoch 100/200 loss 24.0779
epoch 150/200 loss 19.6781
epoch 200/200 loss 15.6528
{
  "run_id": "s3_cunei400m_init-jepa_frac100-s0-f4",
  "metrics": {
    "final_dep": NaN,
    "train_soft_spearman": 0.659189170774595,
    "train_spearman": 0.6590420142999611,
    "final_loss": 15.65284276008606,
    "identical_view_rate": 0.007085062240663901,
    "test_spearman": 0.6899722522459877
  },
  "scores_path": "/home/yarin.b/projects/HUJI-THESIS--YARIN/chrono/artifacts/scores/s3_cunei400m_init-jepa_frac100-s0-f4.parquet"
}
Auto packing the repository in background for optimum performance.
See "git help gc" for manual housekeeping.
[yarin-sandbox 2cdf353d] C13: s3_cunei400m_init-jepa_frac100 seed 0 (job 33805)
 17 files changed, 175 insertions(+)
 create mode 100644 chrono/reports/logs/C13_s3_33816.log
 create mode 100644 chrono/reports/tier0/s3_scores/s3_cunei400m_init-none_frac100_h128-s1-f0.parquet
 create mode 100644 chrono/reports/tier0/s3_scores/s3_cunei400m_init-none_frac100_h128-s1-f1.parquet
 create mode 100644 chrono/reports/tier0/s3_scores/s3_cunei400m_init-none_frac100_h128-s1-f2.parquet
 create mode 100644 chrono/reports/tier0/s3_scores/s3_cunei400m_init-none_frac100_h128-s1-f3.parquet
 create mode 100644 chrono/reports/tier0/s3_scores/s3_cunei400m_init-none_frac100_h128-s1-f4.parquet
 create mode 100644 chrono/reports/tier0/s3_scores/s3_cunei400m_init-none_frac100_h128-s2-f0.parquet
 create mode 100644 chrono/reports/tier0/s3_scores/s3_cunei400m_init-none_frac100_h128-s2-f1.parquet
 create mode 100644 chrono/reports/tier0/s3_scores/s3_cunei400m_init-none_frac100_h128-s2-f2.parquet
 create mode 100644 chrono/reports/tier0/s3_scores/s3_cunei400m_init-none_frac100_h128-s2-f3.parquet
 create mode 100644 chrono/reports/tier0/s3_scores/s3_cunei400m_init-none_frac100_h128-s2-f4.parquet
 create mode 100644 chrono/reports/tier0/s3_scores/s3_cunei400m_init-none_frac100_h2048-s1-f0.parquet
 create mode 100644 chrono/reports/tier0/s3_scores/s3_cunei400m_init-none_frac100_h2048-s1-f1.parquet
 create mode 100644 chrono/reports/tier0/s3_scores/s3_cunei400m_init-none_frac100_h2048-s1-f2.parquet
 create mode 100644 chrono/reports/tier0/s3_scores/s3_cunei400m_init-none_frac100_h2048-s1-f3.parquet
 create mode 100644 chrono/reports/tier0/s3_scores/s3_cunei400m_init-none_frac100_h2048-s1-f4.parquet
From https://github.com/YarinBeni/HUJI-THESIS--YARIN
 * branch              yarin-sandbox -> FETCH_HEAD
Auto packing the repository in background for optimum performance.
See "git help gc" for manual housekeeping.
Current branch yarin-sandbox is up to date.
Auto packing the repository in background for optimum performance.
See "git help gc" for manual housekeeping.
error: RPC failed; HTTP 408 curl 22 The requested URL returned error: 408
send-pack: unexpected disconnect while reading sideband packet
fatal: the remote end hung up unexpectedly
Everything up-to-date
From https://github.com/YarinBeni/HUJI-THESIS--YARIN
 * branch              yarin-sandbox -> FETCH_HEAD
Auto packing the repository in background for optimum performance.
See "git help gc" for manual housekeeping.
Current branch yarin-sandbox is up to date.
Auto packing the repository in background for optimum performance.
See "git help gc" for manual housekeeping.
error: RPC failed; HTTP 408 curl 22 The requested URL returned error: 408
send-pack: unexpected disconnect while reading sideband packet
fatal: the remote end hung up unexpectedly
Everything up-to-date
From https://github.com/YarinBeni/HUJI-THESIS--YARIN
 * branch              yarin-sandbox -> FETCH_HEAD
Auto packing the repository in background for optimum performance.
See "git help gc" for manual housekeeping.
Current branch yarin-sandbox is up to date.
Auto packing the repository in background for optimum performance.
See "git help gc" for manual housekeeping.
error: RPC failed; HTTP 408 curl 22 The requested URL returned error: 408
send-pack: unexpected disconnect while reading sideband packet
fatal: the remote end hung up unexpectedly
Everything up-to-date
From https://github.com/YarinBeni/HUJI-THESIS--YARIN
 * branch              yarin-sandbox -> FETCH_HEAD
Auto packing the repository in background for optimum performance.
See "git help gc" for manual housekeeping.
Current branch yarin-sandbox is up to date.
Auto packing the repository in background for optimum performance.
See "git help gc" for manual housekeeping.
error: RPC failed; HTTP 408 curl 22 The requested URL returned error: 408
send-pack: unexpected disconnect while reading sideband packet
fatal: the remote end hung up unexpectedly
Everything up-to-date
From https://github.com/YarinBeni/HUJI-THESIS--YARIN
 * branch              yarin-sandbox -> FETCH_HEAD
Auto packing the repository in background for optimum performance.
See "git help gc" for manual housekeeping.
Created autostash: 07b77237
Current branch yarin-sandbox is up to date.
Applied autostash.
Auto packing the repository in background for optimum performance.
See "git help gc" for manual housekeeping.
error: RPC failed; HTTP 408 curl 22 The requested URL returned error: 408
send-pack: unexpected disconnect while reading sideband packet
fatal: the remote end hung up unexpectedly
Everything up-to-date
[commit_push_sandbox] FAILED after 5 attempts
=== Done. Thu Sep  3 13:44:29 UTC 2026 ===
