# job 33883 C13_s3 exit=0 Thu Sep  3 22:08:42 UTC 2026
# last 4000 lines of /home/yarin.b/projects/HUJI-THESIS--YARIN/chrono/sbatch/logs/C13_s3_33674_62.out
=== C13 s3_llama2_7b_init-none_frac25 seed 2 === job 33883 Thu Sep  3 18:13:44 UTC 2026
From https://github.com/YarinBeni/HUJI-THESIS--YARIN
 * branch              yarin-sandbox -> FETCH_HEAD
Auto packing the repository in background for optimum performance.
See "git help gc" for manual housekeeping.
Created autostash: 9b975ead
Current branch yarin-sandbox is up to date.
Applied autostash.
Auto packing the repository in background for optimum performance.
See "git help gc" for manual housekeeping.
[labels] label_frac=0.25: 245/925 train docs kept (39 rulers, all retained)
epoch 50/200 loss 15.6341
epoch 100/200 loss 12.6511
epoch 150/200 loss 10.7759
epoch 200/200 loss 9.2377
{
  "run_id": "s3_llama2_7b_init-none_frac25-s2-f0",
  "metrics": {
    "final_dep": NaN,
    "train_soft_spearman": 0.7859759300071917,
    "train_spearman": 0.7861251409047739,
    "final_loss": 9.237709045410156,
    "identical_view_rate": 0.004489795918367347,
    "test_spearman": NaN
  },
  "scores_path": "/home/yarin.b/projects/HUJI-THESIS--YARIN/chrono/artifacts/scores/s3_llama2_7b_init-none_frac25-s2-f0.parquet"
}
[labels] label_frac=0.25: 253/956 train docs kept (39 rulers, all retained)
epoch 50/200 loss 14.8340
epoch 100/200 loss 11.6584
epoch 150/200 loss 9.7129
epoch 200/200 loss 8.3511
{
  "run_id": "s3_llama2_7b_init-none_frac25-s2-f1",
  "metrics": {
    "final_dep": NaN,
    "train_soft_spearman": 0.8101573552841198,
    "train_spearman": 0.809518255800537,
    "final_loss": 8.351106643676758,
    "identical_view_rate": 0.0038339920948616602,
    "test_spearman": NaN
  },
  "scores_path": "/home/yarin.b/projects/HUJI-THESIS--YARIN/chrono/artifacts/scores/s3_llama2_7b_init-none_frac25-s2-f1.parquet"
}
[labels] label_frac=0.25: 250/963 train docs kept (27 rulers, all retained)
epoch 50/200 loss 13.4534
epoch 100/200 loss 10.4615
epoch 150/200 loss 8.6756
epoch 200/200 loss 7.5687
{
  "run_id": "s3_llama2_7b_init-none_frac25-s2-f2",
  "metrics": {
    "final_dep": NaN,
    "train_soft_spearman": 0.8322530498198188,
    "train_spearman": 0.8322171178888211,
    "final_loss": 7.568694114685059,
    "identical_view_rate": 0.008,
    "test_spearman": 0.3048837867905242
  },
  "scores_path": "/home/yarin.b/projects/HUJI-THESIS--YARIN/chrono/artifacts/scores/s3_llama2_7b_init-none_frac25-s2-f2.parquet"
}
[labels] label_frac=0.25: 251/964 train docs kept (30 rulers, all retained)
epoch 50/200 loss 14.8084
epoch 100/200 loss 11.5548
epoch 150/200 loss 9.5946
epoch 200/200 loss 8.1408
{
  "run_id": "s3_llama2_7b_init-none_frac25-s2-f3",
  "metrics": {
    "final_dep": NaN,
    "train_soft_spearman": 0.7699987319632763,
    "train_spearman": 0.7695458581648847,
    "final_loss": 8.140827178955078,
    "identical_view_rate": 0.00599601593625498,
    "test_spearman": 0.56529436769904
  },
  "scores_path": "/home/yarin.b/projects/HUJI-THESIS--YARIN/chrono/artifacts/scores/s3_llama2_7b_init-none_frac25-s2-f3.parquet"
}
[labels] label_frac=0.25: 249/964 train docs kept (25 rulers, all retained)
epoch 50/200 loss 15.3648
epoch 100/200 loss 11.5340
epoch 150/200 loss 9.4449
epoch 200/200 loss 8.0491
{
  "run_id": "s3_llama2_7b_init-none_frac25-s2-f4",
  "metrics": {
    "final_dep": NaN,
    "train_soft_spearman": 0.716332926410677,
    "train_spearman": 0.7162269166969354,
    "final_loss": 8.049052238464355,
    "identical_view_rate": 0.0113855421686747,
    "test_spearman": 0.6260269933519776
  },
  "scores_path": "/home/yarin.b/projects/HUJI-THESIS--YARIN/chrono/artifacts/scores/s3_llama2_7b_init-none_frac25-s2-f4.parquet"
}
Auto packing the repository in background for optimum performance.
See "git help gc" for manual housekeeping.
[yarin-sandbox 59d3d715] C13: s3_llama2_7b_init-none_frac25 seed 2 (job 33883)
 5 files changed, 292 insertions(+)
 create mode 100644 chrono/reports/logs/C13_s3_33880.log
 create mode 100644 chrono/reports/logs/C13_s3_33882.log
 create mode 100644 chrono/reports/ssl/S1_ssl_ssl_byol_cunei400m-s0_L0_h.md
 create mode 100644 chrono/reports/ssl/umap_ssl_ssl_byol_cunei400m-s0_L0_h.parquet
From https://github.com/YarinBeni/HUJI-THESIS--YARIN
 * branch              yarin-sandbox -> FETCH_HEAD
Auto packing the repository in background for optimum performance.
See "git help gc" for manual housekeeping.
Current branch yarin-sandbox is up to date.
Auto packing the repository in background for optimum performance.
See "git help gc" for manual housekeeping.
error: RPC failed; HTTP 408 curl 22 The requested URL returned error: 408
send-pack: unexpected disconnect while reading sideband packet
fatal: the remote end hung up unexpectedly
Everything up-to-date
From https://github.com/YarinBeni/HUJI-THESIS--YARIN
 * branch              yarin-sandbox -> FETCH_HEAD
Auto packing the repository in background for optimum performance.
See "git help gc" for manual housekeeping.
Current branch yarin-sandbox is up to date.
Auto packing the repository in background for optimum performance.
See "git help gc" for manual housekeeping.
error: RPC failed; HTTP 408 curl 22 The requested URL returned error: 408
send-pack: unexpected disconnect while reading sideband packet
fatal: the remote end hung up unexpectedly
Everything up-to-date
From https://github.com/YarinBeni/HUJI-THESIS--YARIN
 * branch              yarin-sandbox -> FETCH_HEAD
Auto packing the repository in background for optimum performance.
See "git help gc" for manual housekeeping.
Current branch yarin-sandbox is up to date.
Auto packing the repository in background for optimum performance.
See "git help gc" for manual housekeeping.
Everything up-to-date
[commit_push_sandbox] pushed to yarin-sandbox
=== Done. Thu Sep  3 22:08:42 UTC 2026 ===
