# job 33933 C14_reprobe exit=0 Thu Sep  3 22:17:49 UTC 2026
# last 4000 lines of /home/yarin.b/projects/HUJI-THESIS--YARIN/chrono/sbatch/logs/C14_reprobe_33784_16.out
=== C14 ssl::ssl_jepa_cunei400m-s0 L0 h === job 33933 Thu Sep  3 20:06:45 UTC 2026
From https://github.com/YarinBeni/HUJI-THESIS--YARIN
 * branch              yarin-sandbox -> FETCH_HEAD
Auto packing the repository in background for optimum performance.
See "git help gc" for manual housekeeping.
Current branch yarin-sandbox is up to date.
Auto packing the repository in background for optimum performance.
See "git help gc" for manual housekeeping.
# S1 representation probes — ssl::ssl_jepa_cunei400m-s0::L0::h

texts 30,729 · PCA 0 · classes need ≥ 30 docs

## Probes (balanced accuracy, 5-fold, tablet level)

| label | classes | n | linear | MLP | chance |
|---|---|---|---|---|---|
| period_norm | 5 | 6,300 | 0.809 ± 0.019 | 0.766 ± 0.011 | 0.200 |
| genre_raw | 71 | 27,187 | 0.136 ± 0.002 | 0.139 ± 0.004 | 0.014 |
| provenance | 16 | 30,419 | 0.447 ± 0.019 | 0.324 ± 0.030 | 0.062 |
| source | 5 | 30,720 | 0.924 ± 0.011 | 0.899 ± 0.028 | 0.200 |

## Period probe WITHIN source (linear)

| source | classes | n | balanced acc | chance |
|---|---|---|---|---|
| oracc | 2 | 3,414 | 0.964 ± 0.020 | 0.500 |
| seal | 3 | 328 | 0.700 ± 0.041 | 0.333 |

## Period probe, HELD-OUT source (train on the other non-dated sources, linear)

| held out | classes | n test | balanced acc | chance |
|---|---|---|---|---|
| seal | 3 | 292 | 0.661 | 0.333 |
| orcc (dated) | 3 | 953 | 0.146 | 0.333 |

## Geometry (period)

silhouette (raw space) +0.175 · permutation null -0.054 ± 0.032 · p = 0.000
k-NN (k=10) period purity 0.890 · chance ≈ 0.341
silhouette (UMAP-2d) +0.207 · null -0.047 ± 0.026 · p = 0.000
Auto packing the repository in background for optimum performance.
See "git help gc" for manual housekeeping.
[yarin-sandbox 597be1d2] C14: probes ssl::ssl_jepa_cunei400m-s0 L0 (job 33933)
 3 files changed, 32 insertions(+)
 create mode 100644 chrono/reports/ssl/S1_ssl_ssl_jepa_cunei400m-s0_L0_h.md
 create mode 100644 chrono/reports/ssl/umap_ssl_ssl_jepa_cunei400m-s0_L0_h.parquet
From https://github.com/YarinBeni/HUJI-THESIS--YARIN
 * branch              yarin-sandbox -> FETCH_HEAD
Auto packing the repository in background for optimum performance.
See "git help gc" for manual housekeeping.
Current branch yarin-sandbox is up to date.
Auto packing the repository in background for optimum performance.
See "git help gc" for manual housekeeping.
To https://github.com/YarinBeni/HUJI-THESIS--YARIN.git
   e1f0b91c..597be1d2  HEAD -> yarin-sandbox
[commit_push_sandbox] pushed to yarin-sandbox
=== Done. Thu Sep  3 22:17:49 UTC 2026 ===
