# job 34101 C14_reprobe exit=0 Fri Sep  4 05:18:22 UTC 2026
# last 4000 lines of /home/yarin.b/projects/HUJI-THESIS--YARIN/chrono/sbatch/logs/C14_reprobe_33995_29.out
=== C14 ssl_e2e::e2e_jepa_M-s0 L0 h === job 34101 Fri Sep  4 04:26:29 UTC 2026
From https://github.com/YarinBeni/HUJI-THESIS--YARIN
 * branch              yarin-sandbox -> FETCH_HEAD
Auto packing the repository in background for optimum performance.
See "git help gc" for manual housekeeping.
Current branch yarin-sandbox is up to date.
Auto packing the repository in background for optimum performance.
See "git help gc" for manual housekeeping.
# S1 representation probes — ssl_e2e::e2e_jepa_M-s0::L0::h

texts 30,729 · PCA 0 · classes need ≥ 30 docs

## Probes (balanced accuracy, 5-fold, tablet level)

| label | classes | n | linear | MLP | chance |
|---|---|---|---|---|---|
| period_norm | 5 | 6,300 | 0.863 ± 0.034 | 0.817 ± 0.012 | 0.200 |
| genre_raw | 71 | 27,187 | 0.279 ± 0.009 | 0.232 ± 0.017 | 0.014 |
| provenance | 16 | 30,419 | 0.653 ± 0.021 | 0.623 ± 0.017 | 0.062 |
| source | 5 | 30,720 | 0.952 ± 0.005 | 0.953 ± 0.004 | 0.200 |

## Period probe WITHIN source (linear)

| source | classes | n | balanced acc | chance |
|---|---|---|---|---|
| oracc | 2 | 3,414 | 0.991 ± 0.006 | 0.500 |
| seal | 3 | 328 | 0.749 ± 0.051 | 0.333 |

## Period probe, HELD-OUT source (train on the other non-dated sources, linear)

| held out | classes | n test | balanced acc | chance |
|---|---|---|---|---|
| seal | 3 | 292 | 0.552 | 0.333 |
| orcc (dated) | 3 | 953 | 0.188 | 0.333 |

## Geometry (period)

silhouette (raw space) +0.052 · permutation null -0.013 ± 0.009 · p = 0.000
k-NN (k=10) period purity 0.953 · chance ≈ 0.341
silhouette (UMAP-2d) +0.173 · null -0.043 ± 0.019 · p = 0.000
Auto packing the repository in background for optimum performance.
See "git help gc" for manual housekeeping.
[yarin-sandbox 5b97fba5] C14: probes ssl_e2e::e2e_jepa_M-s0 L0 (job 34101)
 1 file changed, 0 insertions(+), 0 deletions(-)
From https://github.com/YarinBeni/HUJI-THESIS--YARIN
 * branch              yarin-sandbox -> FETCH_HEAD
Auto packing the repository in background for optimum performance.
See "git help gc" for manual housekeeping.
Current branch yarin-sandbox is up to date.
Auto packing the repository in background for optimum performance.
See "git help gc" for manual housekeeping.
To https://github.com/YarinBeni/HUJI-THESIS--YARIN.git
   c4eaa6af..5b97fba5  HEAD -> yarin-sandbox
[commit_push_sandbox] pushed to yarin-sandbox
=== Done. Fri Sep  4 05:18:22 UTC 2026 ===
