# job 34045 C14_reprobe exit=0 Fri Sep  4 01:39:40 UTC 2026
# last 4000 lines of /home/yarin.b/projects/HUJI-THESIS--YARIN/chrono/sbatch/logs/C14_reprobe_33995_2.out
=== C14 Thalesian/AKK_300m L4 mean === job 34045 Fri Sep  4 01:25:23 UTC 2026
From https://github.com/YarinBeni/HUJI-THESIS--YARIN
 * branch              yarin-sandbox -> FETCH_HEAD
Auto packing the repository in background for optimum performance.
See "git help gc" for manual housekeeping.
Current branch yarin-sandbox is up to date.
Auto packing the repository in background for optimum performance.
See "git help gc" for manual housekeeping.
# S1 representation probes — Thalesian/AKK_300m::L4::mean

texts 30,729 · PCA 256 · classes need ≥ 30 docs

## Probes (balanced accuracy, 5-fold, tablet level)

| label | classes | n | linear | MLP | chance |
|---|---|---|---|---|---|
| period_norm | 5 | 6,300 | 0.841 ± 0.021 | 0.825 ± 0.026 | 0.200 |
| genre_raw | 71 | 27,187 | 0.273 ± 0.013 | 0.217 ± 0.015 | 0.014 |
| provenance | 16 | 30,419 | 0.660 ± 0.027 | 0.638 ± 0.036 | 0.062 |
| source | 5 | 30,720 | 0.961 ± 0.005 | 0.969 ± 0.003 | 0.200 |

## Period probe WITHIN source (linear)

| source | classes | n | balanced acc | chance |
|---|---|---|---|---|
| oracc | 2 | 3,414 | 0.992 ± 0.007 | 0.500 |
| seal | 3 | 328 | 0.795 ± 0.065 | 0.333 |

## Period probe, HELD-OUT source (train on the other non-dated sources, linear)

| held out | classes | n test | balanced acc | chance |
|---|---|---|---|---|
| seal | 3 | 292 | 0.570 | 0.333 |
| orcc (dated) | 3 | 953 | 0.181 | 0.333 |

## Geometry (period)

silhouette (raw space) +0.096 · permutation null -0.021 ± 0.015 · p = 0.000
k-NN (k=10) period purity 0.980 · chance ≈ 0.341
silhouette (UMAP-2d) +0.746 · null -0.060 ± 0.032 · p = 0.000
Auto packing the repository in background for optimum performance.
See "git help gc" for manual housekeeping.
[yarin-sandbox 26a2f640] C14: probes Thalesian/AKK_300m L4 (job 34045)
 2 files changed, 5 insertions(+), 3 deletions(-)
From https://github.com/YarinBeni/HUJI-THESIS--YARIN
 * branch              yarin-sandbox -> FETCH_HEAD
Auto packing the repository in background for optimum performance.
See "git help gc" for manual housekeeping.
Current branch yarin-sandbox is up to date.
Auto packing the repository in background for optimum performance.
See "git help gc" for manual housekeeping.
To https://github.com/YarinBeni/HUJI-THESIS--YARIN.git
   c0bbacd2..26a2f640  HEAD -> yarin-sandbox
[commit_push_sandbox] pushed to yarin-sandbox
=== Done. Fri Sep  4 01:39:40 UTC 2026 ===
