# job 33979 C14_reprobe exit=0 Thu Sep  3 22:25:01 UTC 2026
# last 4000 lines of /home/yarin.b/projects/HUJI-THESIS--YARIN/chrono/sbatch/logs/C14_reprobe_33784_24.out
=== C14 ssl_e2e::e2e_barlow_S-s0 L0 h === job 33979 Thu Sep  3 21:15:06 UTC 2026
From https://github.com/YarinBeni/HUJI-THESIS--YARIN
 * branch              yarin-sandbox -> FETCH_HEAD
Auto packing the repository in background for optimum performance.
See "git help gc" for manual housekeeping.
Current branch yarin-sandbox is up to date.
Auto packing the repository in background for optimum performance.
See "git help gc" for manual housekeeping.
# S1 representation probes — ssl_e2e::e2e_barlow_S-s0::L0::h

texts 30,729 · PCA 0 · classes need ≥ 30 docs

## Probes (balanced accuracy, 5-fold, tablet level)

| label | classes | n | linear | MLP | chance |
|---|---|---|---|---|---|
| period_norm | 5 | 6,300 | 0.871 ± 0.009 | 0.885 ± 0.042 | 0.200 |
| genre_raw | 71 | 27,187 | 0.245 ± 0.005 | 0.223 ± 0.011 | 0.014 |
| provenance | 16 | 30,419 | 0.649 ± 0.028 | 0.598 ± 0.028 | 0.062 |
| source | 5 | 30,720 | 0.966 ± 0.006 | 0.969 ± 0.010 | 0.200 |

## Period probe WITHIN source (linear)

| source | classes | n | balanced acc | chance |
|---|---|---|---|---|
| oracc | 2 | 3,414 | 0.989 ± 0.007 | 0.500 |
| seal | 3 | 328 | 0.793 ± 0.051 | 0.333 |

## Period probe, HELD-OUT source (train on the other non-dated sources, linear)

| held out | classes | n test | balanced acc | chance |
|---|---|---|---|---|
| seal | 3 | 292 | 0.622 | 0.333 |
| orcc (dated) | 3 | 953 | 0.203 | 0.333 |

## Geometry (period)

silhouette (raw space) +0.190 · permutation null -0.017 ± 0.006 · p = 0.000
k-NN (k=10) period purity 0.981 · chance ≈ 0.341
silhouette (UMAP-2d) +0.187 · null -0.041 ± 0.019 · p = 0.000
Auto packing the repository in background for optimum performance.
See "git help gc" for manual housekeeping.
[yarin-sandbox 9644f577] C14: probes ssl_e2e::e2e_barlow_S-s0 L0 (job 33979)
 3 files changed, 32 insertions(+)
 create mode 100644 chrono/reports/ssl/S1_ssl_e2e_e2e_barlow_S-s0_L0_h.md
 create mode 100644 chrono/reports/ssl/umap_ssl_e2e_e2e_barlow_S-s0_L0_h.parquet
From https://github.com/YarinBeni/HUJI-THESIS--YARIN
 * branch              yarin-sandbox -> FETCH_HEAD
   fa5b037f..141d7f5d  yarin-sandbox -> origin/yarin-sandbox
Auto packing the repository in background for optimum performance.
See "git help gc" for manual housekeeping.
Rebasing (1/1)[KSuccessfully rebased and updated refs/heads/yarin-sandbox.
To https://github.com/YarinBeni/HUJI-THESIS--YARIN.git
   141d7f5d..45e16bd6  HEAD -> yarin-sandbox
[commit_push_sandbox] pushed to yarin-sandbox
=== Done. Thu Sep  3 22:25:01 UTC 2026 ===
