# job 34047 C14_reprobe exit=0 Fri Sep  4 01:52:55 UTC 2026
# last 4000 lines of /home/yarin.b/projects/HUJI-THESIS--YARIN/chrono/sbatch/logs/C14_reprobe_33995_3.out
=== C14 Thalesian/AKK_300m L8 mean === job 34047 Fri Sep  4 01:33:23 UTC 2026
From https://github.com/YarinBeni/HUJI-THESIS--YARIN
 * branch              yarin-sandbox -> FETCH_HEAD
Auto packing the repository in background for optimum performance.
See "git help gc" for manual housekeeping.
Current branch yarin-sandbox is up to date.
Auto packing the repository in background for optimum performance.
See "git help gc" for manual housekeeping.
# S1 representation probes — Thalesian/AKK_300m::L8::mean

texts 30,729 · PCA 256 · classes need ≥ 30 docs

## Probes (balanced accuracy, 5-fold, tablet level)

| label | classes | n | linear | MLP | chance |
|---|---|---|---|---|---|
| period_norm | 5 | 6,300 | 0.865 ± 0.012 | 0.816 ± 0.031 | 0.200 |
| genre_raw | 71 | 27,187 | 0.261 ± 0.009 | 0.211 ± 0.012 | 0.014 |
| provenance | 16 | 30,419 | 0.650 ± 0.022 | 0.634 ± 0.014 | 0.062 |
| source | 5 | 30,720 | 0.939 ± 0.004 | 0.949 ± 0.006 | 0.200 |

## Period probe WITHIN source (linear)

| source | classes | n | balanced acc | chance |
|---|---|---|---|---|
| oracc | 2 | 3,414 | 0.991 ± 0.006 | 0.500 |
| seal | 3 | 328 | 0.793 ± 0.056 | 0.333 |

## Period probe, HELD-OUT source (train on the other non-dated sources, linear)

| held out | classes | n test | balanced acc | chance |
|---|---|---|---|---|
| seal | 3 | 292 | 0.647 | 0.333 |
| orcc (dated) | 3 | 953 | 0.122 | 0.333 |

## Geometry (period)

silhouette (raw space) +0.113 · permutation null -0.023 ± 0.013 · p = 0.000
k-NN (k=10) period purity 0.969 · chance ≈ 0.341
silhouette (UMAP-2d) +0.625 · null -0.057 ± 0.033 · p = 0.000
Auto packing the repository in background for optimum performance.
See "git help gc" for manual housekeeping.
[yarin-sandbox 7d29890a] C14: probes Thalesian/AKK_300m L8 (job 34047)
 2 files changed, 5 insertions(+), 3 deletions(-)
From https://github.com/YarinBeni/HUJI-THESIS--YARIN
 * branch              yarin-sandbox -> FETCH_HEAD
Auto packing the repository in background for optimum performance.
See "git help gc" for manual housekeeping.
Current branch yarin-sandbox is up to date.
Auto packing the repository in background for optimum performance.
See "git help gc" for manual housekeeping.
To https://github.com/YarinBeni/HUJI-THESIS--YARIN.git
   c1027a02..7d29890a  HEAD -> yarin-sandbox
[commit_push_sandbox] pushed to yarin-sandbox
=== Done. Fri Sep  4 01:52:55 UTC 2026 ===
