# job 33921 C14_reprobe exit=0 Thu Sep  3 23:20:32 UTC 2026
# last 4000 lines of /home/yarin.b/projects/HUJI-THESIS--YARIN/chrono/sbatch/logs/C14_reprobe_33784_14.out
=== C14 ssl::ssl_byol_llama2_7b-s0 L0 h === job 33921 Thu Sep  3 19:35:44 UTC 2026
From https://github.com/YarinBeni/HUJI-THESIS--YARIN
 * branch              yarin-sandbox -> FETCH_HEAD
Auto packing the repository in background for optimum performance.
See "git help gc" for manual housekeeping.
Current branch yarin-sandbox is up to date.
Auto packing the repository in background for optimum performance.
See "git help gc" for manual housekeeping.
# S1 representation probes — ssl::ssl_byol_llama2_7b-s0::L0::h

texts 30,729 · PCA 0 · classes need ≥ 30 docs

## Probes (balanced accuracy, 5-fold, tablet level)

| label | classes | n | linear | MLP | chance |
|---|---|---|---|---|---|
| period_norm | 5 | 6,300 | 0.836 ± 0.030 | 0.825 ± 0.032 | 0.200 |
| genre_raw | 71 | 27,187 | 0.179 ± 0.007 | 0.173 ± 0.008 | 0.014 |
| provenance | 16 | 30,419 | 0.502 ± 0.009 | 0.469 ± 0.012 | 0.062 |
| source | 5 | 30,720 | 0.962 ± 0.007 | 0.955 ± 0.009 | 0.200 |

## Period probe WITHIN source (linear)

| source | classes | n | balanced acc | chance |
|---|---|---|---|---|
| oracc | 2 | 3,414 | 0.975 ± 0.007 | 0.500 |
| seal | 3 | 328 | 0.707 ± 0.033 | 0.333 |

## Period probe, HELD-OUT source (train on the other non-dated sources, linear)

| held out | classes | n test | balanced acc | chance |
|---|---|---|---|---|
| seal | 3 | 292 | 0.626 | 0.333 |
| orcc (dated) | 3 | 953 | 0.141 | 0.333 |

## Geometry (period)

silhouette (raw space) +0.336 · permutation null -0.034 ± 0.017 · p = 0.000
k-NN (k=10) period purity 0.956 · chance ≈ 0.341
silhouette (UMAP-2d) +0.437 · null -0.053 ± 0.027 · p = 0.000
Auto packing the repository in background for optimum performance.
See "git help gc" for manual housekeeping.
[yarin-sandbox 39470706] C14: probes ssl::ssl_byol_llama2_7b-s0 L0 (job 33921)
 3 files changed, 32 insertions(+)
 create mode 100644 chrono/reports/ssl/S1_ssl_ssl_byol_llama2_7b-s0_L0_h.md
 create mode 100644 chrono/reports/ssl/umap_ssl_ssl_byol_llama2_7b-s0_L0_h.parquet
From https://github.com/YarinBeni/HUJI-THESIS--YARIN
 * branch              yarin-sandbox -> FETCH_HEAD
Auto packing the repository in background for optimum performance.
See "git help gc" for manual housekeeping.
Current branch yarin-sandbox is up to date.
Auto packing the repository in background for optimum performance.
See "git help gc" for manual housekeeping.
To https://github.com/YarinBeni/HUJI-THESIS--YARIN.git
   729eb036..39470706  HEAD -> yarin-sandbox
[commit_push_sandbox] pushed to yarin-sandbox
=== Done. Thu Sep  3 23:20:32 UTC 2026 ===
