# job 33963 C14_reprobe exit=0 Fri Sep  4 00:26:28 UTC 2026
# last 4000 lines of /home/yarin.b/projects/HUJI-THESIS--YARIN/chrono/sbatch/logs/C14_reprobe_33784_19.out
=== C14 ssl::ssl_jepa_qwen3_8b-s0 L0 h === job 33963 Thu Sep  3 20:52:46 UTC 2026
From https://github.com/YarinBeni/HUJI-THESIS--YARIN
 * branch              yarin-sandbox -> FETCH_HEAD
Auto packing the repository in background for optimum performance.
See "git help gc" for manual housekeeping.
Current branch yarin-sandbox is up to date.
Auto packing the repository in background for optimum performance.
See "git help gc" for manual housekeeping.
# S1 representation probes — ssl::ssl_jepa_qwen3_8b-s0::L0::h

texts 30,729 · PCA 0 · classes need ≥ 30 docs

## Probes (balanced accuracy, 5-fold, tablet level)

| label | classes | n | linear | MLP | chance |
|---|---|---|---|---|---|
| period_norm | 5 | 6,300 | 0.809 ± 0.020 | 0.802 ± 0.028 | 0.200 |
| genre_raw | 71 | 27,187 | 0.167 ± 0.008 | 0.155 ± 0.006 | 0.014 |
| provenance | 16 | 30,419 | 0.493 ± 0.010 | 0.413 ± 0.018 | 0.062 |
| source | 5 | 30,720 | 0.949 ± 0.009 | 0.943 ± 0.009 | 0.200 |

## Period probe WITHIN source (linear)

| source | classes | n | balanced acc | chance |
|---|---|---|---|---|
| oracc | 2 | 3,414 | 0.954 ± 0.008 | 0.500 |
| seal | 3 | 328 | 0.679 ± 0.034 | 0.333 |

## Period probe, HELD-OUT source (train on the other non-dated sources, linear)

| held out | classes | n test | balanced acc | chance |
|---|---|---|---|---|
| seal | 3 | 292 | 0.477 | 0.333 |
| orcc (dated) | 3 | 953 | 0.067 | 0.333 |

## Geometry (period)

silhouette (raw space) +0.082 · permutation null -0.037 ± 0.018 · p = 0.000
k-NN (k=10) period purity 0.942 · chance ≈ 0.341
silhouette (UMAP-2d) +0.225 · null -0.046 ± 0.022 · p = 0.000
Auto packing the repository in background for optimum performance.
See "git help gc" for manual housekeeping.
[yarin-sandbox 1efe4727] C14: probes ssl::ssl_jepa_qwen3_8b-s0 L0 (job 33963)
 3 files changed, 32 insertions(+)
 create mode 100644 chrono/reports/ssl/S1_ssl_ssl_jepa_qwen3_8b-s0_L0_h.md
 create mode 100644 chrono/reports/ssl/umap_ssl_ssl_jepa_qwen3_8b-s0_L0_h.parquet
From https://github.com/YarinBeni/HUJI-THESIS--YARIN
 * branch              yarin-sandbox -> FETCH_HEAD
Auto packing the repository in background for optimum performance.
See "git help gc" for manual housekeeping.
Current branch yarin-sandbox is up to date.
Auto packing the repository in background for optimum performance.
See "git help gc" for manual housekeeping.
To https://github.com/YarinBeni/HUJI-THESIS--YARIN.git
   5bde3856..1efe4727  HEAD -> yarin-sandbox
[commit_push_sandbox] pushed to yarin-sandbox
=== Done. Fri Sep  4 00:26:28 UTC 2026 ===
