# job 33911 C15_hyb exit=0 Fri Sep  4 02:05:38 UTC 2026
# last 4000 lines of /home/yarin.b/projects/HUJI-THESIS--YARIN/chrono/sbatch/logs/C15_hyb_33796_3.out
=== C15 hyb jepa M on thalesian_cunei400m L12 === job 33911 Thu Sep  3 19:35:18 UTC 2026
From https://github.com/YarinBeni/HUJI-THESIS--YARIN
 * branch              yarin-sandbox -> FETCH_HEAD
Auto packing the repository in background for optimum performance.
See "git help gc" for manual housekeeping.
Current branch yarin-sandbox is up to date.
Auto packing the repository in background for optimum performance.
See "git help gc" for manual housekeeping.
Fetching 7 files:   0%|          | 0/7 [00:00<?, ?it/s]Fetching 7 files: 100%|██████████| 7/7 [00:00<00:00, 7129.71it/s]
`torch_dtype` is deprecated! Use `dtype` instead!
The following generation flags are not valid and may be ignored: ['output_hidden_states']. Set `TRANSFORMERS_VERBOSITY=info` for more details.
Loading weights:   0%|          | 0/303 [00:00<?, ?it/s]Loading weights:  99%|█████████▊| 299/303 [00:00<00:00, 2818.90it/s]Loading weights: 100%|██████████| 303/303 [00:00<00:00, 1384.92it/s]
/home/yarin.b/miniconda3/envs/thesis/lib/python3.11/site-packages/torch/nn/modules/transformer.py:392: UserWarning: enable_nested_tensor is True, but self.use_nested_tensor is False because encoder_layer.norm_first was True
  warnings.warn(
[hyb] frozen thalesian_cunei400m L12 d=768 -> trainable M
[e2e] hyb_jepa_M_thalesian_cunei400m-s0: size M params 15.0M vocab 23044 train texts 24,589 objective jepa batch 256 budget 5.0h dev cuda
[e2e] step 100 loss 0.8113 lr 3.00e-05 0.5 min
[e2e] step 200 loss 0.0348 lr 6.00e-05 1.0 min
[e2e] step 300 loss 0.0129 lr 9.00e-05 1.5 min
[e2e] step 400 loss 0.0075 lr 1.20e-04 2.0 min
[e2e] step 500 loss 0.0064 lr 1.50e-04 2.5 min
[e2e] step 600 loss 0.0069 lr 1.80e-04 3.0 min
[e2e] step 700 loss 0.0088 lr 2.10e-04 3.5 min
[e2e] step 800 loss 0.0117 lr 2.40e-04 4.0 min
[e2e] step 900 loss 0.0160 lr 2.70e-04 4.4 min
[e2e] step 1000 loss 0.0228 lr 3.00e-04 4.9 min
[e2e] step 1100 loss 0.0302 lr 3.00e-04 5.4 min
[e2e] step 1200 loss 0.0389 lr 3.00e-04 5.9 min
[e2e] step 1300 loss 0.0459 lr 3.00e-04 6.4 min
[e2e] step 1400 loss 0.0544 lr 3.00e-04 6.9 min
[e2e] step 1500 loss 0.0608 lr 3.00e-04 7.4 min
[e2e] step 1600 loss 0.0667 lr 3.00e-04 7.9 min
[e2e] step 1700 loss 0.0698 lr 3.00e-04 8.4 min
[e2e] step 1800 loss 0.0766 lr 3.00e-04 8.9 min
[e2e] step 1900 loss 0.0796 lr 3.00e-04 9.4 min
[e2e] step 2000 loss 0.0819 lr 3.00e-04 9.9 min
[e2e] step 2000 quick period probe (linear, 5 classes, n=4000) bal.acc 0.855
[e2e] step 2100 loss 0.0888 lr 3.00e-04 13.4 min
[e2e] step 2200 loss 0.0899 lr 3.00e-04 13.9 min
[e2e] step 2300 loss 0.0917 lr 3.00e-04 14.4 min
[e2e] step 2400 loss 0.0989 lr 3.00e-04 14.9 min
[e2e] step 2500 loss 0.0984 lr 3.00e-04 15.4 min
[e2e] step 2600 loss 0.0991 lr 3.00e-04 15.9 min
[e2e] step 2700 loss 0.1071 lr 3.00e-04 16.4 min
[e2e] step 2800 loss 0.1056 lr 3.00e-04 16.9 min
[e2e] step 2900 loss 0.1094 lr 3.00e-04 17.4 min
[e2e] step 3000 loss 0.1153 lr 3.00e-04 17.9 min
[e2e] step 3100 loss 0.1143 lr 3.00e-04 18.4 min
[e2e] step 3200 loss 0.1198 lr 3.00e-04 18.9 min
[e2e] step 3300 loss 0.1234 lr 3.00e-04 19.4 min
[e2e] step 3400 loss 0.1224 lr 3.00e-04 19.9 min
[e2e] step 3500 loss 0.1265 lr 3.00e-04 20.4 min
[e2e] step 3600 loss 0.1251 lr 3.00e-04 20.8 min
[e2e] step 3700 loss 0.1333 lr 3.00e-04 21.3 min
[e2e] step 3800 loss 0.1378 lr 3.00e-04 21.8 min
[e2e] step 3900 loss 0.1388 lr 3.00e-04 22.3 min
[e2e] step 4000 loss 0.1405 lr 3.00e-04 22.8 min
[e2e] step 4000 quick period probe (linear, 5 classes, n=4000) bal.acc 0.866
[e2e] step 4100 loss 0.1447 lr 3.00e-04 25.3 min
[e2e] step 4200 loss 0.1456 lr 3.00e-04 25.8 min
[e2e] step 4300 loss 0.1552 lr 3.00e-04 26.3 min
[e2e] step 4400 loss 0.1511 lr 3.00e-04 26.8 min
[e2e] step 4500 loss 0.1537 lr 3.00e-04 27.3 min
[e2e] step 4600 loss 0.1563 lr 3.00e-04 27.8 min
[e2e] step 4700 loss 0.1615 lr 3.00e-04 28.3 min
[e2e] step 4800 loss 0.1641 lr 3.00e-04 28.8 min
[e2e] step 4900 loss 0.1651 lr 3.00e-04 29.3 min
[e2e] step 5000 loss 0.1688 lr 3.00e-04 29.7 min
[e2e] step 5100 loss 0.1719 lr 3.00e-04 30.2 min
[e2e] step 5200 loss 0.1742 lr 3.00e-04 30.7 min
[e2e] step 5300 loss 0.1791 lr 3.00e-04 31.2 min
[e2e] step 5400 loss 0.1761 lr 3.00e-04 31.7 min
[e2e] step 5500 loss 0.1837 lr 3.00e-04 32.2 min
[e2e] step 5600 loss 0.1859 lr 3.00e-04 32.7 min
[e2e] step 5700 loss 0.1895 lr 3.00e-04 33.2 min
[e2e] step 5800 loss 0.1916 lr 3.00e-04 33.7 min
[e2e] step 5900 loss 0.1895 lr 3.00e-04 34.2 min
[e2e] step 6000 loss 0.1939 lr 3.00e-04 34.7 min
[e2e] step 6000 quick period probe (linear, 5 classes, n=4000) bal.acc 0.851
[e2e] step 6100 loss 0.1949 lr 3.00e-04 36.8 min
[e2e] step 6200 loss 0.2030 lr 3.00e-04 37.2 min
[e2e] step 6300 loss 0.2080 lr 3.00e-04 37.7 min
[e2e] step 6400 loss 0.2054 lr 3.00e-04 38.2 min
[e2e] step 6500 loss 0.2076 lr 3.00e-04 38.7 min
[e2e] step 6600 loss 0.2103 lr 3.00e-04 39.2 min
[e2e] step 6700 loss 0.2039 lr 3.00e-04 39.7 min
[e2e] step 6800 loss 0.2119 lr 3.00e-04 40.2 min
[e2e] step 6900 loss 0.2121 lr 3.00e-04 40.7 min
[e2e] step 7000 loss 0.2152 lr 3.00e-04 41.2 min
[e2e] step 7100 loss 0.2112 lr 3.00e-04 41.7 min
[e2e] step 7200 loss 0.2173 lr 3.00e-04 42.2 min
[e2e] step 7300 loss 0.2166 lr 3.00e-04 42.7 min
[e2e] step 7400 loss 0.2175 lr 3.00e-04 43.2 min
[e2e] step 7500 loss 0.2201 lr 3.00e-04 43.7 min
[e2e] step 7600 loss 0.2188 lr 3.00e-04 44.2 min
[e2e] step 7700 loss 0.2219 lr 3.00e-04 44.7 min
[e2e] step 7800 loss 0.2271 lr 3.00e-04 45.2 min
[e2e] step 7900 loss 0.2198 lr 3.00e-04 45.6 min
[e2e] step 8000 loss 0.2240 lr 3.00e-04 46.1 min
[e2e] step 8000 quick period probe (linear, 5 classes, n=4000) bal.acc 0.839
[e2e] step 8100 loss 0.2326 lr 3.00e-04 48.2 min
[e2e] step 8200 loss 0.2297 lr 3.00e-04 48.7 min
[e2e] step 8300 loss 0.2288 lr 3.00e-04 49.2 min
[e2e] step 8400 loss 0.2299 lr 3.00e-04 49.7 min
[e2e] step 8500 loss 0.2330 lr 3.00e-04 50.2 min
[e2e] step 8600 loss 0.2370 lr 3.00e-04 50.7 min
[e2e] step 8700 loss 0.2378 lr 3.00e-04 51.2 min
[e2e] step 8800 loss 0.2386 lr 3.00e-04 51.7 min
[e2e] step 8900 loss 0.2347 lr 3.00e-04 52.2 min
[e2e] step 9000 loss 0.2412 lr 3.00e-04 52.7 min
[e2e] step 9100 loss 0.2498 lr 3.00e-04 53.2 min
[e2e] step 9200 loss 0.2423 lr 3.00e-04 53.7 min
[e2e] step 9300 loss 0.2513 lr 3.00e-04 54.1 min
[e2e] step 9400 loss 0.3382 lr 3.00e-04 54.6 min
[e2e] step 9500 loss 0.3554 lr 3.00e-04 55.1 min
[e2e] step 9600 loss 0.3033 lr 3.00e-04 55.6 min
[e2e] step 9700 loss 0.6691 lr 3.00e-04 56.1 min
[e2e] step 9800 loss 0.3628 lr 3.00e-04 56.6 min
[e2e] step 9900 loss 0.4774 lr 3.00e-04 57.1 min
[e2e] step 10000 loss 0.3157 lr 3.00e-04 57.6 min
[e2e] step 10000 quick period probe (linear, 5 classes, n=4000) bal.acc 0.851
[e2e] step 10100 loss 0.2715 lr 3.00e-04 59.6 min
[e2e] step 10200 loss 0.2717 lr 3.00e-04 60.1 min
[e2e] step 10300 loss 0.2701 lr 3.00e-04 60.6 min
[e2e] step 10400 loss 0.7313 lr 3.00e-04 61.1 min
[e2e] step 10500 loss 0.7111 lr 3.00e-04 61.6 min
[e2e] step 10600 loss 0.3200 lr 3.00e-04 62.1 min
[e2e] step 10700 loss 0.4086 lr 3.00e-04 62.6 min
[e2e] step 10800 loss 0.5147 lr 3.00e-04 63.0 min
[e2e] step 10900 loss 1.2583 lr 3.00e-04 63.5 min
[e2e] step 11000 loss 1.1053 lr 3.00e-04 64.0 min
[e2e] step 11100 loss 0.5645 lr 3.00e-04 64.5 min
[e2e] step 11200 loss 0.4606 lr 3.00e-04 65.0 min
[e2e] step 11300 loss 0.3088 lr 3.00e-04 65.5 min
[e2e] step 11400 loss 0.2997 lr 3.00e-04 66.0 min
[e2e] step 11500 loss 0.3226 lr 3.00e-04 66.5 min
[e2e] step 11600 loss 0.3242 lr 3.00e-04 67.0 min
[e2e] step 11700 loss 0.2788 lr 3.00e-04 67.5 min
[e2e] step 11800 loss 0.2259 lr 3.00e-04 68.0 min
[e2e] step 11900 loss 0.1963 lr 3.00e-04 68.5 min
[e2e] step 12000 loss 0.1940 lr 3.00e-04 69.0 min
[e2e] step 12000 quick period probe (linear, 5 classes, n=4000) bal.acc 0.847
[e2e] step 12100 loss 0.1978 lr 3.00e-04 71.9 min
[e2e] step 12200 loss 0.1996 lr 3.00e-04 72.3 min
[e2e] step 12300 loss 0.1971 lr 3.00e-04 72.8 min
[e2e] step 12400 loss 0.2107 lr 3.00e-04 73.3 min
[e2e] step 12500 loss 0.2099 lr 3.00e-04 73.8 min
[e2e] step 12600 loss 0.2027 lr 3.00e-04 74.3 min
[e2e] step 12700 loss 0.2012 lr 3.00e-04 74.8 min
[e2e] step 12800 loss 0.2084 lr 3.00e-04 75.3 min
[e2e] step 12900 loss 0.3151 lr 3.00e-04 75.8 min
[e2e] step 13000 loss 0.4009 lr 3.00e-04 76.3 min
[e2e] step 13100 loss 0.8567 lr 3.00e-04 76.8 min
[e2e] step 13200 loss 0.8184 lr 3.00e-04 77.3 min
[e2e] step 13300 loss 0.6111 lr 3.00e-04 77.8 min
[e2e] step 13400 loss 0.7233 lr 3.00e-04 78.3 min
[e2e] step 13500 loss 0.5992 lr 3.00e-04 78.8 min
[e2e] step 13600 loss 0.4167 lr 3.00e-04 79.3 min
[e2e] step 13700 loss 0.2632 lr 3.00e-04 79.7 min
[e2e] step 13800 loss 0.2240 lr 3.00e-04 80.2 min
[e2e] step 13900 loss 0.2144 lr 3.00e-04 80.7 min
[e2e] step 14000 loss 0.2243 lr 3.00e-04 81.2 min
[e2e] step 14000 quick period probe (linear, 5 classes, n=4000) bal.acc 0.847
[e2e] step 14100 loss 0.2147 lr 3.00e-04 84.1 min
[e2e] step 14200 loss 0.1898 lr 3.00e-04 84.6 min
[e2e] step 14300 loss 0.1886 lr 3.00e-04 85.1 min
[e2e] step 14400 loss 0.1962 lr 3.00e-04 85.5 min
[e2e] step 14500 loss 0.2013 lr 3.00e-04 86.0 min
[e2e] step 14600 loss 0.2323 lr 3.00e-04 86.5 min
[e2e] step 14700 loss 0.3187 lr 3.00e-04 87.0 min
[e2e] step 14800 loss 0.4916 lr 3.00e-04 87.5 min
[e2e] step 14900 loss 0.3422 lr 3.00e-04 88.0 min
[e2e] step 15000 loss 0.2851 lr 3.00e-04 88.5 min
[e2e] step 15100 loss 0.2790 lr 3.00e-04 89.0 min
[e2e] step 15200 loss 0.3045 lr 3.00e-04 89.5 min
[e2e] step 15300 loss 0.2740 lr 3.00e-04 90.0 min
[e2e] step 15400 loss 0.3302 lr 3.00e-04 90.5 min
[e2e] step 15500 loss 0.3853 lr 3.00e-04 91.0 min
[e2e] step 15600 loss 0.3072 lr 3.00e-04 91.5 min
[e2e] step 15700 loss 0.2982 lr 3.00e-04 91.9 min
[e2e] step 15800 loss 0.3166 lr 3.00e-04 92.4 min
[e2e] step 15900 loss 0.3295 lr 3.00e-04 92.9 min
[e2e] step 16000 loss 0.3130 lr 3.00e-04 93.4 min
[e2e] step 16000 quick period probe (linear, 5 classes, n=4000) bal.acc 0.798
[e2e] step 16100 loss 0.3296 lr 3.00e-04 97.1 min
[e2e] step 16200 loss 0.3443 lr 3.00e-04 97.6 min
[e2e] step 16300 loss 0.3622 lr 3.00e-04 98.1 min
[e2e] step 16400 loss 0.2904 lr 3.00e-04 98.6 min
[e2e] step 16500 loss 0.2704 lr 3.00e-04 99.1 min
[e2e] step 16600 loss 0.3029 lr 3.00e-04 99.6 min
[e2e] step 16700 loss 0.2711 lr 3.00e-04 100.1 min
[e2e] step 16800 loss 0.2699 lr 3.00e-04 100.6 min
[e2e] step 16900 loss 0.2458 lr 3.00e-04 101.1 min
[e2e] step 17000 loss 0.2403 lr 3.00e-04 101.6 min
[e2e] step 17100 loss 0.2244 lr 3.00e-04 102.1 min
[e2e] step 17200 loss 0.2252 lr 3.00e-04 102.6 min
[e2e] step 17300 loss 0.2361 lr 3.00e-04 103.1 min
[e2e] step 17400 loss 0.2604 lr 3.00e-04 103.6 min
[e2e] step 17500 loss 0.2349 lr 3.00e-04 104.0 min
[e2e] step 17600 loss 0.2352 lr 3.00e-04 104.5 min
[e2e] step 17700 loss 0.2404 lr 3.00e-04 105.0 min
[e2e] step 17800 loss 0.2328 lr 3.00e-04 105.5 min
[e2e] step 17900 loss 0.2333 lr 3.00e-04 106.0 min
[e2e] step 18000 loss 0.2363 lr 3.00e-04 106.5 min
[e2e] step 18000 quick period probe (linear, 5 classes, n=4000) bal.acc 0.814
[e2e] step 18100 loss 0.1985 lr 3.00e-04 109.6 min
[e2e] step 18200 loss 0.1851 lr 3.00e-04 110.1 min
[e2e] step 18300 loss 0.1928 lr 3.00e-04 110.6 min
[e2e] step 18400 loss 0.2483 lr 3.00e-04 111.1 min
[e2e] step 18500 loss 0.2061 lr 3.00e-04 111.6 min
[e2e] step 18600 loss 0.1701 lr 3.00e-04 112.1 min
[e2e] step 18700 loss 0.1623 lr 3.00e-04 112.6 min
[e2e] step 18800 loss 0.1574 lr 3.00e-04 113.1 min
[e2e] step 18900 loss 0.1579 lr 3.00e-04 113.5 min
[e2e] step 19000 loss 0.1539 lr 3.00e-04 114.0 min
[e2e] step 19100 loss 0.1516 lr 3.00e-04 114.5 min
[e2e] step 19200 loss 0.1442 lr 3.00e-04 115.0 min
[e2e] step 19300 loss 0.1481 lr 3.00e-04 115.5 min
[e2e] step 19400 loss 0.1465 lr 3.00e-04 116.0 min
[e2e] step 19500 loss 0.1392 lr 3.00e-04 116.5 min
[e2e] step 19600 loss 0.1390 lr 3.00e-04 117.0 min
[e2e] step 19700 loss 0.1414 lr 3.00e-04 117.5 min
[e2e] step 19800 loss 0.1429 lr 3.00e-04 118.0 min
[e2e] step 19900 loss 0.1452 lr 3.00e-04 118.5 min
[e2e] step 20000 loss 0.1441 lr 3.00e-04 119.0 min
[e2e] step 20000 quick period probe (linear, 5 classes, n=4000) bal.acc 0.833
[e2e] step 20100 loss 0.1516 lr 3.00e-04 122.4 min
[e2e] step 20200 loss 0.2049 lr 3.00e-04 122.9 min
[e2e] step 20300 loss 0.2139 lr 3.00e-04 123.3 min
[e2e] step 20400 loss 0.2493 lr 3.00e-04 123.8 min
[e2e] step 20500 loss 0.2394 lr 3.00e-04 124.3 min
[e2e] step 20600 loss 0.2283 lr 3.00e-04 124.8 min
[e2e] step 20700 loss 0.2312 lr 3.00e-04 125.3 min
[e2e] step 20800 loss 0.2143 lr 3.00e-04 125.8 min
[e2e] step 20900 loss 0.2473 lr 3.00e-04 126.3 min
[e2e] step 21000 loss 0.2281 lr 3.00e-04 126.8 min
[e2e] step 21100 loss 0.2141 lr 3.00e-04 127.3 min
[e2e] step 21200 loss 0.2069 lr 3.00e-04 127.8 min
[e2e] step 21300 loss 0.2019 lr 3.00e-04 128.3 min
[e2e] step 21400 loss 0.2403 lr 3.00e-04 128.8 min
[e2e] step 21500 loss 0.3180 lr 3.00e-04 129.2 min
[e2e] step 21600 loss 0.5145 lr 3.00e-04 129.7 min
[e2e] step 21700 loss 0.2668 lr 3.00e-04 130.2 min
[e2e] step 21800 loss 0.2650 lr 3.00e-04 130.7 min
[e2e] step 21900 loss 0.1765 lr 3.00e-04 131.2 min
[e2e] step 22000 loss 0.1622 lr 3.00e-04 131.7 min
[e2e] step 22000 quick period probe (linear, 5 classes, n=4000) bal.acc 0.822
[e2e] step 22100 loss 0.1420 lr 3.00e-04 135.2 min
[e2e] step 22200 loss 0.1365 lr 3.00e-04 135.7 min
[e2e] step 22300 loss 0.1334 lr 3.00e-04 136.2 min
[e2e] step 22400 loss 0.2602 lr 3.00e-04 136.6 min
[e2e] step 22500 loss 0.3526 lr 3.00e-04 137.1 min
[e2e] step 22600 loss 0.2104 lr 3.00e-04 137.6 min
[e2e] step 22700 loss 0.1542 lr 3.00e-04 138.1 min
[e2e] step 22800 loss 0.1449 lr 3.00e-04 138.6 min
[e2e] step 22900 loss 0.1460 lr 3.00e-04 139.1 min
[e2e] step 23000 loss 0.1425 lr 3.00e-04 139.6 min
[e2e] step 23100 loss 0.1431 lr 3.00e-04 140.1 min
[e2e] step 23200 loss 0.1431 lr 3.00e-04 140.6 min
[e2e] step 23300 loss 0.1409 lr 3.00e-04 141.1 min
[e2e] step 23400 loss 0.1549 lr 3.00e-04 141.6 min
[e2e] step 23500 loss 0.1763 lr 3.00e-04 142.1 min
[e2e] step 23600 loss 0.1702 lr 3.00e-04 142.5 min
[e2e] step 23700 loss 0.1753 lr 3.00e-04 143.0 min
[e2e] step 23800 loss 0.1711 lr 3.00e-04 143.5 min
[e2e] step 23900 loss 0.1598 lr 3.00e-04 144.0 min
[e2e] step 24000 loss 0.1627 lr 3.00e-04 144.5 min
[e2e] step 24000 quick period probe (linear, 5 classes, n=4000) bal.acc 0.834
[e2e] step 24100 loss 0.1622 lr 3.00e-04 147.9 min
[e2e] step 24200 loss 0.1806 lr 3.00e-04 148.4 min
[e2e] step 24300 loss 0.2138 lr 3.00e-04 148.9 min
[e2e] step 24400 loss 0.2191 lr 3.00e-04 149.4 min
[e2e] step 24500 loss 0.2060 lr 3.00e-04 149.9 min
[e2e] step 24600 loss 0.2007 lr 3.00e-04 150.4 min
[e2e] step 24700 loss 0.2000 lr 3.00e-04 150.9 min
[e2e] step 24800 loss 0.1967 lr 3.00e-04 151.4 min
[e2e] step 24900 loss 0.2710 lr 3.00e-04 151.9 min
[e2e] step 25000 loss 0.1676 lr 3.00e-04 152.4 min
[e2e] step 25100 loss 0.1593 lr 3.00e-04 152.9 min
[e2e] step 25200 loss 0.1534 lr 3.00e-04 153.3 min
[e2e] step 25300 loss 0.1541 lr 3.00e-04 153.8 min
[e2e] step 25400 loss 0.1458 lr 3.00e-04 154.3 min
[e2e] step 25500 loss 0.1498 lr 3.00e-04 154.8 min
[e2e] step 25600 loss 0.1504 lr 3.00e-04 155.3 min
[e2e] step 25700 loss 0.1523 lr 3.00e-04 155.8 min
[e2e] step 25800 loss 0.1502 lr 3.00e-04 156.3 min
[e2e] step 25900 loss 0.1486 lr 3.00e-04 156.8 min
[e2e] step 26000 loss 0.1492 lr 3.00e-04 157.3 min
[e2e] step 26000 quick period probe (linear, 5 classes, n=4000) bal.acc 0.846
[e2e] step 26100 loss 0.1501 lr 3.00e-04 161.3 min
[e2e] step 26200 loss 0.1481 lr 3.00e-04 161.8 min
[e2e] step 26300 loss 0.1506 lr 3.00e-04 162.3 min
[e2e] step 26400 loss 0.1489 lr 3.00e-04 162.8 min
[e2e] step 26500 loss 0.1501 lr 3.00e-04 163.3 min
[e2e] step 26600 loss 0.1504 lr 3.00e-04 163.8 min
[e2e] step 26700 loss 0.1551 lr 3.00e-04 164.3 min
[e2e] step 26800 loss 0.1492 lr 3.00e-04 164.8 min
[e2e] step 26900 loss 0.1503 lr 3.00e-04 165.3 min
[e2e] step 27000 loss 0.1523 lr 3.00e-04 165.7 min
[e2e] step 27100 loss 0.1501 lr 3.00e-04 166.2 min
[e2e] step 27200 loss 0.1552 lr 3.00e-04 166.7 min
[e2e] step 27300 loss 0.1542 lr 3.00e-04 167.2 min
[e2e] step 27400 loss 0.1550 lr 3.00e-04 167.8 min
[e2e] step 27500 loss 0.1546 lr 3.00e-04 168.2 min
[e2e] step 27600 loss 0.1610 lr 3.00e-04 168.7 min
[e2e] step 27700 loss 0.1572 lr 3.00e-04 169.2 min
[e2e] step 27800 loss 0.1609 lr 3.00e-04 169.7 min
[e2e] step 27900 loss 0.1596 lr 3.00e-04 170.2 min
[e2e] step 28000 loss 0.1653 lr 3.00e-04 170.7 min
[e2e] step 28000 quick period probe (linear, 5 classes, n=4000) bal.acc 0.856
[e2e] step 28100 loss 0.1585 lr 3.00e-04 173.8 min
[e2e] step 28200 loss 0.1625 lr 3.00e-04 174.3 min
[e2e] step 28300 loss 0.1615 lr 3.00e-04 174.8 min
[e2e] step 28400 loss 0.1638 lr 3.00e-04 175.3 min
[e2e] step 28500 loss 0.1624 lr 3.00e-04 175.8 min
[e2e] step 28600 loss 0.1626 lr 3.00e-04 176.2 min
[e2e] step 28700 loss 0.1640 lr 3.00e-04 176.7 min
[e2e] step 28800 loss 0.1618 lr 3.00e-04 177.2 min
[e2e] step 28900 loss 0.1615 lr 3.00e-04 177.7 min
[e2e] step 29000 loss 0.1616 lr 3.00e-04 178.2 min
[e2e] step 29100 loss 0.1628 lr 3.00e-04 178.7 min
[e2e] step 29200 loss 0.1612 lr 3.00e-04 179.2 min
[e2e] step 29300 loss 0.1599 lr 3.00e-04 179.7 min
[e2e] step 29400 loss 0.1570 lr 3.00e-04 180.2 min
[e2e] step 29500 loss 0.1573 lr 3.00e-04 180.7 min
[e2e] step 29600 loss 0.1590 lr 3.00e-04 181.2 min
[e2e] step 29700 loss 0.1558 lr 3.00e-04 181.7 min
[e2e] step 29800 loss 0.1537 lr 3.00e-04 182.2 min
[e2e] step 29900 loss 0.1548 lr 3.00e-04 182.7 min
[e2e] step 30000 loss 0.1527 lr 3.00e-04 183.2 min
[e2e] step 30000 quick period probe (linear, 5 classes, n=4000) bal.acc 0.852
[e2e] step 30100 loss 0.1543 lr 3.00e-04 186.4 min
[e2e] step 30200 loss 0.1535 lr 3.00e-04 186.9 min
[e2e] step 30300 loss 0.1524 lr 3.00e-04 187.4 min
[e2e] step 30400 loss 0.1525 lr 3.00e-04 187.9 min
[e2e] step 30500 loss 0.1588 lr 3.00e-04 188.4 min
[e2e] step 30600 loss 0.1572 lr 3.00e-04 188.9 min
[e2e] step 30700 loss 0.1605 lr 3.00e-04 189.4 min
[e2e] step 30800 loss 0.1632 lr 3.00e-04 189.9 min
[e2e] step 30900 loss 0.1634 lr 3.00e-04 190.4 min
[e2e] step 31000 loss 0.1667 lr 3.00e-04 190.9 min
[e2e] step 31100 loss 0.1673 lr 3.00e-04 191.4 min
[e2e] step 31200 loss 0.1652 lr 3.00e-04 191.9 min
[e2e] step 31300 loss 0.1653 lr 3.00e-04 192.4 min
[e2e] step 31400 loss 0.1654 lr 3.00e-04 192.8 min
[e2e] step 31500 loss 0.1695 lr 3.00e-04 193.3 min
[e2e] step 31600 loss 0.1713 lr 3.00e-04 193.8 min
[e2e] step 31700 loss 0.1684 lr 3.00e-04 194.3 min
[e2e] step 31800 loss 0.1690 lr 3.00e-04 194.8 min
[e2e] step 31900 loss 0.1694 lr 3.00e-04 195.3 min
[e2e] step 32000 loss 0.1713 lr 3.00e-04 195.8 min
[e2e] step 32000 quick period probe (linear, 5 classes, n=4000) bal.acc 0.839
[e2e] step 32100 loss 0.1748 lr 3.00e-04 199.3 min
[e2e] step 32200 loss 0.1719 lr 3.00e-04 199.8 min
[e2e] step 32300 loss 0.1820 lr 3.00e-04 200.3 min
[e2e] step 32400 loss 0.1759 lr 3.00e-04 200.8 min
[e2e] step 32500 loss 0.1763 lr 3.00e-04 201.3 min
[e2e] step 32600 loss 0.1790 lr 3.00e-04 201.8 min
[e2e] step 32700 loss 0.1760 lr 3.00e-04 202.3 min
[e2e] step 32800 loss 0.1761 lr 3.00e-04 202.7 min
[e2e] step 32900 loss 0.1755 lr 3.00e-04 203.2 min
[e2e] step 33000 loss 0.1735 lr 3.00e-04 203.7 min
[e2e] step 33100 loss 0.1772 lr 3.00e-04 204.2 min
[e2e] step 33200 loss 0.1774 lr 3.00e-04 204.7 min
[e2e] step 33300 loss 0.1827 lr 3.00e-04 205.2 min
[e2e] step 33400 loss 0.1871 lr 3.00e-04 205.7 min
[e2e] step 33500 loss 0.1779 lr 3.00e-04 206.2 min
[e2e] step 33600 loss 0.1883 lr 3.00e-04 206.7 min
[e2e] step 33700 loss 0.1830 lr 3.00e-04 207.2 min
[e2e] step 33800 loss 0.1824 lr 3.00e-04 207.7 min
[e2e] step 33900 loss 0.1814 lr 3.00e-04 208.2 min
[e2e] step 34000 loss 0.1933 lr 3.00e-04 208.7 min
[e2e] step 34000 quick period probe (linear, 5 classes, n=4000) bal.acc 0.836
[e2e] step 34100 loss 0.1875 lr 3.00e-04 212.4 min
[e2e] step 34200 loss 0.1846 lr 3.00e-04 212.9 min
[e2e] step 34300 loss 0.1848 lr 3.00e-04 213.4 min
[e2e] step 34400 loss 0.1846 lr 3.00e-04 213.9 min
[e2e] step 34500 loss 0.1819 lr 3.00e-04 214.4 min
[e2e] step 34600 loss 0.1853 lr 3.00e-04 214.9 min
[e2e] step 34700 loss 0.1894 lr 3.00e-04 215.4 min
[e2e] step 34800 loss 0.1869 lr 3.00e-04 215.9 min
[e2e] step 34900 loss 0.1905 lr 3.00e-04 216.4 min
[e2e] step 35000 loss 0.1872 lr 3.00e-04 216.8 min
[e2e] step 35100 loss 0.1970 lr 3.00e-04 217.3 min
[e2e] step 35200 loss 0.1934 lr 3.00e-04 217.8 min
[e2e] step 35300 loss 0.1910 lr 3.00e-04 218.3 min
[e2e] step 35400 loss 0.1927 lr 3.00e-04 218.8 min
[e2e] step 35500 loss 0.1965 lr 3.00e-04 219.3 min
[e2e] step 35600 loss 0.1894 lr 3.00e-04 219.8 min
[e2e] step 35700 loss 0.1943 lr 3.00e-04 220.3 min
[e2e] step 35800 loss 0.1974 lr 3.00e-04 220.8 min
[e2e] step 35900 loss 0.1999 lr 3.00e-04 221.3 min
[e2e] step 36000 loss 0.1967 lr 3.00e-04 221.8 min
[e2e] step 36000 quick period probe (linear, 5 classes, n=4000) bal.acc 0.844
[e2e] step 36100 loss 0.2026 lr 3.00e-04 225.1 min
[e2e] step 36200 loss 0.2028 lr 3.00e-04 225.6 min
[e2e] step 36300 loss 0.2066 lr 3.00e-04 226.1 min
[e2e] step 36400 loss 0.2072 lr 3.00e-04 226.6 min
[e2e] step 36500 loss 0.2017 lr 3.00e-04 227.1 min
[e2e] step 36600 loss 0.1980 lr 3.00e-04 227.6 min
[e2e] step 36700 loss 0.2092 lr 3.00e-04 228.0 min
[e2e] step 36800 loss 0.2117 lr 3.00e-04 228.5 min
[e2e] step 36900 loss 0.2145 lr 3.00e-04 229.0 min
[e2e] step 37000 loss 0.2112 lr 3.00e-04 229.5 min
[e2e] step 37100 loss 0.2086 lr 3.00e-04 230.0 min
[e2e] step 37200 loss 0.2120 lr 3.00e-04 230.5 min
[e2e] step 37300 loss 0.2070 lr 3.00e-04 231.0 min
[e2e] step 37400 loss 0.2071 lr 3.00e-04 231.5 min
[e2e] step 37500 loss 0.2185 lr 3.00e-04 232.0 min
[e2e] step 37600 loss 0.2329 lr 3.00e-04 232.5 min
[e2e] step 37700 loss 0.2130 lr 3.00e-04 233.0 min
[e2e] step 37800 loss 0.2068 lr 3.00e-04 233.5 min
[e2e] step 37900 loss 0.2058 lr 3.00e-04 234.0 min
[e2e] step 38000 loss 0.2069 lr 3.00e-04 234.5 min
[e2e] step 38000 quick period probe (linear, 5 classes, n=4000) bal.acc 0.841
[e2e] step 38100 loss 0.2076 lr 3.00e-04 238.1 min
[e2e] step 38200 loss 0.2144 lr 3.00e-04 238.6 min
[e2e] step 38300 loss 0.2124 lr 3.00e-04 239.1 min
[e2e] step 38400 loss 0.2961 lr 3.00e-04 239.6 min
[e2e] step 38500 loss 0.2248 lr 3.00e-04 240.0 min
[e2e] step 38600 loss 0.2219 lr 3.00e-04 240.5 min
[e2e] step 38700 loss 0.2113 lr 3.00e-04 241.0 min
[e2e] step 38800 loss 0.2082 lr 3.00e-04 241.5 min
[e2e] step 38900 loss 0.2029 lr 3.00e-04 242.0 min
[e2e] step 39000 loss 0.2049 lr 3.00e-04 242.5 min
[e2e] step 39100 loss 0.2111 lr 3.00e-04 243.0 min
[e2e] step 39200 loss 0.2071 lr 3.00e-04 243.5 min
[e2e] step 39300 loss 0.3003 lr 3.00e-04 244.0 min
[e2e] step 39400 loss 0.3781 lr 3.00e-04 244.5 min
[e2e] step 39500 loss 0.2212 lr 3.00e-04 245.0 min
[e2e] step 39600 loss 0.1908 lr 3.00e-04 245.5 min
[e2e] step 39700 loss 0.1881 lr 3.00e-04 246.0 min
[e2e] step 39800 loss 0.1862 lr 3.00e-04 246.5 min
[e2e] step 39900 loss 0.1860 lr 3.00e-04 247.0 min
[e2e] step 40000 loss 0.1906 lr 3.00e-04 247.5 min
[e2e] step 40000 quick period probe (linear, 5 classes, n=4000) bal.acc 0.822
[e2e] step 40100 loss 0.1882 lr 3.00e-04 251.9 min
[e2e] step 40200 loss 0.1916 lr 3.00e-04 252.3 min
[e2e] step 40300 loss 0.1913 lr 3.00e-04 252.8 min
[e2e] step 40400 loss 0.1969 lr 3.00e-04 253.3 min
[e2e] step 40500 loss 0.1942 lr 3.00e-04 253.8 min
[e2e] step 40600 loss 0.1972 lr 3.00e-04 254.3 min
[e2e] step 40700 loss 0.1991 lr 3.00e-04 254.8 min
[e2e] step 40800 loss 0.1982 lr 3.00e-04 255.3 min
[e2e] step 40900 loss 0.2005 lr 3.00e-04 255.8 min
[e2e] step 41000 loss 0.2056 lr 3.00e-04 256.3 min
[e2e] step 41100 loss 0.1963 lr 3.00e-04 256.8 min
[e2e] step 41200 loss 0.1975 lr 3.00e-04 257.3 min
[e2e] step 41300 loss 0.2033 lr 3.00e-04 257.8 min
[e2e] step 41400 loss 0.2051 lr 3.00e-04 258.3 min
[e2e] step 41500 loss 0.2156 lr 3.00e-04 258.8 min
[e2e] step 41600 loss 0.2091 lr 3.00e-04 259.3 min
[e2e] step 41700 loss 0.2089 lr 3.00e-04 259.8 min
[e2e] step 41800 loss 0.2056 lr 3.00e-04 260.3 min
[e2e] step 41900 loss 0.2068 lr 3.00e-04 260.7 min
[e2e] step 42000 loss 0.2092 lr 3.00e-04 261.2 min
[e2e] step 42000 quick period probe (linear, 5 classes, n=4000) bal.acc 0.816
[e2e] step 42100 loss 0.2102 lr 3.00e-04 264.6 min
[e2e] step 42200 loss 0.2093 lr 3.00e-04 265.1 min
[e2e] step 42300 loss 0.2093 lr 3.00e-04 265.6 min
[e2e] step 42400 loss 0.2140 lr 3.00e-04 266.1 min
[e2e] step 42500 loss 0.2098 lr 3.00e-04 266.6 min
[e2e] step 42600 loss 0.2174 lr 3.00e-04 267.1 min
[e2e] step 42700 loss 0.2156 lr 3.00e-04 267.6 min
[e2e] step 42800 loss 0.2929 lr 3.00e-04 268.1 min
[e2e] step 42900 loss 0.2463 lr 3.00e-04 268.6 min
[e2e] step 43000 loss 0.2292 lr 3.00e-04 269.1 min
[e2e] step 43100 loss 0.2270 lr 3.00e-04 269.6 min
[e2e] step 43200 loss 0.2191 lr 3.00e-04 270.1 min
[e2e] step 43300 loss 0.2122 lr 3.00e-04 270.5 min
[e2e] step 43400 loss 0.2178 lr 3.00e-04 271.0 min
[e2e] step 43500 loss 0.2193 lr 3.00e-04 271.5 min
[e2e] step 43600 loss 0.2152 lr 3.00e-04 272.0 min
[e2e] step 43700 loss 0.2146 lr 3.00e-04 272.5 min
[e2e] step 43800 loss 0.2155 lr 3.00e-04 273.0 min
[e2e] step 43900 loss 0.2280 lr 3.00e-04 273.5 min
[2026-09-04T02:05:38.008] error: *** JOB 33911 ON g0381 CANCELLED AT 2026-09-04T02:05:38 DUE TO TIME LIMIT ***
