# job 33908 C15_hyb exit=0 Fri Sep  4 01:41:07 UTC 2026
# last 4000 lines of /home/yarin.b/projects/HUJI-THESIS--YARIN/chrono/sbatch/logs/C15_hyb_33796_1.out
=== C15 hyb jepa S on thalesian_cunei400m L12 === job 33908 Thu Sep  3 19:11:07 UTC 2026
From https://github.com/YarinBeni/HUJI-THESIS--YARIN
 * branch              yarin-sandbox -> FETCH_HEAD
Auto packing the repository in background for optimum performance.
See "git help gc" for manual housekeeping.
Current branch yarin-sandbox is up to date.
Auto packing the repository in background for optimum performance.
See "git help gc" for manual housekeeping.
Fetching 7 files:   0%|          | 0/7 [00:00<?, ?it/s]Fetching 7 files: 100%|██████████| 7/7 [00:00<00:00, 9464.90it/s]
`torch_dtype` is deprecated! Use `dtype` instead!
The following generation flags are not valid and may be ignored: ['output_hidden_states']. Set `TRANSFORMERS_VERBOSITY=info` for more details.
Loading weights:   0%|          | 0/303 [00:00<?, ?it/s]Loading weights:  98%|█████████▊| 298/303 [00:00<00:00, 2856.57it/s]Loading weights: 100%|██████████| 303/303 [00:00<00:00, 1554.58it/s]
/home/yarin.b/miniconda3/envs/thesis/lib/python3.11/site-packages/torch/nn/modules/transformer.py:392: UserWarning: enable_nested_tensor is True, but self.use_nested_tensor is False because encoder_layer.norm_first was True
  warnings.warn(
[hyb] frozen thalesian_cunei400m L12 d=768 -> trainable S
[e2e] hyb_jepa_S_thalesian_cunei400m-s0: size S params 3.6M vocab 23044 train texts 24,589 objective jepa batch 256 budget 5.0h dev cuda
[e2e] step 100 loss 0.8059 lr 3.00e-05 0.5 min
[e2e] step 200 loss 0.0511 lr 6.00e-05 0.9 min
[e2e] step 300 loss 0.0207 lr 9.00e-05 1.3 min
[e2e] step 400 loss 0.0127 lr 1.20e-04 1.8 min
[e2e] step 500 loss 0.0104 lr 1.50e-04 2.2 min
[e2e] step 600 loss 0.0107 lr 1.80e-04 2.7 min
[e2e] step 700 loss 0.0124 lr 2.10e-04 3.1 min
[e2e] step 800 loss 0.0154 lr 2.40e-04 3.6 min
[e2e] step 900 loss 0.0196 lr 2.70e-04 4.0 min
[e2e] step 1000 loss 0.0254 lr 3.00e-04 4.5 min
[e2e] step 1100 loss 0.0329 lr 3.00e-04 4.9 min
[e2e] step 1200 loss 0.0411 lr 3.00e-04 5.4 min
[e2e] step 1300 loss 0.0475 lr 3.00e-04 5.8 min
[e2e] step 1400 loss 0.0567 lr 3.00e-04 6.3 min
[e2e] step 1500 loss 0.0654 lr 3.00e-04 6.7 min
[e2e] step 1600 loss 0.0720 lr 3.00e-04 7.2 min
[e2e] step 1700 loss 0.0764 lr 3.00e-04 7.6 min
[e2e] step 1800 loss 0.0819 lr 3.00e-04 8.0 min
[e2e] step 1900 loss 0.0861 lr 3.00e-04 8.5 min
[e2e] step 2000 loss 0.0902 lr 3.00e-04 8.9 min
[e2e] step 2000 quick period probe (linear, 5 classes, n=4000) bal.acc 0.857
[e2e] step 2100 loss 0.0955 lr 3.00e-04 10.8 min
[e2e] step 2200 loss 0.0981 lr 3.00e-04 11.3 min
[e2e] step 2300 loss 0.1006 lr 3.00e-04 11.7 min
[e2e] step 2400 loss 0.1058 lr 3.00e-04 12.2 min
[e2e] step 2500 loss 0.1055 lr 3.00e-04 12.6 min
[e2e] step 2600 loss 0.1084 lr 3.00e-04 13.1 min
[e2e] step 2700 loss 0.1145 lr 3.00e-04 13.5 min
[e2e] step 2800 loss 0.1123 lr 3.00e-04 13.9 min
[e2e] step 2900 loss 0.1189 lr 3.00e-04 14.4 min
[e2e] step 3000 loss 0.1220 lr 3.00e-04 14.8 min
[e2e] step 3100 loss 0.1217 lr 3.00e-04 15.3 min
[e2e] step 3200 loss 0.1269 lr 3.00e-04 15.7 min
[e2e] step 3300 loss 0.1296 lr 3.00e-04 16.2 min
[e2e] step 3400 loss 0.1273 lr 3.00e-04 16.6 min
[e2e] step 3500 loss 0.1313 lr 3.00e-04 17.1 min
[e2e] step 3600 loss 0.1337 lr 3.00e-04 17.5 min
[e2e] step 3700 loss 0.1370 lr 3.00e-04 18.0 min
[e2e] step 3800 loss 0.1473 lr 3.00e-04 18.4 min
[e2e] step 3900 loss 0.1425 lr 3.00e-04 18.9 min
[e2e] step 4000 loss 0.1480 lr 3.00e-04 19.3 min
[e2e] step 4000 quick period probe (linear, 5 classes, n=4000) bal.acc 0.871
[e2e] step 4100 loss 0.1501 lr 3.00e-04 20.8 min
[e2e] step 4200 loss 0.1497 lr 3.00e-04 21.2 min
[e2e] step 4300 loss 0.1613 lr 3.00e-04 21.7 min
[e2e] step 4400 loss 0.1618 lr 3.00e-04 22.1 min
[e2e] step 4500 loss 0.1589 lr 3.00e-04 22.6 min
[e2e] step 4600 loss 0.1646 lr 3.00e-04 23.0 min
[e2e] step 4700 loss 0.1666 lr 3.00e-04 23.5 min
[e2e] step 4800 loss 0.1688 lr 3.00e-04 23.9 min
[e2e] step 4900 loss 0.1692 lr 3.00e-04 24.4 min
[e2e] step 5000 loss 0.1715 lr 3.00e-04 24.8 min
[e2e] step 5100 loss 0.1770 lr 3.00e-04 25.3 min
[e2e] step 5200 loss 0.1806 lr 3.00e-04 25.7 min
[e2e] step 5300 loss 0.1801 lr 3.00e-04 26.1 min
[e2e] step 5400 loss 0.1816 lr 3.00e-04 26.6 min
[e2e] step 5500 loss 0.1898 lr 3.00e-04 27.0 min
[e2e] step 5600 loss 0.1940 lr 3.00e-04 27.5 min
[e2e] step 5700 loss 0.1894 lr 3.00e-04 27.9 min
[e2e] step 5800 loss 0.1978 lr 3.00e-04 28.4 min
[e2e] step 5900 loss 0.1970 lr 3.00e-04 28.8 min
[e2e] step 6000 loss 0.2005 lr 3.00e-04 29.3 min
[e2e] step 6000 quick period probe (linear, 5 classes, n=4000) bal.acc 0.842
[e2e] step 6100 loss 0.2013 lr 3.00e-04 30.9 min
[e2e] step 6200 loss 0.2098 lr 3.00e-04 31.3 min
[e2e] step 6300 loss 0.2070 lr 3.00e-04 31.8 min
[e2e] step 6400 loss 0.2103 lr 3.00e-04 32.2 min
[e2e] step 6500 loss 0.2090 lr 3.00e-04 32.7 min
[e2e] step 6600 loss 0.2133 lr 3.00e-04 33.1 min
[e2e] step 6700 loss 0.2126 lr 3.00e-04 33.6 min
[e2e] step 6800 loss 0.2203 lr 3.00e-04 34.0 min
[e2e] step 6900 loss 0.2159 lr 3.00e-04 34.5 min
[e2e] step 7000 loss 0.2183 lr 3.00e-04 34.9 min
[e2e] step 7100 loss 0.2170 lr 3.00e-04 35.4 min
[e2e] step 7200 loss 0.2224 lr 3.00e-04 35.8 min
[e2e] step 7300 loss 0.2232 lr 3.00e-04 36.3 min
[e2e] step 7400 loss 0.2281 lr 3.00e-04 36.7 min
[e2e] step 7500 loss 0.2291 lr 3.00e-04 37.2 min
[e2e] step 7600 loss 0.2234 lr 3.00e-04 37.6 min
[e2e] step 7700 loss 0.2248 lr 3.00e-04 38.1 min
[e2e] step 7800 loss 0.2326 lr 3.00e-04 38.6 min
[e2e] step 7900 loss 0.2284 lr 3.00e-04 39.0 min
[e2e] step 8000 loss 0.2288 lr 3.00e-04 39.5 min
[e2e] step 8000 quick period probe (linear, 5 classes, n=4000) bal.acc 0.863
[e2e] step 8100 loss 0.2353 lr 3.00e-04 41.0 min
[e2e] step 8200 loss 0.2351 lr 3.00e-04 41.4 min
[e2e] step 8300 loss 0.2320 lr 3.00e-04 41.9 min
[e2e] step 8400 loss 0.2343 lr 3.00e-04 42.4 min
[e2e] step 8500 loss 0.2358 lr 3.00e-04 42.8 min
[e2e] step 8600 loss 0.2366 lr 3.00e-04 43.3 min
[e2e] step 8700 loss 0.2349 lr 3.00e-04 43.7 min
[e2e] step 8800 loss 0.2353 lr 3.00e-04 44.2 min
[e2e] step 8900 loss 0.2342 lr 3.00e-04 44.6 min
[e2e] step 9000 loss 0.2367 lr 3.00e-04 45.1 min
[e2e] step 9100 loss 0.2380 lr 3.00e-04 45.5 min
[e2e] step 9200 loss 0.2350 lr 3.00e-04 46.0 min
[e2e] step 9300 loss 0.2373 lr 3.00e-04 46.4 min
[e2e] step 9400 loss 0.2426 lr 3.00e-04 46.9 min
[e2e] step 9500 loss 0.2382 lr 3.00e-04 47.3 min
[e2e] step 9600 loss 0.2434 lr 3.00e-04 47.8 min
[e2e] step 9700 loss 0.2403 lr 3.00e-04 48.2 min
[e2e] step 9800 loss 0.2377 lr 3.00e-04 48.7 min
[e2e] step 9900 loss 0.2398 lr 3.00e-04 49.1 min
[e2e] step 10000 loss 0.2406 lr 3.00e-04 49.5 min
[e2e] step 10000 quick period probe (linear, 5 classes, n=4000) bal.acc 0.855
[e2e] step 10100 loss 0.2453 lr 3.00e-04 50.7 min
[e2e] step 10200 loss 0.2477 lr 3.00e-04 51.2 min
[e2e] step 10300 loss 0.2419 lr 3.00e-04 51.6 min
[e2e] step 10400 loss 0.2446 lr 3.00e-04 52.1 min
[e2e] step 10500 loss 0.2418 lr 3.00e-04 52.5 min
[e2e] step 10600 loss 0.2400 lr 3.00e-04 53.0 min
[e2e] step 10700 loss 0.2399 lr 3.00e-04 53.4 min
[e2e] step 10800 loss 0.2403 lr 3.00e-04 53.9 min
[e2e] step 10900 loss 0.2417 lr 3.00e-04 54.3 min
[e2e] step 11000 loss 0.2497 lr 3.00e-04 54.8 min
[e2e] step 11100 loss 0.2450 lr 3.00e-04 55.2 min
[e2e] step 11200 loss 0.2399 lr 3.00e-04 55.7 min
[e2e] step 11300 loss 0.2431 lr 3.00e-04 56.1 min
[e2e] step 11400 loss 0.2433 lr 3.00e-04 56.6 min
[e2e] step 11500 loss 0.2435 lr 3.00e-04 57.0 min
[e2e] step 11600 loss 0.2406 lr 3.00e-04 57.5 min
[e2e] step 11700 loss 0.2422 lr 3.00e-04 57.9 min
[e2e] step 11800 loss 0.2406 lr 3.00e-04 58.4 min
[e2e] step 11900 loss 0.2473 lr 3.00e-04 58.8 min
[e2e] step 12000 loss 0.2461 lr 3.00e-04 59.3 min
[e2e] step 12000 quick period probe (linear, 5 classes, n=4000) bal.acc 0.834
[e2e] step 12100 loss 0.2414 lr 3.00e-04 60.6 min
[e2e] step 12200 loss 0.2444 lr 3.00e-04 61.0 min
[e2e] step 12300 loss 0.2377 lr 3.00e-04 61.5 min
[e2e] step 12400 loss 0.2428 lr 3.00e-04 61.9 min
[e2e] step 12500 loss 0.2510 lr 3.00e-04 62.4 min
[e2e] step 12600 loss 0.2409 lr 3.00e-04 62.8 min
[e2e] step 12700 loss 0.2387 lr 3.00e-04 63.3 min
[e2e] step 12800 loss 0.2395 lr 3.00e-04 63.7 min
[e2e] step 12900 loss 0.2389 lr 3.00e-04 64.2 min
[e2e] step 13000 loss 0.2382 lr 3.00e-04 64.6 min
[e2e] step 13100 loss 0.2365 lr 3.00e-04 65.1 min
[e2e] step 13200 loss 0.2347 lr 3.00e-04 65.5 min
[e2e] step 13300 loss 0.2434 lr 3.00e-04 66.0 min
[e2e] step 13400 loss 0.2399 lr 3.00e-04 66.4 min
[e2e] step 13500 loss 0.2369 lr 3.00e-04 66.9 min
[e2e] step 13600 loss 0.2432 lr 3.00e-04 67.3 min
[e2e] step 13700 loss 0.2354 lr 3.00e-04 67.8 min
[e2e] step 13800 loss 0.2375 lr 3.00e-04 68.2 min
[e2e] step 13900 loss 0.2404 lr 3.00e-04 68.7 min
[e2e] step 14000 loss 0.2401 lr 3.00e-04 69.1 min
[e2e] step 14000 quick period probe (linear, 5 classes, n=4000) bal.acc 0.828
[e2e] step 14100 loss 0.2424 lr 3.00e-04 71.0 min
[e2e] step 14200 loss 0.2368 lr 3.00e-04 71.4 min
[e2e] step 14300 loss 0.2419 lr 3.00e-04 71.8 min
[e2e] step 14400 loss 0.2394 lr 3.00e-04 72.3 min
[e2e] step 14500 loss 0.2437 lr 3.00e-04 72.7 min
[e2e] step 14600 loss 0.2373 lr 3.00e-04 73.2 min
[e2e] step 14700 loss 0.2383 lr 3.00e-04 73.6 min
[e2e] step 14800 loss 0.2365 lr 3.00e-04 74.1 min
[e2e] step 14900 loss 0.2382 lr 3.00e-04 74.5 min
[e2e] step 15000 loss 0.2352 lr 3.00e-04 75.0 min
[e2e] step 15100 loss 0.2393 lr 3.00e-04 75.5 min
[e2e] step 15200 loss 0.2364 lr 3.00e-04 75.9 min
[e2e] step 15300 loss 0.2412 lr 3.00e-04 76.4 min
[e2e] step 15400 loss 0.2350 lr 3.00e-04 76.8 min
[e2e] step 15500 loss 0.2360 lr 3.00e-04 77.3 min
[e2e] step 15600 loss 0.2383 lr 3.00e-04 77.7 min
[e2e] step 15700 loss 0.2344 lr 3.00e-04 78.2 min
[e2e] step 15800 loss 0.2415 lr 3.00e-04 78.6 min
[e2e] step 15900 loss 0.2371 lr 3.00e-04 79.1 min
[e2e] step 16000 loss 0.2356 lr 3.00e-04 79.5 min
[e2e] step 16000 quick period probe (linear, 5 classes, n=4000) bal.acc 0.831
[e2e] step 16100 loss 0.2378 lr 3.00e-04 81.1 min
[e2e] step 16200 loss 0.2335 lr 3.00e-04 81.6 min
[e2e] step 16300 loss 0.2346 lr 3.00e-04 82.0 min
[e2e] step 16400 loss 0.2384 lr 3.00e-04 82.5 min
[e2e] step 16500 loss 0.2361 lr 3.00e-04 82.9 min
[e2e] step 16600 loss 0.2395 lr 3.00e-04 83.4 min
[e2e] step 16700 loss 0.2366 lr 3.00e-04 83.8 min
[e2e] step 16800 loss 0.2322 lr 3.00e-04 84.3 min
[e2e] step 16900 loss 0.2377 lr 3.00e-04 84.7 min
[e2e] step 17000 loss 0.2323 lr 3.00e-04 85.2 min
[e2e] step 17100 loss 0.2312 lr 3.00e-04 85.6 min
[e2e] step 17200 loss 0.2300 lr 3.00e-04 86.1 min
[e2e] step 17300 loss 0.2362 lr 3.00e-04 86.5 min
[e2e] step 17400 loss 0.2369 lr 3.00e-04 87.0 min
[e2e] step 17500 loss 0.2393 lr 3.00e-04 87.4 min
[e2e] step 17600 loss 0.2287 lr 3.00e-04 87.9 min
[e2e] step 17700 loss 0.2324 lr 3.00e-04 88.3 min
[e2e] step 17800 loss 0.2343 lr 3.00e-04 88.8 min
[e2e] step 17900 loss 0.2389 lr 3.00e-04 89.2 min
[e2e] step 18000 loss 0.2380 lr 3.00e-04 89.7 min
[e2e] step 18000 quick period probe (linear, 5 classes, n=4000) bal.acc 0.835
[e2e] step 18100 loss 0.2362 lr 3.00e-04 91.1 min
[e2e] step 18200 loss 0.2240 lr 3.00e-04 91.6 min
[e2e] step 18300 loss 0.2363 lr 3.00e-04 92.0 min
[e2e] step 18400 loss 0.2341 lr 3.00e-04 92.5 min
[e2e] step 18500 loss 0.2385 lr 3.00e-04 92.9 min
[e2e] step 18600 loss 0.2298 lr 3.00e-04 93.4 min
[e2e] step 18700 loss 0.2316 lr 3.00e-04 93.8 min
[e2e] step 18800 loss 0.2366 lr 3.00e-04 94.3 min
[e2e] step 18900 loss 0.2293 lr 3.00e-04 94.7 min
[e2e] step 19000 loss 0.2347 lr 3.00e-04 95.2 min
[e2e] step 19100 loss 0.2300 lr 3.00e-04 95.6 min
[e2e] step 19200 loss 0.2312 lr 3.00e-04 96.1 min
[e2e] step 19300 loss 0.2323 lr 3.00e-04 96.5 min
[e2e] step 19400 loss 0.2341 lr 3.00e-04 97.0 min
[e2e] step 19500 loss 0.2272 lr 3.00e-04 97.4 min
[e2e] step 19600 loss 0.2271 lr 3.00e-04 97.8 min
[e2e] step 19700 loss 0.2327 lr 3.00e-04 98.3 min
[e2e] step 19800 loss 0.2299 lr 3.00e-04 98.7 min
[e2e] step 19900 loss 0.2336 lr 3.00e-04 99.2 min
[e2e] step 20000 loss 0.2266 lr 3.00e-04 99.6 min
[e2e] step 20000 quick period probe (linear, 5 classes, n=4000) bal.acc 0.852
[e2e] step 20100 loss 0.2204 lr 3.00e-04 101.2 min
[e2e] step 20200 loss 0.2264 lr 3.00e-04 101.6 min
[e2e] step 20300 loss 0.2282 lr 3.00e-04 102.1 min
[e2e] step 20400 loss 0.2291 lr 3.00e-04 102.5 min
[e2e] step 20500 loss 0.2271 lr 3.00e-04 103.0 min
[e2e] step 20600 loss 0.2285 lr 3.00e-04 103.4 min
[e2e] step 20700 loss 0.2299 lr 3.00e-04 103.9 min
[e2e] step 20800 loss 0.2251 lr 3.00e-04 104.3 min
[e2e] step 20900 loss 0.2239 lr 3.00e-04 104.8 min
[e2e] step 21000 loss 0.2243 lr 3.00e-04 105.2 min
[e2e] step 21100 loss 0.2307 lr 3.00e-04 105.6 min
[e2e] step 21200 loss 0.2309 lr 3.00e-04 106.1 min
[e2e] step 21300 loss 0.2265 lr 3.00e-04 106.5 min
[e2e] step 21400 loss 0.2302 lr 3.00e-04 107.0 min
[e2e] step 21500 loss 0.2297 lr 3.00e-04 107.4 min
[e2e] step 21600 loss 0.2227 lr 3.00e-04 107.9 min
[e2e] step 21700 loss 0.2271 lr 3.00e-04 108.3 min
[e2e] step 21800 loss 0.2284 lr 3.00e-04 108.8 min
[e2e] step 21900 loss 0.2267 lr 3.00e-04 109.2 min
[e2e] step 22000 loss 0.2268 lr 3.00e-04 109.7 min
[e2e] step 22000 quick period probe (linear, 5 classes, n=4000) bal.acc 0.822
[e2e] step 22100 loss 0.2229 lr 3.00e-04 111.4 min
[e2e] step 22200 loss 0.2259 lr 3.00e-04 111.8 min
[e2e] step 22300 loss 0.2287 lr 3.00e-04 112.2 min
[e2e] step 22400 loss 0.2259 lr 3.00e-04 112.7 min
[e2e] step 22500 loss 0.2276 lr 3.00e-04 113.1 min
[e2e] step 22600 loss 0.2235 lr 3.00e-04 113.6 min
[e2e] step 22700 loss 0.2249 lr 3.00e-04 114.0 min
[e2e] step 22800 loss 0.2255 lr 3.00e-04 114.5 min
[e2e] step 22900 loss 0.2228 lr 3.00e-04 114.9 min
[e2e] step 23000 loss 0.2289 lr 3.00e-04 115.4 min
[e2e] step 23100 loss 0.2284 lr 3.00e-04 115.8 min
[e2e] step 23200 loss 0.2215 lr 3.00e-04 116.3 min
[e2e] step 23300 loss 0.2224 lr 3.00e-04 116.7 min
[e2e] step 23400 loss 0.2219 lr 3.00e-04 117.2 min
[e2e] step 23500 loss 0.2254 lr 3.00e-04 117.6 min
[e2e] step 23600 loss 0.2201 lr 3.00e-04 118.1 min
[e2e] step 23700 loss 0.2263 lr 3.00e-04 118.5 min
[e2e] step 23800 loss 0.2220 lr 3.00e-04 119.0 min
[e2e] step 23900 loss 0.2270 lr 3.00e-04 119.4 min
[e2e] step 24000 loss 0.2167 lr 3.00e-04 119.9 min
[e2e] step 24000 quick period probe (linear, 5 classes, n=4000) bal.acc 0.819
[e2e] step 24100 loss 0.2193 lr 3.00e-04 121.2 min
[e2e] step 24200 loss 0.2276 lr 3.00e-04 121.7 min
[e2e] step 24300 loss 0.2262 lr 3.00e-04 122.1 min
[e2e] step 24400 loss 0.2209 lr 3.00e-04 122.6 min
[e2e] step 24500 loss 0.2254 lr 3.00e-04 123.0 min
[e2e] step 24600 loss 0.2231 lr 3.00e-04 123.5 min
[e2e] step 24700 loss 0.2130 lr 3.00e-04 123.9 min
[e2e] step 24800 loss 0.2174 lr 3.00e-04 124.4 min
[e2e] step 24900 loss 0.2194 lr 3.00e-04 124.8 min
[e2e] step 25000 loss 0.2166 lr 3.00e-04 125.3 min
[e2e] step 25100 loss 0.2174 lr 3.00e-04 125.7 min
[e2e] step 25200 loss 0.2196 lr 3.00e-04 126.2 min
[e2e] step 25300 loss 0.2143 lr 3.00e-04 126.6 min
[e2e] step 25400 loss 0.2142 lr 3.00e-04 127.1 min
[e2e] step 25500 loss 0.2220 lr 3.00e-04 127.5 min
[e2e] step 25600 loss 0.2165 lr 3.00e-04 128.0 min
[e2e] step 25700 loss 0.2226 lr 3.00e-04 128.4 min
[e2e] step 25800 loss 0.2164 lr 3.00e-04 128.9 min
[e2e] step 25900 loss 0.2136 lr 3.00e-04 129.3 min
[e2e] step 26000 loss 0.2134 lr 3.00e-04 129.8 min
[e2e] step 26000 quick period probe (linear, 5 classes, n=4000) bal.acc 0.838
[e2e] step 26100 loss 0.2140 lr 3.00e-04 131.4 min
[e2e] step 26200 loss 0.2123 lr 3.00e-04 131.9 min
[e2e] step 26300 loss 0.2168 lr 3.00e-04 132.3 min
[e2e] step 26400 loss 0.2104 lr 3.00e-04 132.8 min
[e2e] step 26500 loss 0.2188 lr 3.00e-04 133.2 min
[e2e] step 26600 loss 0.2123 lr 3.00e-04 133.7 min
[e2e] step 26700 loss 0.2159 lr 3.00e-04 134.1 min
[e2e] step 26800 loss 0.2146 lr 3.00e-04 134.6 min
[e2e] step 26900 loss 0.2110 lr 3.00e-04 135.0 min
[e2e] step 27000 loss 0.2164 lr 3.00e-04 135.5 min
[e2e] step 27100 loss 0.2118 lr 3.00e-04 135.9 min
[e2e] step 27200 loss 0.2125 lr 3.00e-04 136.4 min
[e2e] step 27300 loss 0.2145 lr 3.00e-04 136.8 min
[e2e] step 27400 loss 0.2098 lr 3.00e-04 137.3 min
[e2e] step 27500 loss 0.2129 lr 3.00e-04 137.7 min
[e2e] step 27600 loss 0.2149 lr 3.00e-04 138.2 min
[e2e] step 27700 loss 0.2097 lr 3.00e-04 138.6 min
[e2e] step 27800 loss 0.2054 lr 3.00e-04 139.1 min
[e2e] step 27900 loss 0.2166 lr 3.00e-04 139.5 min
[e2e] step 28000 loss 0.2075 lr 3.00e-04 140.0 min
[e2e] step 28000 quick period probe (linear, 5 classes, n=4000) bal.acc 0.848
[e2e] step 28100 loss 0.2060 lr 3.00e-04 142.2 min
[e2e] step 28200 loss 0.2053 lr 3.00e-04 142.7 min
[e2e] step 28300 loss 0.2132 lr 3.00e-04 143.1 min
[e2e] step 28400 loss 0.2121 lr 3.00e-04 143.6 min
[e2e] step 28500 loss 0.2090 lr 3.00e-04 144.0 min
[e2e] step 28600 loss 0.2128 lr 3.00e-04 144.5 min
[e2e] step 28700 loss 0.2113 lr 3.00e-04 144.9 min
[e2e] step 28800 loss 0.2070 lr 3.00e-04 145.4 min
[e2e] step 28900 loss 0.2035 lr 3.00e-04 145.8 min
[e2e] step 29000 loss 0.2084 lr 3.00e-04 146.3 min
[e2e] step 29100 loss 0.2075 lr 3.00e-04 146.7 min
[e2e] step 29200 loss 0.2040 lr 3.00e-04 147.2 min
[e2e] step 29300 loss 0.2063 lr 3.00e-04 147.6 min
[e2e] step 29400 loss 0.2038 lr 3.00e-04 148.1 min
[e2e] step 29500 loss 0.2068 lr 3.00e-04 148.5 min
[e2e] step 29600 loss 0.2076 lr 3.00e-04 149.0 min
[e2e] step 29700 loss 0.2080 lr 3.00e-04 149.4 min
[e2e] step 29800 loss 0.2081 lr 3.00e-04 149.9 min
[e2e] step 29900 loss 0.2052 lr 3.00e-04 150.3 min
[e2e] step 30000 loss 0.2042 lr 3.00e-04 150.8 min
[e2e] step 30000 quick period probe (linear, 5 classes, n=4000) bal.acc 0.830
[e2e] step 30100 loss 0.2097 lr 3.00e-04 152.9 min
[e2e] step 30200 loss 0.2071 lr 3.00e-04 153.3 min
[e2e] step 30300 loss 0.2072 lr 3.00e-04 153.8 min
[e2e] step 30400 loss 0.2061 lr 3.00e-04 154.2 min
[e2e] step 30500 loss 0.2042 lr 3.00e-04 154.7 min
[e2e] step 30600 loss 0.2007 lr 3.00e-04 155.1 min
[e2e] step 30700 loss 0.2099 lr 3.00e-04 155.6 min
[e2e] step 30800 loss 0.2060 lr 3.00e-04 156.0 min
[e2e] step 30900 loss 0.2111 lr 3.00e-04 156.5 min
[e2e] step 31000 loss 0.2100 lr 3.00e-04 156.9 min
[e2e] step 31100 loss 0.2017 lr 3.00e-04 157.4 min
[e2e] step 31200 loss 0.2049 lr 3.00e-04 157.8 min
[e2e] step 31300 loss 0.2010 lr 3.00e-04 158.3 min
[e2e] step 31400 loss 0.2049 lr 3.00e-04 158.7 min
[e2e] step 31500 loss 0.2015 lr 3.00e-04 159.1 min
[e2e] step 31600 loss 0.2108 lr 3.00e-04 159.6 min
[e2e] step 31700 loss 0.2063 lr 3.00e-04 160.0 min
[e2e] step 31800 loss 0.2083 lr 3.00e-04 160.5 min
[e2e] step 31900 loss 0.2045 lr 3.00e-04 160.9 min
[e2e] step 32000 loss 0.1999 lr 3.00e-04 161.4 min
[e2e] step 32000 quick period probe (linear, 5 classes, n=4000) bal.acc 0.828
[e2e] step 32100 loss 0.2020 lr 3.00e-04 162.8 min
[e2e] step 32200 loss 0.1967 lr 3.00e-04 163.2 min
[e2e] step 32300 loss 0.2043 lr 3.00e-04 163.7 min
[e2e] step 32400 loss 0.2009 lr 3.00e-04 164.1 min
[e2e] step 32500 loss 0.2034 lr 3.00e-04 164.6 min
[e2e] step 32600 loss 0.2016 lr 3.00e-04 165.0 min
[e2e] step 32700 loss 0.2098 lr 3.00e-04 165.4 min
[e2e] step 32800 loss 0.2039 lr 3.00e-04 165.9 min
[e2e] step 32900 loss 0.1970 lr 3.00e-04 166.3 min
[e2e] step 33000 loss 0.2061 lr 3.00e-04 166.8 min
[e2e] step 33100 loss 0.2023 lr 3.00e-04 167.2 min
[e2e] step 33200 loss 0.1988 lr 3.00e-04 167.7 min
[e2e] step 33300 loss 0.2049 lr 3.00e-04 168.1 min
[e2e] step 33400 loss 0.2043 lr 3.00e-04 168.6 min
[e2e] step 33500 loss 0.1956 lr 3.00e-04 169.0 min
[e2e] step 33600 loss 0.2043 lr 3.00e-04 169.5 min
[e2e] step 33700 loss 0.1986 lr 3.00e-04 169.9 min
[e2e] step 33800 loss 0.2025 lr 3.00e-04 170.4 min
[e2e] step 33900 loss 0.1975 lr 3.00e-04 170.8 min
[e2e] step 34000 loss 0.1980 lr 3.00e-04 171.3 min
[e2e] step 34000 quick period probe (linear, 5 classes, n=4000) bal.acc 0.839
[e2e] step 34100 loss 0.2051 lr 3.00e-04 172.7 min
[e2e] step 34200 loss 0.2029 lr 3.00e-04 173.2 min
[e2e] step 34300 loss 0.1968 lr 3.00e-04 173.6 min
[e2e] step 34400 loss 0.2003 lr 3.00e-04 174.1 min
[e2e] step 34500 loss 0.2002 lr 3.00e-04 174.5 min
[e2e] step 34600 loss 0.2011 lr 3.00e-04 175.0 min
[e2e] step 34700 loss 0.1965 lr 3.00e-04 175.4 min
[e2e] step 34800 loss 0.1987 lr 3.00e-04 175.9 min
[e2e] step 34900 loss 0.1976 lr 3.00e-04 176.3 min
[e2e] step 35000 loss 0.2035 lr 3.00e-04 176.8 min
[e2e] step 35100 loss 0.2003 lr 3.00e-04 177.2 min
[e2e] step 35200 loss 0.2002 lr 3.00e-04 177.7 min
[e2e] step 35300 loss 0.1927 lr 3.00e-04 178.1 min
[e2e] step 35400 loss 0.1967 lr 3.00e-04 178.6 min
[e2e] step 35500 loss 0.2013 lr 3.00e-04 179.0 min
[e2e] step 35600 loss 0.1951 lr 3.00e-04 179.5 min
[e2e] step 35700 loss 0.1932 lr 3.00e-04 179.9 min
[e2e] step 35800 loss 0.1948 lr 3.00e-04 180.4 min
[e2e] step 35900 loss 0.1974 lr 3.00e-04 180.8 min
[e2e] step 36000 loss 0.1963 lr 3.00e-04 181.2 min
[e2e] step 36000 quick period probe (linear, 5 classes, n=4000) bal.acc 0.824
[e2e] step 36100 loss 0.1919 lr 3.00e-04 182.7 min
[e2e] step 36200 loss 0.1945 lr 3.00e-04 183.1 min
[e2e] step 36300 loss 0.1911 lr 3.00e-04 183.6 min
[e2e] step 36400 loss 0.1934 lr 3.00e-04 184.0 min
[e2e] step 36500 loss 0.1887 lr 3.00e-04 184.5 min
[e2e] step 36600 loss 0.1957 lr 3.00e-04 184.9 min
[e2e] step 36700 loss 0.1931 lr 3.00e-04 185.4 min
[e2e] step 36800 loss 0.1983 lr 3.00e-04 185.8 min
[e2e] step 36900 loss 0.1944 lr 3.00e-04 186.3 min
[e2e] step 37000 loss 0.1919 lr 3.00e-04 186.7 min
[e2e] step 37100 loss 0.1891 lr 3.00e-04 187.2 min
[e2e] step 37200 loss 0.1962 lr 3.00e-04 187.6 min
[e2e] step 37300 loss 0.1969 lr 3.00e-04 188.1 min
[e2e] step 37400 loss 0.1969 lr 3.00e-04 188.5 min
[e2e] step 37500 loss 0.1955 lr 3.00e-04 189.0 min
[e2e] step 37600 loss 0.1999 lr 3.00e-04 189.4 min
[e2e] step 37700 loss 0.1930 lr 3.00e-04 189.8 min
[e2e] step 37800 loss 0.1929 lr 3.00e-04 190.3 min
[e2e] step 37900 loss 0.1915 lr 3.00e-04 190.7 min
[e2e] step 38000 loss 0.1949 lr 3.00e-04 191.2 min
[e2e] step 38000 quick period probe (linear, 5 classes, n=4000) bal.acc 0.833
[e2e] step 38100 loss 0.1887 lr 3.00e-04 192.3 min
[e2e] step 38200 loss 0.1947 lr 3.00e-04 192.7 min
[e2e] step 38300 loss 0.1922 lr 3.00e-04 193.2 min
[e2e] step 38400 loss 0.1876 lr 3.00e-04 193.6 min
[e2e] step 38500 loss 0.1903 lr 3.00e-04 194.1 min
[e2e] step 38600 loss 0.1914 lr 3.00e-04 194.5 min
[e2e] step 38700 loss 0.1892 lr 3.00e-04 195.0 min
[e2e] step 38800 loss 0.1942 lr 3.00e-04 195.4 min
[e2e] step 38900 loss 0.1957 lr 3.00e-04 195.9 min
[e2e] step 39000 loss 0.1874 lr 3.00e-04 196.3 min
[e2e] step 39100 loss 0.1850 lr 3.00e-04 196.8 min
[e2e] step 39200 loss 0.1902 lr 3.00e-04 197.2 min
[e2e] step 39300 loss 0.1874 lr 3.00e-04 197.7 min
[e2e] step 39400 loss 0.1900 lr 3.00e-04 198.1 min
[e2e] step 39500 loss 0.1838 lr 3.00e-04 198.6 min
[e2e] step 39600 loss 0.1902 lr 3.00e-04 199.0 min
[e2e] step 39700 loss 0.1891 lr 3.00e-04 199.4 min
[e2e] step 39800 loss 0.1879 lr 3.00e-04 199.9 min
[e2e] step 39900 loss 0.1865 lr 3.00e-04 200.3 min
[e2e] step 40000 loss 0.1878 lr 3.00e-04 200.8 min
[e2e] step 40000 quick period probe (linear, 5 classes, n=4000) bal.acc 0.831
[e2e] step 40100 loss 0.1839 lr 3.00e-04 201.8 min
[e2e] step 40200 loss 0.1881 lr 3.00e-04 202.3 min
[e2e] step 40300 loss 0.1854 lr 3.00e-04 202.7 min
[e2e] step 40400 loss 0.1877 lr 3.00e-04 203.2 min
[e2e] step 40500 loss 0.1851 lr 3.00e-04 203.6 min
[e2e] step 40600 loss 0.1841 lr 3.00e-04 204.1 min
[e2e] step 40700 loss 0.1861 lr 3.00e-04 204.5 min
[e2e] step 40800 loss 0.1867 lr 3.00e-04 205.0 min
[e2e] step 40900 loss 0.1887 lr 3.00e-04 205.4 min
[e2e] step 41000 loss 0.1909 lr 3.00e-04 205.8 min
[e2e] step 41100 loss 0.1913 lr 3.00e-04 206.3 min
[e2e] step 41200 loss 0.1829 lr 3.00e-04 206.7 min
[e2e] step 41300 loss 0.1832 lr 3.00e-04 207.2 min
[e2e] step 41400 loss 0.1854 lr 3.00e-04 207.6 min
[e2e] step 41500 loss 0.1862 lr 3.00e-04 208.1 min
[e2e] step 41600 loss 0.1879 lr 3.00e-04 208.5 min
[e2e] step 41700 loss 0.1901 lr 3.00e-04 209.0 min
[e2e] step 41800 loss 0.1856 lr 3.00e-04 209.4 min
[e2e] step 41900 loss 0.1821 lr 3.00e-04 209.9 min
[e2e] step 42000 loss 0.1877 lr 3.00e-04 210.3 min
[e2e] step 42000 quick period probe (linear, 5 classes, n=4000) bal.acc 0.829
[e2e] step 42100 loss 0.1884 lr 3.00e-04 211.4 min
[e2e] step 42200 loss 0.1840 lr 3.00e-04 211.8 min
[e2e] step 42300 loss 0.1842 lr 3.00e-04 212.3 min
[e2e] step 42400 loss 0.1840 lr 3.00e-04 212.7 min
[e2e] step 42500 loss 0.1915 lr 3.00e-04 213.2 min
[e2e] step 42600 loss 0.1833 lr 3.00e-04 213.6 min
[e2e] step 42700 loss 0.1786 lr 3.00e-04 214.1 min
[e2e] step 42800 loss 0.1843 lr 3.00e-04 214.5 min
[e2e] step 42900 loss 0.1832 lr 3.00e-04 215.0 min
[e2e] step 43000 loss 0.1811 lr 3.00e-04 215.4 min
[e2e] step 43100 loss 0.1824 lr 3.00e-04 215.9 min
[e2e] step 43200 loss 0.1788 lr 3.00e-04 216.3 min
[e2e] step 43300 loss 0.1815 lr 3.00e-04 216.8 min
[e2e] step 43400 loss 0.1816 lr 3.00e-04 217.2 min
[e2e] step 43500 loss 0.1835 lr 3.00e-04 217.7 min
[e2e] step 43600 loss 0.1745 lr 3.00e-04 218.1 min
[e2e] step 43700 loss 0.1779 lr 3.00e-04 218.6 min
[e2e] step 43800 loss 0.1795 lr 3.00e-04 219.0 min
[e2e] step 43900 loss 0.1826 lr 3.00e-04 219.5 min
[e2e] step 44000 loss 0.1790 lr 3.00e-04 219.9 min
[e2e] step 44000 quick period probe (linear, 5 classes, n=4000) bal.acc 0.838
[e2e] step 44100 loss 0.1813 lr 3.00e-04 221.1 min
[e2e] step 44200 loss 0.1760 lr 3.00e-04 221.6 min
[e2e] step 44300 loss 0.1790 lr 3.00e-04 222.0 min
[e2e] step 44400 loss 0.1773 lr 3.00e-04 222.5 min
[e2e] step 44500 loss 0.1825 lr 3.00e-04 222.9 min
[e2e] step 44600 loss 0.1795 lr 3.00e-04 223.4 min
[e2e] step 44700 loss 0.1750 lr 3.00e-04 223.8 min
[e2e] step 44800 loss 0.1740 lr 3.00e-04 224.3 min
[e2e] step 44900 loss 0.1767 lr 3.00e-04 224.7 min
[e2e] step 45000 loss 0.1792 lr 3.00e-04 225.2 min
[e2e] step 45100 loss 0.1768 lr 3.00e-04 225.6 min
[e2e] step 45200 loss 0.1777 lr 3.00e-04 226.1 min
[e2e] step 45300 loss 0.1773 lr 3.00e-04 226.5 min
[e2e] step 45400 loss 0.1788 lr 3.00e-04 227.0 min
[e2e] step 45500 loss 0.1800 lr 3.00e-04 227.4 min
[e2e] step 45600 loss 0.1835 lr 3.00e-04 227.9 min
[e2e] step 45700 loss 0.1734 lr 3.00e-04 228.3 min
[e2e] step 45800 loss 0.1758 lr 3.00e-04 228.7 min
[e2e] step 45900 loss 0.1822 lr 3.00e-04 229.2 min
[e2e] step 46000 loss 0.1755 lr 3.00e-04 229.6 min
[e2e] step 46000 quick period probe (linear, 5 classes, n=4000) bal.acc 0.843
[e2e] step 46100 loss 0.1769 lr 3.00e-04 230.8 min
[e2e] step 46200 loss 0.1833 lr 3.00e-04 231.2 min
[e2e] step 46300 loss 0.1777 lr 3.00e-04 231.7 min
[e2e] step 46400 loss 0.1791 lr 3.00e-04 232.1 min
[e2e] step 46500 loss 0.1773 lr 3.00e-04 232.5 min
[e2e] step 46600 loss 0.1794 lr 3.00e-04 233.0 min
[e2e] step 46700 loss 0.1754 lr 3.00e-04 233.4 min
[e2e] step 46800 loss 0.1791 lr 3.00e-04 233.9 min
[e2e] step 46900 loss 0.1727 lr 3.00e-04 234.3 min
[e2e] step 47000 loss 0.1755 lr 3.00e-04 234.8 min
[e2e] step 47100 loss 0.1766 lr 3.00e-04 235.2 min
[e2e] step 47200 loss 0.1776 lr 3.00e-04 235.7 min
[e2e] step 47300 loss 0.1758 lr 3.00e-04 236.1 min
[e2e] step 47400 loss 0.1790 lr 3.00e-04 236.6 min
[e2e] step 47500 loss 0.1753 lr 3.00e-04 237.0 min
[e2e] step 47600 loss 0.1758 lr 3.00e-04 237.5 min
[e2e] step 47700 loss 0.1737 lr 3.00e-04 237.9 min
[e2e] step 47800 loss 0.1664 lr 3.00e-04 238.4 min
[e2e] step 47900 loss 0.1746 lr 3.00e-04 238.8 min
[e2e] step 48000 loss 0.1781 lr 3.00e-04 239.3 min
[e2e] step 48000 quick period probe (linear, 5 classes, n=4000) bal.acc 0.838
[e2e] step 48100 loss 0.1726 lr 3.00e-04 240.2 min
[e2e] step 48200 loss 0.1747 lr 3.00e-04 240.7 min
[e2e] step 48300 loss 0.1743 lr 3.00e-04 241.1 min
[e2e] step 48400 loss 0.1757 lr 3.00e-04 241.6 min
[e2e] step 48500 loss 0.1721 lr 3.00e-04 242.0 min
[e2e] step 48600 loss 0.1717 lr 3.00e-04 242.5 min
[e2e] step 48700 loss 0.1736 lr 3.00e-04 242.9 min
[e2e] step 48800 loss 0.1675 lr 3.00e-04 243.4 min
[e2e] step 48900 loss 0.1789 lr 3.00e-04 243.8 min
[e2e] step 49000 loss 0.1738 lr 3.00e-04 244.2 min
[e2e] step 49100 loss 0.1764 lr 3.00e-04 244.7 min
[e2e] step 49200 loss 0.1740 lr 3.00e-04 245.1 min
[e2e] step 49300 loss 0.1759 lr 3.00e-04 245.6 min
[e2e] step 49400 loss 0.1680 lr 3.00e-04 246.0 min
[e2e] step 49500 loss 0.1738 lr 3.00e-04 246.5 min
[e2e] step 49600 loss 0.1700 lr 3.00e-04 246.9 min
[e2e] step 49700 loss 0.1760 lr 3.00e-04 247.4 min
[e2e] step 49800 loss 0.1704 lr 3.00e-04 247.8 min
[e2e] step 49900 loss 0.1717 lr 3.00e-04 248.3 min
[e2e] step 50000 loss 0.1705 lr 3.00e-04 248.7 min
[e2e] step 50000 quick period probe (linear, 5 classes, n=4000) bal.acc 0.839
[e2e] step 50100 loss 0.1698 lr 3.00e-04 249.7 min
[e2e] step 50200 loss 0.1697 lr 3.00e-04 250.2 min
[e2e] step 50300 loss 0.1686 lr 3.00e-04 250.6 min
[e2e] step 50400 loss 0.1668 lr 3.00e-04 251.1 min
[e2e] step 50500 loss 0.1703 lr 3.00e-04 251.5 min
[e2e] step 50600 loss 0.1685 lr 3.00e-04 252.0 min
[e2e] step 50700 loss 0.1719 lr 3.00e-04 252.4 min
[e2e] step 50800 loss 0.1721 lr 3.00e-04 252.9 min
[e2e] step 50900 loss 0.1698 lr 3.00e-04 253.3 min
[e2e] step 51000 loss 0.1717 lr 3.00e-04 253.7 min
[e2e] step 51100 loss 0.1664 lr 3.00e-04 254.2 min
[e2e] step 51200 loss 0.1708 lr 3.00e-04 254.7 min
[e2e] step 51300 loss 0.1729 lr 3.00e-04 255.1 min
[e2e] step 51400 loss 0.1677 lr 3.00e-04 255.5 min
[e2e] step 51500 loss 0.1690 lr 3.00e-04 256.0 min
[e2e] step 51600 loss 0.1659 lr 3.00e-04 256.4 min
[e2e] step 51700 loss 0.1621 lr 3.00e-04 256.9 min
[e2e] step 51800 loss 0.1646 lr 3.00e-04 257.3 min
[e2e] step 51900 loss 0.1661 lr 3.00e-04 257.8 min
[e2e] step 52000 loss 0.1702 lr 3.00e-04 258.2 min
[e2e] step 52000 quick period probe (linear, 5 classes, n=4000) bal.acc 0.825
[e2e] step 52100 loss 0.1680 lr 3.00e-04 259.2 min
[e2e] step 52200 loss 0.1706 lr 3.00e-04 259.7 min
[e2e] step 52300 loss 0.1699 lr 3.00e-04 260.1 min
[e2e] step 52400 loss 0.1720 lr 3.00e-04 260.6 min
[e2e] step 52500 loss 0.1639 lr 3.00e-04 261.0 min
[e2e] step 52600 loss 0.1636 lr 3.00e-04 261.5 min
[e2e] step 52700 loss 0.1684 lr 3.00e-04 261.9 min
[e2e] step 52800 loss 0.1666 lr 3.00e-04 262.4 min
[e2e] step 52900 loss 0.1627 lr 3.00e-04 262.8 min
[e2e] step 53000 loss 0.1642 lr 3.00e-04 263.3 min
[e2e] step 53100 loss 0.1640 lr 3.00e-04 263.7 min
[e2e] step 53200 loss 0.1737 lr 3.00e-04 264.2 min
[e2e] step 53300 loss 0.1663 lr 3.00e-04 264.6 min
[e2e] step 53400 loss 0.1696 lr 3.00e-04 265.1 min
[e2e] step 53500 loss 0.1634 lr 3.00e-04 265.5 min
[e2e] step 53600 loss 0.1653 lr 3.00e-04 265.9 min
[e2e] step 53700 loss 0.1684 lr 3.00e-04 266.4 min
[e2e] step 53800 loss 0.1601 lr 3.00e-04 266.8 min
[e2e] step 53900 loss 0.1654 lr 3.00e-04 267.3 min
[e2e] step 54000 loss 0.1658 lr 3.00e-04 267.7 min
[e2e] step 54000 quick period probe (linear, 5 classes, n=4000) bal.acc 0.838
[e2e] step 54100 loss 0.1663 lr 3.00e-04 268.8 min
[e2e] step 54200 loss 0.1724 lr 3.00e-04 269.3 min
[e2e] step 54300 loss 0.1624 lr 3.00e-04 269.7 min
[e2e] step 54400 loss 0.1692 lr 3.00e-04 270.2 min
[e2e] step 54500 loss 0.1663 lr 3.00e-04 270.6 min
[e2e] step 54600 loss 0.1649 lr 3.00e-04 271.1 min
[e2e] step 54700 loss 0.1622 lr 3.00e-04 271.5 min
[e2e] step 54800 loss 0.1659 lr 3.00e-04 271.9 min
[e2e] step 54900 loss 0.1707 lr 3.00e-04 272.4 min
[e2e] step 55000 loss 0.1648 lr 3.00e-04 272.8 min
[e2e] step 55100 loss 0.1660 lr 3.00e-04 273.3 min
[e2e] step 55200 loss 0.1671 lr 3.00e-04 273.7 min
[e2e] step 55300 loss 0.1658 lr 3.00e-04 274.2 min
[2026-09-04T01:41:07.008] error: *** JOB 33908 ON g0381 CANCELLED AT 2026-09-04T01:41:07 DUE TO TIME LIMIT ***
