# job 34106 C16_probe_hyb exit=0 Fri Sep  4 04:30:44 UTC 2026
# last 4000 lines of /home/yarin.b/projects/HUJI-THESIS--YARIN/chrono/sbatch/logs/C16_probe_hyb_33797_2.out
=== C14 ssl_hyb::hyb_barlow_M_thalesian_cunei400m-s0 L0 h === job 34106 Fri Sep  4 04:30:30 UTC 2026
From https://github.com/YarinBeni/HUJI-THESIS--YARIN
 * branch              yarin-sandbox -> FETCH_HEAD
Auto packing the repository in background for optimum performance.
See "git help gc" for manual housekeeping.
Current branch yarin-sandbox is up to date.
Auto packing the repository in background for optimum performance.
See "git help gc" for manual housekeeping.
Traceback (most recent call last):
  File "/home/yarin.b/projects/HUJI-THESIS--YARIN/chrono/scripts/probe_representations.py", line 188, in <module>
    main()
  File "/home/yarin.b/projects/HUJI-THESIS--YARIN/chrono/scripts/probe_representations.py", line 92, in main
    X = store.get(args.model, args.layer, args.site, ids).astype(np.float32)
        ^^^^^^^^^^^^^^^^^^^^^^^^^^^^^^^^^^^^^^^^^^^^^^^^^
  File "/home/yarin.b/projects/HUJI-THESIS--YARIN/chrono/models/store.py", line 213, in get
    raise KeyError(
KeyError: 'EmbStore missing 30729 id(s) for (ssl_hyb::hyb_barlow_M_thalesian_cunei400m-s0, L0, h): ssl::ebl::BM.32779, ssl::ebl::BM.52110, ssl::archibab::ARM 26/1 177, ssl::oracc::X499082, ssl::lbl_letters::NBC 1120, ssl::ebl::K.11230, ssl::ebl::K.15044, ssl::ebl::K.7886, ssl::ebl::1891,0509.101, ssl::ebl::K.3569, ssl::oracc::P334844, ssl::lbl_letters::FLP 1463, ssl::oracc::P335733, ssl::oracc::P235802, ssl::oracc::P335229, ssl::ebl::K.6715, ssl::ebl::K.15314, ssl::oracc::P334915, ssl::ebl::BM.34125, ssl::ebl::K.6834 (+30709 more)'
SKIP/FAIL ssl_hyb::hyb_barlow_M_thalesian_cunei400m-s0 (cell may not be extracted yet)
