# job 34207 C19_anti exit=0 Fri Sep  4 11:35:33 UTC 2026
# last 4000 lines of /home/yarin.b/projects/HUJI-THESIS--YARIN/chrono/sbatch/logs/C19_anti_34176_2.out
=== C19 jepa + leace === job 34207 Fri Sep  4 10:26:34 UTC 2026
From https://github.com/YarinBeni/HUJI-THESIS--YARIN
 * branch              yarin-sandbox -> FETCH_HEAD
Auto packing the repository in background for optimum performance.
See "git help gc" for manual housekeeping.
Current branch yarin-sandbox is up to date.
Auto packing the repository in background for optimum performance.
See "git help gc" for manual housekeeping.
[ssl] ssl_jepa_cunei400m_leace-s99: 24,589 train texts, 270,479 views; loading features
[ssl] objective=jepa d_in=768 head_params=722,561 steps=60 batch=512 balance_alpha=0.5 sources={'ebl': 13242, 'oracc': 9016, 'archibab': 1218, 'lbl_letters': 816, 'seal': 288, 'orcc': 9}
[ssl] step 0: LEACE refit, rank 5
[ssl] step 0 loss 2.1633 (0s)
[ssl] step 59 loss 0.1160 (1s)
[ssl] done ssl_jepa_cunei400m_leace-s99: head -> /home/yarin.b/projects/HUJI-THESIS--YARIN/chrono/artifacts_ssl/ssl_runs/ssl_jepa_cunei400m_leace-s99.pt; embeddings -> store model 'ssl::ssl_jepa_cunei400m_leace-s99' L0 site h (31,905 texts)
[ssl] ssl_jepa_cunei400m_leace-s0: 24,589 train texts, 270,479 views; loading features
[ssl] objective=jepa d_in=768 head_params=722,561 steps=3000 batch=512 balance_alpha=0.5 sources={'ebl': 13242, 'oracc': 9016, 'archibab': 1218, 'lbl_letters': 816, 'seal': 288, 'orcc': 9}
[ssl] step 0: LEACE refit, rank 5
[ssl] step 0 loss 2.1003 (0s)
[ssl] step 200 loss 0.0223 (1s)
[ssl] step 400 loss 0.0004 (3s)
[ssl] step 600 loss 0.0398 (4s)
[ssl] step 800 loss 0.0000 (5s)
[ssl] step 1000 loss 0.0154 (6s)
[ssl] step 1200 loss 0.0767 (8s)
[ssl] step 1400 loss 0.0000 (9s)
[ssl] step 1600 loss 0.6304 (10s)
[ssl] step 1800 loss 0.0019 (11s)
[ssl] step 2000: LEACE refit, rank 5
[ssl] step 2000 loss 0.0108 (12s)
[ssl] step 2200 loss 0.0789 (14s)
[ssl] step 2400 loss 0.0000 (15s)
[ssl] step 2600 loss 0.0453 (16s)
[ssl] step 2800 loss 0.0000 (17s)
[ssl] step 2999 loss 0.0000 (18s)
[ssl] done ssl_jepa_cunei400m_leace-s0: head -> /home/yarin.b/projects/HUJI-THESIS--YARIN/chrono/artifacts_ssl/ssl_runs/ssl_jepa_cunei400m_leace-s0.pt; embeddings -> store model 'ssl::ssl_jepa_cunei400m_leace-s0' L0 site h (31,905 texts)
# S1 representation probes — ssl::ssl_jepa_cunei400m_leace-s0::L0::h

texts 30,729 · PCA 0 · classes need ≥ 30 docs

## Probes (balanced accuracy, 5-fold, tablet level)

| label | classes | n | linear | MLP | chance |
|---|---|---|---|---|---|
| period_norm | 5 | 6,300 | 0.576 ± 0.005 | 0.596 ± 0.024 | 0.200 |
| genre_raw | 71 | 27,187 | 0.074 ± 0.001 | 0.094 ± 0.010 | 0.014 |
| provenance | 16 | 30,419 | 0.066 ± 0.001 | 0.235 ± 0.039 | 0.062 |
| source | 5 | 30,720 | 0.207 ± 0.001 | 0.568 ± 0.033 | 0.200 |

## Period probe WITHIN source (linear)

| source | classes | n | balanced acc | chance |
|---|---|---|---|---|
| oracc | 2 | 3,414 | 0.938 ± 0.010 | 0.500 |
| seal | 3 | 328 | 0.636 ± 0.045 | 0.333 |

## Period probe, HELD-OUT source (train on the other non-dated sources, linear)

| held out | classes | n test | balanced acc | chance |
|---|---|---|---|---|
| seal | 3 | 292 | 0.357 | 0.333 |
| orcc (dated) | 3 | 953 | 0.078 | 0.333 |

## Geometry (period)

silhouette (raw space) -0.131 · permutation null -0.060 ± 0.038 · p = 0.935
k-NN (k=10) period purity 0.453 · chance ≈ 0.341
silhouette (UMAP-2d) -0.096 · null -0.046 ± 0.019 · p = 0.990
Auto packing the repository in background for optimum performance.
See "git help gc" for manual housekeeping.
[yarin-sandbox a49e7f23] C19: ssl_jepa_cunei400m_leace-s0 (job 34207)
 3 files changed, 32 insertions(+)
 create mode 100644 chrono/reports/ssl/S1_ssl_ssl_jepa_cunei400m_leace-s0_L0_h.md
 create mode 100644 chrono/reports/ssl/umap_ssl_ssl_jepa_cunei400m_leace-s0_L0_h.parquet
From https://github.com/YarinBeni/HUJI-THESIS--YARIN
 * branch              yarin-sandbox -> FETCH_HEAD
Auto packing the repository in background for optimum performance.
See "git help gc" for manual housekeeping.
Current branch yarin-sandbox is up to date.
Auto packing the repository in background for optimum performance.
See "git help gc" for manual housekeeping.
To https://github.com/YarinBeni/HUJI-THESIS--YARIN.git
   4177ca97..a49e7f23  HEAD -> yarin-sandbox
[commit_push_sandbox] pushed to yarin-sandbox
=== Done. Fri Sep  4 11:35:33 UTC 2026 ===
