# job 34271 C20b_seed exit=0 Fri Sep  4 17:14:38 UTC 2026
# last 4000 lines of /home/yarin.b/projects/HUJI-THESIS--YARIN/chrono/sbatch/logs/C20b_seed_34271.out
=== C20b barlow wdated anti=leace seed 0 === job 34271 Fri Sep  4 17:13:13 UTC 2026
From https://github.com/YarinBeni/HUJI-THESIS--YARIN
 * branch              yarin-sandbox -> FETCH_HEAD
Auto packing the repository in background for optimum performance.
See "git help gc" for manual housekeeping.
Current branch yarin-sandbox is up to date.
Auto packing the repository in background for optimum performance.
See "git help gc" for manual housekeeping.
[ssl] ssl_barlow_cunei400m_leace_wdated-s0: 25,765 train texts, 283,415 views; loading features
[ssl] objective=barlow d_in=768 head_params=722,561 steps=3000 batch=512 balance_alpha=0.5 sources={'ebl': 13242, 'oracc': 9016, 'archibab': 1218, 'orcc': 1185, 'lbl_letters': 816, 'seal': 288}
[ssl] step 0: LEACE refit, rank 5
[ssl] step 0 loss 34.0927 (0s)
[ssl] step 200 loss 11.0503 (2s)
[ssl] step 400 loss 4.7387 (3s)
[ssl] step 600 loss 3.9039 (5s)
[ssl] step 800 loss 3.5612 (6s)
[ssl] step 1000 loss 3.2277 (8s)
[ssl] step 1200 loss 3.0718 (10s)
[ssl] step 1400 loss 2.9024 (11s)
[ssl] step 1600 loss 2.8126 (13s)
[ssl] step 1800 loss 2.7275 (14s)
[ssl] step 2000: LEACE refit, rank 5
[ssl] step 2000 loss 2.6422 (16s)
[ssl] step 2200 loss 2.6035 (17s)
[ssl] step 2400 loss 2.5303 (19s)
[ssl] step 2600 loss 2.4889 (20s)
[ssl] step 2800 loss 2.4614 (22s)
[ssl] step 2999 loss 2.3937 (23s)
[ssl] done ssl_barlow_cunei400m_leace_wdated-s0: head -> /home/yarin.b/projects/HUJI-THESIS--YARIN/chrono/artifacts_ssl/ssl_runs/ssl_barlow_cunei400m_leace_wdated-s0.pt; embeddings -> store model 'ssl::ssl_barlow_cunei400m_leace_wdated-s0' L0 site h (31,905 texts)
Auto packing the repository in background for optimum performance.
See "git help gc" for manual housekeeping.
[yarin-sandbox 79f3975d] C20b: ssl_barlow_cunei400m_wdated-s0 (job 34271)
 1 file changed, 0 insertions(+), 0 deletions(-)
From https://github.com/YarinBeni/HUJI-THESIS--YARIN
 * branch              yarin-sandbox -> FETCH_HEAD
Auto packing the repository in background for optimum performance.
See "git help gc" for manual housekeeping.
Current branch yarin-sandbox is up to date.
Auto packing the repository in background for optimum performance.
See "git help gc" for manual housekeeping.
To https://github.com/YarinBeni/HUJI-THESIS--YARIN.git
   0178c879..79f3975d  HEAD -> yarin-sandbox
[commit_push_sandbox] pushed to yarin-sandbox
=== Done. Fri Sep  4 17:14:38 UTC 2026 ===
