# job 34263 C20b_seed exit=0 Fri Sep  4 16:33:35 UTC 2026
# last 4000 lines of /home/yarin.b/projects/HUJI-THESIS--YARIN/chrono/sbatch/logs/C20b_seed_34263.out
=== C20b barlow wdated seed 2 === job 34263 Fri Sep  4 16:32:12 UTC 2026
From https://github.com/YarinBeni/HUJI-THESIS--YARIN
 * branch              yarin-sandbox -> FETCH_HEAD
Auto packing the repository in background for optimum performance.
See "git help gc" for manual housekeeping.
Current branch yarin-sandbox is up to date.
Auto packing the repository in background for optimum performance.
See "git help gc" for manual housekeeping.
[ssl] ssl_barlow_cunei400m_wdated-s2: 25,765 train texts, 283,415 views; loading features
[ssl] objective=barlow d_in=768 head_params=722,561 steps=3000 batch=512 balance_alpha=0.5 sources={'ebl': 13242, 'oracc': 9016, 'archibab': 1218, 'orcc': 1185, 'lbl_letters': 816, 'seal': 288}
[ssl] step 0 loss 30.1175 (0s)
[ssl] step 200 loss 9.3377 (2s)
[ssl] step 400 loss 4.4153 (3s)
[ssl] step 600 loss 3.5193 (5s)
[ssl] step 800 loss 3.1039 (6s)
[ssl] step 1000 loss 2.8746 (7s)
[ssl] step 1200 loss 2.6780 (9s)
[ssl] step 1400 loss 2.5552 (10s)
[ssl] step 1600 loss 2.4443 (12s)
[ssl] step 1800 loss 2.3813 (13s)
[ssl] step 2000 loss 2.3135 (14s)
[ssl] step 2200 loss 2.2521 (16s)
[ssl] step 2400 loss 2.2021 (17s)
[ssl] step 2600 loss 2.1824 (19s)
[ssl] step 2800 loss 2.1258 (20s)
[ssl] step 2999 loss 2.1051 (21s)
[ssl] done ssl_barlow_cunei400m_wdated-s2: head -> /home/yarin.b/projects/HUJI-THESIS--YARIN/chrono/artifacts_ssl/ssl_runs/ssl_barlow_cunei400m_wdated-s2.pt; embeddings -> store model 'ssl::ssl_barlow_cunei400m_wdated-s2' L0 site h (31,905 texts)
Auto packing the repository in background for optimum performance.
See "git help gc" for manual housekeeping.
[yarin-sandbox 96ee2cf6] C20b: ssl_barlow_cunei400m_wdated-s2 (job 34263)
 1 file changed, 0 insertions(+), 0 deletions(-)
From https://github.com/YarinBeni/HUJI-THESIS--YARIN
 * branch              yarin-sandbox -> FETCH_HEAD
Auto packing the repository in background for optimum performance.
See "git help gc" for manual housekeeping.
Current branch yarin-sandbox is up to date.
Auto packing the repository in background for optimum performance.
See "git help gc" for manual housekeeping.
To https://github.com/YarinBeni/HUJI-THESIS--YARIN.git
   fb3e4a6e..96ee2cf6  HEAD -> yarin-sandbox
[commit_push_sandbox] pushed to yarin-sandbox
=== Done. Fri Sep  4 16:33:35 UTC 2026 ===
