# job 34261 C20b_seed exit=0 Fri Sep  4 16:30:36 UTC 2026
# last 4000 lines of /home/yarin.b/projects/HUJI-THESIS--YARIN/chrono/sbatch/logs/C20b_seed_34261.out
=== C20b barlow wdated seed 1 === job 34261 Fri Sep  4 16:29:11 UTC 2026
From https://github.com/YarinBeni/HUJI-THESIS--YARIN
 * branch              yarin-sandbox -> FETCH_HEAD
Auto packing the repository in background for optimum performance.
See "git help gc" for manual housekeeping.
Current branch yarin-sandbox is up to date.
Auto packing the repository in background for optimum performance.
See "git help gc" for manual housekeeping.
[ssl] ssl_barlow_cunei400m_wdated-s1: 25,765 train texts, 283,415 views; loading features
[ssl] objective=barlow d_in=768 head_params=722,561 steps=3000 batch=512 balance_alpha=0.5 sources={'ebl': 13242, 'oracc': 9016, 'archibab': 1218, 'orcc': 1185, 'lbl_letters': 816, 'seal': 288}
[ssl] step 0 loss 30.3303 (1s)
[ssl] step 200 loss 9.2754 (2s)
[ssl] step 400 loss 4.4578 (4s)
[ssl] step 600 loss 3.5494 (5s)
[ssl] step 800 loss 3.1003 (6s)
[ssl] step 1000 loss 2.8662 (8s)
[ssl] step 1200 loss 2.6678 (9s)
[ssl] step 1400 loss 2.5524 (10s)
[ssl] step 1600 loss 2.4379 (12s)
[ssl] step 1800 loss 2.3589 (13s)
[ssl] step 2000 loss 2.2789 (15s)
[ssl] step 2200 loss 2.2378 (16s)
[ssl] step 2400 loss 2.1825 (17s)
[ssl] step 2600 loss 2.1561 (19s)
[ssl] step 2800 loss 2.1298 (20s)
[ssl] step 2999 loss 2.0970 (21s)
[ssl] done ssl_barlow_cunei400m_wdated-s1: head -> /home/yarin.b/projects/HUJI-THESIS--YARIN/chrono/artifacts_ssl/ssl_runs/ssl_barlow_cunei400m_wdated-s1.pt; embeddings -> store model 'ssl::ssl_barlow_cunei400m_wdated-s1' L0 site h (31,905 texts)
Auto packing the repository in background for optimum performance.
See "git help gc" for manual housekeeping.
[yarin-sandbox 0f629e28] C20b: ssl_barlow_cunei400m_wdated-s1 (job 34261)
 1 file changed, 0 insertions(+), 0 deletions(-)
From https://github.com/YarinBeni/HUJI-THESIS--YARIN
 * branch              yarin-sandbox -> FETCH_HEAD
Auto packing the repository in background for optimum performance.
See "git help gc" for manual housekeeping.
Current branch yarin-sandbox is up to date.
Auto packing the repository in background for optimum performance.
See "git help gc" for manual housekeeping.
To https://github.com/YarinBeni/HUJI-THESIS--YARIN.git
   c066adab..0f629e28  HEAD -> yarin-sandbox
[commit_push_sandbox] pushed to yarin-sandbox
=== Done. Fri Sep  4 16:30:36 UTC 2026 ===
