# job 34273 C21_e2e_wd exit=0 Fri Sep  4 22:17:28 UTC 2026
# last 4000 lines of /home/yarin.b/projects/HUJI-THESIS--YARIN/chrono/sbatch/logs/C21_e2e_wd_34273.out
=== C21 e2e barlow S wdated === job 34273 Fri Sep  4 17:16:42 UTC 2026
From https://github.com/YarinBeni/HUJI-THESIS--YARIN
 * branch              yarin-sandbox -> FETCH_HEAD
Auto packing the repository in background for optimum performance.
See "git help gc" for manual housekeeping.
Current branch yarin-sandbox is up to date.
Auto packing the repository in background for optimum performance.
See "git help gc" for manual housekeeping.
/home/yarin.b/miniconda3/envs/thesis/lib/python3.11/site-packages/torch/nn/modules/transformer.py:392: UserWarning: enable_nested_tensor is True, but self.use_nested_tensor is False because encoder_layer.norm_first was True
  warnings.warn(
[e2e] e2e_barlow_S_wdated-s0: size S params 9.4M vocab 23044 train texts 25,765 objective barlow batch 256 budget 5.0h dev cuda
[e2e] step 100 loss 37.9190 lr 3.00e-05 0.2 min
[e2e] step 200 loss 25.6762 lr 6.00e-05 0.4 min
[e2e] step 300 loss 21.0789 lr 9.00e-05 0.6 min
[e2e] step 400 loss 18.5265 lr 1.20e-04 0.7 min
[e2e] step 500 loss 16.6381 lr 1.50e-04 0.9 min
[e2e] step 600 loss 15.1662 lr 1.80e-04 1.1 min
[e2e] step 700 loss 13.6248 lr 2.10e-04 1.3 min
[e2e] step 800 loss 12.4354 lr 2.40e-04 1.5 min
[e2e] step 900 loss 11.4929 lr 2.70e-04 1.7 min
[e2e] step 1000 loss 10.6883 lr 3.00e-04 1.8 min
[e2e] step 1100 loss 10.0972 lr 3.00e-04 2.0 min
[e2e] step 1200 loss 9.3853 lr 3.00e-04 2.2 min
[e2e] step 1300 loss 9.0783 lr 3.00e-04 2.4 min
[e2e] step 1400 loss 8.6374 lr 3.00e-04 2.6 min
[e2e] step 1500 loss 8.3697 lr 3.00e-04 2.7 min
[e2e] step 1600 loss 8.0859 lr 3.00e-04 2.9 min
[e2e] step 1700 loss 7.8508 lr 3.00e-04 3.1 min
[e2e] step 1800 loss 7.5804 lr 3.00e-04 3.3 min
[e2e] step 1900 loss 7.4989 lr 3.00e-04 3.5 min
[e2e] step 2000 loss 7.2127 lr 3.00e-04 3.6 min
[e2e] step 2000 quick period probe (linear, 5 classes, n=4000) bal.acc 0.871
[e2e] step 2100 loss 7.0923 lr 3.00e-04 4.2 min
[e2e] step 2200 loss 6.8620 lr 3.00e-04 4.4 min
[e2e] step 2300 loss 6.7652 lr 3.00e-04 4.6 min
[e2e] step 2400 loss 6.6460 lr 3.00e-04 4.8 min
[e2e] step 2500 loss 6.5653 lr 3.00e-04 4.9 min
[e2e] step 2600 loss 6.4087 lr 3.00e-04 5.1 min
[e2e] step 2700 loss 6.2914 lr 3.00e-04 5.3 min
[e2e] step 2800 loss 6.2406 lr 3.00e-04 5.5 min
[e2e] step 2900 loss 6.1010 lr 3.00e-04 5.7 min
[e2e] step 3000 loss 6.0782 lr 3.00e-04 5.9 min
[e2e] step 3100 loss 5.9004 lr 3.00e-04 6.0 min
[e2e] step 3200 loss 5.8530 lr 3.00e-04 6.2 min
[e2e] step 3300 loss 5.7540 lr 3.00e-04 6.4 min
[e2e] step 3400 loss 5.7191 lr 3.00e-04 6.6 min
[e2e] step 3500 loss 5.6218 lr 3.00e-04 6.8 min
[e2e] step 3600 loss 5.5762 lr 3.00e-04 7.0 min
[e2e] step 3700 loss 5.4829 lr 3.00e-04 7.1 min
[e2e] step 3800 loss 5.4433 lr 3.00e-04 7.3 min
[e2e] step 3900 loss 5.3570 lr 3.00e-04 7.5 min
[e2e] step 4000 loss 5.2930 lr 3.00e-04 7.7 min
[e2e] step 4000 quick period probe (linear, 5 classes, n=4000) bal.acc 0.863
[e2e] step 4100 loss 5.2272 lr 3.00e-04 8.3 min
[e2e] step 4200 loss 5.2839 lr 3.00e-04 8.5 min
[e2e] step 4300 loss 5.2038 lr 3.00e-04 8.7 min
[e2e] step 4400 loss 5.0488 lr 3.00e-04 8.8 min
[e2e] step 4500 loss 5.1103 lr 3.00e-04 9.0 min
[e2e] step 4600 loss 5.0684 lr 3.00e-04 9.2 min
[e2e] step 4700 loss 4.9869 lr 3.00e-04 9.4 min
[e2e] step 4800 loss 4.8936 lr 3.00e-04 9.6 min
[e2e] step 4900 loss 4.9165 lr 3.00e-04 9.8 min
[e2e] step 5000 loss 4.9100 lr 3.00e-04 9.9 min
[e2e] step 5100 loss 4.8247 lr 3.00e-04 10.1 min
[e2e] step 5200 loss 4.8326 lr 3.00e-04 10.3 min
[e2e] step 5300 loss 4.7669 lr 3.00e-04 10.5 min
[e2e] step 5400 loss 4.7203 lr 3.00e-04 10.7 min
[e2e] step 5500 loss 4.6836 lr 3.00e-04 10.8 min
[e2e] step 5600 loss 4.6716 lr 3.00e-04 11.0 min
[e2e] step 5700 loss 4.5631 lr 3.00e-04 11.2 min
[e2e] step 5800 loss 4.5858 lr 3.00e-04 11.4 min
[e2e] step 5900 loss 4.5845 lr 3.00e-04 11.6 min
[e2e] step 6000 loss 4.5799 lr 3.00e-04 11.8 min
[e2e] step 6000 quick period probe (linear, 5 classes, n=4000) bal.acc 0.876
[e2e] step 6100 loss 4.4665 lr 3.00e-04 12.5 min
[e2e] step 6200 loss 4.4157 lr 3.00e-04 12.6 min
[e2e] step 6300 loss 4.4286 lr 3.00e-04 12.8 min
[e2e] step 6400 loss 4.4581 lr 3.00e-04 13.0 min
[e2e] step 6500 loss 4.3831 lr 3.00e-04 13.2 min
[e2e] step 6600 loss 4.3620 lr 3.00e-04 13.4 min
[e2e] step 6700 loss 4.3562 lr 3.00e-04 13.6 min
[e2e] step 6800 loss 4.3603 lr 3.00e-04 13.7 min
[e2e] step 6900 loss 4.2979 lr 3.00e-04 13.9 min
[e2e] step 7000 loss 4.3340 lr 3.00e-04 14.1 min
[e2e] step 7100 loss 4.2667 lr 3.00e-04 14.3 min
[e2e] step 7200 loss 4.2227 lr 3.00e-04 14.5 min
[e2e] step 7300 loss 4.2266 lr 3.00e-04 14.7 min
[e2e] step 7400 loss 4.1853 lr 3.00e-04 14.8 min
[e2e] step 7500 loss 4.2239 lr 3.00e-04 15.0 min
[e2e] step 7600 loss 4.1082 lr 3.00e-04 15.2 min
[e2e] step 7700 loss 4.1118 lr 3.00e-04 15.4 min
[e2e] step 7800 loss 4.0800 lr 3.00e-04 15.6 min
[e2e] step 7900 loss 4.0961 lr 3.00e-04 15.7 min
[e2e] step 8000 loss 4.0825 lr 3.00e-04 15.9 min
[e2e] step 8000 quick period probe (linear, 5 classes, n=4000) bal.acc 0.862
[e2e] step 8100 loss 4.1405 lr 3.00e-04 16.5 min
[e2e] step 8200 loss 4.0511 lr 3.00e-04 16.6 min
[e2e] step 8300 loss 4.1103 lr 3.00e-04 16.8 min
[e2e] step 8400 loss 4.0041 lr 3.00e-04 17.0 min
[e2e] step 8500 loss 3.9998 lr 3.00e-04 17.2 min
[e2e] step 8600 loss 3.9661 lr 3.00e-04 17.4 min
[e2e] step 8700 loss 3.9812 lr 3.00e-04 17.5 min
[e2e] step 8800 loss 3.9747 lr 3.00e-04 17.7 min
[e2e] step 8900 loss 3.9828 lr 3.00e-04 17.9 min
[e2e] step 9000 loss 3.9377 lr 3.00e-04 18.1 min
[e2e] step 9100 loss 3.9147 lr 3.00e-04 18.3 min
[e2e] step 9200 loss 3.8960 lr 3.00e-04 18.5 min
[e2e] step 9300 loss 3.8661 lr 3.00e-04 18.6 min
[e2e] step 9400 loss 3.8765 lr 3.00e-04 18.8 min
[e2e] step 9500 loss 3.8511 lr 3.00e-04 19.0 min
[e2e] step 9600 loss 3.8286 lr 3.00e-04 19.2 min
[e2e] step 9700 loss 3.8097 lr 3.00e-04 19.4 min
[e2e] step 9800 loss 3.7730 lr 3.00e-04 19.6 min
[e2e] step 9900 loss 3.8438 lr 3.00e-04 19.7 min
[e2e] step 10000 loss 3.7555 lr 3.00e-04 19.9 min
[e2e] step 10000 quick period probe (linear, 5 classes, n=4000) bal.acc 0.864
[e2e] step 10100 loss 3.7681 lr 3.00e-04 20.5 min
[e2e] step 10200 loss 3.7734 lr 3.00e-04 20.6 min
[e2e] step 10300 loss 3.6756 lr 3.00e-04 20.8 min
[e2e] step 10400 loss 3.7001 lr 3.00e-04 21.0 min
[e2e] step 10500 loss 3.6720 lr 3.00e-04 21.2 min
[e2e] step 10600 loss 3.7518 lr 3.00e-04 21.4 min
[e2e] step 10700 loss 3.7033 lr 3.00e-04 21.6 min
[e2e] step 10800 loss 3.6910 lr 3.00e-04 21.7 min
[e2e] step 10900 loss 3.6831 lr 3.00e-04 21.9 min
[e2e] step 11000 loss 3.6603 lr 3.00e-04 22.1 min
[e2e] step 11100 loss 3.6315 lr 3.00e-04 22.3 min
[e2e] step 11200 loss 3.5901 lr 3.00e-04 22.5 min
[e2e] step 11300 loss 3.6037 lr 3.00e-04 22.7 min
[e2e] step 11400 loss 3.6253 lr 3.00e-04 22.8 min
[e2e] step 11500 loss 3.6494 lr 3.00e-04 23.0 min
[e2e] step 11600 loss 3.5676 lr 3.00e-04 23.2 min
[e2e] step 11700 loss 3.6044 lr 3.00e-04 23.4 min
[e2e] step 11800 loss 3.5494 lr 3.00e-04 23.6 min
[e2e] step 11900 loss 3.6019 lr 3.00e-04 23.7 min
[e2e] step 12000 loss 3.5423 lr 3.00e-04 23.9 min
[e2e] step 12000 quick period probe (linear, 5 classes, n=4000) bal.acc 0.856
[e2e] step 12100 loss 3.5076 lr 3.00e-04 24.4 min
[e2e] step 12200 loss 3.5419 lr 3.00e-04 24.6 min
[e2e] step 12300 loss 3.4365 lr 3.00e-04 24.8 min
[e2e] step 12400 loss 3.5156 lr 3.00e-04 25.0 min
[e2e] step 12500 loss 3.5250 lr 3.00e-04 25.2 min
[e2e] step 12600 loss 3.4563 lr 3.00e-04 25.3 min
[e2e] step 12700 loss 3.4779 lr 3.00e-04 25.5 min
[e2e] step 12800 loss 3.4858 lr 3.00e-04 25.7 min
[e2e] step 12900 loss 3.4598 lr 3.00e-04 25.9 min
[e2e] step 13000 loss 3.4394 lr 3.00e-04 26.1 min
[e2e] step 13100 loss 3.4530 lr 3.00e-04 26.3 min
[e2e] step 13200 loss 3.4878 lr 3.00e-04 26.4 min
[e2e] step 13300 loss 3.3975 lr 3.00e-04 26.6 min
[e2e] step 13400 loss 3.3937 lr 3.00e-04 26.8 min
[e2e] step 13500 loss 3.4086 lr 3.00e-04 27.0 min
[e2e] step 13600 loss 3.4018 lr 3.00e-04 27.2 min
[e2e] step 13700 loss 3.4377 lr 3.00e-04 27.4 min
[e2e] step 13800 loss 3.3345 lr 3.00e-04 27.5 min
[e2e] step 13900 loss 3.3228 lr 3.00e-04 27.7 min
[e2e] step 14000 loss 3.3593 lr 3.00e-04 27.9 min
[e2e] step 14000 quick period probe (linear, 5 classes, n=4000) bal.acc 0.849
[e2e] step 14100 loss 3.3450 lr 3.00e-04 28.6 min
[e2e] step 14200 loss 3.3233 lr 3.00e-04 28.8 min
[e2e] step 14300 loss 3.3228 lr 3.00e-04 29.0 min
[e2e] step 14400 loss 3.2830 lr 3.00e-04 29.2 min
[e2e] step 14500 loss 3.3063 lr 3.00e-04 29.4 min
[e2e] step 14600 loss 3.2722 lr 3.00e-04 29.6 min
[e2e] step 14700 loss 3.2444 lr 3.00e-04 29.7 min
[e2e] step 14800 loss 3.2862 lr 3.00e-04 29.9 min
[e2e] step 14900 loss 3.2954 lr 3.00e-04 30.1 min
[e2e] step 15000 loss 3.2764 lr 3.00e-04 30.3 min
[e2e] step 15100 loss 3.2762 lr 3.00e-04 30.5 min
[e2e] step 15200 loss 3.2619 lr 3.00e-04 30.7 min
[e2e] step 15300 loss 3.2742 lr 3.00e-04 30.9 min
[e2e] step 15400 loss 3.2566 lr 3.00e-04 31.1 min
[e2e] step 15500 loss 3.2352 lr 3.00e-04 31.2 min
[e2e] step 15600 loss 3.2011 lr 3.00e-04 31.4 min
[e2e] step 15700 loss 3.2102 lr 3.00e-04 31.6 min
[e2e] step 15800 loss 3.2245 lr 3.00e-04 31.8 min
[e2e] step 15900 loss 3.2618 lr 3.00e-04 32.0 min
[e2e] step 16000 loss 3.2081 lr 3.00e-04 32.2 min
[e2e] step 16000 quick period probe (linear, 5 classes, n=4000) bal.acc 0.857
[e2e] step 16100 loss 3.1923 lr 3.00e-04 32.9 min
[e2e] step 16200 loss 3.1660 lr 3.00e-04 33.1 min
[e2e] step 16300 loss 3.1613 lr 3.00e-04 33.3 min
[e2e] step 16400 loss 3.1788 lr 3.00e-04 33.5 min
[e2e] step 16500 loss 3.1518 lr 3.00e-04 33.7 min
[e2e] step 16600 loss 3.1818 lr 3.00e-04 33.8 min
[e2e] step 16700 loss 3.1130 lr 3.00e-04 34.0 min
[e2e] step 16800 loss 3.1553 lr 3.00e-04 34.2 min
[e2e] step 16900 loss 3.1534 lr 3.00e-04 34.4 min
[e2e] step 17000 loss 3.1570 lr 3.00e-04 34.6 min
[e2e] step 17100 loss 3.1223 lr 3.00e-04 34.8 min
[e2e] step 17200 loss 3.0905 lr 3.00e-04 35.0 min
[e2e] step 17300 loss 3.1452 lr 3.00e-04 35.2 min
[e2e] step 17400 loss 3.1235 lr 3.00e-04 35.3 min
[e2e] step 17500 loss 3.0927 lr 3.00e-04 35.5 min
[e2e] step 17600 loss 3.1096 lr 3.00e-04 35.7 min
[e2e] step 17700 loss 3.1022 lr 3.00e-04 35.9 min
[e2e] step 17800 loss 3.0867 lr 3.00e-04 36.1 min
[e2e] step 17900 loss 3.0873 lr 3.00e-04 36.3 min
[e2e] step 18000 loss 3.0663 lr 3.00e-04 36.5 min
[e2e] step 18000 quick period probe (linear, 5 classes, n=4000) bal.acc 0.862
[e2e] step 18100 loss 3.0770 lr 3.00e-04 37.3 min
[e2e] step 18200 loss 3.0899 lr 3.00e-04 37.5 min
[e2e] step 18300 loss 3.0558 lr 3.00e-04 37.7 min
[e2e] step 18400 loss 3.0872 lr 3.00e-04 37.9 min
[e2e] step 18500 loss 3.0485 lr 3.00e-04 38.0 min
[e2e] step 18600 loss 3.0629 lr 3.00e-04 38.2 min
[e2e] step 18700 loss 3.0785 lr 3.00e-04 38.4 min
[e2e] step 18800 loss 3.0394 lr 3.00e-04 38.6 min
[e2e] step 18900 loss 3.0488 lr 3.00e-04 38.8 min
[e2e] step 19000 loss 2.9934 lr 3.00e-04 39.0 min
[e2e] step 19100 loss 3.0272 lr 3.00e-04 39.2 min
[e2e] step 19200 loss 3.0376 lr 3.00e-04 39.4 min
[e2e] step 19300 loss 2.9887 lr 3.00e-04 39.5 min
[e2e] step 19400 loss 2.9793 lr 3.00e-04 39.7 min
[e2e] step 19500 loss 3.0204 lr 3.00e-04 39.9 min
[e2e] step 19600 loss 2.9648 lr 3.00e-04 40.1 min
[e2e] step 19700 loss 3.0028 lr 3.00e-04 40.3 min
[e2e] step 19800 loss 2.9383 lr 3.00e-04 40.5 min
[e2e] step 19900 loss 3.0012 lr 3.00e-04 40.7 min
[e2e] step 20000 loss 2.9606 lr 3.00e-04 40.9 min
[e2e] step 20000 quick period probe (linear, 5 classes, n=4000) bal.acc 0.852
[e2e] step 20100 loss 2.9828 lr 3.00e-04 41.7 min
[e2e] step 20200 loss 2.9696 lr 3.00e-04 41.9 min
[e2e] step 20300 loss 2.9717 lr 3.00e-04 42.1 min
[e2e] step 20400 loss 2.9256 lr 3.00e-04 42.2 min
[e2e] step 20500 loss 2.9993 lr 3.00e-04 42.4 min
[e2e] step 20600 loss 2.9891 lr 3.00e-04 42.6 min
[e2e] step 20700 loss 2.9659 lr 3.00e-04 42.8 min
[e2e] step 20800 loss 2.9286 lr 3.00e-04 43.0 min
[e2e] step 20900 loss 2.9343 lr 3.00e-04 43.2 min
[e2e] step 21000 loss 2.9281 lr 3.00e-04 43.4 min
[e2e] step 21100 loss 2.9617 lr 3.00e-04 43.6 min
[e2e] step 21200 loss 2.9252 lr 3.00e-04 43.8 min
[e2e] step 21300 loss 2.9262 lr 3.00e-04 43.9 min
[e2e] step 21400 loss 2.9460 lr 3.00e-04 44.1 min
[e2e] step 21500 loss 2.9119 lr 3.00e-04 44.3 min
[e2e] step 21600 loss 2.9065 lr 3.00e-04 44.5 min
[e2e] step 21700 loss 2.8979 lr 3.00e-04 44.7 min
[e2e] step 21800 loss 2.9138 lr 3.00e-04 44.9 min
[e2e] step 21900 loss 2.8881 lr 3.00e-04 45.1 min
[e2e] step 22000 loss 2.8842 lr 3.00e-04 45.3 min
[e2e] step 22000 quick period probe (linear, 5 classes, n=4000) bal.acc 0.869
[e2e] step 22100 loss 2.8414 lr 3.00e-04 46.1 min
[e2e] step 22200 loss 2.8602 lr 3.00e-04 46.3 min
[e2e] step 22300 loss 2.8915 lr 3.00e-04 46.4 min
[e2e] step 22400 loss 2.8749 lr 3.00e-04 46.6 min
[e2e] step 22500 loss 2.8341 lr 3.00e-04 46.8 min
[e2e] step 22600 loss 2.8662 lr 3.00e-04 47.0 min
[e2e] step 22700 loss 2.8519 lr 3.00e-04 47.2 min
[e2e] step 22800 loss 2.8284 lr 3.00e-04 47.4 min
[e2e] step 22900 loss 2.8733 lr 3.00e-04 47.6 min
[e2e] step 23000 loss 2.8378 lr 3.00e-04 47.7 min
[e2e] step 23100 loss 2.8277 lr 3.00e-04 47.9 min
[e2e] step 23200 loss 2.8358 lr 3.00e-04 48.1 min
[e2e] step 23300 loss 2.7757 lr 3.00e-04 48.3 min
[e2e] step 23400 loss 2.8216 lr 3.00e-04 48.5 min
[e2e] step 23500 loss 2.8309 lr 3.00e-04 48.7 min
[e2e] step 23600 loss 2.8318 lr 3.00e-04 48.9 min
[e2e] step 23700 loss 2.8218 lr 3.00e-04 49.1 min
[e2e] step 23800 loss 2.8241 lr 3.00e-04 49.2 min
[e2e] step 23900 loss 2.7834 lr 3.00e-04 49.4 min
[e2e] step 24000 loss 2.8522 lr 3.00e-04 49.6 min
[e2e] step 24000 quick period probe (linear, 5 classes, n=4000) bal.acc 0.868
[e2e] step 24100 loss 2.8220 lr 3.00e-04 50.4 min
[e2e] step 24200 loss 2.7881 lr 3.00e-04 50.6 min
[e2e] step 24300 loss 2.7942 lr 3.00e-04 50.8 min
[e2e] step 24400 loss 2.8054 lr 3.00e-04 51.0 min
[e2e] step 24500 loss 2.7953 lr 3.00e-04 51.1 min
[e2e] step 24600 loss 2.7871 lr 3.00e-04 51.3 min
[e2e] step 24700 loss 2.8048 lr 3.00e-04 51.5 min
[e2e] step 24800 loss 2.7662 lr 3.00e-04 51.7 min
[e2e] step 24900 loss 2.7805 lr 3.00e-04 51.9 min
[e2e] step 25000 loss 2.7931 lr 3.00e-04 52.1 min
[e2e] step 25100 loss 2.7638 lr 3.00e-04 52.3 min
[e2e] step 25200 loss 2.7554 lr 3.00e-04 52.5 min
[e2e] step 25300 loss 2.7791 lr 3.00e-04 52.6 min
[e2e] step 25400 loss 2.7276 lr 3.00e-04 52.8 min
[e2e] step 25500 loss 2.7394 lr 3.00e-04 53.0 min
[e2e] step 25600 loss 2.7417 lr 3.00e-04 53.2 min
[e2e] step 25700 loss 2.7724 lr 3.00e-04 53.4 min
[e2e] step 25800 loss 2.7339 lr 3.00e-04 53.6 min
[e2e] step 25900 loss 2.7336 lr 3.00e-04 53.8 min
[e2e] step 26000 loss 2.7609 lr 3.00e-04 53.9 min
[e2e] step 26000 quick period probe (linear, 5 classes, n=4000) bal.acc 0.871
[e2e] step 26100 loss 2.7059 lr 3.00e-04 54.9 min
[e2e] step 26200 loss 2.7217 lr 3.00e-04 55.1 min
[e2e] step 26300 loss 2.7195 lr 3.00e-04 55.2 min
[e2e] step 26400 loss 2.6713 lr 3.00e-04 55.4 min
[e2e] step 26500 loss 2.7376 lr 3.00e-04 55.6 min
[e2e] step 26600 loss 2.7347 lr 3.00e-04 55.8 min
[e2e] step 26700 loss 2.7223 lr 3.00e-04 56.0 min
[e2e] step 26800 loss 2.7245 lr 3.00e-04 56.2 min
[e2e] step 26900 loss 2.7066 lr 3.00e-04 56.4 min
[e2e] step 27000 loss 2.7270 lr 3.00e-04 56.5 min
[e2e] step 27100 loss 2.7101 lr 3.00e-04 56.7 min
[e2e] step 27200 loss 2.7066 lr 3.00e-04 56.9 min
[e2e] step 27300 loss 2.6700 lr 3.00e-04 57.1 min
[e2e] step 27400 loss 2.7173 lr 3.00e-04 57.3 min
[e2e] step 27500 loss 2.7143 lr 3.00e-04 57.5 min
[e2e] step 27600 loss 2.6911 lr 3.00e-04 57.7 min
[e2e] step 27700 loss 2.7032 lr 3.00e-04 57.9 min
[e2e] step 27800 loss 2.6995 lr 3.00e-04 58.0 min
[e2e] step 27900 loss 2.6749 lr 3.00e-04 58.2 min
[e2e] step 28000 loss 2.6614 lr 3.00e-04 58.4 min
[e2e] step 28000 quick period probe (linear, 5 classes, n=4000) bal.acc 0.882
[e2e] step 28100 loss 2.6395 lr 3.00e-04 59.2 min
[e2e] step 28200 loss 2.7000 lr 3.00e-04 59.4 min
[e2e] step 28300 loss 2.6774 lr 3.00e-04 59.6 min
[e2e] step 28400 loss 2.6822 lr 3.00e-04 59.8 min
[e2e] step 28500 loss 2.6480 lr 3.00e-04 60.0 min
[e2e] step 28600 loss 2.6843 lr 3.00e-04 60.2 min
[e2e] step 28700 loss 2.6628 lr 3.00e-04 60.4 min
[e2e] step 28800 loss 2.6362 lr 3.00e-04 60.5 min
[e2e] step 28900 loss 2.6287 lr 3.00e-04 60.7 min
[e2e] step 29000 loss 2.6194 lr 3.00e-04 60.9 min
[e2e] step 29100 loss 2.6694 lr 3.00e-04 61.1 min
[e2e] step 29200 loss 2.6593 lr 3.00e-04 61.3 min
[e2e] step 29300 loss 2.6165 lr 3.00e-04 61.5 min
[e2e] step 29400 loss 2.6189 lr 3.00e-04 61.7 min
[e2e] step 29500 loss 2.5968 lr 3.00e-04 61.9 min
[e2e] step 29600 loss 2.6687 lr 3.00e-04 62.0 min
[e2e] step 29700 loss 2.6117 lr 3.00e-04 62.2 min
[e2e] step 29800 loss 2.6221 lr 3.00e-04 62.4 min
[e2e] step 29900 loss 2.6104 lr 3.00e-04 62.6 min
[e2e] step 30000 loss 2.5925 lr 3.00e-04 62.8 min
[e2e] step 30000 quick period probe (linear, 5 classes, n=4000) bal.acc 0.877
[e2e] step 30100 loss 2.6642 lr 3.00e-04 63.7 min
[e2e] step 30200 loss 2.5996 lr 3.00e-04 63.9 min
[e2e] step 30300 loss 2.6281 lr 3.00e-04 64.1 min
[e2e] step 30400 loss 2.6201 lr 3.00e-04 64.2 min
[e2e] step 30500 loss 2.6010 lr 3.00e-04 64.4 min
[e2e] step 30600 loss 2.6297 lr 3.00e-04 64.6 min
[e2e] step 30700 loss 2.5874 lr 3.00e-04 64.8 min
[e2e] step 30800 loss 2.6184 lr 3.00e-04 65.0 min
[e2e] step 30900 loss 2.5897 lr 3.00e-04 65.2 min
[e2e] step 31000 loss 2.5805 lr 3.00e-04 65.4 min
[e2e] step 31100 loss 2.5624 lr 3.00e-04 65.5 min
[e2e] step 31200 loss 2.5872 lr 3.00e-04 65.7 min
[e2e] step 31300 loss 2.6398 lr 3.00e-04 65.9 min
[e2e] step 31400 loss 2.5872 lr 3.00e-04 66.1 min
[e2e] step 31500 loss 2.5623 lr 3.00e-04 66.3 min
[e2e] step 31600 loss 2.5922 lr 3.00e-04 66.5 min
[e2e] step 31700 loss 2.5955 lr 3.00e-04 66.7 min
[e2e] step 31800 loss 2.6044 lr 3.00e-04 66.8 min
[e2e] step 31900 loss 2.5964 lr 3.00e-04 67.0 min
[e2e] step 32000 loss 2.5557 lr 3.00e-04 67.2 min
[e2e] step 32000 quick period probe (linear, 5 classes, n=4000) bal.acc 0.857
[e2e] step 32100 loss 2.5623 lr 3.00e-04 68.1 min
[e2e] step 32200 loss 2.5654 lr 3.00e-04 68.3 min
[e2e] step 32300 loss 2.5475 lr 3.00e-04 68.5 min
[e2e] step 32400 loss 2.5367 lr 3.00e-04 68.7 min
[e2e] step 32500 loss 2.5726 lr 3.00e-04 68.9 min
[e2e] step 32600 loss 2.5551 lr 3.00e-04 69.1 min
[e2e] step 32700 loss 2.5437 lr 3.00e-04 69.3 min
[e2e] step 32800 loss 2.5264 lr 3.00e-04 69.4 min
[e2e] step 32900 loss 2.5359 lr 3.00e-04 69.6 min
[e2e] step 33000 loss 2.5265 lr 3.00e-04 69.8 min
[e2e] step 33100 loss 2.5362 lr 3.00e-04 70.0 min
[e2e] step 33200 loss 2.5776 lr 3.00e-04 70.2 min
[e2e] step 33300 loss 2.5436 lr 3.00e-04 70.4 min
[e2e] step 33400 loss 2.5491 lr 3.00e-04 70.6 min
[e2e] step 33500 loss 2.5189 lr 3.00e-04 70.8 min
[e2e] step 33600 loss 2.5104 lr 3.00e-04 70.9 min
[e2e] step 33700 loss 2.4909 lr 3.00e-04 71.1 min
[e2e] step 33800 loss 2.5197 lr 3.00e-04 71.3 min
[e2e] step 33900 loss 2.5340 lr 3.00e-04 71.5 min
[e2e] step 34000 loss 2.5521 lr 3.00e-04 71.7 min
[e2e] step 34000 quick period probe (linear, 5 classes, n=4000) bal.acc 0.870
[e2e] step 34100 loss 2.5126 lr 3.00e-04 72.4 min
[e2e] step 34200 loss 2.5423 lr 3.00e-04 72.6 min
[e2e] step 34300 loss 2.5223 lr 3.00e-04 72.8 min
[e2e] step 34400 loss 2.5102 lr 3.00e-04 73.0 min
[e2e] step 34500 loss 2.5237 lr 3.00e-04 73.2 min
[e2e] step 34600 loss 2.5062 lr 3.00e-04 73.4 min
[e2e] step 34700 loss 2.5074 lr 3.00e-04 73.6 min
[e2e] step 34800 loss 2.5231 lr 3.00e-04 73.8 min
[e2e] step 34900 loss 2.5022 lr 3.00e-04 73.9 min
[e2e] step 35000 loss 2.5395 lr 3.00e-04 74.1 min
[e2e] step 35100 loss 2.4868 lr 3.00e-04 74.3 min
[e2e] step 35200 loss 2.5101 lr 3.00e-04 74.5 min
[e2e] step 35300 loss 2.5199 lr 3.00e-04 74.7 min
[e2e] step 35400 loss 2.4779 lr 3.00e-04 74.9 min
[e2e] step 35500 loss 2.4789 lr 3.00e-04 75.1 min
[e2e] step 35600 loss 2.4898 lr 3.00e-04 75.2 min
[e2e] step 35700 loss 2.4791 lr 3.00e-04 75.4 min
[e2e] step 35800 loss 2.4558 lr 3.00e-04 75.6 min
[e2e] step 35900 loss 2.5123 lr 3.00e-04 75.8 min
[e2e] step 36000 loss 2.4592 lr 3.00e-04 76.0 min
[e2e] step 36000 quick period probe (linear, 5 classes, n=4000) bal.acc 0.875
[e2e] step 36100 loss 2.5034 lr 3.00e-04 76.9 min
[e2e] step 36200 loss 2.4716 lr 3.00e-04 77.1 min
[e2e] step 36300 loss 2.4601 lr 3.00e-04 77.3 min
[e2e] step 36400 loss 2.5102 lr 3.00e-04 77.5 min
[e2e] step 36500 loss 2.4524 lr 3.00e-04 77.7 min
[e2e] step 36600 loss 2.4882 lr 3.00e-04 77.9 min
[e2e] step 36700 loss 2.4870 lr 3.00e-04 78.0 min
[e2e] step 36800 loss 2.4878 lr 3.00e-04 78.2 min
[e2e] step 36900 loss 2.4869 lr 3.00e-04 78.4 min
[e2e] step 37000 loss 2.4397 lr 3.00e-04 78.6 min
[e2e] step 37100 loss 2.4474 lr 3.00e-04 78.8 min
[e2e] step 37200 loss 2.4765 lr 3.00e-04 79.0 min
[e2e] step 37300 loss 2.4738 lr 3.00e-04 79.2 min
[e2e] step 37400 loss 2.4640 lr 3.00e-04 79.4 min
[e2e] step 37500 loss 2.5073 lr 3.00e-04 79.5 min
[e2e] step 37600 loss 2.4533 lr 3.00e-04 79.7 min
[e2e] step 37700 loss 2.4634 lr 3.00e-04 79.9 min
[e2e] step 37800 loss 2.4312 lr 3.00e-04 80.1 min
[e2e] step 37900 loss 2.4801 lr 3.00e-04 80.3 min
[e2e] step 38000 loss 2.4399 lr 3.00e-04 80.5 min
[e2e] step 38000 quick period probe (linear, 5 classes, n=4000) bal.acc 0.862
[e2e] step 38100 loss 2.4213 lr 3.00e-04 81.3 min
[e2e] step 38200 loss 2.4324 lr 3.00e-04 81.5 min
[e2e] step 38300 loss 2.4274 lr 3.00e-04 81.7 min
[e2e] step 38400 loss 2.4371 lr 3.00e-04 81.8 min
[e2e] step 38500 loss 2.4386 lr 3.00e-04 82.0 min
[e2e] step 38600 loss 2.4634 lr 3.00e-04 82.2 min
[e2e] step 38700 loss 2.4533 lr 3.00e-04 82.4 min
[e2e] step 38800 loss 2.4724 lr 3.00e-04 82.6 min
[e2e] step 38900 loss 2.3894 lr 3.00e-04 82.8 min
[e2e] step 39000 loss 2.4647 lr 3.00e-04 83.0 min
[e2e] step 39100 loss 2.4366 lr 3.00e-04 83.2 min
[e2e] step 39200 loss 2.4281 lr 3.00e-04 83.3 min
[e2e] step 39300 loss 2.3915 lr 3.00e-04 83.5 min
[e2e] step 39400 loss 2.3944 lr 3.00e-04 83.7 min
[e2e] step 39500 loss 2.3876 lr 3.00e-04 83.9 min
[e2e] step 39600 loss 2.3998 lr 3.00e-04 84.1 min
[e2e] step 39700 loss 2.3949 lr 3.00e-04 84.3 min
[e2e] step 39800 loss 2.4103 lr 3.00e-04 84.5 min
[e2e] step 39900 loss 2.4315 lr 3.00e-04 84.6 min
[e2e] step 40000 loss 2.4202 lr 3.00e-04 84.8 min
[e2e] step 40000 quick period probe (linear, 5 classes, n=4000) bal.acc 0.849
[e2e] step 40100 loss 2.4350 lr 3.00e-04 85.6 min
[e2e] step 40200 loss 2.4207 lr 3.00e-04 85.8 min
[e2e] step 40300 loss 2.3850 lr 3.00e-04 86.0 min
[e2e] step 40400 loss 2.4412 lr 3.00e-04 86.2 min
[e2e] step 40500 loss 2.4111 lr 3.00e-04 86.4 min
[e2e] step 40600 loss 2.3577 lr 3.00e-04 86.5 min
[e2e] step 40700 loss 2.3885 lr 3.00e-04 86.7 min
[e2e] step 40800 loss 2.3766 lr 3.00e-04 86.9 min
[e2e] step 40900 loss 2.4098 lr 3.00e-04 87.1 min
[e2e] step 41000 loss 2.4194 lr 3.00e-04 87.3 min
[e2e] step 41100 loss 2.4161 lr 3.00e-04 87.5 min
[e2e] step 41200 loss 2.3615 lr 3.00e-04 87.7 min
[e2e] step 41300 loss 2.4258 lr 3.00e-04 87.8 min
[e2e] step 41400 loss 2.3673 lr 3.00e-04 88.0 min
[e2e] step 41500 loss 2.3958 lr 3.00e-04 88.2 min
[e2e] step 41600 loss 2.4112 lr 3.00e-04 88.4 min
[e2e] step 41700 loss 2.3888 lr 3.00e-04 88.6 min
[e2e] step 41800 loss 2.3469 lr 3.00e-04 88.8 min
[e2e] step 41900 loss 2.3751 lr 3.00e-04 89.0 min
[e2e] step 42000 loss 2.3741 lr 3.00e-04 89.2 min
[e2e] step 42000 quick period probe (linear, 5 classes, n=4000) bal.acc 0.882
[e2e] step 42100 loss 2.4012 lr 3.00e-04 89.9 min
[e2e] step 42200 loss 2.3678 lr 3.00e-04 90.1 min
[e2e] step 42300 loss 2.3662 lr 3.00e-04 90.3 min
[e2e] step 42400 loss 2.3981 lr 3.00e-04 90.5 min
[e2e] step 42500 loss 2.3601 lr 3.00e-04 90.6 min
[e2e] step 42600 loss 2.3586 lr 3.00e-04 90.8 min
[e2e] step 42700 loss 2.3477 lr 3.00e-04 91.0 min
[e2e] step 42800 loss 2.3532 lr 3.00e-04 91.2 min
[e2e] step 42900 loss 2.3583 lr 3.00e-04 91.4 min
[e2e] step 43000 loss 2.3554 lr 3.00e-04 91.6 min
[e2e] step 43100 loss 2.3402 lr 3.00e-04 91.8 min
[e2e] step 43200 loss 2.3784 lr 3.00e-04 92.0 min
[e2e] step 43300 loss 2.3455 lr 3.00e-04 92.1 min
[e2e] step 43400 loss 2.3193 lr 3.00e-04 92.3 min
[e2e] step 43500 loss 2.3620 lr 3.00e-04 92.5 min
[e2e] step 43600 loss 2.3689 lr 3.00e-04 92.7 min
[e2e] step 43700 loss 2.3311 lr 3.00e-04 92.9 min
[e2e] step 43800 loss 2.3642 lr 3.00e-04 93.1 min
[e2e] step 43900 loss 2.3334 lr 3.00e-04 93.3 min
[e2e] step 44000 loss 2.3271 lr 3.00e-04 93.4 min
[e2e] step 44000 quick period probe (linear, 5 classes, n=4000) bal.acc 0.862
[e2e] step 44100 loss 2.3815 lr 3.00e-04 94.2 min
[e2e] step 44200 loss 2.3504 lr 3.00e-04 94.4 min
[e2e] step 44300 loss 2.3271 lr 3.00e-04 94.6 min
[e2e] step 44400 loss 2.3368 lr 3.00e-04 94.8 min
[e2e] step 44500 loss 2.3460 lr 3.00e-04 95.0 min
[e2e] step 44600 loss 2.3433 lr 3.00e-04 95.1 min
[e2e] step 44700 loss 2.3589 lr 3.00e-04 95.3 min
[e2e] step 44800 loss 2.3726 lr 3.00e-04 95.5 min
[e2e] step 44900 loss 2.3208 lr 3.00e-04 95.7 min
[e2e] step 45000 loss 2.3474 lr 3.00e-04 95.9 min
[e2e] step 45100 loss 2.3573 lr 3.00e-04 96.1 min
[e2e] step 45200 loss 2.3184 lr 3.00e-04 96.3 min
[e2e] step 45300 loss 2.3281 lr 3.00e-04 96.5 min
[e2e] step 45400 loss 2.3385 lr 3.00e-04 96.6 min
[e2e] step 45500 loss 2.3460 lr 3.00e-04 96.8 min
[e2e] step 45600 loss 2.3093 lr 3.00e-04 97.0 min
[e2e] step 45700 loss 2.3213 lr 3.00e-04 97.2 min
[e2e] step 45800 loss 2.3306 lr 3.00e-04 97.4 min
[e2e] step 45900 loss 2.3146 lr 3.00e-04 97.6 min
[e2e] step 46000 loss 2.3170 lr 3.00e-04 97.8 min
[e2e] step 46000 quick period probe (linear, 5 classes, n=4000) bal.acc 0.855
[e2e] step 46100 loss 2.3166 lr 3.00e-04 98.6 min
[e2e] step 46200 loss 2.3121 lr 3.00e-04 98.8 min
[e2e] step 46300 loss 2.3101 lr 3.00e-04 98.9 min
[e2e] step 46400 loss 2.2783 lr 3.00e-04 99.1 min
[e2e] step 46500 loss 2.3080 lr 3.00e-04 99.3 min
[e2e] step 46600 loss 2.3099 lr 3.00e-04 99.5 min
[e2e] step 46700 loss 2.2979 lr 3.00e-04 99.7 min
[e2e] step 46800 loss 2.3227 lr 3.00e-04 99.9 min
[e2e] step 46900 loss 2.3422 lr 3.00e-04 100.1 min
[e2e] step 47000 loss 2.3057 lr 3.00e-04 100.2 min
[e2e] step 47100 loss 2.2920 lr 3.00e-04 100.4 min
[e2e] step 47200 loss 2.3060 lr 3.00e-04 100.6 min
[e2e] step 47300 loss 2.3103 lr 3.00e-04 100.8 min
[e2e] step 47400 loss 2.3190 lr 3.00e-04 101.0 min
[e2e] step 47500 loss 2.3129 lr 3.00e-04 101.2 min
[e2e] step 47600 loss 2.3036 lr 3.00e-04 101.4 min
[e2e] step 47700 loss 2.3087 lr 3.00e-04 101.6 min
[e2e] step 47800 loss 2.3093 lr 3.00e-04 101.7 min
[e2e] step 47900 loss 2.3183 lr 3.00e-04 101.9 min
[e2e] step 48000 loss 2.2644 lr 3.00e-04 102.1 min
[e2e] step 48000 quick period probe (linear, 5 classes, n=4000) bal.acc 0.844
[e2e] step 48100 loss 2.2843 lr 3.00e-04 103.1 min
[e2e] step 48200 loss 2.2780 lr 3.00e-04 103.3 min
[e2e] step 48300 loss 2.2913 lr 3.00e-04 103.5 min
[e2e] step 48400 loss 2.2731 lr 3.00e-04 103.7 min
[e2e] step 48500 loss 2.2857 lr 3.00e-04 103.9 min
[e2e] step 48600 loss 2.2977 lr 3.00e-04 104.1 min
[e2e] step 48700 loss 2.2940 lr 3.00e-04 104.3 min
[e2e] step 48800 loss 2.2923 lr 3.00e-04 104.4 min
[e2e] step 48900 loss 2.3043 lr 3.00e-04 104.6 min
[e2e] step 49000 loss 2.2764 lr 3.00e-04 104.8 min
[e2e] step 49100 loss 2.2652 lr 3.00e-04 105.0 min
[e2e] step 49200 loss 2.2848 lr 3.00e-04 105.2 min
[e2e] step 49300 loss 2.3026 lr 3.00e-04 105.4 min
[e2e] step 49400 loss 2.3062 lr 3.00e-04 105.6 min
[e2e] step 49500 loss 2.2515 lr 3.00e-04 105.7 min
[e2e] step 49600 loss 2.2918 lr 3.00e-04 105.9 min
[e2e] step 49700 loss 2.2931 lr 3.00e-04 106.1 min
[e2e] step 49800 loss 2.2880 lr 3.00e-04 106.3 min
[e2e] step 49900 loss 2.2773 lr 3.00e-04 106.5 min
[e2e] step 50000 loss 2.2688 lr 3.00e-04 106.7 min
[e2e] step 50000 quick period probe (linear, 5 classes, n=4000) bal.acc 0.861
[e2e] step 50100 loss 2.2930 lr 3.00e-04 107.4 min
[e2e] step 50200 loss 2.2722 lr 3.00e-04 107.6 min
[e2e] step 50300 loss 2.3053 lr 3.00e-04 107.8 min
[e2e] step 50400 loss 2.2812 lr 3.00e-04 108.0 min
[e2e] step 50500 loss 2.2882 lr 3.00e-04 108.2 min
[e2e] step 50600 loss 2.2687 lr 3.00e-04 108.4 min
[e2e] step 50700 loss 2.3131 lr 3.00e-04 108.6 min
[e2e] step 50800 loss 2.2448 lr 3.00e-04 108.8 min
[e2e] step 50900 loss 2.2644 lr 3.00e-04 108.9 min
[e2e] step 51000 loss 2.2465 lr 3.00e-04 109.1 min
[e2e] step 51100 loss 2.2697 lr 3.00e-04 109.3 min
[e2e] step 51200 loss 2.2646 lr 3.00e-04 109.5 min
[e2e] step 51300 loss 2.2961 lr 3.00e-04 109.7 min
[e2e] step 51400 loss 2.2706 lr 3.00e-04 109.9 min
[e2e] step 51500 loss 2.2636 lr 3.00e-04 110.1 min
[e2e] step 51600 loss 2.2328 lr 3.00e-04 110.3 min
[e2e] step 51700 loss 2.2612 lr 3.00e-04 110.4 min
[e2e] step 51800 loss 2.2534 lr 3.00e-04 110.6 min
[e2e] step 51900 loss 2.2409 lr 3.00e-04 110.8 min
[e2e] step 52000 loss 2.2685 lr 3.00e-04 111.0 min
[e2e] step 52000 quick period probe (linear, 5 classes, n=4000) bal.acc 0.856
[e2e] step 52100 loss 2.2544 lr 3.00e-04 111.8 min
[e2e] step 52200 loss 2.2417 lr 3.00e-04 112.0 min
[e2e] step 52300 loss 2.2672 lr 3.00e-04 112.2 min
[e2e] step 52400 loss 2.2608 lr 3.00e-04 112.4 min
[e2e] step 52500 loss 2.2524 lr 3.00e-04 112.6 min
[e2e] step 52600 loss 2.2564 lr 3.00e-04 112.8 min
[e2e] step 52700 loss 2.2774 lr 3.00e-04 113.0 min
[e2e] step 52800 loss 2.2418 lr 3.00e-04 113.1 min
[e2e] step 52900 loss 2.2388 lr 3.00e-04 113.3 min
[e2e] step 53000 loss 2.2472 lr 3.00e-04 113.5 min
[e2e] step 53100 loss 2.2721 lr 3.00e-04 113.7 min
[e2e] step 53200 loss 2.2796 lr 3.00e-04 113.9 min
[e2e] step 53300 loss 2.2575 lr 3.00e-04 114.1 min
[e2e] step 53400 loss 2.2433 lr 3.00e-04 114.3 min
[e2e] step 53500 loss 2.2456 lr 3.00e-04 114.5 min
[e2e] step 53600 loss 2.2381 lr 3.00e-04 114.6 min
[e2e] step 53700 loss 2.2219 lr 3.00e-04 114.8 min
[e2e] step 53800 loss 2.2383 lr 3.00e-04 115.0 min
[e2e] step 53900 loss 2.2372 lr 3.00e-04 115.2 min
[e2e] step 54000 loss 2.2296 lr 3.00e-04 115.4 min
[e2e] step 54000 quick period probe (linear, 5 classes, n=4000) bal.acc 0.850
[e2e] step 54100 loss 2.2456 lr 3.00e-04 116.1 min
[e2e] step 54200 loss 2.2407 lr 3.00e-04 116.3 min
[e2e] step 54300 loss 2.2518 lr 3.00e-04 116.5 min
[e2e] step 54400 loss 2.2329 lr 3.00e-04 116.7 min
[e2e] step 54500 loss 2.2380 lr 3.00e-04 116.8 min
[e2e] step 54600 loss 2.2410 lr 3.00e-04 117.0 min
[e2e] step 54700 loss 2.2486 lr 3.00e-04 117.2 min
[e2e] step 54800 loss 2.2242 lr 3.00e-04 117.4 min
[e2e] step 54900 loss 2.2005 lr 3.00e-04 117.6 min
[e2e] step 55000 loss 2.2636 lr 3.00e-04 117.8 min
[e2e] step 55100 loss 2.2273 lr 3.00e-04 118.0 min
[e2e] step 55200 loss 2.2314 lr 3.00e-04 118.1 min
[e2e] step 55300 loss 2.2202 lr 3.00e-04 118.3 min
[e2e] step 55400 loss 2.2538 lr 3.00e-04 118.5 min
[e2e] step 55500 loss 2.2135 lr 3.00e-04 118.7 min
[e2e] step 55600 loss 2.2200 lr 3.00e-04 118.9 min
[e2e] step 55700 loss 2.2128 lr 3.00e-04 119.1 min
[e2e] step 55800 loss 2.2245 lr 3.00e-04 119.3 min
[e2e] step 55900 loss 2.2218 lr 3.00e-04 119.5 min
[e2e] step 56000 loss 2.2216 lr 3.00e-04 119.6 min
[e2e] step 56000 quick period probe (linear, 5 classes, n=4000) bal.acc 0.861
[e2e] step 56100 loss 2.1786 lr 3.00e-04 120.6 min
[e2e] step 56200 loss 2.2063 lr 3.00e-04 120.8 min
[e2e] step 56300 loss 2.2142 lr 3.00e-04 121.0 min
[e2e] step 56400 loss 2.1905 lr 3.00e-04 121.1 min
[e2e] step 56500 loss 2.2086 lr 3.00e-04 121.3 min
[e2e] step 56600 loss 2.2131 lr 3.00e-04 121.5 min
[e2e] step 56700 loss 2.1912 lr 3.00e-04 121.7 min
[e2e] step 56800 loss 2.1901 lr 3.00e-04 121.9 min
[e2e] step 56900 loss 2.2163 lr 3.00e-04 122.1 min
[e2e] step 57000 loss 2.1713 lr 3.00e-04 122.3 min
[e2e] step 57100 loss 2.1766 lr 3.00e-04 122.4 min
[e2e] step 57200 loss 2.2057 lr 3.00e-04 122.6 min
[e2e] step 57300 loss 2.1896 lr 3.00e-04 122.8 min
[e2e] step 57400 loss 2.2119 lr 3.00e-04 123.0 min
[e2e] step 57500 loss 2.2089 lr 3.00e-04 123.2 min
[e2e] step 57600 loss 2.1843 lr 3.00e-04 123.4 min
[e2e] step 57700 loss 2.2076 lr 3.00e-04 123.6 min
[e2e] step 57800 loss 2.2009 lr 3.00e-04 123.8 min
[e2e] step 57900 loss 2.1632 lr 3.00e-04 124.0 min
[e2e] step 58000 loss 2.1949 lr 3.00e-04 124.1 min
[e2e] step 58000 quick period probe (linear, 5 classes, n=4000) bal.acc 0.851
[e2e] step 58100 loss 2.1874 lr 3.00e-04 124.9 min
[e2e] step 58200 loss 2.1927 lr 3.00e-04 125.1 min
[e2e] step 58300 loss 2.1916 lr 3.00e-04 125.3 min
[e2e] step 58400 loss 2.1981 lr 3.00e-04 125.5 min
[e2e] step 58500 loss 2.1840 lr 3.00e-04 125.7 min
[e2e] step 58600 loss 2.2073 lr 3.00e-04 125.9 min
[e2e] step 58700 loss 2.1696 lr 3.00e-04 126.1 min
[e2e] step 58800 loss 2.2203 lr 3.00e-04 126.2 min
[e2e] step 58900 loss 2.1793 lr 3.00e-04 126.4 min
[e2e] step 59000 loss 2.1952 lr 3.00e-04 126.6 min
[e2e] step 59100 loss 2.1806 lr 3.00e-04 126.8 min
[e2e] step 59200 loss 2.1937 lr 3.00e-04 127.0 min
[e2e] step 59300 loss 2.2050 lr 3.00e-04 127.2 min
[e2e] step 59400 loss 2.1870 lr 3.00e-04 127.4 min
[e2e] step 59500 loss 2.1875 lr 3.00e-04 127.6 min
[e2e] step 59600 loss 2.1800 lr 3.00e-04 127.7 min
[e2e] step 59700 loss 2.2004 lr 3.00e-04 127.9 min
[e2e] step 59800 loss 2.1890 lr 3.00e-04 128.1 min
[e2e] step 59900 loss 2.1837 lr 3.00e-04 128.3 min
[e2e] step 60000 loss 2.1829 lr 3.00e-04 128.5 min
[e2e] step 60000 quick period probe (linear, 5 classes, n=4000) bal.acc 0.848
[e2e] step 60100 loss 2.1566 lr 3.00e-04 129.4 min
[e2e] step 60200 loss 2.1907 lr 3.00e-04 129.6 min
[e2e] step 60300 loss 2.1422 lr 3.00e-04 129.8 min
[e2e] step 60400 loss 2.1782 lr 3.00e-04 129.9 min
[e2e] step 60500 loss 2.1885 lr 3.00e-04 130.1 min
[e2e] step 60600 loss 2.1273 lr 3.00e-04 130.3 min
[e2e] step 60700 loss 2.1489 lr 3.00e-04 130.5 min
[e2e] step 60800 loss 2.1809 lr 3.00e-04 130.7 min
[e2e] step 60900 loss 2.1681 lr 3.00e-04 130.9 min
[e2e] step 61000 loss 2.1945 lr 3.00e-04 131.1 min
[e2e] step 61100 loss 2.1415 lr 3.00e-04 131.3 min
[e2e] step 61200 loss 2.1720 lr 3.00e-04 131.5 min
[e2e] step 61300 loss 2.1742 lr 3.00e-04 131.6 min
[e2e] step 61400 loss 2.1744 lr 3.00e-04 131.8 min
[e2e] step 61500 loss 2.1691 lr 3.00e-04 132.0 min
[e2e] step 61600 loss 2.1975 lr 3.00e-04 132.2 min
[e2e] step 61700 loss 2.1686 lr 3.00e-04 132.4 min
[e2e] step 61800 loss 2.1597 lr 3.00e-04 132.6 min
[e2e] step 61900 loss 2.1459 lr 3.00e-04 132.8 min
[e2e] step 62000 loss 2.1733 lr 3.00e-04 132.9 min
[e2e] step 62000 quick period probe (linear, 5 classes, n=4000) bal.acc 0.844
[e2e] step 62100 loss 2.1699 lr 3.00e-04 133.8 min
[e2e] step 62200 loss 2.1672 lr 3.00e-04 134.0 min
[e2e] step 62300 loss 2.1708 lr 3.00e-04 134.1 min
[e2e] step 62400 loss 2.1747 lr 3.00e-04 134.3 min
[e2e] step 62500 loss 2.1539 lr 3.00e-04 134.5 min
[e2e] step 62600 loss 2.1485 lr 3.00e-04 134.7 min
[e2e] step 62700 loss 2.1773 lr 3.00e-04 134.9 min
[e2e] step 62800 loss 2.1660 lr 3.00e-04 135.1 min
[e2e] step 62900 loss 2.1858 lr 3.00e-04 135.3 min
[e2e] step 63000 loss 2.1504 lr 3.00e-04 135.4 min
[e2e] step 63100 loss 2.1529 lr 3.00e-04 135.6 min
[e2e] step 63200 loss 2.1263 lr 3.00e-04 135.8 min
[e2e] step 63300 loss 2.1501 lr 3.00e-04 136.0 min
[e2e] step 63400 loss 2.1758 lr 3.00e-04 136.2 min
[e2e] step 63500 loss 2.1837 lr 3.00e-04 136.4 min
[e2e] step 63600 loss 2.1547 lr 3.00e-04 136.6 min
[e2e] step 63700 loss 2.1631 lr 3.00e-04 136.8 min
[e2e] step 63800 loss 2.1841 lr 3.00e-04 136.9 min
[e2e] step 63900 loss 2.1481 lr 3.00e-04 137.1 min
[e2e] step 64000 loss 2.1578 lr 3.00e-04 137.3 min
[e2e] step 64000 quick period probe (linear, 5 classes, n=4000) bal.acc 0.868
[e2e] step 64100 loss 2.1250 lr 3.00e-04 138.1 min
[e2e] step 64200 loss 2.1628 lr 3.00e-04 138.3 min
[e2e] step 64300 loss 2.1659 lr 3.00e-04 138.4 min
[e2e] step 64400 loss 2.1509 lr 3.00e-04 138.6 min
[e2e] step 64500 loss 2.1544 lr 3.00e-04 138.8 min
[e2e] step 64600 loss 2.1593 lr 3.00e-04 139.0 min
[e2e] step 64700 loss 2.1429 lr 3.00e-04 139.2 min
[e2e] step 64800 loss 2.1658 lr 3.00e-04 139.4 min
[e2e] step 64900 loss 2.1553 lr 3.00e-04 139.6 min
[e2e] step 65000 loss 2.1828 lr 3.00e-04 139.8 min
[e2e] step 65100 loss 2.1452 lr 3.00e-04 139.9 min
[e2e] step 65200 loss 2.1448 lr 3.00e-04 140.1 min
[e2e] step 65300 loss 2.1147 lr 3.00e-04 140.3 min
[e2e] step 65400 loss 2.1384 lr 3.00e-04 140.5 min
[e2e] step 65500 loss 2.1100 lr 3.00e-04 140.7 min
[e2e] step 65600 loss 2.1259 lr 3.00e-04 140.9 min
[e2e] step 65700 loss 2.1301 lr 3.00e-04 141.1 min
[e2e] step 65800 loss 2.1203 lr 3.00e-04 141.3 min
[e2e] step 65900 loss 2.1509 lr 3.00e-04 141.5 min
[e2e] step 66000 loss 2.1347 lr 3.00e-04 141.6 min
[e2e] step 66000 quick period probe (linear, 5 classes, n=4000) bal.acc 0.829
[e2e] step 66100 loss 2.1107 lr 3.00e-04 142.5 min
[e2e] step 66200 loss 2.1610 lr 3.00e-04 142.7 min
[e2e] step 66300 loss 2.1168 lr 3.00e-04 142.9 min
[e2e] step 66400 loss 2.1324 lr 3.00e-04 143.1 min
[e2e] step 66500 loss 2.1301 lr 3.00e-04 143.3 min
[e2e] step 66600 loss 2.1334 lr 3.00e-04 143.5 min
[e2e] step 66700 loss 2.1682 lr 3.00e-04 143.7 min
[e2e] step 66800 loss 2.1617 lr 3.00e-04 143.8 min
[e2e] step 66900 loss 2.1422 lr 3.00e-04 144.0 min
[e2e] step 67000 loss 2.1206 lr 3.00e-04 144.2 min
[e2e] step 67100 loss 2.1178 lr 3.00e-04 144.4 min
[e2e] step 67200 loss 2.1867 lr 3.00e-04 144.6 min
[e2e] step 67300 loss 2.1068 lr 3.00e-04 144.8 min
[e2e] step 67400 loss 2.1323 lr 3.00e-04 145.0 min
[e2e] step 67500 loss 2.1337 lr 3.00e-04 145.1 min
[e2e] step 67600 loss 2.1404 lr 3.00e-04 145.3 min
[e2e] step 67700 loss 2.1432 lr 3.00e-04 145.5 min
[e2e] step 67800 loss 2.1401 lr 3.00e-04 145.7 min
[e2e] step 67900 loss 2.0758 lr 3.00e-04 145.9 min
[e2e] step 68000 loss 2.1436 lr 3.00e-04 146.1 min
[e2e] step 68000 quick period probe (linear, 5 classes, n=4000) bal.acc 0.843
[e2e] step 68100 loss 2.1594 lr 3.00e-04 147.1 min
[e2e] step 68200 loss 2.1655 lr 3.00e-04 147.3 min
[e2e] step 68300 loss 2.1450 lr 3.00e-04 147.5 min
[e2e] step 68400 loss 2.1417 lr 3.00e-04 147.6 min
[e2e] step 68500 loss 2.1075 lr 3.00e-04 147.8 min
[e2e] step 68600 loss 2.1536 lr 3.00e-04 148.0 min
[e2e] step 68700 loss 2.1624 lr 3.00e-04 148.2 min
[e2e] step 68800 loss 2.1111 lr 3.00e-04 148.4 min
[e2e] step 68900 loss 2.1514 lr 3.00e-04 148.6 min
[e2e] step 69000 loss 2.1337 lr 3.00e-04 148.8 min
[e2e] step 69100 loss 2.1351 lr 3.00e-04 149.0 min
[e2e] step 69200 loss 2.1729 lr 3.00e-04 149.1 min
[e2e] step 69300 loss 2.1545 lr 3.00e-04 149.3 min
[e2e] step 69400 loss 2.1318 lr 3.00e-04 149.5 min
[e2e] step 69500 loss 2.1461 lr 3.00e-04 149.7 min
[e2e] step 69600 loss 2.1248 lr 3.00e-04 149.9 min
[e2e] step 69700 loss 2.1000 lr 3.00e-04 150.1 min
[e2e] step 69800 loss 2.1208 lr 3.00e-04 150.3 min
[e2e] step 69900 loss 2.1758 lr 3.00e-04 150.5 min
[e2e] step 70000 loss 2.1349 lr 3.00e-04 150.6 min
[e2e] step 70000 quick period probe (linear, 5 classes, n=4000) bal.acc 0.868
[e2e] step 70100 loss 2.1168 lr 3.00e-04 151.5 min
[e2e] step 70200 loss 2.0981 lr 3.00e-04 151.7 min
[e2e] step 70300 loss 2.1156 lr 3.00e-04 151.9 min
[e2e] step 70400 loss 2.1133 lr 3.00e-04 152.1 min
[e2e] step 70500 loss 2.1079 lr 3.00e-04 152.3 min
[e2e] step 70600 loss 2.1304 lr 3.00e-04 152.5 min
[e2e] step 70700 loss 2.0967 lr 3.00e-04 152.7 min
[e2e] step 70800 loss 2.1178 lr 3.00e-04 152.8 min
[e2e] step 70900 loss 2.0941 lr 3.00e-04 153.0 min
[e2e] step 71000 loss 2.1549 lr 3.00e-04 153.2 min
[e2e] step 71100 loss 2.0968 lr 3.00e-04 153.4 min
[e2e] step 71200 loss 2.0894 lr 3.00e-04 153.6 min
[e2e] step 71300 loss 2.1201 lr 3.00e-04 153.8 min
[e2e] step 71400 loss 2.1300 lr 3.00e-04 154.0 min
[e2e] step 71500 loss 2.1270 lr 3.00e-04 154.1 min
[e2e] step 71600 loss 2.1098 lr 3.00e-04 154.3 min
[e2e] step 71700 loss 2.1257 lr 3.00e-04 154.5 min
[e2e] step 71800 loss 2.0994 lr 3.00e-04 154.7 min
[e2e] step 71900 loss 2.1351 lr 3.00e-04 154.9 min
[e2e] step 72000 loss 2.1468 lr 3.00e-04 155.1 min
[e2e] step 72000 quick period probe (linear, 5 classes, n=4000) bal.acc 0.849
[e2e] step 72100 loss 2.1062 lr 3.00e-04 156.0 min
[e2e] step 72200 loss 2.1264 lr 3.00e-04 156.1 min
[e2e] step 72300 loss 2.1361 lr 3.00e-04 156.3 min
[e2e] step 72400 loss 2.1178 lr 3.00e-04 156.5 min
[e2e] step 72500 loss 2.1136 lr 3.00e-04 156.7 min
[e2e] step 72600 loss 2.1582 lr 3.00e-04 156.9 min
[e2e] step 72700 loss 2.1176 lr 3.00e-04 157.1 min
[e2e] step 72800 loss 2.1303 lr 3.00e-04 157.3 min
[e2e] step 72900 loss 2.1102 lr 3.00e-04 157.4 min
[e2e] step 73000 loss 2.1158 lr 3.00e-04 157.6 min
[e2e] step 73100 loss 2.1183 lr 3.00e-04 157.8 min
[e2e] step 73200 loss 2.1336 lr 3.00e-04 158.0 min
[e2e] step 73300 loss 2.1039 lr 3.00e-04 158.2 min
[e2e] step 73400 loss 2.1025 lr 3.00e-04 158.4 min
[e2e] step 73500 loss 2.1037 lr 3.00e-04 158.6 min
[e2e] step 73600 loss 2.0915 lr 3.00e-04 158.8 min
[e2e] step 73700 loss 2.1296 lr 3.00e-04 158.9 min
[e2e] step 73800 loss 2.1028 lr 3.00e-04 159.1 min
[e2e] step 73900 loss 2.1144 lr 3.00e-04 159.3 min
[e2e] step 74000 loss 2.1012 lr 3.00e-04 159.5 min
[e2e] step 74000 quick period probe (linear, 5 classes, n=4000) bal.acc 0.863
[e2e] step 74100 loss 2.1133 lr 3.00e-04 160.3 min
[e2e] step 74200 loss 2.1281 lr 3.00e-04 160.5 min
[e2e] step 74300 loss 2.0874 lr 3.00e-04 160.7 min
[e2e] step 74400 loss 2.1125 lr 3.00e-04 160.8 min
[e2e] step 74500 loss 2.1045 lr 3.00e-04 161.0 min
[e2e] step 74600 loss 2.1104 lr 3.00e-04 161.2 min
[e2e] step 74700 loss 2.1019 lr 3.00e-04 161.4 min
[e2e] step 74800 loss 2.1428 lr 3.00e-04 161.6 min
[e2e] step 74900 loss 2.1172 lr 3.00e-04 161.8 min
[e2e] step 75000 loss 2.0991 lr 3.00e-04 162.0 min
[e2e] step 75100 loss 2.1011 lr 3.00e-04 162.1 min
[e2e] step 75200 loss 2.1171 lr 3.00e-04 162.3 min
[e2e] step 75300 loss 2.1081 lr 3.00e-04 162.5 min
[e2e] step 75400 loss 2.0967 lr 3.00e-04 162.7 min
[e2e] step 75500 loss 2.1359 lr 3.00e-04 162.9 min
[e2e] step 75600 loss 2.0902 lr 3.00e-04 163.1 min
[e2e] step 75700 loss 2.1190 lr 3.00e-04 163.3 min
[e2e] step 75800 loss 2.1112 lr 3.00e-04 163.4 min
[e2e] step 75900 loss 2.0810 lr 3.00e-04 163.6 min
[e2e] step 76000 loss 2.0777 lr 3.00e-04 163.8 min
[e2e] step 76000 quick period probe (linear, 5 classes, n=4000) bal.acc 0.855
[e2e] step 76100 loss 2.1111 lr 3.00e-04 164.7 min
[e2e] step 76200 loss 2.0803 lr 3.00e-04 164.9 min
[e2e] step 76300 loss 2.0864 lr 3.00e-04 165.1 min
[e2e] step 76400 loss 2.1249 lr 3.00e-04 165.3 min
[e2e] step 76500 loss 2.0931 lr 3.00e-04 165.4 min
[e2e] step 76600 loss 2.1002 lr 3.00e-04 165.6 min
[e2e] step 76700 loss 2.0892 lr 3.00e-04 165.8 min
[e2e] step 76800 loss 2.0811 lr 3.00e-04 166.0 min
[e2e] step 76900 loss 2.1015 lr 3.00e-04 166.2 min
[e2e] step 77000 loss 2.0943 lr 3.00e-04 166.4 min
[e2e] step 77100 loss 2.1108 lr 3.00e-04 166.6 min
[e2e] step 77200 loss 2.0941 lr 3.00e-04 166.7 min
[e2e] step 77300 loss 2.0797 lr 3.00e-04 166.9 min
[e2e] step 77400 loss 2.1153 lr 3.00e-04 167.1 min
[e2e] step 77500 loss 2.0899 lr 3.00e-04 167.3 min
[e2e] step 77600 loss 2.0905 lr 3.00e-04 167.5 min
[e2e] step 77700 loss 2.1261 lr 3.00e-04 167.7 min
[e2e] step 77800 loss 2.0877 lr 3.00e-04 167.9 min
[e2e] step 77900 loss 2.1033 lr 3.00e-04 168.0 min
[e2e] step 78000 loss 2.1220 lr 3.00e-04 168.2 min
[e2e] step 78000 quick period probe (linear, 5 classes, n=4000) bal.acc 0.837
[e2e] step 78100 loss 2.1133 lr 3.00e-04 169.1 min
[e2e] step 78200 loss 2.0825 lr 3.00e-04 169.3 min
[e2e] step 78300 loss 2.0941 lr 3.00e-04 169.5 min
[e2e] step 78400 loss 2.0827 lr 3.00e-04 169.7 min
[e2e] step 78500 loss 2.0827 lr 3.00e-04 169.9 min
[e2e] step 78600 loss 2.0529 lr 3.00e-04 170.1 min
[e2e] step 78700 loss 2.1125 lr 3.00e-04 170.3 min
[e2e] step 78800 loss 2.1273 lr 3.00e-04 170.4 min
[e2e] step 78900 loss 2.0968 lr 3.00e-04 170.6 min
[e2e] step 79000 loss 2.1077 lr 3.00e-04 170.8 min
[e2e] step 79100 loss 2.1154 lr 3.00e-04 171.0 min
[e2e] step 79200 loss 2.0887 lr 3.00e-04 171.2 min
[e2e] step 79300 loss 2.0752 lr 3.00e-04 171.4 min
[e2e] step 79400 loss 2.0982 lr 3.00e-04 171.6 min
[e2e] step 79500 loss 2.1094 lr 3.00e-04 171.7 min
[e2e] step 79600 loss 2.1025 lr 3.00e-04 171.9 min
[e2e] step 79700 loss 2.0812 lr 3.00e-04 172.1 min
[e2e] step 79800 loss 2.1127 lr 3.00e-04 172.3 min
[e2e] step 79900 loss 2.1034 lr 3.00e-04 172.5 min
[e2e] step 80000 loss 2.0807 lr 3.00e-04 172.7 min
[e2e] step 80000 quick period probe (linear, 5 classes, n=4000) bal.acc 0.848
[e2e] step 80100 loss 2.0767 lr 3.00e-04 173.6 min
[e2e] step 80200 loss 2.0545 lr 3.00e-04 173.8 min
[e2e] step 80300 loss 2.0908 lr 3.00e-04 174.0 min
[e2e] step 80400 loss 2.0552 lr 3.00e-04 174.2 min
[e2e] step 80500 loss 2.1076 lr 3.00e-04 174.3 min
[e2e] step 80600 loss 2.0792 lr 3.00e-04 174.5 min
[e2e] step 80700 loss 2.0903 lr 3.00e-04 174.7 min
[e2e] step 80800 loss 2.0954 lr 3.00e-04 174.9 min
[e2e] step 80900 loss 2.1140 lr 3.00e-04 175.1 min
[e2e] step 81000 loss 2.0841 lr 3.00e-04 175.3 min
[e2e] step 81100 loss 2.0896 lr 3.00e-04 175.4 min
[e2e] step 81200 loss 2.0616 lr 3.00e-04 175.6 min
[e2e] step 81300 loss 2.0868 lr 3.00e-04 175.8 min
[e2e] step 81400 loss 2.0915 lr 3.00e-04 176.0 min
[e2e] step 81500 loss 2.0451 lr 3.00e-04 176.2 min
[e2e] step 81600 loss 2.0555 lr 3.00e-04 176.3 min
[e2e] step 81700 loss 2.0665 lr 3.00e-04 176.5 min
[e2e] step 81800 loss 2.0704 lr 3.00e-04 176.7 min
[e2e] step 81900 loss 2.0935 lr 3.00e-04 176.9 min
[e2e] step 82000 loss 2.0947 lr 3.00e-04 177.1 min
[e2e] step 82000 quick period probe (linear, 5 classes, n=4000) bal.acc 0.843
[e2e] step 82100 loss 2.0845 lr 3.00e-04 177.9 min
[e2e] step 82200 loss 2.0761 lr 3.00e-04 178.1 min
[e2e] step 82300 loss 2.0935 lr 3.00e-04 178.3 min
[e2e] step 82400 loss 2.0888 lr 3.00e-04 178.4 min
[e2e] step 82500 loss 2.0688 lr 3.00e-04 178.6 min
[e2e] step 82600 loss 2.0987 lr 3.00e-04 178.8 min
[e2e] step 82700 loss 2.0956 lr 3.00e-04 179.0 min
[e2e] step 82800 loss 2.1046 lr 3.00e-04 179.2 min
[e2e] step 82900 loss 2.0656 lr 3.00e-04 179.4 min
[e2e] step 83000 loss 2.1018 lr 3.00e-04 179.5 min
[e2e] step 83100 loss 2.0617 lr 3.00e-04 179.7 min
[e2e] step 83200 loss 2.0675 lr 3.00e-04 179.9 min
[e2e] step 83300 loss 2.0444 lr 3.00e-04 180.1 min
[e2e] step 83400 loss 2.0901 lr 3.00e-04 180.3 min
[e2e] step 83500 loss 2.0903 lr 3.00e-04 180.5 min
[e2e] step 83600 loss 2.0864 lr 3.00e-04 180.6 min
[e2e] step 83700 loss 2.0683 lr 3.00e-04 180.8 min
[e2e] step 83800 loss 2.1042 lr 3.00e-04 181.0 min
[e2e] step 83900 loss 2.0858 lr 3.00e-04 181.2 min
[e2e] step 84000 loss 2.0522 lr 3.00e-04 181.4 min
[e2e] step 84000 quick period probe (linear, 5 classes, n=4000) bal.acc 0.834
[e2e] step 84100 loss 2.0556 lr 3.00e-04 182.1 min
[e2e] step 84200 loss 2.0778 lr 3.00e-04 182.3 min
[e2e] step 84300 loss 2.0854 lr 3.00e-04 182.5 min
[e2e] step 84400 loss 2.1074 lr 3.00e-04 182.7 min
[e2e] step 84500 loss 2.0833 lr 3.00e-04 182.9 min
[e2e] step 84600 loss 2.0864 lr 3.00e-04 183.1 min
[e2e] step 84700 loss 2.0878 lr 3.00e-04 183.2 min
[e2e] step 84800 loss 2.0978 lr 3.00e-04 183.4 min
[e2e] step 84900 loss 2.0907 lr 3.00e-04 183.6 min
[e2e] step 85000 loss 2.1523 lr 3.00e-04 183.8 min
[e2e] step 85100 loss 2.0889 lr 3.00e-04 184.0 min
[e2e] step 85200 loss 2.1026 lr 3.00e-04 184.2 min
[e2e] step 85300 loss 2.0676 lr 3.00e-04 184.3 min
[e2e] step 85400 loss 2.0630 lr 3.00e-04 184.5 min
[e2e] step 85500 loss 2.0979 lr 3.00e-04 184.7 min
[e2e] step 85600 loss 2.0764 lr 3.00e-04 184.9 min
[e2e] step 85700 loss 2.0681 lr 3.00e-04 185.1 min
[e2e] step 85800 loss 2.1020 lr 3.00e-04 185.3 min
[e2e] step 85900 loss 2.0623 lr 3.00e-04 185.4 min
[e2e] step 86000 loss 2.0766 lr 3.00e-04 185.6 min
[e2e] step 86000 quick period probe (linear, 5 classes, n=4000) bal.acc 0.834
[e2e] step 86100 loss 2.0886 lr 3.00e-04 186.3 min
[e2e] step 86200 loss 2.0383 lr 3.00e-04 186.5 min
[e2e] step 86300 loss 2.0693 lr 3.00e-04 186.7 min
[e2e] step 86400 loss 2.0737 lr 3.00e-04 186.8 min
[e2e] step 86500 loss 2.1100 lr 3.00e-04 187.0 min
[e2e] step 86600 loss 2.0560 lr 3.00e-04 187.2 min
[e2e] step 86700 loss 2.0688 lr 3.00e-04 187.4 min
[e2e] step 86800 loss 2.0636 lr 3.00e-04 187.6 min
[e2e] step 86900 loss 2.0930 lr 3.00e-04 187.8 min
[e2e] step 87000 loss 2.0543 lr 3.00e-04 187.9 min
[e2e] step 87100 loss 2.1054 lr 3.00e-04 188.1 min
[e2e] step 87200 loss 2.0826 lr 3.00e-04 188.3 min
[e2e] step 87300 loss 2.0804 lr 3.00e-04 188.5 min
[e2e] step 87400 loss 2.0796 lr 3.00e-04 188.7 min
[e2e] step 87500 loss 2.0746 lr 3.00e-04 188.9 min
[e2e] step 87600 loss 2.0984 lr 3.00e-04 189.0 min
[e2e] step 87700 loss 2.0506 lr 3.00e-04 189.2 min
[e2e] step 87800 loss 2.0503 lr 3.00e-04 189.4 min
[e2e] step 87900 loss 2.0870 lr 3.00e-04 189.6 min
[e2e] step 88000 loss 2.0795 lr 3.00e-04 189.8 min
[e2e] step 88000 quick period probe (linear, 5 classes, n=4000) bal.acc 0.855
[e2e] step 88100 loss 2.0744 lr 3.00e-04 190.4 min
[e2e] step 88200 loss 2.0720 lr 3.00e-04 190.6 min
[e2e] step 88300 loss 2.0539 lr 3.00e-04 190.8 min
[e2e] step 88400 loss 2.0691 lr 3.00e-04 191.0 min
[e2e] step 88500 loss 2.0866 lr 3.00e-04 191.2 min
[e2e] step 88600 loss 2.1040 lr 3.00e-04 191.4 min
[e2e] step 88700 loss 2.0875 lr 3.00e-04 191.5 min
[e2e] step 88800 loss 2.0813 lr 3.00e-04 191.7 min
[e2e] step 88900 loss 2.0894 lr 3.00e-04 191.9 min
[e2e] step 89000 loss 2.0774 lr 3.00e-04 192.1 min
[e2e] step 89100 loss 2.0925 lr 3.00e-04 192.3 min
[e2e] step 89200 loss 2.0960 lr 3.00e-04 192.5 min
[e2e] step 89300 loss 2.1056 lr 3.00e-04 192.6 min
[e2e] step 89400 loss 2.0987 lr 3.00e-04 192.8 min
[e2e] step 89500 loss 2.0788 lr 3.00e-04 193.0 min
[e2e] step 89600 loss 2.0674 lr 3.00e-04 193.2 min
[e2e] step 89700 loss 2.0915 lr 3.00e-04 193.4 min
[e2e] step 89800 loss 2.0496 lr 3.00e-04 193.6 min
[e2e] step 89900 loss 2.0676 lr 3.00e-04 193.7 min
[e2e] step 90000 loss 2.0607 lr 3.00e-04 193.9 min
[e2e] step 90000 quick period probe (linear, 5 classes, n=4000) bal.acc 0.847
[e2e] step 90100 loss 2.1094 lr 3.00e-04 194.6 min
[e2e] step 90200 loss 2.0661 lr 3.00e-04 194.8 min
[e2e] step 90300 loss 2.0525 lr 3.00e-04 195.0 min
[e2e] step 90400 loss 2.0738 lr 3.00e-04 195.1 min
[e2e] step 90500 loss 2.0769 lr 3.00e-04 195.3 min
[e2e] step 90600 loss 2.0667 lr 3.00e-04 195.5 min
[e2e] step 90700 loss 2.0844 lr 3.00e-04 195.7 min
[e2e] step 90800 loss 2.0488 lr 3.00e-04 195.9 min
[e2e] step 90900 loss 2.0723 lr 3.00e-04 196.1 min
[e2e] step 91000 loss 2.0767 lr 3.00e-04 196.2 min
[e2e] step 91100 loss 2.0591 lr 3.00e-04 196.4 min
[e2e] step 91200 loss 2.0495 lr 3.00e-04 196.6 min
[e2e] step 91300 loss 2.0818 lr 3.00e-04 196.8 min
[e2e] step 91400 loss 2.0571 lr 3.00e-04 197.0 min
[e2e] step 91500 loss 2.0533 lr 3.00e-04 197.2 min
[e2e] step 91600 loss 2.0716 lr 3.00e-04 197.4 min
[e2e] step 91700 loss 2.0473 lr 3.00e-04 197.5 min
[e2e] step 91800 loss 2.0465 lr 3.00e-04 197.7 min
[e2e] step 91900 loss 2.0485 lr 3.00e-04 197.9 min
[e2e] step 92000 loss 2.0393 lr 3.00e-04 198.1 min
[e2e] step 92000 quick period probe (linear, 5 classes, n=4000) bal.acc 0.849
[e2e] step 92100 loss 2.0851 lr 3.00e-04 198.8 min
[e2e] step 92200 loss 2.0723 lr 3.00e-04 199.0 min
[e2e] step 92300 loss 2.0354 lr 3.00e-04 199.2 min
[e2e] step 92400 loss 2.0256 lr 3.00e-04 199.4 min
[e2e] step 92500 loss 2.0556 lr 3.00e-04 199.5 min
[e2e] step 92600 loss 2.0454 lr 3.00e-04 199.7 min
[e2e] step 92700 loss 2.0394 lr 3.00e-04 199.9 min
[e2e] step 92800 loss 2.0854 lr 3.00e-04 200.1 min
[e2e] step 92900 loss 2.0887 lr 3.00e-04 200.3 min
[e2e] step 93000 loss 2.0746 lr 3.00e-04 200.5 min
[e2e] step 93100 loss 2.0935 lr 3.00e-04 200.7 min
[e2e] step 93200 loss 2.0611 lr 3.00e-04 200.8 min
[e2e] step 93300 loss 2.0606 lr 3.00e-04 201.0 min
[e2e] step 93400 loss 2.0574 lr 3.00e-04 201.2 min
[e2e] step 93500 loss 2.0463 lr 3.00e-04 201.4 min
[e2e] step 93600 loss 2.0539 lr 3.00e-04 201.6 min
[e2e] step 93700 loss 2.0472 lr 3.00e-04 201.8 min
[e2e] step 93800 loss 2.0582 lr 3.00e-04 201.9 min
[e2e] step 93900 loss 2.0798 lr 3.00e-04 202.1 min
[e2e] step 94000 loss 2.0355 lr 3.00e-04 202.3 min
[e2e] step 94000 quick period probe (linear, 5 classes, n=4000) bal.acc 0.862
[e2e] step 94100 loss 2.0551 lr 3.00e-04 203.2 min
[e2e] step 94200 loss 2.0451 lr 3.00e-04 203.4 min
[e2e] step 94300 loss 2.0686 lr 3.00e-04 203.6 min
[e2e] step 94400 loss 2.0436 lr 3.00e-04 203.7 min
[e2e] step 94500 loss 2.0673 lr 3.00e-04 203.9 min
[e2e] step 94600 loss 2.0542 lr 3.00e-04 204.1 min
[e2e] step 94700 loss 2.0714 lr 3.00e-04 204.3 min
[e2e] step 94800 loss 2.0440 lr 3.00e-04 204.5 min
[e2e] step 94900 loss 2.0621 lr 3.00e-04 204.7 min
[e2e] step 95000 loss 2.0745 lr 3.00e-04 204.9 min
[e2e] step 95100 loss 2.0587 lr 3.00e-04 205.0 min
[e2e] step 95200 loss 2.0687 lr 3.00e-04 205.2 min
[e2e] step 95300 loss 2.0610 lr 3.00e-04 205.4 min
[e2e] step 95400 loss 2.0826 lr 3.00e-04 205.6 min
[e2e] step 95500 loss 2.0489 lr 3.00e-04 205.8 min
[e2e] step 95600 loss 2.0706 lr 3.00e-04 206.0 min
[e2e] step 95700 loss 2.0653 lr 3.00e-04 206.1 min
[e2e] step 95800 loss 2.0778 lr 3.00e-04 206.3 min
[e2e] step 95900 loss 2.0960 lr 3.00e-04 206.5 min
[e2e] step 96000 loss 2.0509 lr 3.00e-04 206.7 min
[e2e] step 96000 quick period probe (linear, 5 classes, n=4000) bal.acc 0.861
[e2e] step 96100 loss 2.0528 lr 3.00e-04 207.9 min
[e2e] step 96200 loss 2.0208 lr 3.00e-04 208.1 min
[e2e] step 96300 loss 2.0489 lr 3.00e-04 208.2 min
[e2e] step 96400 loss 2.1004 lr 3.00e-04 208.4 min
[e2e] step 96500 loss 2.0627 lr 3.00e-04 208.6 min
[e2e] step 96600 loss 2.0312 lr 3.00e-04 208.8 min
[e2e] step 96700 loss 2.0551 lr 3.00e-04 209.0 min
[e2e] step 96800 loss 2.0129 lr 3.00e-04 209.2 min
[e2e] step 96900 loss 2.0714 lr 3.00e-04 209.4 min
[e2e] step 97000 loss 2.0585 lr 3.00e-04 209.5 min
[e2e] step 97100 loss 2.0286 lr 3.00e-04 209.7 min
[e2e] step 97200 loss 2.0714 lr 3.00e-04 209.9 min
[e2e] step 97300 loss 2.0792 lr 3.00e-04 210.1 min
[e2e] step 97400 loss 2.0418 lr 3.00e-04 210.3 min
[e2e] step 97500 loss 2.0132 lr 3.00e-04 210.5 min
[e2e] step 97600 loss 2.0561 lr 3.00e-04 210.6 min
[e2e] step 97700 loss 2.0295 lr 3.00e-04 210.8 min
[e2e] step 97800 loss 2.0403 lr 3.00e-04 211.0 min
[e2e] step 97900 loss 2.0654 lr 3.00e-04 211.2 min
[e2e] step 98000 loss 2.0551 lr 3.00e-04 211.4 min
[e2e] step 98000 quick period probe (linear, 5 classes, n=4000) bal.acc 0.848
[e2e] step 98100 loss 2.0651 lr 3.00e-04 212.3 min
[e2e] step 98200 loss 2.0381 lr 3.00e-04 212.5 min
[e2e] step 98300 loss 2.0321 lr 3.00e-04 212.7 min
[e2e] step 98400 loss 2.0578 lr 3.00e-04 212.9 min
[e2e] step 98500 loss 2.0497 lr 3.00e-04 213.1 min
[e2e] step 98600 loss 2.0449 lr 3.00e-04 213.2 min
[e2e] step 98700 loss 2.0795 lr 3.00e-04 213.4 min
[e2e] step 98800 loss 2.0323 lr 3.00e-04 213.6 min
[e2e] step 98900 loss 2.0877 lr 3.00e-04 213.8 min
[e2e] step 99000 loss 2.0393 lr 3.00e-04 214.0 min
[e2e] step 99100 loss 2.0544 lr 3.00e-04 214.1 min
[e2e] step 99200 loss 2.0968 lr 3.00e-04 214.3 min
[e2e] step 99300 loss 2.0446 lr 3.00e-04 214.5 min
[e2e] step 99400 loss 2.0488 lr 3.00e-04 214.7 min
[e2e] step 99500 loss 2.0513 lr 3.00e-04 214.9 min
[e2e] step 99600 loss 2.0256 lr 3.00e-04 215.1 min
[e2e] step 99700 loss 2.0424 lr 3.00e-04 215.2 min
[e2e] step 99800 loss 2.0212 lr 3.00e-04 215.4 min
[e2e] step 99900 loss 2.0439 lr 3.00e-04 215.6 min
[e2e] step 100000 loss 2.0409 lr 3.00e-04 215.8 min
[e2e] step 100000 quick period probe (linear, 5 classes, n=4000) bal.acc 0.854
[e2e] step 100100 loss 2.0149 lr 3.00e-04 216.5 min
[e2e] step 100200 loss 2.0520 lr 3.00e-04 216.7 min
[e2e] step 100300 loss 2.0383 lr 3.00e-04 216.9 min
[e2e] step 100400 loss 2.0571 lr 3.00e-04 217.1 min
[e2e] step 100500 loss 2.0581 lr 3.00e-04 217.3 min
[e2e] step 100600 loss 2.0310 lr 3.00e-04 217.5 min
[e2e] step 100700 loss 2.0491 lr 3.00e-04 217.6 min
[e2e] step 100800 loss 2.0680 lr 3.00e-04 217.8 min
[e2e] step 100900 loss 2.0194 lr 3.00e-04 218.0 min
[e2e] step 101000 loss 2.0537 lr 3.00e-04 218.2 min
[e2e] step 101100 loss 2.0596 lr 3.00e-04 218.4 min
[e2e] step 101200 loss 2.0466 lr 3.00e-04 218.5 min
[e2e] step 101300 loss 2.0456 lr 3.00e-04 218.7 min
[e2e] step 101400 loss 2.0163 lr 3.00e-04 218.9 min
[e2e] step 101500 loss 2.0250 lr 3.00e-04 219.1 min
[e2e] step 101600 loss 2.0049 lr 3.00e-04 219.3 min
[e2e] step 101700 loss 2.0399 lr 3.00e-04 219.5 min
[e2e] step 101800 loss 2.0492 lr 3.00e-04 219.6 min
[e2e] step 101900 loss 2.0236 lr 3.00e-04 219.8 min
[e2e] step 102000 loss 2.0216 lr 3.00e-04 220.0 min
[e2e] step 102000 quick period probe (linear, 5 classes, n=4000) bal.acc 0.843
[e2e] step 102100 loss 2.0192 lr 3.00e-04 220.7 min
[e2e] step 102200 loss 2.0232 lr 3.00e-04 220.8 min
[e2e] step 102300 loss 2.0497 lr 3.00e-04 221.0 min
[e2e] step 102400 loss 2.0403 lr 3.00e-04 221.2 min
[e2e] step 102500 loss 2.0209 lr 3.00e-04 221.4 min
[e2e] step 102600 loss 2.0575 lr 3.00e-04 221.6 min
[e2e] step 102700 loss 2.0411 lr 3.00e-04 221.8 min
[e2e] step 102800 loss 2.0794 lr 3.00e-04 221.9 min
[e2e] step 102900 loss 2.0437 lr 3.00e-04 222.1 min
[e2e] step 103000 loss 2.0369 lr 3.00e-04 222.3 min
[e2e] step 103100 loss 2.0493 lr 3.00e-04 222.5 min
[e2e] step 103200 loss 2.0571 lr 3.00e-04 222.7 min
[e2e] step 103300 loss 2.0497 lr 3.00e-04 222.9 min
[e2e] step 103400 loss 2.0336 lr 3.00e-04 223.1 min
[e2e] step 103500 loss 2.0495 lr 3.00e-04 223.2 min
[e2e] step 103600 loss 2.0314 lr 3.00e-04 223.4 min
[e2e] step 103700 loss 2.0744 lr 3.00e-04 223.6 min
[e2e] step 103800 loss 2.0848 lr 3.00e-04 223.8 min
[e2e] step 103900 loss 2.0586 lr 3.00e-04 224.0 min
[e2e] step 104000 loss 2.0385 lr 3.00e-04 224.1 min
[e2e] step 104000 quick period probe (linear, 5 classes, n=4000) bal.acc 0.828
[e2e] step 104100 loss 2.0536 lr 3.00e-04 225.0 min
[e2e] step 104200 loss 2.0299 lr 3.00e-04 225.1 min
[e2e] step 104300 loss 2.0460 lr 3.00e-04 225.3 min
[e2e] step 104400 loss 2.0133 lr 3.00e-04 225.5 min
[e2e] step 104500 loss 2.0356 lr 3.00e-04 225.7 min
[e2e] step 104600 loss 2.0313 lr 3.00e-04 225.9 min
[e2e] step 104700 loss 2.0661 lr 3.00e-04 226.1 min
[e2e] step 104800 loss 1.9953 lr 3.00e-04 226.2 min
[e2e] step 104900 loss 2.0558 lr 3.00e-04 226.4 min
[e2e] step 105000 loss 2.0103 lr 3.00e-04 226.6 min
[e2e] step 105100 loss 2.0395 lr 3.00e-04 226.8 min
[e2e] step 105200 loss 2.0347 lr 3.00e-04 227.0 min
[e2e] step 105300 loss 2.0265 lr 3.00e-04 227.2 min
[e2e] step 105400 loss 2.0351 lr 3.00e-04 227.3 min
[e2e] step 105500 loss 2.0162 lr 3.00e-04 227.5 min
[e2e] step 105600 loss 2.0101 lr 3.00e-04 227.7 min
[e2e] step 105700 loss 2.0145 lr 3.00e-04 227.9 min
[e2e] step 105800 loss 2.0212 lr 3.00e-04 228.1 min
[e2e] step 105900 loss 2.0429 lr 3.00e-04 228.2 min
[e2e] step 106000 loss 2.0217 lr 3.00e-04 228.4 min
[e2e] step 106000 quick period probe (linear, 5 classes, n=4000) bal.acc 0.862
[e2e] step 106100 loss 2.0199 lr 3.00e-04 229.1 min
[e2e] step 106200 loss 2.0208 lr 3.00e-04 229.3 min
[e2e] step 106300 loss 2.0328 lr 3.00e-04 229.5 min
[e2e] step 106400 loss 2.0079 lr 3.00e-04 229.7 min
[e2e] step 106500 loss 2.0530 lr 3.00e-04 229.8 min
[e2e] step 106600 loss 2.0408 lr 3.00e-04 230.0 min
[e2e] step 106700 loss 2.0463 lr 3.00e-04 230.2 min
[e2e] step 106800 loss 2.0025 lr 3.00e-04 230.4 min
[e2e] step 106900 loss 2.0623 lr 3.00e-04 230.6 min
[e2e] step 107000 loss 2.0172 lr 3.00e-04 230.8 min
[e2e] step 107100 loss 2.0116 lr 3.00e-04 230.9 min
[e2e] step 107200 loss 1.9944 lr 3.00e-04 231.1 min
[e2e] step 107300 loss 2.0375 lr 3.00e-04 231.3 min
[e2e] step 107400 loss 2.0443 lr 3.00e-04 231.5 min
[e2e] step 107500 loss 2.0404 lr 3.00e-04 231.7 min
[e2e] step 107600 loss 2.0255 lr 3.00e-04 231.9 min
[e2e] step 107700 loss 2.0123 lr 3.00e-04 232.0 min
[e2e] step 107800 loss 1.9988 lr 3.00e-04 232.2 min
[e2e] step 107900 loss 2.0207 lr 3.00e-04 232.4 min
[e2e] step 108000 loss 2.0025 lr 3.00e-04 232.6 min
[e2e] step 108000 quick period probe (linear, 5 classes, n=4000) bal.acc 0.842
[e2e] step 108100 loss 2.0374 lr 3.00e-04 233.4 min
[e2e] step 108200 loss 2.0350 lr 3.00e-04 233.6 min
[e2e] step 108300 loss 2.0552 lr 3.00e-04 233.8 min
[e2e] step 108400 loss 2.0279 lr 3.00e-04 234.0 min
[e2e] step 108500 loss 2.0406 lr 3.00e-04 234.1 min
[e2e] step 108600 loss 2.0273 lr 3.00e-04 234.3 min
[e2e] step 108700 loss 2.0448 lr 3.00e-04 234.5 min
[e2e] step 108800 loss 2.0500 lr 3.00e-04 234.7 min
[e2e] step 108900 loss 2.0518 lr 3.00e-04 234.9 min
[e2e] step 109000 loss 2.0486 lr 3.00e-04 235.1 min
[e2e] step 109100 loss 2.0336 lr 3.00e-04 235.2 min
[e2e] step 109200 loss 2.0102 lr 3.00e-04 235.4 min
[e2e] step 109300 loss 2.0612 lr 3.00e-04 235.6 min
[e2e] step 109400 loss 2.0196 lr 3.00e-04 235.8 min
[e2e] step 109500 loss 2.0636 lr 3.00e-04 236.0 min
[e2e] step 109600 loss 2.0629 lr 3.00e-04 236.2 min
[e2e] step 109700 loss 2.0367 lr 3.00e-04 236.4 min
[e2e] step 109800 loss 2.0363 lr 3.00e-04 236.5 min
[e2e] step 109900 loss 2.0368 lr 3.00e-04 236.7 min
[e2e] step 110000 loss 2.0023 lr 3.00e-04 236.9 min
[e2e] step 110000 quick period probe (linear, 5 classes, n=4000) bal.acc 0.829
[e2e] step 110100 loss 2.0186 lr 3.00e-04 237.7 min
[e2e] step 110200 loss 2.0465 lr 3.00e-04 237.9 min
[e2e] step 110300 loss 2.0173 lr 3.00e-04 238.0 min
[e2e] step 110400 loss 2.0194 lr 3.00e-04 238.2 min
[e2e] step 110500 loss 2.0366 lr 3.00e-04 238.4 min
[e2e] step 110600 loss 2.0098 lr 3.00e-04 238.6 min
[e2e] step 110700 loss 2.0282 lr 3.00e-04 238.8 min
[e2e] step 110800 loss 2.0311 lr 3.00e-04 239.0 min
[e2e] step 110900 loss 2.0177 lr 3.00e-04 239.1 min
[e2e] step 111000 loss 2.0117 lr 3.00e-04 239.3 min
[e2e] step 111100 loss 2.0293 lr 3.00e-04 239.5 min
[e2e] step 111200 loss 2.0273 lr 3.00e-04 239.7 min
[e2e] step 111300 loss 2.0099 lr 3.00e-04 239.9 min
[e2e] step 111400 loss 2.0716 lr 3.00e-04 240.1 min
[e2e] step 111500 loss 2.0256 lr 3.00e-04 240.2 min
[e2e] step 111600 loss 2.0069 lr 3.00e-04 240.4 min
[e2e] step 111700 loss 2.0172 lr 3.00e-04 240.6 min
[e2e] step 111800 loss 2.0400 lr 3.00e-04 240.8 min
[e2e] step 111900 loss 2.0126 lr 3.00e-04 241.0 min
[e2e] step 112000 loss 2.0312 lr 3.00e-04 241.1 min
[e2e] step 112000 quick period probe (linear, 5 classes, n=4000) bal.acc 0.840
[e2e] step 112100 loss 2.0226 lr 3.00e-04 241.9 min
[e2e] step 112200 loss 2.0610 lr 3.00e-04 242.1 min
[e2e] step 112300 loss 2.0638 lr 3.00e-04 242.3 min
[e2e] step 112400 loss 2.0226 lr 3.00e-04 242.5 min
[e2e] step 112500 loss 2.0153 lr 3.00e-04 242.6 min
[e2e] step 112600 loss 2.0234 lr 3.00e-04 242.8 min
[e2e] step 112700 loss 2.0134 lr 3.00e-04 243.0 min
[e2e] step 112800 loss 1.9966 lr 3.00e-04 243.2 min
[e2e] step 112900 loss 2.0427 lr 3.00e-04 243.4 min
[e2e] step 113000 loss 2.0082 lr 3.00e-04 243.6 min
[e2e] step 113100 loss 2.0322 lr 3.00e-04 243.8 min
[e2e] step 113200 loss 2.0043 lr 3.00e-04 243.9 min
[e2e] step 113300 loss 2.0038 lr 3.00e-04 244.1 min
[e2e] step 113400 loss 2.0251 lr 3.00e-04 244.3 min
[e2e] step 113500 loss 2.0236 lr 3.00e-04 244.5 min
[e2e] step 113600 loss 2.0540 lr 3.00e-04 244.7 min
[e2e] step 113700 loss 2.0062 lr 3.00e-04 244.8 min
[e2e] step 113800 loss 2.0328 lr 3.00e-04 245.0 min
[e2e] step 113900 loss 2.0619 lr 3.00e-04 245.2 min
[e2e] step 114000 loss 2.0400 lr 3.00e-04 245.4 min
[e2e] step 114000 quick period probe (linear, 5 classes, n=4000) bal.acc 0.835
[e2e] step 114100 loss 2.0378 lr 3.00e-04 246.3 min
[e2e] step 114200 loss 2.0246 lr 3.00e-04 246.5 min
[e2e] step 114300 loss 2.0158 lr 3.00e-04 246.7 min
[e2e] step 114400 loss 2.0193 lr 3.00e-04 246.9 min
[e2e] step 114500 loss 2.0131 lr 3.00e-04 247.1 min
[e2e] step 114600 loss 1.9959 lr 3.00e-04 247.2 min
[e2e] step 114700 loss 2.0495 lr 3.00e-04 247.4 min
[e2e] step 114800 loss 2.0258 lr 3.00e-04 247.6 min
[e2e] step 114900 loss 2.0267 lr 3.00e-04 247.8 min
[e2e] step 115000 loss 2.0329 lr 3.00e-04 248.0 min
[e2e] step 115100 loss 2.0312 lr 3.00e-04 248.2 min
[e2e] step 115200 loss 2.0092 lr 3.00e-04 248.3 min
[e2e] step 115300 loss 2.0578 lr 3.00e-04 248.5 min
[e2e] step 115400 loss 2.0047 lr 3.00e-04 248.7 min
[e2e] step 115500 loss 2.0148 lr 3.00e-04 248.9 min
[e2e] step 115600 loss 2.0164 lr 3.00e-04 249.1 min
[e2e] step 115700 loss 2.0162 lr 3.00e-04 249.3 min
[e2e] step 115800 loss 2.0209 lr 3.00e-04 249.4 min
[e2e] step 115900 loss 2.0094 lr 3.00e-04 249.6 min
[e2e] step 116000 loss 2.0161 lr 3.00e-04 249.8 min
[e2e] step 116000 quick period probe (linear, 5 classes, n=4000) bal.acc 0.841
[e2e] step 116100 loss 2.0125 lr 3.00e-04 250.8 min
[e2e] step 116200 loss 2.0174 lr 3.00e-04 250.9 min
[e2e] step 116300 loss 2.0147 lr 3.00e-04 251.1 min
[e2e] step 116400 loss 2.0058 lr 3.00e-04 251.3 min
[e2e] step 116500 loss 2.0164 lr 3.00e-04 251.5 min
[e2e] step 116600 loss 2.0410 lr 3.00e-04 251.7 min
[e2e] step 116700 loss 2.0245 lr 3.00e-04 251.8 min
[e2e] step 116800 loss 2.0518 lr 3.00e-04 252.0 min
[e2e] step 116900 loss 1.9976 lr 3.00e-04 252.2 min
[e2e] step 117000 loss 2.0010 lr 3.00e-04 252.4 min
[e2e] step 117100 loss 2.0170 lr 3.00e-04 252.6 min
[e2e] step 117200 loss 1.9914 lr 3.00e-04 252.8 min
[e2e] step 117300 loss 2.0017 lr 3.00e-04 253.0 min
[e2e] step 117400 loss 2.0471 lr 3.00e-04 253.1 min
[e2e] step 117500 loss 2.0239 lr 3.00e-04 253.3 min
[e2e] step 117600 loss 2.0025 lr 3.00e-04 253.5 min
[e2e] step 117700 loss 2.0109 lr 3.00e-04 253.7 min
[e2e] step 117800 loss 2.0177 lr 3.00e-04 253.9 min
[e2e] step 117900 loss 2.0092 lr 3.00e-04 254.0 min
[e2e] step 118000 loss 2.0078 lr 3.00e-04 254.2 min
[e2e] step 118000 quick period probe (linear, 5 classes, n=4000) bal.acc 0.849
[e2e] step 118100 loss 2.0243 lr 3.00e-04 255.3 min
[e2e] step 118200 loss 1.9933 lr 3.00e-04 255.5 min
[e2e] step 118300 loss 2.0029 lr 3.00e-04 255.7 min
[e2e] step 118400 loss 2.0138 lr 3.00e-04 255.8 min
[e2e] step 118500 loss 2.0135 lr 3.00e-04 256.0 min
[e2e] step 118600 loss 1.9979 lr 3.00e-04 256.2 min
[e2e] step 118700 loss 2.0476 lr 3.00e-04 256.4 min
[e2e] step 118800 loss 1.9933 lr 3.00e-04 256.6 min
[e2e] step 118900 loss 2.0360 lr 3.00e-04 256.8 min
[e2e] step 119000 loss 2.0416 lr 3.00e-04 256.9 min
[e2e] step 119100 loss 2.0433 lr 3.00e-04 257.1 min
[e2e] step 119200 loss 2.0412 lr 3.00e-04 257.3 min
[e2e] step 119300 loss 2.0203 lr 3.00e-04 257.5 min
[e2e] step 119400 loss 2.0344 lr 3.00e-04 257.7 min
[e2e] step 119500 loss 2.0037 lr 3.00e-04 257.9 min
[e2e] step 119600 loss 2.0218 lr 3.00e-04 258.0 min
[e2e] step 119700 loss 1.9950 lr 3.00e-04 258.2 min
[e2e] step 119800 loss 1.9817 lr 3.00e-04 258.4 min
[e2e] step 119900 loss 2.0127 lr 3.00e-04 258.6 min
[e2e] step 120000 loss 1.9993 lr 3.00e-04 258.8 min
[e2e] step 120000 quick period probe (linear, 5 classes, n=4000) bal.acc 0.828
[e2e] step 120100 loss 2.0030 lr 3.00e-04 259.6 min
[e2e] step 120200 loss 2.0230 lr 3.00e-04 259.8 min
[e2e] step 120300 loss 2.0152 lr 3.00e-04 260.0 min
[e2e] step 120400 loss 2.0134 lr 3.00e-04 260.2 min
[e2e] step 120500 loss 2.0350 lr 3.00e-04 260.3 min
[e2e] step 120600 loss 2.0234 lr 3.00e-04 260.5 min
[e2e] step 120700 loss 2.0260 lr 3.00e-04 260.7 min
[e2e] step 120800 loss 2.0336 lr 3.00e-04 260.9 min
[e2e] step 120900 loss 2.0137 lr 3.00e-04 261.1 min
[e2e] step 121000 loss 2.0091 lr 3.00e-04 261.3 min
[e2e] step 121100 loss 2.0212 lr 3.00e-04 261.4 min
[e2e] step 121200 loss 2.0043 lr 3.00e-04 261.6 min
[e2e] step 121300 loss 2.0086 lr 3.00e-04 261.8 min
[e2e] step 121400 loss 1.9700 lr 3.00e-04 262.0 min
[e2e] step 121500 loss 2.0248 lr 3.00e-04 262.2 min
[e2e] step 121600 loss 2.0296 lr 3.00e-04 262.3 min
[e2e] step 121700 loss 2.0216 lr 3.00e-04 262.5 min
[e2e] step 121800 loss 2.0246 lr 3.00e-04 262.7 min
[e2e] step 121900 loss 2.0093 lr 3.00e-04 262.9 min
[e2e] step 122000 loss 2.0311 lr 3.00e-04 263.1 min
[e2e] step 122000 quick period probe (linear, 5 classes, n=4000) bal.acc 0.835
[e2e] step 122100 loss 2.0333 lr 3.00e-04 264.0 min
[e2e] step 122200 loss 2.0452 lr 3.00e-04 264.2 min
[e2e] step 122300 loss 2.0384 lr 3.00e-04 264.4 min
[e2e] step 122400 loss 2.0223 lr 3.00e-04 264.6 min
[e2e] step 122500 loss 2.0137 lr 3.00e-04 264.7 min
[e2e] step 122600 loss 2.0237 lr 3.00e-04 264.9 min
[e2e] step 122700 loss 1.9934 lr 3.00e-04 265.1 min
[e2e] step 122800 loss 2.0212 lr 3.00e-04 265.3 min
[e2e] step 122900 loss 2.0325 lr 3.00e-04 265.5 min
[e2e] step 123000 loss 2.0122 lr 3.00e-04 265.7 min
[e2e] step 123100 loss 2.0353 lr 3.00e-04 265.8 min
[e2e] step 123200 loss 2.0305 lr 3.00e-04 266.0 min
[e2e] step 123300 loss 2.0166 lr 3.00e-04 266.2 min
[e2e] step 123400 loss 2.0054 lr 3.00e-04 266.4 min
[e2e] step 123500 loss 2.0068 lr 3.00e-04 266.6 min
[e2e] step 123600 loss 2.0156 lr 3.00e-04 266.8 min
[e2e] step 123700 loss 2.0152 lr 3.00e-04 266.9 min
[e2e] step 123800 loss 2.0032 lr 3.00e-04 267.1 min
[e2e] step 123900 loss 2.0319 lr 3.00e-04 267.3 min
[e2e] step 124000 loss 2.0050 lr 3.00e-04 267.5 min
[e2e] step 124000 quick period probe (linear, 5 classes, n=4000) bal.acc 0.848
[e2e] step 124100 loss 2.0065 lr 3.00e-04 268.3 min
[e2e] step 124200 loss 2.0203 lr 3.00e-04 268.4 min
[e2e] step 124300 loss 2.0030 lr 3.00e-04 268.6 min
[e2e] step 124400 loss 2.0154 lr 3.00e-04 268.8 min
[e2e] step 124500 loss 1.9978 lr 3.00e-04 269.0 min
[e2e] step 124600 loss 2.0053 lr 3.00e-04 269.2 min
[e2e] step 124700 loss 2.0350 lr 3.00e-04 269.4 min
[e2e] step 124800 loss 1.9979 lr 3.00e-04 269.5 min
[e2e] step 124900 loss 2.0174 lr 3.00e-04 269.7 min
[e2e] step 125000 loss 2.0016 lr 3.00e-04 269.9 min
[e2e] step 125100 loss 2.0342 lr 3.00e-04 270.1 min
[e2e] step 125200 loss 1.9952 lr 3.00e-04 270.3 min
[e2e] step 125300 loss 1.9977 lr 3.00e-04 270.5 min
[e2e] step 125400 loss 1.9682 lr 3.00e-04 270.6 min
[e2e] step 125500 loss 2.0049 lr 3.00e-04 270.8 min
[e2e] step 125600 loss 2.0007 lr 3.00e-04 271.0 min
[e2e] step 125700 loss 2.0111 lr 3.00e-04 271.2 min
[e2e] step 125800 loss 1.9929 lr 3.00e-04 271.4 min
[e2e] step 125900 loss 1.9975 lr 3.00e-04 271.5 min
[e2e] step 126000 loss 2.0114 lr 3.00e-04 271.7 min
[e2e] step 126000 quick period probe (linear, 5 classes, n=4000) bal.acc 0.842
[e2e] step 126100 loss 1.9946 lr 3.00e-04 272.5 min
[e2e] step 126200 loss 2.0130 lr 3.00e-04 272.7 min
[e2e] step 126300 loss 2.0182 lr 3.00e-04 272.9 min
[e2e] step 126400 loss 1.9745 lr 3.00e-04 273.1 min
[e2e] step 126500 loss 1.9988 lr 3.00e-04 273.2 min
[e2e] step 126600 loss 2.0009 lr 3.00e-04 273.4 min
[e2e] step 126700 loss 2.0265 lr 3.00e-04 273.6 min
[e2e] step 126800 loss 1.9778 lr 3.00e-04 273.8 min
[e2e] step 126900 loss 2.0138 lr 3.00e-04 274.0 min
[e2e] step 127000 loss 2.0236 lr 3.00e-04 274.2 min
[e2e] step 127100 loss 2.0118 lr 3.00e-04 274.4 min
[e2e] step 127200 loss 2.0099 lr 3.00e-04 274.5 min
[e2e] step 127300 loss 2.0002 lr 3.00e-04 274.7 min
[e2e] step 127400 loss 2.0222 lr 3.00e-04 274.9 min
[e2e] step 127500 loss 2.0147 lr 3.00e-04 275.1 min
[e2e] step 127600 loss 2.0277 lr 3.00e-04 275.3 min
[e2e] step 127700 loss 2.0014 lr 3.00e-04 275.5 min
[e2e] step 127800 loss 2.0129 lr 3.00e-04 275.6 min
[e2e] step 127900 loss 1.9940 lr 3.00e-04 275.8 min
[e2e] step 128000 loss 2.0053 lr 3.00e-04 276.0 min
[e2e] step 128000 quick period probe (linear, 5 classes, n=4000) bal.acc 0.823
[e2e] step 128100 loss 1.9592 lr 3.00e-04 276.8 min
[e2e] step 128200 loss 2.0120 lr 3.00e-04 276.9 min
[e2e] step 128300 loss 1.9828 lr 3.00e-04 277.1 min
[e2e] step 128400 loss 1.9747 lr 3.00e-04 277.3 min
[e2e] step 128500 loss 1.9870 lr 3.00e-04 277.5 min
[e2e] step 128600 loss 1.9985 lr 3.00e-04 277.7 min
[e2e] step 128700 loss 1.9900 lr 3.00e-04 277.8 min
[e2e] step 128800 loss 2.0284 lr 3.00e-04 278.0 min
[e2e] step 128900 loss 2.0208 lr 3.00e-04 278.2 min
[e2e] step 129000 loss 2.0057 lr 3.00e-04 278.4 min
[e2e] step 129100 loss 1.9841 lr 3.00e-04 278.6 min
[e2e] step 129200 loss 1.9981 lr 3.00e-04 278.8 min
[e2e] step 129300 loss 2.0302 lr 3.00e-04 278.9 min
[e2e] step 129400 loss 2.0014 lr 3.00e-04 279.1 min
[e2e] step 129500 loss 1.9715 lr 3.00e-04 279.3 min
[e2e] step 129600 loss 2.0136 lr 3.00e-04 279.5 min
[e2e] step 129700 loss 1.9980 lr 3.00e-04 279.7 min
[e2e] step 129800 loss 1.9736 lr 3.00e-04 279.9 min
[e2e] step 129900 loss 1.9573 lr 3.00e-04 280.0 min
[e2e] step 130000 loss 1.9967 lr 3.00e-04 280.2 min
[e2e] step 130000 quick period probe (linear, 5 classes, n=4000) bal.acc 0.857
[e2e] step 130100 loss 2.0038 lr 3.00e-04 281.0 min
[e2e] step 130200 loss 1.9641 lr 3.00e-04 281.1 min
[e2e] step 130300 loss 2.0141 lr 3.00e-04 281.3 min
[e2e] step 130400 loss 1.9996 lr 3.00e-04 281.5 min
[e2e] step 130500 loss 1.9774 lr 3.00e-04 281.7 min
[e2e] step 130600 loss 2.0092 lr 3.00e-04 281.9 min
[e2e] step 130700 loss 2.0202 lr 3.00e-04 282.1 min
[e2e] step 130800 loss 1.9702 lr 3.00e-04 282.2 min
[e2e] step 130900 loss 2.0010 lr 3.00e-04 282.4 min
[e2e] step 131000 loss 2.0072 lr 3.00e-04 282.6 min
[e2e] step 131100 loss 1.9673 lr 3.00e-04 282.8 min
[e2e] step 131200 loss 1.9965 lr 3.00e-04 283.0 min
[e2e] step 131300 loss 1.9947 lr 3.00e-04 283.2 min
[e2e] step 131400 loss 1.9932 lr 3.00e-04 283.3 min
[e2e] step 131500 loss 1.9979 lr 3.00e-04 283.5 min
[e2e] step 131600 loss 2.0271 lr 3.00e-04 283.7 min
[e2e] step 131700 loss 1.9789 lr 3.00e-04 283.9 min
[e2e] step 131800 loss 2.0168 lr 3.00e-04 284.1 min
[e2e] step 131900 loss 1.9950 lr 3.00e-04 284.3 min
[e2e] step 132000 loss 1.9840 lr 3.00e-04 284.5 min
[e2e] step 132000 quick period probe (linear, 5 classes, n=4000) bal.acc 0.842
[e2e] step 132100 loss 2.0071 lr 3.00e-04 285.3 min
[e2e] step 132200 loss 2.0235 lr 3.00e-04 285.5 min
[e2e] step 132300 loss 2.0089 lr 3.00e-04 285.7 min
[e2e] step 132400 loss 1.9988 lr 3.00e-04 285.9 min
[e2e] step 132500 loss 1.9910 lr 3.00e-04 286.1 min
[e2e] step 132600 loss 2.0002 lr 3.00e-04 286.2 min
[e2e] step 132700 loss 1.9987 lr 3.00e-04 286.4 min
[e2e] step 132800 loss 1.9886 lr 3.00e-04 286.6 min
[e2e] step 132900 loss 1.9766 lr 3.00e-04 286.8 min
[e2e] step 133000 loss 1.9732 lr 3.00e-04 287.0 min
[e2e] step 133100 loss 1.9800 lr 3.00e-04 287.2 min
[e2e] step 133200 loss 2.0188 lr 3.00e-04 287.3 min
[e2e] step 133300 loss 2.0135 lr 3.00e-04 287.5 min
[e2e] step 133400 loss 1.9692 lr 3.00e-04 287.7 min
[e2e] step 133500 loss 1.9849 lr 3.00e-04 287.9 min
[e2e] step 133600 loss 2.0054 lr 3.00e-04 288.1 min
[e2e] step 133700 loss 1.9882 lr 3.00e-04 288.3 min
[e2e] step 133800 loss 2.0187 lr 3.00e-04 288.4 min
[e2e] step 133900 loss 2.0113 lr 3.00e-04 288.6 min
[e2e] step 134000 loss 1.9720 lr 3.00e-04 288.8 min
[e2e] step 134000 quick period probe (linear, 5 classes, n=4000) bal.acc 0.842
[e2e] step 134100 loss 1.9745 lr 3.00e-04 289.5 min
[e2e] step 134200 loss 2.0202 lr 3.00e-04 289.7 min
[e2e] step 134300 loss 1.9700 lr 3.00e-04 289.9 min
[e2e] step 134400 loss 2.0132 lr 3.00e-04 290.0 min
[e2e] step 134500 loss 2.0100 lr 3.00e-04 290.2 min
[e2e] step 134600 loss 2.0178 lr 3.00e-04 290.4 min
[e2e] step 134700 loss 1.9698 lr 3.00e-04 290.6 min
[e2e] step 134800 loss 1.9590 lr 3.00e-04 290.8 min
[e2e] step 134900 loss 1.9829 lr 3.00e-04 290.9 min
[e2e] step 135000 loss 1.9960 lr 3.00e-04 291.1 min
[e2e] step 135100 loss 1.9928 lr 3.00e-04 291.3 min
[e2e] step 135200 loss 1.9987 lr 3.00e-04 291.5 min
[e2e] step 135300 loss 1.9895 lr 3.00e-04 291.7 min
[e2e] step 135400 loss 2.0218 lr 3.00e-04 291.9 min
[e2e] step 135500 loss 1.9995 lr 3.00e-04 292.0 min
[e2e] step 135600 loss 2.0028 lr 3.00e-04 292.2 min
[e2e] step 135700 loss 2.0027 lr 3.00e-04 292.4 min
[e2e] step 135800 loss 1.9945 lr 3.00e-04 292.6 min
[e2e] step 135900 loss 1.9942 lr 3.00e-04 292.8 min
[e2e] step 136000 loss 1.9844 lr 3.00e-04 293.0 min
[e2e] step 136000 quick period probe (linear, 5 classes, n=4000) bal.acc 0.848
[e2e] step 136100 loss 1.9802 lr 3.00e-04 293.6 min
[e2e] step 136200 loss 1.9820 lr 3.00e-04 293.8 min
[e2e] step 136300 loss 1.9850 lr 3.00e-04 294.0 min
[e2e] step 136400 loss 2.0285 lr 3.00e-04 294.1 min
[e2e] step 136500 loss 1.9937 lr 3.00e-04 294.3 min
[e2e] step 136600 loss 1.9933 lr 3.00e-04 294.5 min
[e2e] step 136700 loss 1.9882 lr 3.00e-04 294.7 min
[e2e] step 136800 loss 1.9979 lr 3.00e-04 294.9 min
[e2e] step 136900 loss 1.9766 lr 3.00e-04 295.0 min
[e2e] step 137000 loss 1.9870 lr 3.00e-04 295.2 min
[e2e] step 137100 loss 2.0005 lr 3.00e-04 295.4 min
[e2e] step 137200 loss 1.9615 lr 3.00e-04 295.6 min
[e2e] step 137300 loss 2.0141 lr 3.00e-04 295.8 min
[e2e] step 137400 loss 2.0011 lr 3.00e-04 296.0 min
[e2e] step 137500 loss 1.9777 lr 3.00e-04 296.1 min
[e2e] step 137600 loss 1.9998 lr 3.00e-04 296.3 min
[e2e] step 137700 loss 1.9789 lr 3.00e-04 296.5 min
[e2e] step 137800 loss 1.9894 lr 3.00e-04 296.7 min
[e2e] step 137900 loss 1.9776 lr 3.00e-04 296.9 min
[e2e] step 138000 loss 1.9623 lr 3.00e-04 297.1 min
[e2e] step 138000 quick period probe (linear, 5 classes, n=4000) bal.acc 0.831
[e2e] step 138100 loss 1.9860 lr 3.00e-04 297.7 min
[e2e] step 138200 loss 1.9695 lr 3.00e-04 297.9 min
[e2e] step 138300 loss 1.9653 lr 3.00e-04 298.1 min
[e2e] step 138400 loss 2.0025 lr 3.00e-04 298.2 min
[e2e] step 138500 loss 1.9827 lr 3.00e-04 298.4 min
[e2e] step 138600 loss 2.0270 lr 3.00e-04 298.6 min
[e2e] step 138700 loss 1.9988 lr 3.00e-04 298.8 min
[e2e] step 138800 loss 1.9877 lr 3.00e-04 299.0 min
[e2e] step 138900 loss 1.9756 lr 3.00e-04 299.2 min
[e2e] step 139000 loss 1.9839 lr 3.00e-04 299.3 min
[e2e] step 139100 loss 2.0179 lr 3.00e-04 299.5 min
[e2e] step 139200 loss 2.0054 lr 3.00e-04 299.7 min
[e2e] step 139300 loss 1.9761 lr 3.00e-04 299.9 min
[e2e] done e2e_barlow_S_wdated-s0: 139357 steps in 5.01h; embeddings -> store 'ssl_e2e::e2e_barlow_S_wdated-s0' (31,905 texts); final.pt in /home/yarin.b/projects/HUJI-THESIS--YARIN/chrono/artifacts_ssl/e2e/e2e_barlow_S_wdated-s0
Auto packing the repository in background for optimum performance.
See "git help gc" for manual housekeeping.
[yarin-sandbox e4305b9e] C21: e2e_barlow_S_wdated (job 34273)
 1 file changed, 0 insertions(+), 0 deletions(-)
From https://github.com/YarinBeni/HUJI-THESIS--YARIN
 * branch              yarin-sandbox -> FETCH_HEAD
Auto packing the repository in background for optimum performance.
See "git help gc" for manual housekeeping.
Current branch yarin-sandbox is up to date.
Auto packing the repository in background for optimum performance.
See "git help gc" for manual housekeeping.
To https://github.com/YarinBeni/HUJI-THESIS--YARIN.git
   f36a9cbc..e4305b9e  HEAD -> yarin-sandbox
[commit_push_sandbox] pushed to yarin-sandbox
=== Done. Fri Sep  4 22:17:28 UTC 2026 ===
