# job 34395 C22_s3b exit=0 Sat Sep  5 10:34:37 UTC 2026
# last 4000 lines of /home/yarin.b/projects/HUJI-THESIS--YARIN/chrono/sbatch/logs/C22_s3b_34385_9.out
=== C22 s3_cunei400m_init-byol_wdated_frac25 seed 0 === job 34395 Sat Sep  5 10:31:50 UTC 2026
From https://github.com/YarinBeni/HUJI-THESIS--YARIN
 * branch              yarin-sandbox -> FETCH_HEAD
Auto packing the repository in background for optimum performance.
See "git help gc" for manual housekeeping.
Current branch yarin-sandbox is up to date.
Auto packing the repository in background for optimum performance.
See "git help gc" for manual housekeeping.
[labels] label_frac=0.25: 245/925 train docs kept (39 rulers, all retained)
[init] loaded chrono/artifacts_ssl/ssl_runs/ssl_byol_cunei400m_wdated-s0.pt: missing [] unexpected []
epoch 50/200 loss 29.1199
epoch 100/200 loss 26.6840
epoch 150/200 loss 25.1352
epoch 200/200 loss 23.9683
{
  "run_id": "s3_cunei400m_init-byol_wdated_frac25-s0-f0",
  "metrics": {
    "final_dep": NaN,
    "train_soft_spearman": 0.6010257295946575,
    "train_spearman": 0.5999679025554149,
    "final_loss": 23.96826171875,
    "identical_view_rate": 0.01016326530612245,
    "test_spearman": NaN
  },
  "scores_path": "/home/yarin.b/projects/HUJI-THESIS--YARIN/chrono/artifacts/scores/s3_cunei400m_init-byol_wdated_frac25-s0-f0.parquet"
}
[labels] label_frac=0.25: 253/956 train docs kept (39 rulers, all retained)
[init] loaded chrono/artifacts_ssl/ssl_runs/ssl_byol_cunei400m_wdated-s0.pt: missing [] unexpected []
epoch 50/200 loss 29.0274
epoch 100/200 loss 26.6397
epoch 150/200 loss 25.1688
epoch 200/200 loss 23.9212
{
  "run_id": "s3_cunei400m_init-byol_wdated_frac25-s0-f1",
  "metrics": {
    "final_dep": NaN,
    "train_soft_spearman": 0.6474106280569035,
    "train_spearman": 0.6460492324055369,
    "final_loss": 23.921222686767578,
    "identical_view_rate": 0.006758893280632411,
    "test_spearman": NaN
  },
  "scores_path": "/home/yarin.b/projects/HUJI-THESIS--YARIN/chrono/artifacts/scores/s3_cunei400m_init-byol_wdated_frac25-s0-f1.parquet"
}
[labels] label_frac=0.25: 250/963 train docs kept (27 rulers, all retained)
[init] loaded chrono/artifacts_ssl/ssl_runs/ssl_byol_cunei400m_wdated-s0.pt: missing [] unexpected []
epoch 50/200 loss 29.1219
epoch 100/200 loss 27.0990
epoch 150/200 loss 25.0836
epoch 200/200 loss 23.8646
{
  "run_id": "s3_cunei400m_init-byol_wdated_frac25-s0-f2",
  "metrics": {
    "final_dep": NaN,
    "train_soft_spearman": 0.7076105376415177,
    "train_spearman": 0.7076200013055994,
    "final_loss": 23.86457633972168,
    "identical_view_rate": 0.00958,
    "test_spearman": 0.07327744807816862
  },
  "scores_path": "/home/yarin.b/projects/HUJI-THESIS--YARIN/chrono/artifacts/scores/s3_cunei400m_init-byol_wdated_frac25-s0-f2.parquet"
}
[labels] label_frac=0.25: 251/964 train docs kept (30 rulers, all retained)
[init] loaded chrono/artifacts_ssl/ssl_runs/ssl_byol_cunei400m_wdated-s0.pt: missing [] unexpected []
epoch 50/200 loss 29.7808
epoch 100/200 loss 27.3796
epoch 150/200 loss 25.6164
epoch 200/200 loss 24.1595
{
  "run_id": "s3_cunei400m_init-byol_wdated_frac25-s0-f3",
  "metrics": {
    "final_dep": NaN,
    "train_soft_spearman": 0.6215151909433199,
    "train_spearman": 0.6207129909459407,
    "final_loss": 24.159456253051758,
    "identical_view_rate": 0.0019721115537848608,
    "test_spearman": 0.4972524629570563
  },
  "scores_path": "/home/yarin.b/projects/HUJI-THESIS--YARIN/chrono/artifacts/scores/s3_cunei400m_init-byol_wdated_frac25-s0-f3.parquet"
}
[labels] label_frac=0.25: 249/964 train docs kept (25 rulers, all retained)
[init] loaded chrono/artifacts_ssl/ssl_runs/ssl_byol_cunei400m_wdated-s0.pt: missing [] unexpected []
epoch 50/200 loss 28.9922
epoch 100/200 loss 27.1420
epoch 150/200 loss 25.2330
epoch 200/200 loss 23.7599
{
  "run_id": "s3_cunei400m_init-byol_wdated_frac25-s0-f4",
  "metrics": {
    "final_dep": NaN,
    "train_soft_spearman": 0.5023993025624497,
    "train_spearman": 0.5002671941211337,
    "final_loss": 23.759902954101562,
    "identical_view_rate": 0.004116465863453815,
    "test_spearman": 0.5266366242689152
  },
  "scores_path": "/home/yarin.b/projects/HUJI-THESIS--YARIN/chrono/artifacts/scores/s3_cunei400m_init-byol_wdated_frac25-s0-f4.parquet"
}
Auto packing the repository in background for optimum performance.
See "git help gc" for manual housekeeping.
[yarin-sandbox 53487fc9] C22: s3_cunei400m_init-byol_wdated_frac25 seed 0 (job 34395)
 1 file changed, 125 insertions(+)
 create mode 100644 chrono/reports/logs/C22_s3b_34396.log
From https://github.com/YarinBeni/HUJI-THESIS--YARIN
 * branch              yarin-sandbox -> FETCH_HEAD
Auto packing the repository in background for optimum performance.
See "git help gc" for manual housekeeping.
Current branch yarin-sandbox is up to date.
Auto packing the repository in background for optimum performance.
See "git help gc" for manual housekeeping.
To https://github.com/YarinBeni/HUJI-THESIS--YARIN.git
   beed330d..53487fc9  HEAD -> yarin-sandbox
[commit_push_sandbox] pushed to yarin-sandbox
=== Done. Sat Sep  5 10:34:37 UTC 2026 ===
