# job 34391 C22_s3b exit=0 Sat Sep  5 10:28:05 UTC 2026
# last 4000 lines of /home/yarin.b/projects/HUJI-THESIS--YARIN/chrono/sbatch/logs/C22_s3b_34385_5.out
=== C22 s3_cunei400m_init-barlow_wdated_frac25 seed 2 === job 34391 Sat Sep  5 10:25:20 UTC 2026
From https://github.com/YarinBeni/HUJI-THESIS--YARIN
 * branch              yarin-sandbox -> FETCH_HEAD
Auto packing the repository in background for optimum performance.
See "git help gc" for manual housekeeping.
Current branch yarin-sandbox is up to date.
Auto packing the repository in background for optimum performance.
See "git help gc" for manual housekeeping.
[labels] label_frac=0.25: 245/925 train docs kept (39 rulers, all retained)
[init] loaded chrono/artifacts_ssl/ssl_runs/ssl_barlow_cunei400m_wdated-s0.pt: missing [] unexpected []
epoch 50/200 loss 4.7585
epoch 100/200 loss 3.9191
epoch 150/200 loss 3.5576
epoch 200/200 loss 3.2633
{
  "run_id": "s3_cunei400m_init-barlow_wdated_frac25-s2-f0",
  "metrics": {
    "final_dep": NaN,
    "train_soft_spearman": 0.8371148860831557,
    "train_spearman": 0.8365022004790912,
    "final_loss": 3.2632639408111572,
    "identical_view_rate": 0.004489795918367347,
    "test_spearman": NaN
  },
  "scores_path": "/home/yarin.b/projects/HUJI-THESIS--YARIN/chrono/artifacts/scores/s3_cunei400m_init-barlow_wdated_frac25-s2-f0.parquet"
}
[labels] label_frac=0.25: 253/956 train docs kept (39 rulers, all retained)
[init] loaded chrono/artifacts_ssl/ssl_runs/ssl_barlow_cunei400m_wdated-s0.pt: missing [] unexpected []
epoch 50/200 loss 4.7245
epoch 100/200 loss 4.1540
epoch 150/200 loss 3.5832
epoch 200/200 loss 3.1823
{
  "run_id": "s3_cunei400m_init-barlow_wdated_frac25-s2-f1",
  "metrics": {
    "final_dep": NaN,
    "train_soft_spearman": 0.842624572046583,
    "train_spearman": 0.8424973989638491,
    "final_loss": 3.182257652282715,
    "identical_view_rate": 0.0038339920948616602,
    "test_spearman": NaN
  },
  "scores_path": "/home/yarin.b/projects/HUJI-THESIS--YARIN/chrono/artifacts/scores/s3_cunei400m_init-barlow_wdated_frac25-s2-f1.parquet"
}
[labels] label_frac=0.25: 250/963 train docs kept (27 rulers, all retained)
[init] loaded chrono/artifacts_ssl/ssl_runs/ssl_barlow_cunei400m_wdated-s0.pt: missing [] unexpected []
epoch 50/200 loss 4.4227
epoch 100/200 loss 3.7202
epoch 150/200 loss 3.2694
epoch 200/200 loss 2.9933
{
  "run_id": "s3_cunei400m_init-barlow_wdated_frac25-s2-f2",
  "metrics": {
    "final_dep": NaN,
    "train_soft_spearman": 0.9127562874112638,
    "train_spearman": 0.9125733628408634,
    "final_loss": 2.9933228492736816,
    "identical_view_rate": 0.008,
    "test_spearman": 0.2287106205536847
  },
  "scores_path": "/home/yarin.b/projects/HUJI-THESIS--YARIN/chrono/artifacts/scores/s3_cunei400m_init-barlow_wdated_frac25-s2-f2.parquet"
}
[labels] label_frac=0.25: 251/964 train docs kept (30 rulers, all retained)
[init] loaded chrono/artifacts_ssl/ssl_runs/ssl_barlow_cunei400m_wdated-s0.pt: missing [] unexpected []
epoch 50/200 loss 4.9796
epoch 100/200 loss 4.2865
epoch 150/200 loss 3.7546
epoch 200/200 loss 3.4562
{
  "run_id": "s3_cunei400m_init-barlow_wdated_frac25-s2-f3",
  "metrics": {
    "final_dep": NaN,
    "train_soft_spearman": 0.8337632802382602,
    "train_spearman": 0.8337399607906706,
    "final_loss": 3.456162452697754,
    "identical_view_rate": 0.00599601593625498,
    "test_spearman": 0.4985045313835711
  },
  "scores_path": "/home/yarin.b/projects/HUJI-THESIS--YARIN/chrono/artifacts/scores/s3_cunei400m_init-barlow_wdated_frac25-s2-f3.parquet"
}
[labels] label_frac=0.25: 249/964 train docs kept (25 rulers, all retained)
[init] loaded chrono/artifacts_ssl/ssl_runs/ssl_barlow_cunei400m_wdated-s0.pt: missing [] unexpected []
epoch 50/200 loss 4.5430
epoch 100/200 loss 3.7203
epoch 150/200 loss 3.4254
epoch 200/200 loss 2.9564
{
  "run_id": "s3_cunei400m_init-barlow_wdated_frac25-s2-f4",
  "metrics": {
    "final_dep": NaN,
    "train_soft_spearman": 0.8569027829034267,
    "train_spearman": 0.857188420011032,
    "final_loss": 2.9563865661621094,
    "identical_view_rate": 0.0113855421686747,
    "test_spearman": 0.6056221875290035
  },
  "scores_path": "/home/yarin.b/projects/HUJI-THESIS--YARIN/chrono/artifacts/scores/s3_cunei400m_init-barlow_wdated_frac25-s2-f4.parquet"
}
Auto packing the repository in background for optimum performance.
See "git help gc" for manual housekeeping.
[yarin-sandbox aca98fcb] C22: s3_cunei400m_init-barlow_wdated_frac25 seed 2 (job 34391)
 1 file changed, 125 insertions(+)
 create mode 100644 chrono/reports/logs/C22_s3b_34390.log
From https://github.com/YarinBeni/HUJI-THESIS--YARIN
 * branch              yarin-sandbox -> FETCH_HEAD
Auto packing the repository in background for optimum performance.
See "git help gc" for manual housekeeping.
Current branch yarin-sandbox is up to date.
Auto packing the repository in background for optimum performance.
See "git help gc" for manual housekeeping.
To https://github.com/YarinBeni/HUJI-THESIS--YARIN.git
   aa3d6f87..aca98fcb  HEAD -> yarin-sandbox
[commit_push_sandbox] pushed to yarin-sandbox
=== Done. Sat Sep  5 10:28:05 UTC 2026 ===
