# job 53179 C23_wb_akk exit=0 Tue Oct  6 09:34:31 UTC 2026
# last 4000 lines of /home/yarin.b/projects/HUJI-THESIS--YARIN/chrono/sbatch/logs/C23_wb_akk_53179_2.out
=== C23 WB-akk thalesian_cunei400m === job 53179 Tue Oct  6 09:25:09 UTC 2026
From https://github.com/YarinBeni/HUJI-THESIS--YARIN
 * branch                yarin-sandbox -> FETCH_HEAD
Current branch yarin-sandbox is up to date.
Fetching 7 files:   0%|          | 0/7 [00:00<?, ?it/s]Fetching 7 files: 100%|██████████| 7/7 [00:00<00:00, 5059.47it/s]
`torch_dtype` is deprecated! Use `dtype` instead!
The following generation flags are not valid and may be ignored: ['output_hidden_states']. Set `TRANSFORMERS_VERBOSITY=info` for more details.
Loading weights:   0%|          | 0/303 [00:00<?, ?it/s]Loading weights:  11%|█         | 32/303 [00:00<00:00, 306.27it/s]Loading weights: 100%|██████████| 303/303 [00:00<00:00, 1288.28it/s]Loading weights: 100%|██████████| 303/303 [00:00<00:00, 1168.53it/s]
[done] thalesian_cunei400m/assyrian_ruler_akk: 12 layers x 4 sites, 21 entities, 0 truncated, 1.3s
[thalesian_cunei400m/assyrian_ruler_akk/ent_last] layer 1: mc_r2=-6.353
[thalesian_cunei400m/assyrian_ruler_akk/ent_last] layer 2: mc_r2=-1.383
[thalesian_cunei400m/assyrian_ruler_akk/ent_last] layer 3: mc_r2=-0.744
[thalesian_cunei400m/assyrian_ruler_akk/ent_last] layer 4: mc_r2=-1.085
[thalesian_cunei400m/assyrian_ruler_akk/ent_last] layer 5: mc_r2=-0.915
[thalesian_cunei400m/assyrian_ruler_akk/ent_last] layer 6: mc_r2=-0.849
[thalesian_cunei400m/assyrian_ruler_akk/ent_last] layer 7: mc_r2=-0.994
[thalesian_cunei400m/assyrian_ruler_akk/ent_last] layer 8: mc_r2=-0.906
[thalesian_cunei400m/assyrian_ruler_akk/ent_last] layer 9: mc_r2=-0.886
[thalesian_cunei400m/assyrian_ruler_akk/ent_last] layer 10: mc_r2=-0.766
[thalesian_cunei400m/assyrian_ruler_akk/ent_last] layer 11: mc_r2=-0.709
[thalesian_cunei400m/assyrian_ruler_akk/ent_last] layer 12: mc_r2=-0.685
/home/yarin.b/miniconda3/envs/thesis/lib/python3.11/site-packages/sklearn/cross_decomposition/_pls.py:308: UserWarning: y residual is constant at iteration 23
  warnings.warn(f"y residual is constant at iteration {k}")
/home/yarin.b/miniconda3/envs/thesis/lib/python3.11/site-packages/sklearn/cross_decomposition/_pls.py:308: UserWarning: y residual is constant at iteration 23
  warnings.warn(f"y residual is constant at iteration {k}")
/home/yarin.b/miniconda3/envs/thesis/lib/python3.11/site-packages/sklearn/cross_decomposition/_pls.py:308: UserWarning: y residual is constant at iteration 23
  warnings.warn(f"y residual is constant at iteration {k}")
/home/yarin.b/miniconda3/envs/thesis/lib/python3.11/site-packages/sklearn/cross_decomposition/_pls.py:308: UserWarning: y residual is constant at iteration 23
  warnings.warn(f"y residual is constant at iteration {k}")
/home/yarin.b/miniconda3/envs/thesis/lib/python3.11/site-packages/sklearn/cross_decomposition/_pls.py:308: UserWarning: y residual is constant at iteration 23
  warnings.warn(f"y residual is constant at iteration {k}")
/home/yarin.b/miniconda3/envs/thesis/lib/python3.11/site-packages/sklearn/cross_decomposition/_pls.py:308: UserWarning: y residual is constant at iteration 23
  warnings.warn(f"y residual is constant at iteration {k}")
/home/yarin.b/miniconda3/envs/thesis/lib/python3.11/site-packages/sklearn/cross_decomposition/_pls.py:308: UserWarning: y residual is constant at iteration 23
  warnings.warn(f"y residual is constant at iteration {k}")
/home/yarin.b/miniconda3/envs/thesis/lib/python3.11/site-packages/sklearn/cross_decomposition/_pls.py:308: UserWarning: y residual is constant at iteration 23
  warnings.warn(f"y residual is constant at iteration {k}")
/home/yarin.b/miniconda3/envs/thesis/lib/python3.11/site-packages/sklearn/cross_decomposition/_pls.py:308: UserWarning: y residual is constant at iteration 23
  warnings.warn(f"y residual is constant at iteration {k}")
/home/yarin.b/miniconda3/envs/thesis/lib/python3.11/site-packages/sklearn/cross_decomposition/_pls.py:308: UserWarning: y residual is constant at iteration 23
  warnings.warn(f"y residual is constant at iteration {k}")
/home/yarin.b/miniconda3/envs/thesis/lib/python3.11/site-packages/sklearn/cross_decomposition/_pls.py:308: UserWarning: y residual is constant at iteration 23
  warnings.warn(f"y residual is constant at iteration {k}")
/home/yarin.b/miniconda3/envs/thesis/lib/python3.11/site-packages/sklearn/cross_decomposition/_pls.py:308: UserWarning: y residual is constant at iteration 23
  warnings.warn(f"y residual is constant at iteration {k}")
[thalesian_cunei400m/assyrian_ruler_akk/ent_last] k-sweep at best layer 12: k=8
[thalesian_cunei400m/assyrian_ruler_akk/ent_mean] layer 1: mc_r2=-1.277
[thalesian_cunei400m/assyrian_ruler_akk/ent_mean] layer 2: mc_r2=-1.196
[thalesian_cunei400m/assyrian_ruler_akk/ent_mean] layer 3: mc_r2=-0.925
[thalesian_cunei400m/assyrian_ruler_akk/ent_mean] layer 4: mc_r2=-0.981
[thalesian_cunei400m/assyrian_ruler_akk/ent_mean] layer 5: mc_r2=-0.628
[thalesian_cunei400m/assyrian_ruler_akk/ent_mean] layer 6: mc_r2=-0.630
[thalesian_cunei400m/assyrian_ruler_akk/ent_mean] layer 7: mc_r2=-0.758
[thalesian_cunei400m/assyrian_ruler_akk/ent_mean] layer 8: mc_r2=-0.922
[thalesian_cunei400m/assyrian_ruler_akk/ent_mean] layer 9: mc_r2=-1.041
[thalesian_cunei400m/assyrian_ruler_akk/ent_mean] layer 10: mc_r2=-1.194
[thalesian_cunei400m/assyrian_ruler_akk/ent_mean] layer 11: mc_r2=-1.202
[thalesian_cunei400m/assyrian_ruler_akk/ent_mean] layer 12: mc_r2=-0.995
/home/yarin.b/miniconda3/envs/thesis/lib/python3.11/site-packages/sklearn/cross_decomposition/_pls.py:308: UserWarning: y residual is constant at iteration 23
  warnings.warn(f"y residual is constant at iteration {k}")
/home/yarin.b/miniconda3/envs/thesis/lib/python3.11/site-packages/sklearn/cross_decomposition/_pls.py:308: UserWarning: y residual is constant at iteration 23
  warnings.warn(f"y residual is constant at iteration {k}")
/home/yarin.b/miniconda3/envs/thesis/lib/python3.11/site-packages/sklearn/cross_decomposition/_pls.py:308: UserWarning: y residual is constant at iteration 23
  warnings.warn(f"y residual is constant at iteration {k}")
/home/yarin.b/miniconda3/envs/thesis/lib/python3.11/site-packages/sklearn/cross_decomposition/_pls.py:308: UserWarning: y residual is constant at iteration 23
  warnings.warn(f"y residual is constant at iteration {k}")
/home/yarin.b/miniconda3/envs/thesis/lib/python3.11/site-packages/sklearn/cross_decomposition/_pls.py:308: UserWarning: y residual is constant at iteration 23
  warnings.warn(f"y residual is constant at iteration {k}")
/home/yarin.b/miniconda3/envs/thesis/lib/python3.11/site-packages/sklearn/cross_decomposition/_pls.py:308: UserWarning: y residual is constant at iteration 23
  warnings.warn(f"y residual is constant at iteration {k}")
/home/yarin.b/miniconda3/envs/thesis/lib/python3.11/site-packages/sklearn/cross_decomposition/_pls.py:308: UserWarning: y residual is constant at iteration 23
  warnings.warn(f"y residual is constant at iteration {k}")
/home/yarin.b/miniconda3/envs/thesis/lib/python3.11/site-packages/sklearn/cross_decomposition/_pls.py:308: UserWarning: y residual is constant at iteration 23
  warnings.warn(f"y residual is constant at iteration {k}")
/home/yarin.b/miniconda3/envs/thesis/lib/python3.11/site-packages/sklearn/cross_decomposition/_pls.py:308: UserWarning: y residual is constant at iteration 23
  warnings.warn(f"y residual is constant at iteration {k}")
/home/yarin.b/miniconda3/envs/thesis/lib/python3.11/site-packages/sklearn/cross_decomposition/_pls.py:308: UserWarning: y residual is constant at iteration 23
  warnings.warn(f"y residual is constant at iteration {k}")
/home/yarin.b/miniconda3/envs/thesis/lib/python3.11/site-packages/sklearn/cross_decomposition/_pls.py:308: UserWarning: y residual is constant at iteration 23
  warnings.warn(f"y residual is constant at iteration {k}")
/home/yarin.b/miniconda3/envs/thesis/lib/python3.11/site-packages/sklearn/cross_decomposition/_pls.py:308: UserWarning: y residual is constant at iteration 23
  warnings.warn(f"y residual is constant at iteration {k}")
[thalesian_cunei400m/assyrian_ruler_akk/ent_mean] k-sweep at best layer 5: k=64
[thalesian_cunei400m/assyrian_ruler_akk/last] layer 1: mc_r2=-1.924
[thalesian_cunei400m/assyrian_ruler_akk/last] layer 2: mc_r2=-1.427
[thalesian_cunei400m/assyrian_ruler_akk/last] layer 3: mc_r2=-1.503
[thalesian_cunei400m/assyrian_ruler_akk/last] layer 4: mc_r2=-1.404
[thalesian_cunei400m/assyrian_ruler_akk/last] layer 5: mc_r2=-1.215
[thalesian_cunei400m/assyrian_ruler_akk/last] layer 6: mc_r2=-1.187
[thalesian_cunei400m/assyrian_ruler_akk/last] layer 7: mc_r2=-1.349
[thalesian_cunei400m/assyrian_ruler_akk/last] layer 8: mc_r2=-1.368
[thalesian_cunei400m/assyrian_ruler_akk/last] layer 9: mc_r2=-1.275
[thalesian_cunei400m/assyrian_ruler_akk/last] layer 10: mc_r2=-0.999
[thalesian_cunei400m/assyrian_ruler_akk/last] layer 11: mc_r2=-1.076
[thalesian_cunei400m/assyrian_ruler_akk/last] layer 12: mc_r2=-1.096
/home/yarin.b/miniconda3/envs/thesis/lib/python3.11/site-packages/sklearn/cross_decomposition/_pls.py:308: UserWarning: y residual is constant at iteration 23
  warnings.warn(f"y residual is constant at iteration {k}")
/home/yarin.b/miniconda3/envs/thesis/lib/python3.11/site-packages/sklearn/cross_decomposition/_pls.py:308: UserWarning: y residual is constant at iteration 23
  warnings.warn(f"y residual is constant at iteration {k}")
/home/yarin.b/miniconda3/envs/thesis/lib/python3.11/site-packages/sklearn/cross_decomposition/_pls.py:308: UserWarning: y residual is constant at iteration 23
  warnings.warn(f"y residual is constant at iteration {k}")
/home/yarin.b/miniconda3/envs/thesis/lib/python3.11/site-packages/sklearn/cross_decomposition/_pls.py:308: UserWarning: y residual is constant at iteration 23
  warnings.warn(f"y residual is constant at iteration {k}")
/home/yarin.b/miniconda3/envs/thesis/lib/python3.11/site-packages/sklearn/cross_decomposition/_pls.py:308: UserWarning: y residual is constant at iteration 23
  warnings.warn(f"y residual is constant at iteration {k}")
/home/yarin.b/miniconda3/envs/thesis/lib/python3.11/site-packages/sklearn/cross_decomposition/_pls.py:308: UserWarning: y residual is constant at iteration 23
  warnings.warn(f"y residual is constant at iteration {k}")
/home/yarin.b/miniconda3/envs/thesis/lib/python3.11/site-packages/sklearn/cross_decomposition/_pls.py:308: UserWarning: y residual is constant at iteration 23
  warnings.warn(f"y residual is constant at iteration {k}")
/home/yarin.b/miniconda3/envs/thesis/lib/python3.11/site-packages/sklearn/cross_decomposition/_pls.py:308: UserWarning: y residual is constant at iteration 23
  warnings.warn(f"y residual is constant at iteration {k}")
/home/yarin.b/miniconda3/envs/thesis/lib/python3.11/site-packages/sklearn/cross_decomposition/_pls.py:308: UserWarning: y residual is constant at iteration 23
  warnings.warn(f"y residual is constant at iteration {k}")
/home/yarin.b/miniconda3/envs/thesis/lib/python3.11/site-packages/sklearn/cross_decomposition/_pls.py:308: UserWarning: y residual is constant at iteration 23
  warnings.warn(f"y residual is constant at iteration {k}")
/home/yarin.b/miniconda3/envs/thesis/lib/python3.11/site-packages/sklearn/cross_decomposition/_pls.py:308: UserWarning: y residual is constant at iteration 23
  warnings.warn(f"y residual is constant at iteration {k}")
/home/yarin.b/miniconda3/envs/thesis/lib/python3.11/site-packages/sklearn/cross_decomposition/_pls.py:308: UserWarning: y residual is constant at iteration 23
  warnings.warn(f"y residual is constant at iteration {k}")
[thalesian_cunei400m/assyrian_ruler_akk/last] k-sweep at best layer 10: k=8
[thalesian_cunei400m/assyrian_ruler_akk/mean] layer 1: mc_r2=-1.832
[thalesian_cunei400m/assyrian_ruler_akk/mean] layer 2: mc_r2=-1.493
[thalesian_cunei400m/assyrian_ruler_akk/mean] layer 3: mc_r2=-0.982
[thalesian_cunei400m/assyrian_ruler_akk/mean] layer 4: mc_r2=-1.020
[thalesian_cunei400m/assyrian_ruler_akk/mean] layer 5: mc_r2=-0.898
[thalesian_cunei400m/assyrian_ruler_akk/mean] layer 6: mc_r2=-0.766
[thalesian_cunei400m/assyrian_ruler_akk/mean] layer 7: mc_r2=-0.771
[thalesian_cunei400m/assyrian_ruler_akk/mean] layer 8: mc_r2=-0.847
[thalesian_cunei400m/assyrian_ruler_akk/mean] layer 9: mc_r2=-1.032
[thalesian_cunei400m/assyrian_ruler_akk/mean] layer 10: mc_r2=-1.090
[thalesian_cunei400m/assyrian_ruler_akk/mean] layer 11: mc_r2=-1.148
[thalesian_cunei400m/assyrian_ruler_akk/mean] layer 12: mc_r2=-0.923
/home/yarin.b/miniconda3/envs/thesis/lib/python3.11/site-packages/sklearn/cross_decomposition/_pls.py:308: UserWarning: y residual is constant at iteration 23
  warnings.warn(f"y residual is constant at iteration {k}")
/home/yarin.b/miniconda3/envs/thesis/lib/python3.11/site-packages/sklearn/cross_decomposition/_pls.py:308: UserWarning: y residual is constant at iteration 23
  warnings.warn(f"y residual is constant at iteration {k}")
/home/yarin.b/miniconda3/envs/thesis/lib/python3.11/site-packages/sklearn/cross_decomposition/_pls.py:308: UserWarning: y residual is constant at iteration 23
  warnings.warn(f"y residual is constant at iteration {k}")
/home/yarin.b/miniconda3/envs/thesis/lib/python3.11/site-packages/sklearn/cross_decomposition/_pls.py:308: UserWarning: y residual is constant at iteration 23
  warnings.warn(f"y residual is constant at iteration {k}")
/home/yarin.b/miniconda3/envs/thesis/lib/python3.11/site-packages/sklearn/cross_decomposition/_pls.py:308: UserWarning: y residual is constant at iteration 23
  warnings.warn(f"y residual is constant at iteration {k}")
/home/yarin.b/miniconda3/envs/thesis/lib/python3.11/site-packages/sklearn/cross_decomposition/_pls.py:308: UserWarning: y residual is constant at iteration 23
  warnings.warn(f"y residual is constant at iteration {k}")
/home/yarin.b/miniconda3/envs/thesis/lib/python3.11/site-packages/sklearn/cross_decomposition/_pls.py:308: UserWarning: y residual is constant at iteration 23
  warnings.warn(f"y residual is constant at iteration {k}")
/home/yarin.b/miniconda3/envs/thesis/lib/python3.11/site-packages/sklearn/cross_decomposition/_pls.py:308: UserWarning: y residual is constant at iteration 23
  warnings.warn(f"y residual is constant at iteration {k}")
/home/yarin.b/miniconda3/envs/thesis/lib/python3.11/site-packages/sklearn/cross_decomposition/_pls.py:308: UserWarning: y residual is constant at iteration 23
  warnings.warn(f"y residual is constant at iteration {k}")
/home/yarin.b/miniconda3/envs/thesis/lib/python3.11/site-packages/sklearn/cross_decomposition/_pls.py:308: UserWarning: y residual is constant at iteration 23
  warnings.warn(f"y residual is constant at iteration {k}")
/home/yarin.b/miniconda3/envs/thesis/lib/python3.11/site-packages/sklearn/cross_decomposition/_pls.py:308: UserWarning: y residual is constant at iteration 23
  warnings.warn(f"y residual is constant at iteration {k}")
/home/yarin.b/miniconda3/envs/thesis/lib/python3.11/site-packages/sklearn/cross_decomposition/_pls.py:308: UserWarning: y residual is constant at iteration 23
  warnings.warn(f"y residual is constant at iteration {k}")
[thalesian_cunei400m/assyrian_ruler_akk/mean] k-sweep at best layer 6: k=12
[write] summary_entity_layerwise.csv (8092 rows)
[write] summary_entity_best.csv (272 rows)
[write] RESULTS_entity.md
[yarin-sandbox 0822ee3c0] C23: WB-akk thalesian_cunei400m (job 53179)
 10 files changed, 6957 insertions(+)
 create mode 100644 v_1/src/world_models/akkadian/results/probes_entity/llama2_7b/assyrian_ruler_akk.ent_last.json
 create mode 100644 v_1/src/world_models/akkadian/results/probes_entity/qwen3_8b/assyrian_ruler_akk.ent_last.json
 create mode 100644 v_1/src/world_models/akkadian/results/probes_entity/thalesian_cunei400m/assyrian_ruler_akk.ent_last.json
 create mode 100644 v_1/src/world_models/akkadian/results/probes_entity/thalesian_cunei400m/assyrian_ruler_akk.ent_mean.json
 create mode 100644 v_1/src/world_models/akkadian/results/probes_entity/thalesian_cunei400m/assyrian_ruler_akk.last.json
 create mode 100644 v_1/src/world_models/akkadian/results/probes_entity/thalesian_cunei400m/assyrian_ruler_akk.mean.json
 create mode 100644 v_1/src/world_models/data/entity_datasets/assyrian_ruler_akk.csv
From https://github.com/YarinBeni/HUJI-THESIS--YARIN
 * branch                yarin-sandbox -> FETCH_HEAD
Current branch yarin-sandbox is up to date.
To https://github.com/YarinBeni/HUJI-THESIS--YARIN.git
   56cde49e7..0822ee3c0  HEAD -> yarin-sandbox
[commit_push_sandbox] pushed to yarin-sandbox
=== Done. Tue Oct  6 09:34:31 UTC 2026 ===
