# job 53144 C24_nlmcd exit=0 Tue Oct  6 09:26:04 UTC 2026
# last 4000 lines of /home/yarin.b/projects/HUJI-THESIS--YARIN/chrono/sbatch/logs/C24_nlmcd_53144.out
=== C24 NLMCD === job 53144 Tue Oct  6 09:21:38 UTC 2026
From https://github.com/YarinBeni/HUJI-THESIS--YARIN
 * branch              yarin-sandbox -> FETCH_HEAD
Auto packing the repository in background for optimum performance.
See "git help gc" for manual housekeeping.
Created autostash: 6162184d
Current branch yarin-sandbox is up to date.
Applied autostash.
Auto packing the repository in background for optimum performance.
See "git help gc" for manual housekeeping.
/home/yarin.b/miniconda3/envs/thesis/lib/python3.11/site-packages/umap/umap_.py:1952: UserWarning: n_jobs value 1 overridden to 1 by setting random_state. Use no seed for parallelism.
  warn(
/home/yarin.b/miniconda3/envs/thesis/lib/python3.11/site-packages/sklearn/cluster/_hdbscan/hdbscan.py:722: FutureWarning: The default value of `copy` will change from False to True in 1.10. Explicitly set a value for `copy` to silence this warning.
  warn(
/home/yarin.b/miniconda3/envs/thesis/lib/python3.11/site-packages/umap/umap_.py:1952: UserWarning: n_jobs value 1 overridden to 1 by setting random_state. Use no seed for parallelism.
  warn(
/home/yarin.b/miniconda3/envs/thesis/lib/python3.11/site-packages/sklearn/cluster/_hdbscan/hdbscan.py:722: FutureWarning: The default value of `copy` will change from False to True in 1.10. Explicitly set a value for `copy` to silence this warning.
  warn(
/home/yarin.b/miniconda3/envs/thesis/lib/python3.11/site-packages/umap/umap_.py:1952: UserWarning: n_jobs value 1 overridden to 1 by setting random_state. Use no seed for parallelism.
  warn(
/home/yarin.b/miniconda3/envs/thesis/lib/python3.11/site-packages/sklearn/cluster/_hdbscan/hdbscan.py:722: FutureWarning: The default value of `copy` will change from False to True in 1.10. Explicitly set a value for `copy` to silence this warning.
  warn(
/home/yarin.b/miniconda3/envs/thesis/lib/python3.11/site-packages/umap/umap_.py:1952: UserWarning: n_jobs value 1 overridden to 1 by setting random_state. Use no seed for parallelism.
  warn(
/home/yarin.b/miniconda3/envs/thesis/lib/python3.11/site-packages/sklearn/cluster/_hdbscan/hdbscan.py:722: FutureWarning: The default value of `copy` will change from False to True in 1.10. Explicitly set a value for `copy` to silence this warning.
  warn(
wrote chrono/reports/ssl/NLMCD_RESULT.md and chrono/reports/ssl/nlmcd_clusters.parquet
[yarin-sandbox 2a621acef] C24: NLMCD concept manifolds (job 53144)
 2 files changed, 219 insertions(+)
 create mode 100644 chrono/reports/ssl/NLMCD_RESULT.md
 create mode 100644 chrono/reports/ssl/nlmcd_clusters.parquet
From https://github.com/YarinBeni/HUJI-THESIS--YARIN
 * branch                yarin-sandbox -> FETCH_HEAD
Current branch yarin-sandbox is up to date.
To https://github.com/YarinBeni/HUJI-THESIS--YARIN.git
   ba65082cd..2a621acef  HEAD -> yarin-sandbox
[commit_push_sandbox] pushed to yarin-sandbox
=== Done. Tue Oct  6 09:26:04 UTC 2026 ===
