# job 33377 C3v2_emin exit=0 Wed Sep  2 07:59:38 UTC 2026
# last 4000 lines of /home/yarin.b/projects/HUJI-THESIS--YARIN/chrono/sbatch/logs/C3v2_emin_33352_20.out
=== C3v2 emin2_qwen3_8b_t0_eng seed 0 === job 33377 Wed Sep  2 07:55:04 UTC 2026
From https://github.com/YarinBeni/HUJI-THESIS--YARIN
 * branch              yarin-sandbox -> FETCH_HEAD
Current branch yarin-sandbox is up to date.
epoch 50/200 loss 33.9344
epoch 100/200 loss 31.6772
epoch 150/200 loss 29.2747
epoch 200/200 loss 23.5579
{
  "run_id": "emin2_qwen3_8b_t0_eng-s0-f0",
  "metrics": {
    "train_soft_spearman": 0.7349521948764762,
    "train_spearman": 0.735186291157629,
    "final_loss": 23.557872772216797,
    "identical_view_rate": 0.009832432432432432,
    "test_spearman": NaN
  },
  "scores_path": "/home/yarin.b/projects/HUJI-THESIS--YARIN/chrono/artifacts/scores/emin2_qwen3_8b_t0_eng-s0-f0.parquet"
}
epoch 50/200 loss 32.2973
epoch 100/200 loss 28.6807
epoch 150/200 loss 22.7902
epoch 200/200 loss 18.7208
{
  "run_id": "emin2_qwen3_8b_t0_eng-s0-f1",
  "metrics": {
    "train_soft_spearman": 0.7790199535699035,
    "train_spearman": 0.7791102307063414,
    "final_loss": 18.72084093093872,
    "identical_view_rate": 0.007123430962343096,
    "test_spearman": NaN
  },
  "scores_path": "/home/yarin.b/projects/HUJI-THESIS--YARIN/chrono/artifacts/scores/emin2_qwen3_8b_t0_eng-s0-f1.parquet"
}
epoch 50/200 loss 34.4709
epoch 100/200 loss 31.5936
epoch 150/200 loss 29.7511
epoch 200/200 loss 25.7001
{
  "run_id": "emin2_qwen3_8b_t0_eng-s0-f2",
  "metrics": {
    "train_soft_spearman": 0.79262610701954,
    "train_spearman": 0.7925909493179737,
    "final_loss": 25.70010757446289,
    "identical_view_rate": 0.009402907580477673,
    "test_spearman": 0.14519259743702395
  },
  "scores_path": "/home/yarin.b/projects/HUJI-THESIS--YARIN/chrono/artifacts/scores/emin2_qwen3_8b_t0_eng-s0-f2.parquet"
}
epoch 50/200 loss 36.0879
epoch 100/200 loss 32.3888
epoch 150/200 loss 27.6648
epoch 200/200 loss 21.0878
{
  "run_id": "emin2_qwen3_8b_t0_eng-s0-f3",
  "metrics": {
    "train_soft_spearman": 0.6971843935260676,
    "train_spearman": 0.6971893431410522,
    "final_loss": 21.087788105010986,
    "identical_view_rate": 0.006644190871369295,
    "test_spearman": 0.4679837499970303
  },
  "scores_path": "/home/yarin.b/projects/HUJI-THESIS--YARIN/chrono/artifacts/scores/emin2_qwen3_8b_t0_eng-s0-f3.parquet"
}
epoch 50/200 loss 33.8464
epoch 100/200 loss 32.1263
epoch 150/200 loss 29.9551
epoch 200/200 loss 23.8222
{
  "run_id": "emin2_qwen3_8b_t0_eng-s0-f4",
  "metrics": {
    "train_soft_spearman": 0.5409984096452044,
    "train_spearman": 0.5410116921486093,
    "final_loss": 23.822173595428467,
    "identical_view_rate": 0.008132780082987552,
    "test_spearman": 0.6880379547279081
  },
  "scores_path": "/home/yarin.b/projects/HUJI-THESIS--YARIN/chrono/artifacts/scores/emin2_qwen3_8b_t0_eng-s0-f4.parquet"
}
[baseline] baseline_ridge_L18mean_eng fold 0: fit on 900 distinct orig views of 925 docs -> chrono/reports/tier0/scores/baseline_ridge_L18mean_eng-s0-f0.parquet
[baseline] baseline_ridge_L18mean_eng fold 1: fit on 940 distinct orig views of 956 docs -> chrono/reports/tier0/scores/baseline_ridge_L18mean_eng-s0-f1.parquet
[baseline] baseline_ridge_L18mean_eng fold 2: fit on 937 distinct orig views of 963 docs -> chrono/reports/tier0/scores/baseline_ridge_L18mean_eng-s0-f2.parquet
[baseline] baseline_ridge_L18mean_eng fold 3: fit on 940 distinct orig views of 964 docs -> chrono/reports/tier0/scores/baseline_ridge_L18mean_eng-s0-f3.parquet
[baseline] baseline_ridge_L18mean_eng fold 4: fit on 948 distinct orig views of 964 docs -> chrono/reports/tier0/scores/baseline_ridge_L18mean_eng-s0-f4.parquet
[baseline] baseline_pls_L18mean_eng fold 0: fit on 900 distinct orig views of 925 docs -> chrono/reports/tier0/scores/baseline_pls_L18mean_eng-s0-f0.parquet
[baseline] baseline_pls_L18mean_eng fold 1: fit on 940 distinct orig views of 956 docs -> chrono/reports/tier0/scores/baseline_pls_L18mean_eng-s0-f1.parquet
[baseline] baseline_pls_L18mean_eng fold 2: fit on 937 distinct orig views of 963 docs -> chrono/reports/tier0/scores/baseline_pls_L18mean_eng-s0-f2.parquet
[baseline] baseline_pls_L18mean_eng fold 3: fit on 940 distinct orig views of 964 docs -> chrono/reports/tier0/scores/baseline_pls_L18mean_eng-s0-f3.parquet
[baseline] baseline_pls_L18mean_eng fold 4: fit on 948 distinct orig views of 964 docs -> chrono/reports/tier0/scores/baseline_pls_L18mean_eng-s0-f4.parquet
[gate] ridge L9 mean: mc +0.396±0.055 gkf_pooled +0.283 placebo -0.009±0.078
[gate] pls L9 mean: mc +0.219±0.069 gkf_pooled +0.231 placebo -0.004±0.074
[gate] ridge L9 last: mc +0.180±0.067 gkf_pooled +0.176 placebo -0.007±0.076
[gate] pls L9 last: mc +0.134±0.065 gkf_pooled +0.162 placebo -0.005±0.079
[gate] ridge L18 mean: mc +0.395±0.058 gkf_pooled +0.309 placebo -0.006±0.073
[gate] pls L18 mean: mc +0.243±0.064 gkf_pooled +0.230 placebo -0.002±0.073
[gate] ridge L18 last: mc +0.184±0.063 gkf_pooled +0.218 placebo -0.005±0.081
[gate] pls L18 last: mc +0.149±0.065 gkf_pooled +0.216 placebo -0.003±0.082
[gate] ridge L27 mean: mc +0.388±0.060 gkf_pooled +0.331 placebo -0.011±0.078
[gate] pls L27 mean: mc +0.399±0.055 gkf_pooled +0.283 placebo -0.007±0.076
[gate] ridge L27 last: mc +0.205±0.059 gkf_pooled +0.185 placebo -0.001±0.078
[gate] pls L27 last: mc +0.158±0.062 gkf_pooled +0.192 placebo -0.004±0.080
[gate] ridge L36 mean: mc +0.387±0.062 gkf_pooled +0.340 placebo -0.004±0.076
[gate] pls L36 mean: mc +0.447±0.052 gkf_pooled +0.331 placebo -0.005±0.075
[gate] ridge L36 last: mc +0.274±0.058 gkf_pooled +0.207 placebo -0.007±0.077
[gate] pls L36 last: mc +0.254±0.064 gkf_pooled +0.194 placebo -0.005±0.076
========================================================================
P0.4 BASELINE GATE
========================================================================
probe  layer site    gkf pooled         mc rho    doc placebo     BLOCK null
ridge      9 mean        +0.283   +0.396±0.055   -0.009±0.078   +0.005±0.193
pls        9 mean        +0.231   +0.219±0.069   -0.004±0.074   -0.006±0.130
ridge      9 last        +0.176   +0.180±0.067   -0.007±0.076   -0.005±0.109
pls        9 last        +0.162   +0.134±0.065   -0.005±0.079   -0.008±0.099
ridge     18 mean        +0.309   +0.395±0.058   -0.006±0.073   -0.004±0.187
pls       18 mean        +0.230   +0.243±0.064   -0.002±0.073   +0.001±0.142
ridge     18 last        +0.218   +0.184±0.063   -0.005±0.081   -0.014±0.116
pls       18 last        +0.216   +0.149±0.065   -0.003±0.082   -0.015±0.120
ridge     27 mean        +0.331   +0.388±0.060   -0.011±0.078   -0.008±0.179
pls       27 mean        +0.283   +0.399±0.055   -0.007±0.076   +0.006±0.205
ridge     27 last        +0.185   +0.205±0.059   -0.001±0.078   -0.007±0.122
pls       27 last        +0.192   +0.158±0.062   -0.004±0.080   -0.015±0.109
ridge     36 mean        +0.340   +0.387±0.062   -0.004±0.076   -0.012±0.181
pls       36 mean        +0.331   +0.447±0.052   -0.005±0.075   +0.001±0.215
ridge     36 last        +0.207   +0.274±0.058   -0.007±0.077   -0.004±0.139
pls       36 last        +0.194   +0.254±0.064   -0.005±0.076   -0.010±0.143
------------------------------------------------------------------------
VERDICT CELL (a priori: pls L18 mean) — mc rho +0.243
best-of-16 cell (SELECTION-INFLATED, context only): pls L36 mean mc rho +0.447
block null (ruler-level, the honest reference): -0.006±0.154 — a max over 16 cells of pure ruler-block noise reaches ~0.72, so never read the best cell as a result.
gate reference: UNPINNED — re-pin from v_1/src/phase2/pairs/RESULTS.md (plan addendum): the legacy 0.41±0.02 used the 1,202/41-ruler frame, the eligible corpus is now 1,187/40.
verdict: UNPINNED (comparison only, no pass/fail)
====================================================================
[gate] 80 result rows -> /home/yarin.b/projects/HUJI-THESIS--YARIN/chrono/artifacts/results.parquet; report -> chrono/reports/tier0/gate_emin2_qwen3_8b_t0_eng_eng.txt
[yarin-sandbox e73c99e0] C3v2: emin2_qwen3_8b_t0_eng seed 0 (job 33377)
 2 files changed, 27 insertions(+)
 create mode 100644 chrono/reports/tier0/gate_emin2_qwen3_8b_t0_eng_eng.txt
From https://github.com/YarinBeni/HUJI-THESIS--YARIN
 * branch              yarin-sandbox -> FETCH_HEAD
Current branch yarin-sandbox is up to date.
To https://github.com/YarinBeni/HUJI-THESIS--YARIN.git
   4e1e7042..e73c99e0  HEAD -> yarin-sandbox
[commit_push_sandbox] pushed to yarin-sandbox
=== Done. Wed Sep  2 07:59:38 UTC 2026 ===
