# job 33405 C3v2b_base exit=0 Wed Sep  2 08:13:52 UTC 2026
# last 4000 lines of /home/yarin.b/projects/HUJI-THESIS--YARIN/chrono/sbatch/logs/C3v2b_base_33403_1.out
=== C3v2b emin2_llama2_7b_t0_eng === job 33405 Wed Sep  2 08:11:24 UTC 2026
From https://github.com/YarinBeni/HUJI-THESIS--YARIN
 * branch              yarin-sandbox -> FETCH_HEAD
Created autostash: 58997774
Current branch yarin-sandbox is up to date.
Applied autostash.
[baseline] baseline_ridge_L16mean_eng_allviews fold 0: fit on 6362 distinct all views of 925 docs -> chrono/reports/tier0/scores/baseline_ridge_L16mean_eng_allviews-s0-f0.parquet
[baseline] baseline_ridge_L16mean_eng_allviews fold 1: fit on 6826 distinct all views of 956 docs -> chrono/reports/tier0/scores/baseline_ridge_L16mean_eng_allviews-s0-f1.parquet
[baseline] baseline_ridge_L16mean_eng_allviews fold 2: fit on 6740 distinct all views of 963 docs -> chrono/reports/tier0/scores/baseline_ridge_L16mean_eng_allviews-s0-f2.parquet
[baseline] baseline_ridge_L16mean_eng_allviews fold 3: fit on 6902 distinct all views of 964 docs -> chrono/reports/tier0/scores/baseline_ridge_L16mean_eng_allviews-s0-f3.parquet
[baseline] baseline_ridge_L16mean_eng_allviews fold 4: fit on 6828 distinct all views of 964 docs -> chrono/reports/tier0/scores/baseline_ridge_L16mean_eng_allviews-s0-f4.parquet
[commit_push_sandbox] nothing to commit
From https://github.com/YarinBeni/HUJI-THESIS--YARIN
 * branch              yarin-sandbox -> FETCH_HEAD
Current branch yarin-sandbox is up to date.
Everything up-to-date
[commit_push_sandbox] pushed to yarin-sandbox
=== Done. Wed Sep  2 08:13:52 UTC 2026 ===
