# job 33379 C3v2_emin exit=0 Wed Sep  2 08:00:45 UTC 2026
# last 4000 lines of /home/yarin.b/projects/HUJI-THESIS--YARIN/chrono/sbatch/logs/C3v2_emin_33352_22.out
=== C3v2 emin2_qwen3_8b_t0_eng seed 2 === job 33379 Wed Sep  2 07:56:29 UTC 2026
From https://github.com/YarinBeni/HUJI-THESIS--YARIN
 * branch              yarin-sandbox -> FETCH_HEAD
Current branch yarin-sandbox is up to date.
epoch 50/200 loss 34.6027
epoch 100/200 loss 32.4077
epoch 150/200 loss 30.4075
epoch 200/200 loss 27.2886
{
  "run_id": "emin2_qwen3_8b_t0_eng-s2-f0",
  "metrics": {
    "train_soft_spearman": 0.7521538465061562,
    "train_spearman": 0.7522289919555265,
    "final_loss": 27.28857183456421,
    "identical_view_rate": 0.010010810810810811,
    "test_spearman": NaN
  },
  "scores_path": "/home/yarin.b/projects/HUJI-THESIS--YARIN/chrono/artifacts/scores/emin2_qwen3_8b_t0_eng-s2-f0.parquet"
}
epoch 50/200 loss 33.7134
epoch 100/200 loss 29.7295
epoch 150/200 loss 25.5609
epoch 200/200 loss 21.0656
{
  "run_id": "emin2_qwen3_8b_t0_eng-s2-f1",
  "metrics": {
    "train_soft_spearman": 0.770452062818181,
    "train_spearman": 0.7705084232964965,
    "final_loss": 21.06558895111084,
    "identical_view_rate": 0.007322175732217573,
    "test_spearman": NaN
  },
  "scores_path": "/home/yarin.b/projects/HUJI-THESIS--YARIN/chrono/artifacts/scores/emin2_qwen3_8b_t0_eng-s2-f1.parquet"
}
epoch 50/200 loss 33.5537
epoch 100/200 loss 29.8830
epoch 150/200 loss 27.3397
epoch 200/200 loss 23.7486
{
  "run_id": "emin2_qwen3_8b_t0_eng-s2-f2",
  "metrics": {
    "train_soft_spearman": 0.7745647979343734,
    "train_spearman": 0.7743712265644828,
    "final_loss": 23.74856996536255,
    "identical_view_rate": 0.009439252336448599,
    "test_spearman": 0.1147408874836953
  },
  "scores_path": "/home/yarin.b/projects/HUJI-THESIS--YARIN/chrono/artifacts/scores/emin2_qwen3_8b_t0_eng-s2-f2.parquet"
}
epoch 50/200 loss 34.7904
epoch 100/200 loss 31.6802
epoch 150/200 loss 28.7649
epoch 200/200 loss 24.0188
{
  "run_id": "emin2_qwen3_8b_t0_eng-s2-f3",
  "metrics": {
    "train_soft_spearman": 0.7214542169274929,
    "train_spearman": 0.7212930340270809,
    "final_loss": 24.01882839202881,
    "identical_view_rate": 0.0066753112033195025,
    "test_spearman": 0.4004858793676364
  },
  "scores_path": "/home/yarin.b/projects/HUJI-THESIS--YARIN/chrono/artifacts/scores/emin2_qwen3_8b_t0_eng-s2-f3.parquet"
}
epoch 50/200 loss 32.8199
epoch 100/200 loss 30.2650
epoch 150/200 loss 25.5760
epoch 200/200 loss 21.2433
{
  "run_id": "emin2_qwen3_8b_t0_eng-s2-f4",
  "metrics": {
    "train_soft_spearman": 0.704160649735785,
    "train_spearman": 0.7039547536442103,
    "final_loss": 21.243347644805908,
    "identical_view_rate": 0.008526970954356847,
    "test_spearman": 0.674535660340246
  },
  "scores_path": "/home/yarin.b/projects/HUJI-THESIS--YARIN/chrono/artifacts/scores/emin2_qwen3_8b_t0_eng-s2-f4.parquet"
}
[yarin-sandbox 3aa17412] C3v2: emin2_qwen3_8b_t0_eng seed 2 (job 33379)
 6 files changed, 0 insertions(+), 0 deletions(-)
 create mode 100644 chrono/reports/tier0/scores/emin2_qwen3_8b_t0_eng-s2-f0.parquet
 create mode 100644 chrono/reports/tier0/scores/emin2_qwen3_8b_t0_eng-s2-f1.parquet
 create mode 100644 chrono/reports/tier0/scores/emin2_qwen3_8b_t0_eng-s2-f2.parquet
 create mode 100644 chrono/reports/tier0/scores/emin2_qwen3_8b_t0_eng-s2-f3.parquet
 create mode 100644 chrono/reports/tier0/scores/emin2_qwen3_8b_t0_eng-s2-f4.parquet
From https://github.com/YarinBeni/HUJI-THESIS--YARIN
 * branch              yarin-sandbox -> FETCH_HEAD
Current branch yarin-sandbox is up to date.
To https://github.com/YarinBeni/HUJI-THESIS--YARIN.git
   8be48d31..3aa17412  HEAD -> yarin-sandbox
[commit_push_sandbox] pushed to yarin-sandbox
=== Done. Wed Sep  2 08:00:45 UTC 2026 ===
