# job 33404 C3v2b_base exit=0 Wed Sep  2 08:14:05 UTC 2026
# last 4000 lines of /home/yarin.b/projects/HUJI-THESIS--YARIN/chrono/sbatch/logs/C3v2b_base_33403_0.out
=== C3v2b emin2_llama2_7b_t0_akk === job 33404 Wed Sep  2 08:11:24 UTC 2026
From https://github.com/YarinBeni/HUJI-THESIS--YARIN
 * branch              yarin-sandbox -> FETCH_HEAD
Created autostash: 7523ff7e
Current branch yarin-sandbox is up to date.
Applied autostash.
[baseline] baseline_ridge_L16mean_akk_allviews fold 0: fit on 6980 distinct all views of 925 docs -> chrono/reports/tier0/scores/baseline_ridge_L16mean_akk_allviews-s0-f0.parquet
[baseline] baseline_ridge_L16mean_akk_allviews fold 1: fit on 7499 distinct all views of 956 docs -> chrono/reports/tier0/scores/baseline_ridge_L16mean_akk_allviews-s0-f1.parquet
[baseline] baseline_ridge_L16mean_akk_allviews fold 2: fit on 7319 distinct all views of 963 docs -> chrono/reports/tier0/scores/baseline_ridge_L16mean_akk_allviews-s0-f2.parquet
[baseline] baseline_ridge_L16mean_akk_allviews fold 3: fit on 7547 distinct all views of 964 docs -> chrono/reports/tier0/scores/baseline_ridge_L16mean_akk_allviews-s0-f3.parquet
[baseline] baseline_ridge_L16mean_akk_allviews fold 4: fit on 7524 distinct all views of 964 docs -> chrono/reports/tier0/scores/baseline_ridge_L16mean_akk_allviews-s0-f4.parquet
[yarin-sandbox f98bf7e1] C3v2b: ridge-all-views emin2_llama2_7b_t0_akk (job 33404)
 1 file changed, 0 insertions(+), 0 deletions(-)
 create mode 100644 chrono/reports/tier0/scores/baseline_ridge_L16mean_akk_allviews-s0-f4.parquet
From https://github.com/YarinBeni/HUJI-THESIS--YARIN
 * branch              yarin-sandbox -> FETCH_HEAD
Current branch yarin-sandbox is up to date.
To https://github.com/YarinBeni/HUJI-THESIS--YARIN.git
   ee36c36b..f98bf7e1  HEAD -> yarin-sandbox
[commit_push_sandbox] pushed to yarin-sandbox
=== Done. Wed Sep  2 08:14:05 UTC 2026 ===
