# job 33394 C3v2_emin exit=0 Wed Sep  2 08:09:26 UTC 2026
# last 4000 lines of /home/yarin.b/projects/HUJI-THESIS--YARIN/chrono/sbatch/logs/C3v2_emin_33352_35.out
=== C3v2 emin2_cunei400m_t0_eng seed 0 === job 33394 Wed Sep  2 08:03:34 UTC 2026
From https://github.com/YarinBeni/HUJI-THESIS--YARIN
 * branch              yarin-sandbox -> FETCH_HEAD
Current branch yarin-sandbox is up to date.
epoch 50/200 loss 6.0529
epoch 100/200 loss 4.3872
epoch 150/200 loss 3.7880
epoch 200/200 loss 3.4684
{
  "run_id": "emin2_cunei400m_t0_eng-s0-f0",
  "metrics": {
    "train_soft_spearman": 0.6692563743020036,
    "train_spearman": 0.6694003049729674,
    "final_loss": 3.4684346318244934,
    "identical_view_rate": 0.009832432432432432,
    "test_spearman": NaN
  },
  "scores_path": "/home/yarin.b/projects/HUJI-THESIS--YARIN/chrono/artifacts/scores/emin2_cunei400m_t0_eng-s0-f0.parquet"
}
epoch 50/200 loss 6.4811
epoch 100/200 loss 4.6913
epoch 150/200 loss 4.1559
epoch 200/200 loss 3.7228
{
  "run_id": "emin2_cunei400m_t0_eng-s0-f1",
  "metrics": {
    "train_soft_spearman": 0.7157234809005587,
    "train_spearman": 0.7158652311355597,
    "final_loss": 3.7228206396102905,
    "identical_view_rate": 0.007123430962343096,
    "test_spearman": NaN
  },
  "scores_path": "/home/yarin.b/projects/HUJI-THESIS--YARIN/chrono/artifacts/scores/emin2_cunei400m_t0_eng-s0-f1.parquet"
}
epoch 50/200 loss 6.3645
epoch 100/200 loss 4.4841
epoch 150/200 loss 3.7435
epoch 200/200 loss 3.4369
{
  "run_id": "emin2_cunei400m_t0_eng-s0-f2",
  "metrics": {
    "train_soft_spearman": 0.7189357533104236,
    "train_spearman": 0.7188119998260158,
    "final_loss": 3.4368916749954224,
    "identical_view_rate": 0.009402907580477673,
    "test_spearman": 0.09878832503359632
  },
  "scores_path": "/home/yarin.b/projects/HUJI-THESIS--YARIN/chrono/artifacts/scores/emin2_cunei400m_t0_eng-s0-f2.parquet"
}
epoch 50/200 loss 6.6095
epoch 100/200 loss 5.0084
epoch 150/200 loss 4.0061
epoch 200/200 loss 3.7227
{
  "run_id": "emin2_cunei400m_t0_eng-s0-f3",
  "metrics": {
    "train_soft_spearman": 0.5818233819191114,
    "train_spearman": 0.5819264713103871,
    "final_loss": 3.722745716571808,
    "identical_view_rate": 0.006644190871369295,
    "test_spearman": 0.35285690906980355
  },
  "scores_path": "/home/yarin.b/projects/HUJI-THESIS--YARIN/chrono/artifacts/scores/emin2_cunei400m_t0_eng-s0-f3.parquet"
}
epoch 50/200 loss 6.6196
epoch 100/200 loss 4.6314
epoch 150/200 loss 4.1422
epoch 200/200 loss 3.4792
{
  "run_id": "emin2_cunei400m_t0_eng-s0-f4",
  "metrics": {
    "train_soft_spearman": 0.5945552797986435,
    "train_spearman": 0.5946064658317957,
    "final_loss": 3.479197144508362,
    "identical_view_rate": 0.008132780082987552,
    "test_spearman": 0.6102679671126249
  },
  "scores_path": "/home/yarin.b/projects/HUJI-THESIS--YARIN/chrono/artifacts/scores/emin2_cunei400m_t0_eng-s0-f4.parquet"
}
[baseline] baseline_ridge_L12mean_eng fold 0: fit on 900 distinct orig views of 925 docs -> chrono/reports/tier0/scores/baseline_ridge_L12mean_eng-s0-f0.parquet
[baseline] baseline_ridge_L12mean_eng fold 1: fit on 940 distinct orig views of 956 docs -> chrono/reports/tier0/scores/baseline_ridge_L12mean_eng-s0-f1.parquet
[baseline] baseline_ridge_L12mean_eng fold 2: fit on 937 distinct orig views of 963 docs -> chrono/reports/tier0/scores/baseline_ridge_L12mean_eng-s0-f2.parquet
[baseline] baseline_ridge_L12mean_eng fold 3: fit on 940 distinct orig views of 964 docs -> chrono/reports/tier0/scores/baseline_ridge_L12mean_eng-s0-f3.parquet
[baseline] baseline_ridge_L12mean_eng fold 4: fit on 948 distinct orig views of 964 docs -> chrono/reports/tier0/scores/baseline_ridge_L12mean_eng-s0-f4.parquet
[baseline] baseline_pls_L12mean_eng fold 0: fit on 900 distinct orig views of 925 docs -> chrono/reports/tier0/scores/baseline_pls_L12mean_eng-s0-f0.parquet
[baseline] baseline_pls_L12mean_eng fold 1: fit on 940 distinct orig views of 956 docs -> chrono/reports/tier0/scores/baseline_pls_L12mean_eng-s0-f1.parquet
[baseline] baseline_pls_L12mean_eng fold 2: fit on 937 distinct orig views of 963 docs -> chrono/reports/tier0/scores/baseline_pls_L12mean_eng-s0-f2.parquet
[baseline] baseline_pls_L12mean_eng fold 3: fit on 940 distinct orig views of 964 docs -> chrono/reports/tier0/scores/baseline_pls_L12mean_eng-s0-f3.parquet
[baseline] baseline_pls_L12mean_eng fold 4: fit on 948 distinct orig views of 964 docs -> chrono/reports/tier0/scores/baseline_pls_L12mean_eng-s0-f4.parquet
[gate] ridge L0 mean: mc +0.383±0.060 gkf_pooled +0.233 placebo -0.005±0.074
[gate] pls L0 mean: mc +0.211±0.059 gkf_pooled +0.118 placebo +0.001±0.075
[gate] L0 last: all 768 features constant across documents, skipped
[gate] ridge L1 mean: mc +0.365±0.060 gkf_pooled +0.267 placebo +0.002±0.072
[gate] pls L1 mean: mc +0.311±0.062 gkf_pooled +0.270 placebo -0.004±0.074
[gate] ridge L1 last: mc +0.280±0.064 gkf_pooled +0.222 placebo -0.004±0.072
[gate] pls L1 last: mc +0.136±0.071 gkf_pooled +0.170 placebo +0.003±0.072
[gate] ridge L2 mean: mc +0.349±0.058 gkf_pooled +0.226 placebo +0.001±0.072
[gate] pls L2 mean: mc +0.269±0.062 gkf_pooled +0.206 placebo -0.004±0.074
[gate] ridge L2 last: mc +0.171±0.059 gkf_pooled +0.177 placebo +0.003±0.073
[gate] pls L2 last: mc +0.095±0.068 gkf_pooled +0.132 placebo +0.005±0.071
[gate] ridge L3 mean: mc +0.367±0.055 gkf_pooled +0.231 placebo -0.001±0.071
[gate] pls L3 mean: mc +0.300±0.060 gkf_pooled +0.175 placebo -0.004±0.075
[gate] ridge L3 last: mc +0.201±0.064 gkf_pooled +0.194 placebo -0.001±0.073
[gate] pls L3 last: mc +0.116±0.067 gkf_pooled +0.128 placebo +0.003±0.076
[gate] ridge L4 mean: mc +0.384±0.056 gkf_pooled +0.260 placebo +0.001±0.072
[gate] pls L4 mean: mc +0.290±0.057 gkf_pooled +0.148 placebo -0.000±0.074
[gate] ridge L4 last: mc +0.274±0.063 gkf_pooled +0.223 placebo -0.002±0.070
[gate] pls L4 last: mc +0.147±0.068 gkf_pooled +0.142 placebo +0.002±0.077
[gate] ridge L5 mean: mc +0.396±0.056 gkf_pooled +0.269 placebo -0.000±0.072
[gate] pls L5 mean: mc +0.286±0.058 gkf_pooled +0.154 placebo -0.002±0.075
[gate] ridge L5 last: mc +0.277±0.062 gkf_pooled +0.228 placebo -0.003±0.071
[gate] pls L5 last: mc +0.175±0.065 gkf_pooled +0.161 placebo +0.002±0.077
[gate] ridge L6 mean: mc +0.369±0.056 gkf_pooled +0.256 placebo -0.002±0.072
[gate] pls L6 mean: mc +0.397±0.058 gkf_pooled +0.232 placebo -0.007±0.074
[gate] ridge L6 last: mc +0.286±0.060 gkf_pooled +0.222 placebo -0.005±0.069
[gate] pls L6 last: mc +0.202±0.063 gkf_pooled +0.161 placebo +0.001±0.076
[gate] ridge L7 mean: mc +0.379±0.055 gkf_pooled +0.287 placebo -0.003±0.074
[gate] pls L7 mean: mc +0.419±0.057 gkf_pooled +0.244 placebo -0.009±0.075
[gate] ridge L7 last: mc +0.289±0.060 gkf_pooled +0.250 placebo -0.008±0.071
[gate] pls L7 last: mc +0.162±0.064 gkf_pooled +0.161 placebo -0.001±0.075
[gate] ridge L8 mean: mc +0.408±0.055 gkf_pooled +0.329 placebo -0.005±0.077
[gate] pls L8 mean: mc +0.447±0.056 gkf_pooled +0.260 placebo -0.008±0.076
[gate] ridge L8 last: mc +0.281±0.060 gkf_pooled +0.214 placebo -0.007±0.074
[gate] pls L8 last: mc +0.142±0.065 gkf_pooled +0.134 placebo -0.003±0.076
[gate] ridge L9 mean: mc +0.449±0.053 gkf_pooled +0.352 placebo -0.007±0.076
[gate] pls L9 mean: mc +0.453±0.055 gkf_pooled +0.271 placebo -0.010±0.076
[gate] ridge L9 last: mc +0.287±0.059 gkf_pooled +0.216 placebo -0.007±0.076
[gate] pls L9 last: mc +0.157±0.066 gkf_pooled +0.137 placebo -0.004±0.080
[gate] ridge L10 mean: mc +0.419±0.058 gkf_pooled +0.338 placebo -0.007±0.076
[gate] pls L10 mean: mc +0.409±0.057 gkf_pooled +0.263 placebo -0.011±0.076
[gate] ridge L10 last: mc +0.338±0.059 gkf_pooled +0.238 placebo -0.005±0.073
[gate] pls L10 last: mc +0.191±0.063 gkf_pooled +0.139 placebo -0.004±0.077
[gate] ridge L11 mean: mc +0.386±0.059 gkf_pooled +0.308 placebo -0.005±0.076
[gate] pls L11 mean: mc +0.434±0.055 gkf_pooled +0.268 placebo -0.012±0.077
[gate] ridge L11 last: mc +0.315±0.060 gkf_pooled +0.233 placebo -0.007±0.074
[gate] pls L11 last: mc +0.109±0.063 gkf_pooled +0.095 placebo -0.010±0.076
[gate] ridge L12 mean: mc +0.417±0.057 gkf_pooled +0.341 placebo -0.007±0.077
[gate] pls L12 mean: mc +0.413±0.059 gkf_pooled +0.261 placebo -0.011±0.079
[gate] ridge L12 last: mc +0.292±0.059 gkf_pooled +0.210 placebo -0.009±0.073
[gate] pls L12 last: mc +0.104±0.062 gkf_pooled +0.107 placebo -0.011±0.075
[gate] 1 (layer, site) cell(s) absent from the store, skipped: [(0, 'last', 'constant')]
========================================================================
P0.4 BASELINE GATE
========================================================================
probe  layer site    gkf pooled         mc rho    doc placebo     BLOCK null
ridge      0 mean        +0.233   +0.383±0.060   -0.005±0.074   +0.014±0.207
pls        0 mean        +0.118   +0.211±0.059   +0.001±0.075   +0.016±0.158
ridge      1 mean        +0.267   +0.365±0.060   +0.002±0.072   +0.004±0.178
pls        1 mean        +0.270   +0.311±0.062   -0.004±0.074   -0.002±0.150
ridge      1 last        +0.222   +0.280±0.064   -0.004±0.072   +0.011±0.150
pls        1 last        +0.170   +0.136±0.071   +0.003±0.072   -0.001±0.095
ridge      2 mean        +0.226   +0.349±0.058   +0.001±0.072   +0.005±0.180
pls        2 mean        +0.206   +0.269±0.062   -0.004±0.074   +0.002±0.135
ridge      2 last        +0.177   +0.171±0.059   +0.003±0.073   -0.001±0.101
pls        2 last        +0.132   +0.095±0.068   +0.005±0.071   +0.002±0.097
ridge      3 mean        +0.231   +0.367±0.055   -0.001±0.071   +0.008±0.195
pls        3 mean        +0.175   +0.300±0.060   -0.004±0.075   +0.009±0.163
ridge      3 last        +0.194   +0.201±0.064   -0.001±0.073   +0.001±0.111
pls        3 last        +0.128   +0.116±0.067   +0.003±0.076   +0.005±0.096
ridge      4 mean        +0.260   +0.384±0.056   +0.001±0.072   +0.006±0.191
pls        4 mean        +0.148   +0.290±0.057   -0.000±0.074   +0.016±0.174
ridge      4 last        +0.223   +0.274±0.063   -0.002±0.070   +0.002±0.134
pls        4 last        +0.142   +0.147±0.068   +0.002±0.077   +0.004±0.101
ridge      5 mean        +0.269   +0.396±0.056   -0.000±0.072   +0.005±0.195
pls        5 mean        +0.154   +0.286±0.058   -0.002±0.075   +0.015±0.174
ridge      5 last        +0.228   +0.277±0.062   -0.003±0.071   +0.003±0.134
pls        5 last        +0.161   +0.175±0.065   +0.002±0.077   +0.007±0.107
ridge      6 mean        +0.256   +0.369±0.056   -0.002±0.072   +0.005±0.188
pls        6 mean        +0.232   +0.397±0.058   -0.007±0.074   +0.013±0.199
ridge      6 last        +0.222   +0.286±0.060   -0.005±0.069   +0.007±0.145
pls        6 last        +0.161   +0.202±0.063   +0.001±0.076   +0.010±0.118
ridge      7 mean        +0.287   +0.379±0.055   -0.003±0.074   +0.008±0.188
pls        7 mean        +0.244   +0.419±0.057   -0.009±0.075   +0.013±0.210
ridge      7 last        +0.250   +0.289±0.060   -0.008±0.071   +0.008±0.143
pls        7 last        +0.161   +0.162±0.064   -0.001±0.075   +0.010±0.105
ridge      8 mean        +0.329   +0.408±0.055   -0.005±0.077   -0.002±0.191
pls        8 mean        +0.260   +0.447±0.056   -0.008±0.076   +0.013±0.221
ridge      8 last        +0.214   +0.281±0.060   -0.007±0.074   +0.007±0.145
pls        8 last        +0.134   +0.142±0.065   -0.003±0.076   +0.010±0.104
ridge      9 mean        +0.352   +0.449±0.053   -0.007±0.076   +0.003±0.209
pls        9 mean        +0.271   +0.453±0.055   -0.010±0.076   +0.012±0.227
ridge      9 last        +0.216   +0.287±0.059   -0.007±0.076   +0.012±0.155
pls        9 last        +0.137   +0.157±0.066   -0.004±0.080   +0.017±0.116
ridge     10 mean        +0.338   +0.419±0.058   -0.007±0.076   +0.004±0.204
pls       10 mean        +0.263   +0.409±0.057   -0.011±0.076   +0.013±0.218
ridge     10 last        +0.238   +0.338±0.059   -0.005±0.073   +0.013±0.171
pls       10 last        +0.139   +0.191±0.063   -0.004±0.077   +0.017±0.132
ridge     11 mean        +0.308   +0.386±0.059   -0.005±0.076   +0.006±0.193
pls       11 mean        +0.268   +0.434±0.055   -0.012±0.077   +0.016±0.231
ridge     11 last        +0.233   +0.315±0.060   -0.007±0.074   +0.016±0.171
pls       11 last        +0.095   +0.109±0.063   -0.010±0.076   +0.023±0.141
ridge     12 mean        +0.341   +0.417±0.057   -0.007±0.077   +0.006±0.197
pls       12 mean        +0.261   +0.413±0.059   -0.011±0.079   +0.011±0.209
ridge     12 last        +0.210   +0.292±0.059   -0.009±0.073   +0.016±0.166
pls       12 last        +0.107   +0.104±0.062   -0.011±0.075   +0.016±0.130
------------------------------------------------------------------------
VERDICT CELL (a priori: pls L12 mean) — mc rho +0.413
best-of-50 cell (SELECTION-INFLATED, context only): pls L9 mean mc rho +0.453
block null (ruler-level, the honest reference): +0.009±0.166 — a max over 50 cells of pure ruler-block noise reaches ~0.72, so never read the best cell as a result.
gate reference: UNPINNED — re-pin from v_1/src/phase2/pairs/RESULTS.md (plan addendum): the legacy 0.41±0.02 used the 1,202/41-ruler frame, the eligible corpus is now 1,187/40.
verdict: UNPINNED (comparison only, no pass/fail)
====================================================================
[gate] 250 result rows -> /home/yarin.b/projects/HUJI-THESIS--YARIN/chrono/artifacts/results.parquet; report -> chrono/reports/tier0/gate_emin2_cunei400m_t0_eng_eng.txt
[yarin-sandbox 4af7b707] C3v2: emin2_cunei400m_t0_eng seed 0 (job 33394)
 2 files changed, 61 insertions(+)
 create mode 100644 chrono/reports/tier0/gate_emin2_cunei400m_t0_eng_eng.txt
From https://github.com/YarinBeni/HUJI-THESIS--YARIN
 * branch              yarin-sandbox -> FETCH_HEAD
Current branch yarin-sandbox is up to date.
To https://github.com/YarinBeni/HUJI-THESIS--YARIN.git
   27e765f7..4af7b707  HEAD -> yarin-sandbox
[commit_push_sandbox] pushed to yarin-sandbox
=== Done. Wed Sep  2 08:09:26 UTC 2026 ===
