# job 33442 C3v2c_spread exit=0 Wed Sep  2 12:49:07 UTC 2026
# last 4000 lines of /home/yarin.b/projects/HUJI-THESIS--YARIN/chrono/sbatch/logs/C3v2c_spread_33434_2.out
=== C3v2c spread emin2_qwen3_8b_t0_akk === job 33442 Wed Sep  2 12:44:05 UTC 2026
From https://github.com/YarinBeni/HUJI-THESIS--YARIN
 * branch              yarin-sandbox -> FETCH_HEAD
Current branch yarin-sandbox is up to date.
[baseline] baseline_ridge_L18mean_akk fold 0: fit on 817 distinct orig views of 925 docs -> chrono/reports/tier0/scores/baseline_ridge_L18mean_akk-s1-f0.parquet
[baseline] baseline_ridge_L18mean_akk fold 1: fit on 851 distinct orig views of 956 docs -> chrono/reports/tier0/scores/baseline_ridge_L18mean_akk-s1-f1.parquet
[baseline] baseline_ridge_L18mean_akk fold 2: fit on 854 distinct orig views of 963 docs -> chrono/reports/tier0/scores/baseline_ridge_L18mean_akk-s1-f2.parquet
[baseline] baseline_ridge_L18mean_akk fold 3: fit on 857 distinct orig views of 964 docs -> chrono/reports/tier0/scores/baseline_ridge_L18mean_akk-s1-f3.parquet
[baseline] baseline_ridge_L18mean_akk fold 4: fit on 859 distinct orig views of 964 docs -> chrono/reports/tier0/scores/baseline_ridge_L18mean_akk-s1-f4.parquet
[baseline] baseline_ridge_L18mean_akk_allviews fold 0: fit on 6286 distinct all views of 925 docs -> chrono/reports/tier0/scores/baseline_ridge_L18mean_akk_allviews-s1-f0.parquet
[baseline] baseline_ridge_L18mean_akk_allviews fold 1: fit on 6762 distinct all views of 956 docs -> chrono/reports/tier0/scores/baseline_ridge_L18mean_akk_allviews-s1-f1.parquet
[baseline] baseline_ridge_L18mean_akk_allviews fold 2: fit on 6624 distinct all views of 963 docs -> chrono/reports/tier0/scores/baseline_ridge_L18mean_akk_allviews-s1-f2.parquet
[baseline] baseline_ridge_L18mean_akk_allviews fold 3: fit on 6813 distinct all views of 964 docs -> chrono/reports/tier0/scores/baseline_ridge_L18mean_akk_allviews-s1-f3.parquet
[baseline] baseline_ridge_L18mean_akk_allviews fold 4: fit on 6782 distinct all views of 964 docs -> chrono/reports/tier0/scores/baseline_ridge_L18mean_akk_allviews-s1-f4.parquet
[baseline] baseline_ridge_L18mean_akk fold 0: fit on 819 distinct orig views of 925 docs -> chrono/reports/tier0/scores/baseline_ridge_L18mean_akk-s2-f0.parquet
[baseline] baseline_ridge_L18mean_akk fold 1: fit on 853 distinct orig views of 956 docs -> chrono/reports/tier0/scores/baseline_ridge_L18mean_akk-s2-f1.parquet
[baseline] baseline_ridge_L18mean_akk fold 2: fit on 855 distinct orig views of 963 docs -> chrono/reports/tier0/scores/baseline_ridge_L18mean_akk-s2-f2.parquet
[baseline] baseline_ridge_L18mean_akk fold 3: fit on 860 distinct orig views of 964 docs -> chrono/reports/tier0/scores/baseline_ridge_L18mean_akk-s2-f3.parquet
[baseline] baseline_ridge_L18mean_akk fold 4: fit on 860 distinct orig views of 964 docs -> chrono/reports/tier0/scores/baseline_ridge_L18mean_akk-s2-f4.parquet
[baseline] baseline_ridge_L18mean_akk_allviews fold 0: fit on 6243 distinct all views of 925 docs -> chrono/reports/tier0/scores/baseline_ridge_L18mean_akk_allviews-s2-f0.parquet
[baseline] baseline_ridge_L18mean_akk_allviews fold 1: fit on 6720 distinct all views of 956 docs -> chrono/reports/tier0/scores/baseline_ridge_L18mean_akk_allviews-s2-f1.parquet
[baseline] baseline_ridge_L18mean_akk_allviews fold 2: fit on 6589 distinct all views of 963 docs -> chrono/reports/tier0/scores/baseline_ridge_L18mean_akk_allviews-s2-f2.parquet
[baseline] baseline_ridge_L18mean_akk_allviews fold 3: fit on 6823 distinct all views of 964 docs -> chrono/reports/tier0/scores/baseline_ridge_L18mean_akk_allviews-s2-f3.parquet
[baseline] baseline_ridge_L18mean_akk_allviews fold 4: fit on 6825 distinct all views of 964 docs -> chrono/reports/tier0/scores/baseline_ridge_L18mean_akk_allviews-s2-f4.parquet
[baseline] baseline_ridge_L18mean_akk fold 0: fit on 818 distinct orig views of 925 docs -> chrono/reports/tier0/scores/baseline_ridge_L18mean_akk-s3-f0.parquet
[baseline] baseline_ridge_L18mean_akk fold 1: fit on 852 distinct orig views of 956 docs -> chrono/reports/tier0/scores/baseline_ridge_L18mean_akk-s3-f1.parquet
[baseline] baseline_ridge_L18mean_akk fold 2: fit on 855 distinct orig views of 963 docs -> chrono/reports/tier0/scores/baseline_ridge_L18mean_akk-s3-f2.parquet
[baseline] baseline_ridge_L18mean_akk fold 3: fit on 855 distinct orig views of 964 docs -> chrono/reports/tier0/scores/baseline_ridge_L18mean_akk-s3-f3.parquet
[baseline] baseline_ridge_L18mean_akk fold 4: fit on 863 distinct orig views of 964 docs -> chrono/reports/tier0/scores/baseline_ridge_L18mean_akk-s3-f4.parquet
[baseline] baseline_ridge_L18mean_akk_allviews fold 0: fit on 6265 distinct all views of 925 docs -> chrono/reports/tier0/scores/baseline_ridge_L18mean_akk_allviews-s3-f0.parquet
[baseline] baseline_ridge_L18mean_akk_allviews fold 1: fit on 6734 distinct all views of 956 docs -> chrono/reports/tier0/scores/baseline_ridge_L18mean_akk_allviews-s3-f1.parquet
[baseline] baseline_ridge_L18mean_akk_allviews fold 2: fit on 6618 distinct all views of 963 docs -> chrono/reports/tier0/scores/baseline_ridge_L18mean_akk_allviews-s3-f2.parquet
[baseline] baseline_ridge_L18mean_akk_allviews fold 3: fit on 6759 distinct all views of 964 docs -> chrono/reports/tier0/scores/baseline_ridge_L18mean_akk_allviews-s3-f3.parquet
[baseline] baseline_ridge_L18mean_akk_allviews fold 4: fit on 6821 distinct all views of 964 docs -> chrono/reports/tier0/scores/baseline_ridge_L18mean_akk_allviews-s3-f4.parquet
[baseline] baseline_ridge_L18mean_akk fold 0: fit on 820 distinct orig views of 925 docs -> chrono/reports/tier0/scores/baseline_ridge_L18mean_akk-s4-f0.parquet
[baseline] baseline_ridge_L18mean_akk fold 1: fit on 853 distinct orig views of 956 docs -> chrono/reports/tier0/scores/baseline_ridge_L18mean_akk-s4-f1.parquet
[baseline] baseline_ridge_L18mean_akk fold 2: fit on 856 distinct orig views of 963 docs -> chrono/reports/tier0/scores/baseline_ridge_L18mean_akk-s4-f2.parquet
[baseline] baseline_ridge_L18mean_akk fold 3: fit on 855 distinct orig views of 964 docs -> chrono/reports/tier0/scores/baseline_ridge_L18mean_akk-s4-f3.parquet
[baseline] baseline_ridge_L18mean_akk fold 4: fit on 855 distinct orig views of 964 docs -> chrono/reports/tier0/scores/baseline_ridge_L18mean_akk-s4-f4.parquet
[baseline] baseline_ridge_L18mean_akk_allviews fold 0: fit on 6290 distinct all views of 925 docs -> chrono/reports/tier0/scores/baseline_ridge_L18mean_akk_allviews-s4-f0.parquet
[baseline] baseline_ridge_L18mean_akk_allviews fold 1: fit on 6751 distinct all views of 956 docs -> chrono/reports/tier0/scores/baseline_ridge_L18mean_akk_allviews-s4-f1.parquet
[baseline] baseline_ridge_L18mean_akk_allviews fold 2: fit on 6620 distinct all views of 963 docs -> chrono/reports/tier0/scores/baseline_ridge_L18mean_akk_allviews-s4-f2.parquet
[baseline] baseline_ridge_L18mean_akk_allviews fold 3: fit on 6794 distinct all views of 964 docs -> chrono/reports/tier0/scores/baseline_ridge_L18mean_akk_allviews-s4-f3.parquet
[baseline] baseline_ridge_L18mean_akk_allviews fold 4: fit on 6784 distinct all views of 964 docs -> chrono/reports/tier0/scores/baseline_ridge_L18mean_akk_allviews-s4-f4.parquet
[yarin-sandbox 432bbe18] C3v2c: baseline seed spread emin2_qwen3_8b_t0_akk (job 33442)
 17 files changed, 0 insertions(+), 0 deletions(-)
 create mode 100644 chrono/reports/tier0/scores/baseline_ridge_L16mean_akk+eng_allviews-s3-f1.parquet
 create mode 100644 chrono/reports/tier0/scores/baseline_ridge_L16mean_akk+eng_allviews-s3-f2.parquet
 create mode 100644 chrono/reports/tier0/scores/baseline_ridge_L16mean_akk+eng_allviews-s3-f3.parquet
 create mode 100644 chrono/reports/tier0/scores/baseline_ridge_L16mean_akk+eng_allviews-s3-f4.parquet
 create mode 100644 chrono/reports/tier0/scores/baseline_ridge_L16mean_akk_allviews-s1-f1.parquet
 create mode 100644 chrono/reports/tier0/scores/baseline_ridge_L18mean_akk+eng-s3-f0.parquet
 create mode 100644 chrono/reports/tier0/scores/baseline_ridge_L18mean_akk+eng-s3-f1.parquet
 create mode 100644 chrono/reports/tier0/scores/baseline_ridge_L18mean_akk+eng-s3-f2.parquet
 create mode 100644 chrono/reports/tier0/scores/baseline_ridge_L18mean_akk+eng-s3-f3.parquet
 create mode 100644 chrono/reports/tier0/scores/baseline_ridge_L18mean_akk+eng-s3-f4.parquet
 create mode 100644 chrono/reports/tier0/scores/baseline_ridge_L18mean_akk+eng_allviews-s2-f4.parquet
 create mode 100644 chrono/reports/tier0/scores/baseline_ridge_L18mean_akk+eng_allviews-s3-f0.parquet
 create mode 100644 chrono/reports/tier0/scores/baseline_ridge_L18mean_akk_allviews-s4-f0.parquet
 create mode 100644 chrono/reports/tier0/scores/baseline_ridge_L18mean_akk_allviews-s4-f1.parquet
 create mode 100644 chrono/reports/tier0/scores/baseline_ridge_L18mean_akk_allviews-s4-f2.parquet
 create mode 100644 chrono/reports/tier0/scores/baseline_ridge_L18mean_akk_allviews-s4-f3.parquet
 create mode 100644 chrono/reports/tier0/scores/baseline_ridge_L18mean_akk_allviews-s4-f4.parquet
From https://github.com/YarinBeni/HUJI-THESIS--YARIN
 * branch              yarin-sandbox -> FETCH_HEAD
Current branch yarin-sandbox is up to date.
To https://github.com/YarinBeni/HUJI-THESIS--YARIN.git
   d3b7bc7d..432bbe18  HEAD -> yarin-sandbox
[commit_push_sandbox] pushed to yarin-sandbox
=== Done. Wed Sep  2 12:49:07 UTC 2026 ===
