# job 33409 C3v2b_base exit=0 Wed Sep  2 08:13:50 UTC 2026
# last 4000 lines of /home/yarin.b/projects/HUJI-THESIS--YARIN/chrono/sbatch/logs/C3v2b_base_33403_5.out
=== C3v2b emin2_qwen3_8b_t0_mix === job 33409 Wed Sep  2 08:11:24 UTC 2026
From https://github.com/YarinBeni/HUJI-THESIS--YARIN
 * branch              yarin-sandbox -> FETCH_HEAD
Current branch yarin-sandbox is up to date.
[baseline] baseline_ridge_L18mean_akk+eng_allviews fold 0: fit on 13342 distinct all views of 925 docs -> chrono/reports/tier0/scores/baseline_ridge_L18mean_akk+eng_allviews-s0-f0.parquet
[baseline] baseline_ridge_L18mean_akk+eng_allviews fold 1: fit on 14325 distinct all views of 956 docs -> chrono/reports/tier0/scores/baseline_ridge_L18mean_akk+eng_allviews-s0-f1.parquet
[baseline] baseline_ridge_L18mean_akk+eng_allviews fold 2: fit on 14059 distinct all views of 963 docs -> chrono/reports/tier0/scores/baseline_ridge_L18mean_akk+eng_allviews-s0-f2.parquet
[baseline] baseline_ridge_L18mean_akk+eng_allviews fold 3: fit on 14449 distinct all views of 964 docs -> chrono/reports/tier0/scores/baseline_ridge_L18mean_akk+eng_allviews-s0-f3.parquet
[baseline] baseline_ridge_L18mean_akk+eng_allviews fold 4: fit on 14352 distinct all views of 964 docs -> chrono/reports/tier0/scores/baseline_ridge_L18mean_akk+eng_allviews-s0-f4.parquet
[yarin-sandbox 7b1ffb15] C3v2b: ridge-all-views emin2_qwen3_8b_t0_mix (job 33409)
 6 files changed, 0 insertions(+), 0 deletions(-)
 create mode 100644 chrono/reports/tier0/scores/baseline_ridge_L16mean_akk+eng_allviews-s0-f3.parquet
 create mode 100644 chrono/reports/tier0/scores/baseline_ridge_L16mean_akk_allviews-s0-f2.parquet
 create mode 100644 chrono/reports/tier0/scores/baseline_ridge_L16mean_akk_allviews-s0-f3.parquet
 create mode 100644 chrono/reports/tier0/scores/baseline_ridge_L16mean_eng_allviews-s0-f3.parquet
 create mode 100644 chrono/reports/tier0/scores/baseline_ridge_L16mean_eng_allviews-s0-f4.parquet
 create mode 100644 chrono/reports/tier0/scores/baseline_ridge_L18mean_akk+eng_allviews-s0-f4.parquet
From https://github.com/YarinBeni/HUJI-THESIS--YARIN
 * branch              yarin-sandbox -> FETCH_HEAD
Current branch yarin-sandbox is up to date.
To https://github.com/YarinBeni/HUJI-THESIS--YARIN.git
   9c4279c4..7b1ffb15  HEAD -> yarin-sandbox
[commit_push_sandbox] pushed to yarin-sandbox
=== Done. Wed Sep  2 08:13:50 UTC 2026 ===
