# job 33436 C4_ladder exit=0 Wed Sep  2 13:12:31 UTC 2026
# last 4000 lines of /home/yarin.b/projects/HUJI-THESIS--YARIN/chrono/sbatch/logs/C4_ladder_33433_1.out
=== C4 ladder emin2_cunei400m_t0_eng === job 33436 Wed Sep  2 12:44:05 UTC 2026
From https://github.com/YarinBeni/HUJI-THESIS--YARIN
 * branch              yarin-sandbox -> FETCH_HEAD
Current branch yarin-sandbox is up to date.
[ladder] L12mean_eng ridge erase=none       mc +0.417 pooled +0.341 readability after nan (k=0)
/home/yarin.b/miniconda3/envs/thesis/lib/python3.11/site-packages/sklearn/metrics/_classification.py:2924: UserWarning: y_pred contains classes not in y_true
  warnings.warn("y_pred contains classes not in y_true")
/home/yarin.b/miniconda3/envs/thesis/lib/python3.11/site-packages/sklearn/metrics/_classification.py:2924: UserWarning: y_pred contains classes not in y_true
  warnings.warn("y_pred contains classes not in y_true")
/home/yarin.b/miniconda3/envs/thesis/lib/python3.11/site-packages/sklearn/metrics/_classification.py:2924: UserWarning: y_pred contains classes not in y_true
  warnings.warn("y_pred contains classes not in y_true")
/home/yarin.b/miniconda3/envs/thesis/lib/python3.11/site-packages/sklearn/metrics/_classification.py:2924: UserWarning: y_pred contains classes not in y_true
  warnings.warn("y_pred contains classes not in y_true")
/home/yarin.b/miniconda3/envs/thesis/lib/python3.11/site-packages/sklearn/metrics/_classification.py:2924: UserWarning: y_pred contains classes not in y_true
  warnings.warn("y_pred contains classes not in y_true")
[ladder] L12mean_eng ridge erase=ruler      mc +0.000 pooled -0.092 readability after 0.000 (k=40)
/home/yarin.b/miniconda3/envs/thesis/lib/python3.11/site-packages/sklearn/metrics/_classification.py:620: UserWarning: A single label was found in 'y_true' and 'y_pred'. For the confusion matrix to have the correct shape, use the 'labels' parameter to pass all known labels.
  warnings.warn(
/home/yarin.b/miniconda3/envs/thesis/lib/python3.11/site-packages/sklearn/metrics/_classification.py:620: UserWarning: A single label was found in 'y_true' and 'y_pred'. For the confusion matrix to have the correct shape, use the 'labels' parameter to pass all known labels.
  warnings.warn(
[ladder] L12mean_eng ridge erase=period     mc +0.217 pooled +0.092 readability after 0.557 (k=6)
[ladder] L12mean_eng ridge erase=subgenre   mc +0.301 pooled +0.163 readability after 0.061 (k=21)
[ladder] L12mean_eng ridge erase=provenance mc +0.144 pooled +0.117 readability after 0.083 (k=21)
[ladder] L12mean_eng ridge erase=length     mc +0.357 pooled +0.204 readability after 0.207 (k=6)
/home/yarin.b/miniconda3/envs/thesis/lib/python3.11/site-packages/sklearn/metrics/_classification.py:2924: UserWarning: y_pred contains classes not in y_true
  warnings.warn("y_pred contains classes not in y_true")
/home/yarin.b/miniconda3/envs/thesis/lib/python3.11/site-packages/sklearn/metrics/_classification.py:2924: UserWarning: y_pred contains classes not in y_true
  warnings.warn("y_pred contains classes not in y_true")
/home/yarin.b/miniconda3/envs/thesis/lib/python3.11/site-packages/sklearn/metrics/_classification.py:2924: UserWarning: y_pred contains classes not in y_true
  warnings.warn("y_pred contains classes not in y_true")
/home/yarin.b/miniconda3/envs/thesis/lib/python3.11/site-packages/sklearn/metrics/_classification.py:2924: UserWarning: y_pred contains classes not in y_true
  warnings.warn("y_pred contains classes not in y_true")
[ladder] L12mean_eng ridge erase=year10     mc -0.177 pooled +0.009 readability after 0.033 (k=7)
# Erasure ladder — Thalesian/cuneiformBase-400m L12 mean · langs ['eng'] · ridge

| erased | k | mc ρ | gkf pooled ρ | Δ mc vs none | z readable after (bal. acc) |
|---|---|---|---|---|---|
| none | 0 | +0.417 | +0.341 | +0.000 | — |
| ruler | 40 | +0.000 | -0.092 | -0.416 | 0.00 |
| period | 6 | +0.217 | +0.092 | -0.200 | 0.56 |
| subgenre | 21 | +0.301 | +0.163 | -0.116 | 0.06 |
| provenance | 21 | +0.144 | +0.117 | -0.272 | 0.08 |
| length | 6 | +0.357 | +0.204 | -0.059 | 0.21 |
| year10 | 7 | -0.177 | +0.009 | -0.594 | 0.03 |

[yarin-sandbox 130e1a5d] C4: erasure ladder emin2_cunei400m_t0_eng (job 33436)
 22 files changed, 11 insertions(+)
 create mode 100644 chrono/reports/tier0/ladder/emin2_cunei400m_t0_eng_ridge.md
 create mode 100644 chrono/reports/tier0/ladder/scores/ladder_ridge_L12mean_eng_length-s0-f0.parquet
 create mode 100644 chrono/reports/tier0/ladder/scores/ladder_ridge_L12mean_eng_length-s0-f1.parquet
 create mode 100644 chrono/reports/tier0/ladder/scores/ladder_ridge_L12mean_eng_length-s0-f2.parquet
 create mode 100644 chrono/reports/tier0/ladder/scores/ladder_ridge_L12mean_eng_length-s0-f3.parquet
 create mode 100644 chrono/reports/tier0/ladder/scores/ladder_ridge_L12mean_eng_length-s0-f4.parquet
 create mode 100644 chrono/reports/tier0/ladder/scores/ladder_ridge_L12mean_eng_provenance-s0-f0.parquet
 create mode 100644 chrono/reports/tier0/ladder/scores/ladder_ridge_L12mean_eng_provenance-s0-f1.parquet
 create mode 100644 chrono/reports/tier0/ladder/scores/ladder_ridge_L12mean_eng_provenance-s0-f2.parquet
 create mode 100644 chrono/reports/tier0/ladder/scores/ladder_ridge_L12mean_eng_provenance-s0-f3.parquet
 create mode 100644 chrono/reports/tier0/ladder/scores/ladder_ridge_L12mean_eng_provenance-s0-f4.parquet
 create mode 100644 chrono/reports/tier0/ladder/scores/ladder_ridge_L12mean_eng_subgenre-s0-f4.parquet
 create mode 100644 chrono/reports/tier0/ladder/scores/ladder_ridge_L12mean_eng_year10-s0-f0.parquet
 create mode 100644 chrono/reports/tier0/ladder/scores/ladder_ridge_L12mean_eng_year10-s0-f1.parquet
 create mode 100644 chrono/reports/tier0/ladder/scores/ladder_ridge_L12mean_eng_year10-s0-f2.parquet
 create mode 100644 chrono/reports/tier0/ladder/scores/ladder_ridge_L12mean_eng_year10-s0-f3.parquet
 create mode 100644 chrono/reports/tier0/ladder/scores/ladder_ridge_L12mean_eng_year10-s0-f4.parquet
 create mode 100644 chrono/reports/tier0/ladder/scores/ladder_ridge_L16mean_akk_period-s0-f0.parquet
 create mode 100644 chrono/reports/tier0/ladder/scores/ladder_ridge_L16mean_akk_ruler-s0-f4.parquet
 create mode 100644 chrono/reports/tier0/ladder/scores/ladder_ridge_L16mean_eng_ruler-s0-f3.parquet
 create mode 100644 chrono/reports/tier0/ladder/scores/ladder_ridge_L18mean_akk_ruler-s0-f3.parquet
 create mode 100644 chrono/reports/tier0/ladder/scores/ladder_ridge_L18mean_eng_ruler-s0-f2.parquet
From https://github.com/YarinBeni/HUJI-THESIS--YARIN
 * branch              yarin-sandbox -> FETCH_HEAD
Created autostash: 3acb2c44
Current branch yarin-sandbox is up to date.
Applied autostash.
To https://github.com/YarinBeni/HUJI-THESIS--YARIN.git
   9f3dab90..130e1a5d  HEAD -> yarin-sandbox
[commit_push_sandbox] pushed to yarin-sandbox
=== Done. Wed Sep  2 13:12:31 UTC 2026 ===
