# job 33501 C5_headlad exit=0 Wed Sep  2 14:35:23 UTC 2026
# last 4000 lines of /home/yarin.b/projects/HUJI-THESIS--YARIN/chrono/sbatch/logs/C5_headlad_33475_20.out
=== C5 emin2_llama2_7b_t0_akk_erase_subgenre seed 2 === job 33501 Wed Sep  2 14:31:07 UTC 2026
From https://github.com/YarinBeni/HUJI-THESIS--YARIN
 * branch              yarin-sandbox -> FETCH_HEAD
Current branch yarin-sandbox is up to date.
[erase] LEACE 'subgenre' (k=21, rank 19) fitted on 925 train orig rows, applied to 19088 views
epoch 50/200 loss 11.9907
epoch 100/200 loss 8.6183
epoch 150/200 loss 6.8460
epoch 200/200 loss 5.9011
{
  "run_id": "emin2_llama2_7b_t0_akk_erase_subgenre-s2-f0",
  "metrics": {
    "train_soft_spearman": 0.47623993238210044,
    "train_spearman": 0.4759766396419661,
    "final_loss": 5.9010515213012695,
    "identical_view_rate": 0.007491891891891892,
    "test_spearman": NaN
  },
  "scores_path": "/home/yarin.b/projects/HUJI-THESIS--YARIN/chrono/artifacts/scores/emin2_llama2_7b_t0_akk_erase_subgenre-s2-f0.parquet"
}
[erase] LEACE 'subgenre' (k=21, rank 20) fitted on 956 train orig rows, applied to 19088 views
epoch 50/200 loss 13.2647
epoch 100/200 loss 8.7163
epoch 150/200 loss 7.2635
epoch 200/200 loss 6.2246
{
  "run_id": "emin2_llama2_7b_t0_akk_erase_subgenre-s2-f1",
  "metrics": {
    "train_soft_spearman": 0.6013527438721905,
    "train_spearman": 0.6013539607776833,
    "final_loss": 6.224610924720764,
    "identical_view_rate": 0.00651673640167364,
    "test_spearman": NaN
  },
  "scores_path": "/home/yarin.b/projects/HUJI-THESIS--YARIN/chrono/artifacts/scores/emin2_llama2_7b_t0_akk_erase_subgenre-s2-f1.parquet"
}
[erase] LEACE 'subgenre' (k=21, rank 20) fitted on 963 train orig rows, applied to 19088 views
epoch 50/200 loss 10.7259
epoch 100/200 loss 7.7312
epoch 150/200 loss 6.2579
epoch 200/200 loss 5.4428
{
  "run_id": "emin2_llama2_7b_t0_akk_erase_subgenre-s2-f2",
  "metrics": {
    "train_soft_spearman": 0.5726847646381114,
    "train_spearman": 0.5727859545614721,
    "final_loss": 5.4428205490112305,
    "identical_view_rate": 0.007876427829698858,
    "test_spearman": 0.10128402072982606
  },
  "scores_path": "/home/yarin.b/projects/HUJI-THESIS--YARIN/chrono/artifacts/scores/emin2_llama2_7b_t0_akk_erase_subgenre-s2-f2.parquet"
}
[erase] LEACE 'subgenre' (k=21, rank 20) fitted on 964 train orig rows, applied to 19088 views
epoch 50/200 loss 12.6111
epoch 100/200 loss 9.0051
epoch 150/200 loss 7.2722
epoch 200/200 loss 6.3954
{
  "run_id": "emin2_llama2_7b_t0_akk_erase_subgenre-s2-f3",
  "metrics": {
    "train_soft_spearman": 0.42984085313281767,
    "train_spearman": 0.4295331777478833,
    "final_loss": 6.395376205444336,
    "identical_view_rate": 0.0036566390041493776,
    "test_spearman": 0.39321119014787115
  },
  "scores_path": "/home/yarin.b/projects/HUJI-THESIS--YARIN/chrono/artifacts/scores/emin2_llama2_7b_t0_akk_erase_subgenre-s2-f3.parquet"
}
[erase] LEACE 'subgenre' (k=21, rank 20) fitted on 964 train orig rows, applied to 19088 views
epoch 50/200 loss 12.2867
epoch 100/200 loss 8.6318
epoch 150/200 loss 6.8455
epoch 200/200 loss 6.4266
{
  "run_id": "emin2_llama2_7b_t0_akk_erase_subgenre-s2-f4",
  "metrics": {
    "train_soft_spearman": 0.5607902661423715,
    "train_spearman": 0.5606120845988909,
    "final_loss": 6.426565408706665,
    "identical_view_rate": 0.007287344398340249,
    "test_spearman": 0.4962381038805669
  },
  "scores_path": "/home/yarin.b/projects/HUJI-THESIS--YARIN/chrono/artifacts/scores/emin2_llama2_7b_t0_akk_erase_subgenre-s2-f4.parquet"
}
[yarin-sandbox 3d81a6f1] C5: head ladder emin2_llama2_7b_t0_akk_erase_subgenre seed 2 (job 33501)
 16 files changed, 0 insertions(+), 0 deletions(-)
 create mode 100644 chrono/reports/tier0/ladder/head_scores/emin2_llama2_7b_t0_akk_erase_subgenre-s0-f0.parquet
 create mode 100644 chrono/reports/tier0/ladder/head_scores/emin2_llama2_7b_t0_akk_erase_subgenre-s0-f1.parquet
 create mode 100644 chrono/reports/tier0/ladder/head_scores/emin2_llama2_7b_t0_akk_erase_subgenre-s0-f2.parquet
 create mode 100644 chrono/reports/tier0/ladder/head_scores/emin2_llama2_7b_t0_akk_erase_subgenre-s0-f3.parquet
 create mode 100644 chrono/reports/tier0/ladder/head_scores/emin2_llama2_7b_t0_akk_erase_subgenre-s0-f4.parquet
 create mode 100644 chrono/reports/tier0/ladder/head_scores/emin2_llama2_7b_t0_akk_erase_subgenre-s1-f0.parquet
 create mode 100644 chrono/reports/tier0/ladder/head_scores/emin2_llama2_7b_t0_akk_erase_subgenre-s1-f1.parquet
 create mode 100644 chrono/reports/tier0/ladder/head_scores/emin2_llama2_7b_t0_akk_erase_subgenre-s1-f2.parquet
 create mode 100644 chrono/reports/tier0/ladder/head_scores/emin2_llama2_7b_t0_akk_erase_subgenre-s1-f3.parquet
 create mode 100644 chrono/reports/tier0/ladder/head_scores/emin2_llama2_7b_t0_akk_erase_subgenre-s1-f4.parquet
 create mode 100644 chrono/reports/tier0/ladder/head_scores/emin2_llama2_7b_t0_akk_erase_subgenre-s2-f0.parquet
 create mode 100644 chrono/reports/tier0/ladder/head_scores/emin2_llama2_7b_t0_akk_erase_subgenre-s2-f1.parquet
 create mode 100644 chrono/reports/tier0/ladder/head_scores/emin2_llama2_7b_t0_akk_erase_subgenre-s2-f2.parquet
 create mode 100644 chrono/reports/tier0/ladder/head_scores/emin2_llama2_7b_t0_akk_erase_subgenre-s2-f3.parquet
 create mode 100644 chrono/reports/tier0/ladder/head_scores/emin2_llama2_7b_t0_akk_erase_subgenre-s2-f4.parquet
From https://github.com/YarinBeni/HUJI-THESIS--YARIN
 * branch              yarin-sandbox -> FETCH_HEAD
   ad68806a..bed99521  yarin-sandbox -> origin/yarin-sandbox
Rebasing (1/1)[KSuccessfully rebased and updated refs/heads/yarin-sandbox.
To https://github.com/YarinBeni/HUJI-THESIS--YARIN.git
   bed99521..8121cd82  HEAD -> yarin-sandbox
[commit_push_sandbox] pushed to yarin-sandbox
=== Done. Wed Sep  2 14:35:23 UTC 2026 ===
