# job 33480 C5_headlad exit=0 Wed Sep  2 14:22:35 UTC 2026
# last 4000 lines of /home/yarin.b/projects/HUJI-THESIS--YARIN/chrono/sbatch/logs/C5_headlad_33475_4.out
=== C5 emin2_cunei400m_t0_akk_erase_period seed 1 === job 33480 Wed Sep  2 14:19:34 UTC 2026
From https://github.com/YarinBeni/HUJI-THESIS--YARIN
 * branch              yarin-sandbox -> FETCH_HEAD
Current branch yarin-sandbox is up to date.
[erase] LEACE 'period' (k=6, rank 5) fitted on 925 train orig rows, applied to 19088 views
epoch 50/200 loss 7.3893
epoch 100/200 loss 5.2930
epoch 150/200 loss 4.7493
epoch 200/200 loss 4.4074
{
  "run_id": "emin2_cunei400m_t0_akk_erase_period-s1-f0",
  "metrics": {
    "train_soft_spearman": 0.2725267179919508,
    "train_spearman": 0.2723696937375312,
    "final_loss": 4.407352447509766,
    "identical_view_rate": 0.007616216216216216,
    "test_spearman": NaN
  },
  "scores_path": "/home/yarin.b/projects/HUJI-THESIS--YARIN/chrono/artifacts/scores/emin2_cunei400m_t0_akk_erase_period-s1-f0.parquet"
}
[erase] LEACE 'period' (k=6, rank 5) fitted on 956 train orig rows, applied to 19088 views
epoch 50/200 loss 7.7944
epoch 100/200 loss 5.9835
epoch 150/200 loss 5.0345
epoch 200/200 loss 4.5087
{
  "run_id": "emin2_cunei400m_t0_akk_erase_period-s1-f1",
  "metrics": {
    "train_soft_spearman": 0.31878284302002396,
    "train_spearman": 0.31872720347151207,
    "final_loss": 4.508683800697327,
    "identical_view_rate": 0.006563807531380753,
    "test_spearman": NaN
  },
  "scores_path": "/home/yarin.b/projects/HUJI-THESIS--YARIN/chrono/artifacts/scores/emin2_cunei400m_t0_akk_erase_period-s1-f1.parquet"
}
[erase] LEACE 'period' (k=6, rank 3) fitted on 963 train orig rows, applied to 19088 views
epoch 50/200 loss 7.4238
epoch 100/200 loss 5.3598
epoch 150/200 loss 4.7564
epoch 200/200 loss 4.1793
{
  "run_id": "emin2_cunei400m_t0_akk_erase_period-s1-f2",
  "metrics": {
    "train_soft_spearman": 0.38458807430433767,
    "train_spearman": 0.3847815844875667,
    "final_loss": 4.179302334785461,
    "identical_view_rate": 0.008037383177570093,
    "test_spearman": 0.17777498258960486
  },
  "scores_path": "/home/yarin.b/projects/HUJI-THESIS--YARIN/chrono/artifacts/scores/emin2_cunei400m_t0_akk_erase_period-s1-f2.parquet"
}
[erase] LEACE 'period' (k=6, rank 5) fitted on 964 train orig rows, applied to 19088 views
epoch 50/200 loss 7.8311
epoch 100/200 loss 5.7404
epoch 150/200 loss 4.9444
epoch 200/200 loss 4.5410
{
  "run_id": "emin2_cunei400m_t0_akk_erase_period-s1-f3",
  "metrics": {
    "train_soft_spearman": 0.3003459218784008,
    "train_spearman": 0.3003193218120755,
    "final_loss": 4.541045725345612,
    "identical_view_rate": 0.0034802904564315354,
    "test_spearman": 0.28945545532976136
  },
  "scores_path": "/home/yarin.b/projects/HUJI-THESIS--YARIN/chrono/artifacts/scores/emin2_cunei400m_t0_akk_erase_period-s1-f3.parquet"
}
[erase] LEACE 'period' (k=6, rank 4) fitted on 964 train orig rows, applied to 19088 views
epoch 50/200 loss 7.3805
epoch 100/200 loss 5.7108
epoch 150/200 loss 4.9500
epoch 200/200 loss 4.2685
{
  "run_id": "emin2_cunei400m_t0_akk_erase_period-s1-f4",
  "metrics": {
    "train_soft_spearman": 0.2947757177526231,
    "train_spearman": 0.29505664007042853,
    "final_loss": 4.268454730510712,
    "identical_view_rate": 0.007287344398340249,
    "test_spearman": 0.5448147224459452
  },
  "scores_path": "/home/yarin.b/projects/HUJI-THESIS--YARIN/chrono/artifacts/scores/emin2_cunei400m_t0_akk_erase_period-s1-f4.parquet"
}
[yarin-sandbox 40e57b30] C5: head ladder emin2_cunei400m_t0_akk_erase_period seed 1 (job 33480)
 1 file changed, 116 insertions(+)
 create mode 100644 chrono/reports/logs/C5_headlad_33481.log
From https://github.com/YarinBeni/HUJI-THESIS--YARIN
 * branch              yarin-sandbox -> FETCH_HEAD
Current branch yarin-sandbox is up to date.
To https://github.com/YarinBeni/HUJI-THESIS--YARIN.git
   1104f1a4..40e57b30  HEAD -> yarin-sandbox
[commit_push_sandbox] pushed to yarin-sandbox
=== Done. Wed Sep  2 14:22:35 UTC 2026 ===
