# job 33487 C5_headlad exit=0 Wed Sep  2 14:26:26 UTC 2026
# last 4000 lines of /home/yarin.b/projects/HUJI-THESIS--YARIN/chrono/sbatch/logs/C5_headlad_33475_6.out
=== C5 emin2_cunei400m_t0_akk_erase_subgenre seed 0 === job 33487 Wed Sep  2 14:23:06 UTC 2026
From https://github.com/YarinBeni/HUJI-THESIS--YARIN
 * branch              yarin-sandbox -> FETCH_HEAD
Current branch yarin-sandbox is up to date.
[erase] LEACE 'subgenre' (k=21, rank 19) fitted on 925 train orig rows, applied to 19088 views
epoch 50/200 loss 7.9598
epoch 100/200 loss 6.5485
epoch 150/200 loss 5.3903
epoch 200/200 loss 5.0104
{
  "run_id": "emin2_cunei400m_t0_akk_erase_subgenre-s0-f0",
  "metrics": {
    "train_soft_spearman": 0.38239206045582086,
    "train_spearman": 0.3827385593511182,
    "final_loss": 5.010363578796387,
    "identical_view_rate": 0.0074648648648648645,
    "test_spearman": NaN
  },
  "scores_path": "/home/yarin.b/projects/HUJI-THESIS--YARIN/chrono/artifacts/scores/emin2_cunei400m_t0_akk_erase_subgenre-s0-f0.parquet"
}
[erase] LEACE 'subgenre' (k=21, rank 20) fitted on 956 train orig rows, applied to 19088 views
epoch 50/200 loss 8.4815
epoch 100/200 loss 6.3325
epoch 150/200 loss 5.4058
epoch 200/200 loss 5.0494
{
  "run_id": "emin2_cunei400m_t0_akk_erase_subgenre-s0-f1",
  "metrics": {
    "train_soft_spearman": 0.4067240650745383,
    "train_spearman": 0.4064848323365542,
    "final_loss": 5.049359321594238,
    "identical_view_rate": 0.006731171548117155,
    "test_spearman": NaN
  },
  "scores_path": "/home/yarin.b/projects/HUJI-THESIS--YARIN/chrono/artifacts/scores/emin2_cunei400m_t0_akk_erase_subgenre-s0-f1.parquet"
}
[erase] LEACE 'subgenre' (k=21, rank 20) fitted on 963 train orig rows, applied to 19088 views
epoch 50/200 loss 7.9377
epoch 100/200 loss 6.0395
epoch 150/200 loss 5.0065
epoch 200/200 loss 4.7126
{
  "run_id": "emin2_cunei400m_t0_akk_erase_subgenre-s0-f2",
  "metrics": {
    "train_soft_spearman": 0.42420364828728174,
    "train_spearman": 0.42415183099262094,
    "final_loss": 4.71261990070343,
    "identical_view_rate": 0.007751817237798546,
    "test_spearman": 0.18952675359731888
  },
  "scores_path": "/home/yarin.b/projects/HUJI-THESIS--YARIN/chrono/artifacts/scores/emin2_cunei400m_t0_akk_erase_subgenre-s0-f2.parquet"
}
[erase] LEACE 'subgenre' (k=21, rank 20) fitted on 964 train orig rows, applied to 19088 views
epoch 50/200 loss 9.0095
epoch 100/200 loss 6.7097
epoch 150/200 loss 5.5617
epoch 200/200 loss 5.1417
{
  "run_id": "emin2_cunei400m_t0_akk_erase_subgenre-s0-f3",
  "metrics": {
    "train_soft_spearman": 0.34934336586081194,
    "train_spearman": 0.3490471671428252,
    "final_loss": 5.141739368438721,
    "identical_view_rate": 0.0035840248962655604,
    "test_spearman": 0.35937532149085777
  },
  "scores_path": "/home/yarin.b/projects/HUJI-THESIS--YARIN/chrono/artifacts/scores/emin2_cunei400m_t0_akk_erase_subgenre-s0-f3.parquet"
}
[erase] LEACE 'subgenre' (k=21, rank 20) fitted on 964 train orig rows, applied to 19088 views
epoch 50/200 loss 8.0733
epoch 100/200 loss 6.1249
epoch 150/200 loss 5.1042
epoch 200/200 loss 4.7716
{
  "run_id": "emin2_cunei400m_t0_akk_erase_subgenre-s0-f4",
  "metrics": {
    "train_soft_spearman": 0.44989021542711627,
    "train_spearman": 0.4499256490447017,
    "final_loss": 4.771605134010315,
    "identical_view_rate": 0.007085062240663901,
    "test_spearman": 0.5726260755103558
  },
  "scores_path": "/home/yarin.b/projects/HUJI-THESIS--YARIN/chrono/artifacts/scores/emin2_cunei400m_t0_akk_erase_subgenre-s0-f4.parquet"
}
[yarin-sandbox 9cb36177] C5: head ladder emin2_cunei400m_t0_akk_erase_subgenre seed 0 (job 33487)
 6 files changed, 0 insertions(+), 0 deletions(-)
 create mode 100644 chrono/reports/tier0/ladder/head_scores/emin2_cunei400m_t0_akk_erase_subgenre-s0-f0.parquet
 create mode 100644 chrono/reports/tier0/ladder/head_scores/emin2_cunei400m_t0_akk_erase_subgenre-s0-f1.parquet
 create mode 100644 chrono/reports/tier0/ladder/head_scores/emin2_cunei400m_t0_akk_erase_subgenre-s0-f2.parquet
 create mode 100644 chrono/reports/tier0/ladder/head_scores/emin2_cunei400m_t0_akk_erase_subgenre-s0-f3.parquet
 create mode 100644 chrono/reports/tier0/ladder/head_scores/emin2_cunei400m_t0_akk_erase_subgenre-s0-f4.parquet
From https://github.com/YarinBeni/HUJI-THESIS--YARIN
 * branch              yarin-sandbox -> FETCH_HEAD
Current branch yarin-sandbox is up to date.
To https://github.com/YarinBeni/HUJI-THESIS--YARIN.git
   d7683a84..9cb36177  HEAD -> yarin-sandbox
[commit_push_sandbox] pushed to yarin-sandbox
=== Done. Wed Sep  2 14:26:26 UTC 2026 ===
