# job 33510 C5_headlad exit=0 Wed Sep  2 14:40:31 UTC 2026
# last 4000 lines of /home/yarin.b/projects/HUJI-THESIS--YARIN/chrono/sbatch/logs/C5_headlad_33475_26.out
=== C5 emin2_qwen3_8b_t0_akk_erase_provenance seed 2 === job 33510 Wed Sep  2 14:36:07 UTC 2026
From https://github.com/YarinBeni/HUJI-THESIS--YARIN
 * branch              yarin-sandbox -> FETCH_HEAD
Created autostash: 57dec007
Current branch yarin-sandbox is up to date.
Applied autostash.
[erase] LEACE 'provenance' (k=21, rank 20) fitted on 925 train orig rows, applied to 19088 views
epoch 50/200 loss 33.3864
epoch 100/200 loss 31.3092
epoch 150/200 loss 26.0417
epoch 200/200 loss 24.4616
{
  "run_id": "emin2_qwen3_8b_t0_akk_erase_provenance-s2-f0",
  "metrics": {
    "train_soft_spearman": 0.34492856667904004,
    "train_spearman": 0.3451308840183543,
    "final_loss": 24.461617469787598,
    "identical_view_rate": 0.007491891891891892,
    "test_spearman": NaN
  },
  "scores_path": "/home/yarin.b/projects/HUJI-THESIS--YARIN/chrono/artifacts/scores/emin2_qwen3_8b_t0_akk_erase_provenance-s2-f0.parquet"
}
[erase] LEACE 'provenance' (k=21, rank 20) fitted on 956 train orig rows, applied to 19088 views
epoch 50/200 loss 34.0774
epoch 100/200 loss 27.7935
epoch 150/200 loss 24.0480
epoch 200/200 loss 20.4724
{
  "run_id": "emin2_qwen3_8b_t0_akk_erase_provenance-s2-f1",
  "metrics": {
    "train_soft_spearman": 0.4747493865282041,
    "train_spearman": 0.4744277917586434,
    "final_loss": 20.472415447235107,
    "identical_view_rate": 0.00651673640167364,
    "test_spearman": NaN
  },
  "scores_path": "/home/yarin.b/projects/HUJI-THESIS--YARIN/chrono/artifacts/scores/emin2_qwen3_8b_t0_akk_erase_provenance-s2-f1.parquet"
}
[erase] LEACE 'provenance' (k=21, rank 20) fitted on 963 train orig rows, applied to 19088 views
epoch 50/200 loss 35.0940
epoch 100/200 loss 29.9192
epoch 150/200 loss 26.7680
epoch 200/200 loss 23.9853
{
  "run_id": "emin2_qwen3_8b_t0_akk_erase_provenance-s2-f2",
  "metrics": {
    "train_soft_spearman": 0.4163714871088137,
    "train_spearman": 0.4161876883114217,
    "final_loss": 23.985257148742676,
    "identical_view_rate": 0.007876427829698858,
    "test_spearman": 0.20328363719801898
  },
  "scores_path": "/home/yarin.b/projects/HUJI-THESIS--YARIN/chrono/artifacts/scores/emin2_qwen3_8b_t0_akk_erase_provenance-s2-f2.parquet"
}
[erase] LEACE 'provenance' (k=21, rank 17) fitted on 964 train orig rows, applied to 19088 views
epoch 50/200 loss 31.8993
epoch 100/200 loss 28.6152
epoch 150/200 loss 23.6744
epoch 200/200 loss 19.1356
{
  "run_id": "emin2_qwen3_8b_t0_akk_erase_provenance-s2-f3",
  "metrics": {
    "train_soft_spearman": 0.41319384821248106,
    "train_spearman": 0.41318576383597794,
    "final_loss": 19.135570526123047,
    "identical_view_rate": 0.0036566390041493776,
    "test_spearman": 0.4042943030585962
  },
  "scores_path": "/home/yarin.b/projects/HUJI-THESIS--YARIN/chrono/artifacts/scores/emin2_qwen3_8b_t0_akk_erase_provenance-s2-f3.parquet"
}
[erase] LEACE 'provenance' (k=21, rank 20) fitted on 964 train orig rows, applied to 19088 views
epoch 50/200 loss 34.1825
epoch 100/200 loss 30.4711
epoch 150/200 loss 26.3043
epoch 200/200 loss 23.8083
{
  "run_id": "emin2_qwen3_8b_t0_akk_erase_provenance-s2-f4",
  "metrics": {
    "train_soft_spearman": 0.4365595021395523,
    "train_spearman": 0.43647163141512463,
    "final_loss": 23.80827760696411,
    "identical_view_rate": 0.007287344398340249,
    "test_spearman": 0.48910394389096856
  },
  "scores_path": "/home/yarin.b/projects/HUJI-THESIS--YARIN/chrono/artifacts/scores/emin2_qwen3_8b_t0_akk_erase_provenance-s2-f4.parquet"
}
Auto packing the repository in background for optimum performance.
See "git help gc" for manual housekeeping.
[yarin-sandbox 8747f54b] C5: head ladder emin2_qwen3_8b_t0_akk_erase_provenance seed 2 (job 33510)
 21 files changed, 0 insertions(+), 0 deletions(-)
 create mode 100644 chrono/reports/tier0/ladder/head_scores/emin2_qwen3_8b_t0_akk_erase_period-s0-f0.parquet
 create mode 100644 chrono/reports/tier0/ladder/head_scores/emin2_qwen3_8b_t0_akk_erase_period-s0-f1.parquet
 create mode 100644 chrono/reports/tier0/ladder/head_scores/emin2_qwen3_8b_t0_akk_erase_period-s0-f2.parquet
 create mode 100644 chrono/reports/tier0/ladder/head_scores/emin2_qwen3_8b_t0_akk_erase_period-s0-f3.parquet
 create mode 100644 chrono/reports/tier0/ladder/head_scores/emin2_qwen3_8b_t0_akk_erase_period-s0-f4.parquet
 create mode 100644 chrono/reports/tier0/ladder/head_scores/emin2_qwen3_8b_t0_akk_erase_period-s1-f0.parquet
 create mode 100644 chrono/reports/tier0/ladder/head_scores/emin2_qwen3_8b_t0_akk_erase_period-s1-f1.parquet
 create mode 100644 chrono/reports/tier0/ladder/head_scores/emin2_qwen3_8b_t0_akk_erase_period-s1-f2.parquet
 create mode 100644 chrono/reports/tier0/ladder/head_scores/emin2_qwen3_8b_t0_akk_erase_period-s1-f3.parquet
 create mode 100644 chrono/reports/tier0/ladder/head_scores/emin2_qwen3_8b_t0_akk_erase_period-s1-f4.parquet
 create mode 100644 chrono/reports/tier0/ladder/head_scores/emin2_qwen3_8b_t0_akk_erase_provenance-s1-f0.parquet
 create mode 100644 chrono/reports/tier0/ladder/head_scores/emin2_qwen3_8b_t0_akk_erase_provenance-s1-f1.parquet
 create mode 100644 chrono/reports/tier0/ladder/head_scores/emin2_qwen3_8b_t0_akk_erase_provenance-s1-f2.parquet
 create mode 100644 chrono/reports/tier0/ladder/head_scores/emin2_qwen3_8b_t0_akk_erase_provenance-s1-f3.parquet
 create mode 100644 chrono/reports/tier0/ladder/head_scores/emin2_qwen3_8b_t0_akk_erase_provenance-s1-f4.parquet
 create mode 100644 chrono/reports/tier0/ladder/head_scores/emin2_qwen3_8b_t0_akk_erase_provenance-s2-f0.parquet
 create mode 100644 chrono/reports/tier0/ladder/head_scores/emin2_qwen3_8b_t0_akk_erase_provenance-s2-f1.parquet
 create mode 100644 chrono/reports/tier0/ladder/head_scores/emin2_qwen3_8b_t0_akk_erase_provenance-s2-f2.parquet
 create mode 100644 chrono/reports/tier0/ladder/head_scores/emin2_qwen3_8b_t0_akk_erase_provenance-s2-f3.parquet
 create mode 100644 chrono/reports/tier0/ladder/head_scores/emin2_qwen3_8b_t0_akk_erase_provenance-s2-f4.parquet
From https://github.com/YarinBeni/HUJI-THESIS--YARIN
 * branch              yarin-sandbox -> FETCH_HEAD
Auto packing the repository in background for optimum performance.
See "git help gc" for manual housekeeping.
Current branch yarin-sandbox is up to date.
Auto packing the repository in background for optimum performance.
See "git help gc" for manual housekeeping.
To https://github.com/YarinBeni/HUJI-THESIS--YARIN.git
   5fbb0172..8747f54b  HEAD -> yarin-sandbox
[commit_push_sandbox] pushed to yarin-sandbox
=== Done. Wed Sep  2 14:40:31 UTC 2026 ===
