# job 33479 C5_headlad exit=0 Wed Sep  2 14:22:37 UTC 2026
# last 4000 lines of /home/yarin.b/projects/HUJI-THESIS--YARIN/chrono/sbatch/logs/C5_headlad_33475_3.out
=== C5 emin2_cunei400m_t0_akk_erase_period seed 0 === job 33479 Wed Sep  2 14:19:34 UTC 2026
From https://github.com/YarinBeni/HUJI-THESIS--YARIN
 * branch              yarin-sandbox -> FETCH_HEAD
Current branch yarin-sandbox is up to date.
[erase] LEACE 'period' (k=6, rank 5) fitted on 925 train orig rows, applied to 19088 views
epoch 50/200 loss 7.0704
epoch 100/200 loss 5.7528
epoch 150/200 loss 4.7305
epoch 200/200 loss 4.4127
{
  "run_id": "emin2_cunei400m_t0_akk_erase_period-s0-f0",
  "metrics": {
    "train_soft_spearman": 0.2660816779883401,
    "train_spearman": 0.2664577068010121,
    "final_loss": 4.412655830383301,
    "identical_view_rate": 0.0074648648648648645,
    "test_spearman": NaN
  },
  "scores_path": "/home/yarin.b/projects/HUJI-THESIS--YARIN/chrono/artifacts/scores/emin2_cunei400m_t0_akk_erase_period-s0-f0.parquet"
}
[erase] LEACE 'period' (k=6, rank 5) fitted on 956 train orig rows, applied to 19088 views
epoch 50/200 loss 7.8461
epoch 100/200 loss 5.8344
epoch 150/200 loss 4.9996
epoch 200/200 loss 4.5684
{
  "run_id": "emin2_cunei400m_t0_akk_erase_period-s0-f1",
  "metrics": {
    "train_soft_spearman": 0.29889982259981634,
    "train_spearman": 0.2991172484507048,
    "final_loss": 4.5683863162994385,
    "identical_view_rate": 0.006731171548117155,
    "test_spearman": NaN
  },
  "scores_path": "/home/yarin.b/projects/HUJI-THESIS--YARIN/chrono/artifacts/scores/emin2_cunei400m_t0_akk_erase_period-s0-f1.parquet"
}
[erase] LEACE 'period' (k=6, rank 3) fitted on 963 train orig rows, applied to 19088 views
epoch 50/200 loss 7.3891
epoch 100/200 loss 5.5329
epoch 150/200 loss 4.4687
epoch 200/200 loss 4.1858
{
  "run_id": "emin2_cunei400m_t0_akk_erase_period-s0-f2",
  "metrics": {
    "train_soft_spearman": 0.3314544371501464,
    "train_spearman": 0.331776465512488,
    "final_loss": 4.185770869255066,
    "identical_view_rate": 0.007751817237798546,
    "test_spearman": 0.17021844715674184
  },
  "scores_path": "/home/yarin.b/projects/HUJI-THESIS--YARIN/chrono/artifacts/scores/emin2_cunei400m_t0_akk_erase_period-s0-f2.parquet"
}
[erase] LEACE 'period' (k=6, rank 5) fitted on 964 train orig rows, applied to 19088 views
epoch 50/200 loss 7.9699
epoch 100/200 loss 6.0333
epoch 150/200 loss 4.9563
epoch 200/200 loss 4.5516
{
  "run_id": "emin2_cunei400m_t0_akk_erase_period-s0-f3",
  "metrics": {
    "train_soft_spearman": 0.2820357442933855,
    "train_spearman": 0.28187339298216785,
    "final_loss": 4.551622033119202,
    "identical_view_rate": 0.0035840248962655604,
    "test_spearman": 0.25666287968480167
  },
  "scores_path": "/home/yarin.b/projects/HUJI-THESIS--YARIN/chrono/artifacts/scores/emin2_cunei400m_t0_akk_erase_period-s0-f3.parquet"
}
[erase] LEACE 'period' (k=6, rank 4) fitted on 964 train orig rows, applied to 19088 views
epoch 50/200 loss 7.3719
epoch 100/200 loss 5.6150
epoch 150/200 loss 4.8556
epoch 200/200 loss 4.3562
{
  "run_id": "emin2_cunei400m_t0_akk_erase_period-s0-f4",
  "metrics": {
    "train_soft_spearman": 0.327288570806061,
    "train_spearman": 0.327451568972551,
    "final_loss": 4.356152653694153,
    "identical_view_rate": 0.007085062240663901,
    "test_spearman": 0.4648287847322851
  },
  "scores_path": "/home/yarin.b/projects/HUJI-THESIS--YARIN/chrono/artifacts/scores/emin2_cunei400m_t0_akk_erase_period-s0-f4.parquet"
}
[yarin-sandbox ffdf640b] C5: head ladder emin2_cunei400m_t0_akk_erase_period seed 0 (job 33479)
 1 file changed, 96 insertions(+)
 create mode 100644 chrono/reports/logs/C5_headlad_33480.log
From https://github.com/YarinBeni/HUJI-THESIS--YARIN
 * branch              yarin-sandbox -> FETCH_HEAD
Current branch yarin-sandbox is up to date.
To https://github.com/YarinBeni/HUJI-THESIS--YARIN.git
   40e57b30..ffdf640b  HEAD -> yarin-sandbox
[commit_push_sandbox] pushed to yarin-sandbox
=== Done. Wed Sep  2 14:22:37 UTC 2026 ===
