# job 33509 C5_headlad exit=0 Wed Sep  2 14:40:45 UTC 2026
# last 4000 lines of /home/yarin.b/projects/HUJI-THESIS--YARIN/chrono/sbatch/logs/C5_headlad_33475_25.out
=== C5 emin2_qwen3_8b_t0_akk_erase_provenance seed 1 === job 33509 Wed Sep  2 14:36:07 UTC 2026
From https://github.com/YarinBeni/HUJI-THESIS--YARIN
 * branch              yarin-sandbox -> FETCH_HEAD
Auto packing the repository in background for optimum performance.
See "git help gc" for manual housekeeping.
Created autostash: 89f75d8d
Current branch yarin-sandbox is up to date.
Applied autostash.
Auto packing the repository in background for optimum performance.
See "git help gc" for manual housekeeping.
[erase] LEACE 'provenance' (k=21, rank 20) fitted on 925 train orig rows, applied to 19088 views
epoch 50/200 loss 33.0265
epoch 100/200 loss 31.1342
epoch 150/200 loss 26.8904
epoch 200/200 loss 23.2301
{
  "run_id": "emin2_qwen3_8b_t0_akk_erase_provenance-s1-f0",
  "metrics": {
    "train_soft_spearman": 0.44890257101017345,
    "train_spearman": 0.44908345994570836,
    "final_loss": 23.230055809020996,
    "identical_view_rate": 0.007616216216216216,
    "test_spearman": NaN
  },
  "scores_path": "/home/yarin.b/projects/HUJI-THESIS--YARIN/chrono/artifacts/scores/emin2_qwen3_8b_t0_akk_erase_provenance-s1-f0.parquet"
}
[erase] LEACE 'provenance' (k=21, rank 20) fitted on 956 train orig rows, applied to 19088 views
epoch 50/200 loss 34.7870
epoch 100/200 loss 32.2302
epoch 150/200 loss 26.7241
epoch 200/200 loss 22.9097
{
  "run_id": "emin2_qwen3_8b_t0_akk_erase_provenance-s1-f1",
  "metrics": {
    "train_soft_spearman": 0.44636726139008626,
    "train_spearman": 0.44638195703751193,
    "final_loss": 22.90972137451172,
    "identical_view_rate": 0.006563807531380753,
    "test_spearman": NaN
  },
  "scores_path": "/home/yarin.b/projects/HUJI-THESIS--YARIN/chrono/artifacts/scores/emin2_qwen3_8b_t0_akk_erase_provenance-s1-f1.parquet"
}
[erase] LEACE 'provenance' (k=21, rank 20) fitted on 963 train orig rows, applied to 19088 views
epoch 50/200 loss 32.9848
epoch 100/200 loss 31.2201
epoch 150/200 loss 28.9711
epoch 200/200 loss 25.5554
{
  "run_id": "emin2_qwen3_8b_t0_akk_erase_provenance-s1-f2",
  "metrics": {
    "train_soft_spearman": 0.45522958558303833,
    "train_spearman": 0.4553228816309199,
    "final_loss": 25.555411338806152,
    "identical_view_rate": 0.008037383177570093,
    "test_spearman": 0.23244694147023526
  },
  "scores_path": "/home/yarin.b/projects/HUJI-THESIS--YARIN/chrono/artifacts/scores/emin2_qwen3_8b_t0_akk_erase_provenance-s1-f2.parquet"
}
[erase] LEACE 'provenance' (k=21, rank 17) fitted on 964 train orig rows, applied to 19088 views
epoch 50/200 loss 32.7375
epoch 100/200 loss 29.5749
epoch 150/200 loss 24.6275
epoch 200/200 loss 21.0118
{
  "run_id": "emin2_qwen3_8b_t0_akk_erase_provenance-s1-f3",
  "metrics": {
    "train_soft_spearman": 0.46841649116782264,
    "train_spearman": 0.4684572480827229,
    "final_loss": 21.011771202087402,
    "identical_view_rate": 0.0034802904564315354,
    "test_spearman": 0.3934064709166858
  },
  "scores_path": "/home/yarin.b/projects/HUJI-THESIS--YARIN/chrono/artifacts/scores/emin2_qwen3_8b_t0_akk_erase_provenance-s1-f3.parquet"
}
[erase] LEACE 'provenance' (k=21, rank 20) fitted on 964 train orig rows, applied to 19088 views
epoch 50/200 loss 36.6450
epoch 100/200 loss 29.4007
epoch 150/200 loss 24.8613
epoch 200/200 loss 21.4644
{
  "run_id": "emin2_qwen3_8b_t0_akk_erase_provenance-s1-f4",
  "metrics": {
    "train_soft_spearman": 0.4831841726214332,
    "train_spearman": 0.48291000482283103,
    "final_loss": 21.464438915252686,
    "identical_view_rate": 0.007287344398340249,
    "test_spearman": 0.524708715914861
  },
  "scores_path": "/home/yarin.b/projects/HUJI-THESIS--YARIN/chrono/artifacts/scores/emin2_qwen3_8b_t0_akk_erase_provenance-s1-f4.parquet"
}
Auto packing the repository in background for optimum performance.
See "git help gc" for manual housekeeping.
[yarin-sandbox 1f2e806c] C5: head ladder emin2_qwen3_8b_t0_akk_erase_provenance seed 1 (job 33509)
 7 files changed, 108 insertions(+)
 create mode 100644 chrono/reports/logs/C5_headlad_33512.log
 create mode 100644 chrono/reports/tier0/ladder/head_scores/emin2_qwen3_8b_t0_akk_erase_provenance-s0-f0.parquet
 create mode 100644 chrono/reports/tier0/ladder/head_scores/emin2_qwen3_8b_t0_akk_erase_provenance-s0-f1.parquet
 create mode 100644 chrono/reports/tier0/ladder/head_scores/emin2_qwen3_8b_t0_akk_erase_provenance-s0-f2.parquet
 create mode 100644 chrono/reports/tier0/ladder/head_scores/emin2_qwen3_8b_t0_akk_erase_provenance-s0-f3.parquet
 create mode 100644 chrono/reports/tier0/ladder/head_scores/emin2_qwen3_8b_t0_akk_erase_provenance-s0-f4.parquet
From https://github.com/YarinBeni/HUJI-THESIS--YARIN
 * branch              yarin-sandbox -> FETCH_HEAD
Auto packing the repository in background for optimum performance.
See "git help gc" for manual housekeeping.
Current branch yarin-sandbox is up to date.
Auto packing the repository in background for optimum performance.
See "git help gc" for manual housekeeping.
To https://github.com/YarinBeni/HUJI-THESIS--YARIN.git
   3ef37e06..1f2e806c  HEAD -> yarin-sandbox
[commit_push_sandbox] pushed to yarin-sandbox
=== Done. Wed Sep  2 14:40:45 UTC 2026 ===
