# job 33488 C5_headlad exit=0 Wed Sep  2 14:26:01 UTC 2026
# last 4000 lines of /home/yarin.b/projects/HUJI-THESIS--YARIN/chrono/sbatch/logs/C5_headlad_33475_7.out
=== C5 emin2_cunei400m_t0_akk_erase_subgenre seed 1 === job 33488 Wed Sep  2 14:23:06 UTC 2026
From https://github.com/YarinBeni/HUJI-THESIS--YARIN
 * branch              yarin-sandbox -> FETCH_HEAD
Current branch yarin-sandbox is up to date.
[erase] LEACE 'subgenre' (k=21, rank 19) fitted on 925 train orig rows, applied to 19088 views
epoch 50/200 loss 8.3476
epoch 100/200 loss 6.0923
epoch 150/200 loss 5.5044
epoch 200/200 loss 5.1304
{
  "run_id": "emin2_cunei400m_t0_akk_erase_subgenre-s1-f0",
  "metrics": {
    "train_soft_spearman": 0.3809324536274427,
    "train_spearman": 0.38071632941114103,
    "final_loss": 5.130391240119934,
    "identical_view_rate": 0.007616216216216216,
    "test_spearman": NaN
  },
  "scores_path": "/home/yarin.b/projects/HUJI-THESIS--YARIN/chrono/artifacts/scores/emin2_cunei400m_t0_akk_erase_subgenre-s1-f0.parquet"
}
[erase] LEACE 'subgenre' (k=21, rank 20) fitted on 956 train orig rows, applied to 19088 views
epoch 50/200 loss 8.6292
epoch 100/200 loss 6.4411
epoch 150/200 loss 5.5026
epoch 200/200 loss 4.9498
{
  "run_id": "emin2_cunei400m_t0_akk_erase_subgenre-s1-f1",
  "metrics": {
    "train_soft_spearman": 0.419586481271774,
    "train_spearman": 0.41960459180663207,
    "final_loss": 4.949776887893677,
    "identical_view_rate": 0.006563807531380753,
    "test_spearman": NaN
  },
  "scores_path": "/home/yarin.b/projects/HUJI-THESIS--YARIN/chrono/artifacts/scores/emin2_cunei400m_t0_akk_erase_subgenre-s1-f1.parquet"
}
[erase] LEACE 'subgenre' (k=21, rank 20) fitted on 963 train orig rows, applied to 19088 views
epoch 50/200 loss 8.1368
epoch 100/200 loss 5.9628
epoch 150/200 loss 5.3572
epoch 200/200 loss 4.6347
{
  "run_id": "emin2_cunei400m_t0_akk_erase_subgenre-s1-f2",
  "metrics": {
    "train_soft_spearman": 0.4228091213650673,
    "train_spearman": 0.4226359381441387,
    "final_loss": 4.634655773639679,
    "identical_view_rate": 0.008037383177570093,
    "test_spearman": 0.195503755890293
  },
  "scores_path": "/home/yarin.b/projects/HUJI-THESIS--YARIN/chrono/artifacts/scores/emin2_cunei400m_t0_akk_erase_subgenre-s1-f2.parquet"
}
[erase] LEACE 'subgenre' (k=21, rank 20) fitted on 964 train orig rows, applied to 19088 views
epoch 50/200 loss 8.9774
epoch 100/200 loss 6.4637
epoch 150/200 loss 5.7248
epoch 200/200 loss 5.2843
{
  "run_id": "emin2_cunei400m_t0_akk_erase_subgenre-s1-f3",
  "metrics": {
    "train_soft_spearman": 0.3070132749722395,
    "train_spearman": 0.30701210667149736,
    "final_loss": 5.284335017204285,
    "identical_view_rate": 0.0034802904564315354,
    "test_spearman": 0.30025938597917334
  },
  "scores_path": "/home/yarin.b/projects/HUJI-THESIS--YARIN/chrono/artifacts/scores/emin2_cunei400m_t0_akk_erase_subgenre-s1-f3.parquet"
}
[erase] LEACE 'subgenre' (k=21, rank 20) fitted on 964 train orig rows, applied to 19088 views
epoch 50/200 loss 8.1900
epoch 100/200 loss 6.2349
epoch 150/200 loss 5.2841
epoch 200/200 loss 4.6707
{
  "run_id": "emin2_cunei400m_t0_akk_erase_subgenre-s1-f4",
  "metrics": {
    "train_soft_spearman": 0.42665180639883876,
    "train_spearman": 0.42675708831959186,
    "final_loss": 4.6707064509391785,
    "identical_view_rate": 0.007287344398340249,
    "test_spearman": 0.6019848909956136
  },
  "scores_path": "/home/yarin.b/projects/HUJI-THESIS--YARIN/chrono/artifacts/scores/emin2_cunei400m_t0_akk_erase_subgenre-s1-f4.parquet"
}
[yarin-sandbox 0dd823e7] C5: head ladder emin2_cunei400m_t0_akk_erase_subgenre seed 1 (job 33488)
 6 files changed, 0 insertions(+), 0 deletions(-)
 create mode 100644 chrono/reports/tier0/ladder/head_scores/emin2_cunei400m_t0_akk_erase_subgenre-s1-f0.parquet
 create mode 100644 chrono/reports/tier0/ladder/head_scores/emin2_cunei400m_t0_akk_erase_subgenre-s1-f1.parquet
 create mode 100644 chrono/reports/tier0/ladder/head_scores/emin2_cunei400m_t0_akk_erase_subgenre-s1-f2.parquet
 create mode 100644 chrono/reports/tier0/ladder/head_scores/emin2_cunei400m_t0_akk_erase_subgenre-s1-f3.parquet
 create mode 100644 chrono/reports/tier0/ladder/head_scores/emin2_cunei400m_t0_akk_erase_subgenre-s1-f4.parquet
From https://github.com/YarinBeni/HUJI-THESIS--YARIN
 * branch              yarin-sandbox -> FETCH_HEAD
Created autostash: fbe3c3ff
Current branch yarin-sandbox is up to date.
Applied autostash.
To https://github.com/YarinBeni/HUJI-THESIS--YARIN.git
   90817a33..0dd823e7  HEAD -> yarin-sandbox
[commit_push_sandbox] pushed to yarin-sandbox
=== Done. Wed Sep  2 14:26:01 UTC 2026 ===
