# job 33532 C6_hsic exit=0 Wed Sep  2 15:33:44 UTC 2026
# last 4000 lines of /home/yarin.b/projects/HUJI-THESIS--YARIN/chrono/sbatch/logs/C6_hsic_33529_2.out
=== C6 emin2_cunei400m_t0_akk_hsic1_provenance seed 2 === job 33532 Wed Sep  2 15:23:36 UTC 2026
From https://github.com/YarinBeni/HUJI-THESIS--YARIN
 * branch              yarin-sandbox -> FETCH_HEAD
Auto packing the repository in background for optimum performance.
See "git help gc" for manual housekeeping.
Created autostash: 4c59ceb1
Current branch yarin-sandbox is up to date.
Applied autostash.
Auto packing the repository in background for optimum performance.
See "git help gc" for manual housekeeping.
[hsic] lambda=1.0 confound='provenance' k=21
epoch 50/200 loss 7.2667
epoch 100/200 loss 5.3956
epoch 150/200 loss 4.6023
epoch 200/200 loss 4.0746
{
  "run_id": "emin2_cunei400m_t0_akk_hsic1_provenance-s2-f0",
  "metrics": {
    "train_soft_spearman": 0.6885045331290602,
    "train_spearman": 0.6883564062182459,
    "final_loss": 4.0746371150016785,
    "identical_view_rate": 0.007491891891891892,
    "test_spearman": NaN
  },
  "scores_path": "/home/yarin.b/projects/HUJI-THESIS--YARIN/chrono/artifacts/scores/emin2_cunei400m_t0_akk_hsic1_provenance-s2-f0.parquet"
}
[hsic] lambda=1.0 confound='provenance' k=21
epoch 50/200 loss 7.7320
epoch 100/200 loss 5.5788
epoch 150/200 loss 4.8430
epoch 200/200 loss 4.3239
{
  "run_id": "emin2_cunei400m_t0_akk_hsic1_provenance-s2-f1",
  "metrics": {
    "train_soft_spearman": 0.7629644469172715,
    "train_spearman": 0.763047981970665,
    "final_loss": 4.323919415473938,
    "identical_view_rate": 0.00651673640167364,
    "test_spearman": NaN
  },
  "scores_path": "/home/yarin.b/projects/HUJI-THESIS--YARIN/chrono/artifacts/scores/emin2_cunei400m_t0_akk_hsic1_provenance-s2-f1.parquet"
}
[hsic] lambda=1.0 confound='provenance' k=21
epoch 50/200 loss 7.0599
epoch 100/200 loss 5.2348
epoch 150/200 loss 4.2884
epoch 200/200 loss 3.8591
{
  "run_id": "emin2_cunei400m_t0_akk_hsic1_provenance-s2-f2",
  "metrics": {
    "train_soft_spearman": 0.7835961096112107,
    "train_spearman": 0.7835221548505865,
    "final_loss": 3.8591485619544983,
    "identical_view_rate": 0.007876427829698858,
    "test_spearman": 0.19954231600068795
  },
  "scores_path": "/home/yarin.b/projects/HUJI-THESIS--YARIN/chrono/artifacts/scores/emin2_cunei400m_t0_akk_hsic1_provenance-s2-f2.parquet"
}
[hsic] lambda=1.0 confound='provenance' k=21
epoch 50/200 loss 7.7584
epoch 100/200 loss 5.6495
epoch 150/200 loss 4.7695
epoch 200/200 loss 4.3224
{
  "run_id": "emin2_cunei400m_t0_akk_hsic1_provenance-s2-f3",
  "metrics": {
    "train_soft_spearman": 0.7175360256710128,
    "train_spearman": 0.7174881649213607,
    "final_loss": 4.322365164756775,
    "identical_view_rate": 0.0036566390041493776,
    "test_spearman": 0.5340441475031994
  },
  "scores_path": "/home/yarin.b/projects/HUJI-THESIS--YARIN/chrono/artifacts/scores/emin2_cunei400m_t0_akk_hsic1_provenance-s2-f3.parquet"
}
[hsic] lambda=1.0 confound='provenance' k=21
epoch 50/200 loss 7.2700
epoch 100/200 loss 5.2322
epoch 150/200 loss 4.3989
epoch 200/200 loss 4.1272
{
  "run_id": "emin2_cunei400m_t0_akk_hsic1_provenance-s2-f4",
  "metrics": {
    "train_soft_spearman": 0.6696718743971843,
    "train_spearman": 0.6695562699734161,
    "final_loss": 4.127213895320892,
    "identical_view_rate": 0.007287344398340249,
    "test_spearman": 0.714916633788402
  },
  "scores_path": "/home/yarin.b/projects/HUJI-THESIS--YARIN/chrono/artifacts/scores/emin2_cunei400m_t0_akk_hsic1_provenance-s2-f4.parquet"
}
[commit_push_sandbox] nothing to commit
From https://github.com/YarinBeni/HUJI-THESIS--YARIN
 * branch              yarin-sandbox -> FETCH_HEAD
Auto packing the repository in background for optimum performance.
See "git help gc" for manual housekeeping.
Current branch yarin-sandbox is up to date.
Auto packing the repository in background for optimum performance.
See "git help gc" for manual housekeeping.
Everything up-to-date
[commit_push_sandbox] pushed to yarin-sandbox
=== Done. Wed Sep  2 15:33:43 UTC 2026 ===
