# job 33587 C6b_cka exit=0 Wed Sep  2 17:07:22 UTC 2026
# last 4000 lines of /home/yarin.b/projects/HUJI-THESIS--YARIN/chrono/sbatch/logs/C6b_cka_33585_1.out
=== C6 emin2_cunei400m_t0_akk_cka1_provenance seed 1 === job 33587 Wed Sep  2 16:36:33 UTC 2026
From https://github.com/YarinBeni/HUJI-THESIS--YARIN
 * branch              yarin-sandbox -> FETCH_HEAD
Auto packing the repository in background for optimum performance.
See "git help gc" for manual housekeeping.
Current branch yarin-sandbox is up to date.
Auto packing the repository in background for optimum performance.
See "git help gc" for manual housekeeping.
[hsic] lambda=1.0 measure=cka confound='provenance' k=21
epoch 50/200 loss 7.3125
epoch 100/200 loss 5.1214
epoch 150/200 loss 4.6660
epoch 200/200 loss 4.2725
{
  "run_id": "emin2_cunei400m_t0_akk_cka1_provenance-s1-f0",
  "metrics": {
    "final_dep": 0.10904881849884987,
    "train_soft_spearman": 0.6782463046545179,
    "train_spearman": 0.6783727275768706,
    "final_loss": 4.272534132003784,
    "identical_view_rate": 0.007616216216216216,
    "test_spearman": NaN
  },
  "scores_path": "/home/yarin.b/projects/HUJI-THESIS--YARIN/chrono/artifacts/scores/emin2_cunei400m_t0_akk_cka1_provenance-s1-f0.parquet"
}
[hsic] lambda=1.0 measure=cka confound='provenance' k=21
epoch 50/200 loss 7.7896
epoch 100/200 loss 5.6844
epoch 150/200 loss 4.9047
epoch 200/200 loss 4.4134
{
  "run_id": "emin2_cunei400m_t0_akk_cka1_provenance-s1-f1",
  "metrics": {
    "final_dep": 0.09978621944785118,
    "train_soft_spearman": 0.7300634006145948,
    "train_spearman": 0.7300005748152112,
    "final_loss": 4.413368463516235,
    "identical_view_rate": 0.006563807531380753,
    "test_spearman": NaN
  },
  "scores_path": "/home/yarin.b/projects/HUJI-THESIS--YARIN/chrono/artifacts/scores/emin2_cunei400m_t0_akk_cka1_provenance-s1-f1.parquet"
}
[hsic] lambda=1.0 measure=cka confound='provenance' k=21
epoch 50/200 loss 7.2884
epoch 100/200 loss 5.2430
epoch 150/200 loss 4.6709
epoch 200/200 loss 4.0216
{
  "run_id": "emin2_cunei400m_t0_akk_cka1_provenance-s1-f2",
  "metrics": {
    "final_dep": 0.11495701134204865,
    "train_soft_spearman": 0.7649434157398596,
    "train_spearman": 0.7648140751241296,
    "final_loss": 4.0216317772865295,
    "identical_view_rate": 0.008037383177570093,
    "test_spearman": 0.21087628576985237
  },
  "scores_path": "/home/yarin.b/projects/HUJI-THESIS--YARIN/chrono/artifacts/scores/emin2_cunei400m_t0_akk_cka1_provenance-s1-f2.parquet"
}
[hsic] lambda=1.0 measure=cka confound='provenance' k=21
epoch 50/200 loss 7.8076
epoch 100/200 loss 5.5517
epoch 150/200 loss 4.8514
epoch 200/200 loss 4.4717
{
  "run_id": "emin2_cunei400m_t0_akk_cka1_provenance-s1-f3",
  "metrics": {
    "final_dep": 0.09140181198716163,
    "train_soft_spearman": 0.6885841982228823,
    "train_spearman": 0.6884998588894454,
    "final_loss": 4.471744239330292,
    "identical_view_rate": 0.0034802904564315354,
    "test_spearman": 0.5047807150566873
  },
  "scores_path": "/home/yarin.b/projects/HUJI-THESIS--YARIN/chrono/artifacts/scores/emin2_cunei400m_t0_akk_cka1_provenance-s1-f3.parquet"
}
[hsic] lambda=1.0 measure=cka confound='provenance' k=21
epoch 50/200 loss 7.2118
epoch 100/200 loss 5.4744
epoch 150/200 loss 4.6942
epoch 200/200 loss 4.1509
{
  "run_id": "emin2_cunei400m_t0_akk_cka1_provenance-s1-f4",
  "metrics": {
    "final_dep": 0.05812094278633594,
    "train_soft_spearman": 0.6469549416868948,
    "train_spearman": 0.6467557954679934,
    "final_loss": 4.150931894779205,
    "identical_view_rate": 0.007287344398340249,
    "test_spearman": 0.726783307178204
  },
  "scores_path": "/home/yarin.b/projects/HUJI-THESIS--YARIN/chrono/artifacts/scores/emin2_cunei400m_t0_akk_cka1_provenance-s1-f4.parquet"
}
Auto packing the repository in background for optimum performance.
See "git help gc" for manual housekeeping.
[yarin-sandbox 9d0f7df7] C6b: cka emin2_cunei400m_t0_akk_cka1_provenance seed 1 (job 33587)
 31 files changed, 0 insertions(+), 0 deletions(-)
 create mode 100644 chrono/reports/tier0/cka/heads/emin2_cunei400m_t0_akk_cka1_provenance-s0-f0.pt
 create mode 100644 chrono/reports/tier0/cka/heads/emin2_cunei400m_t0_akk_cka1_provenance-s0-f1.pt
 create mode 100644 chrono/reports/tier0/cka/heads/emin2_cunei400m_t0_akk_cka1_provenance-s0-f2.pt
 create mode 100644 chrono/reports/tier0/cka/heads/emin2_cunei400m_t0_akk_cka1_provenance-s0-f3.pt
 create mode 100644 chrono/reports/tier0/cka/heads/emin2_cunei400m_t0_akk_cka1_provenance-s0-f4.pt
 create mode 100644 chrono/reports/tier0/cka/heads/emin2_cunei400m_t0_akk_cka5_provenance-s0-f0.pt
 create mode 100644 chrono/reports/tier0/cka/heads/emin2_cunei400m_t0_akk_cka5_provenance-s0-f1.pt
 create mode 100644 chrono/reports/tier0/cka/heads/emin2_cunei400m_t0_akk_cka5_provenance-s0-f2.pt
 create mode 100644 chrono/reports/tier0/cka/heads/emin2_cunei400m_t0_akk_cka5_provenance-s0-f3.pt
 create mode 100644 chrono/reports/tier0/cka/heads/emin2_cunei400m_t0_akk_cka5_provenance-s0-f4.pt
 create mode 100644 chrono/reports/tier0/cka/scores/emin2_cunei400m_t0_akk_cka1_provenance-s0-f0.parquet
 create mode 100644 chrono/reports/tier0/cka/scores/emin2_cunei400m_t0_akk_cka1_provenance-s0-f1.parquet
 create mode 100644 chrono/reports/tier0/cka/scores/emin2_cunei400m_t0_akk_cka1_provenance-s0-f2.parquet
 create mode 100644 chrono/reports/tier0/cka/scores/emin2_cunei400m_t0_akk_cka1_provenance-s0-f3.parquet
 create mode 100644 chrono/reports/tier0/cka/scores/emin2_cunei400m_t0_akk_cka1_provenance-s0-f4.parquet
 create mode 100644 chrono/reports/tier0/cka/scores/emin2_cunei400m_t0_akk_cka1_provenance-s1-f0.parquet
 create mode 100644 chrono/reports/tier0/cka/scores/emin2_cunei400m_t0_akk_cka1_provenance-s1-f1.parquet
 create mode 100644 chrono/reports/tier0/cka/scores/emin2_cunei400m_t0_akk_cka1_provenance-s1-f2.parquet
 create mode 100644 chrono/reports/tier0/cka/scores/emin2_cunei400m_t0_akk_cka1_provenance-s1-f3.parquet
 create mode 100644 chrono/reports/tier0/cka/scores/emin2_cunei400m_t0_akk_cka1_provenance-s1-f4.parquet
 create mode 100644 chrono/reports/tier0/cka/scores/emin2_cunei400m_t0_akk_cka1_provenance-s2-f0.parquet
 create mode 100644 chrono/reports/tier0/cka/scores/emin2_cunei400m_t0_akk_cka1_provenance-s2-f1.parquet
 create mode 100644 chrono/reports/tier0/cka/scores/emin2_cunei400m_t0_akk_cka1_provenance-s2-f2.parquet
 create mode 100644 chrono/reports/tier0/cka/scores/emin2_cunei400m_t0_akk_cka1_provenance-s2-f3.parquet
 create mode 100644 chrono/reports/tier0/cka/scores/emin2_cunei400m_t0_akk_cka1_provenance-s2-f4.parquet
 create mode 100644 chrono/reports/tier0/cka/scores/emin2_cunei400m_t0_akk_cka5_provenance-s0-f0.parquet
 create mode 100644 chrono/reports/tier0/cka/scores/emin2_cunei400m_t0_akk_cka5_provenance-s0-f1.parquet
 create mode 100644 chrono/reports/tier0/cka/scores/emin2_cunei400m_t0_akk_cka5_provenance-s0-f2.parquet
 create mode 100644 chrono/reports/tier0/cka/scores/emin2_cunei400m_t0_akk_cka5_provenance-s0-f3.parquet
 create mode 100644 chrono/reports/tier0/cka/scores/emin2_cunei400m_t0_akk_cka5_provenance-s0-f4.parquet
From https://github.com/YarinBeni/HUJI-THESIS--YARIN
 * branch              yarin-sandbox -> FETCH_HEAD
   d2d354d5..e623f907  yarin-sandbox -> origin/yarin-sandbox
Auto packing the repository in background for optimum performance.
See "git help gc" for manual housekeeping.
Rebasing (1/1)[KSuccessfully rebased and updated refs/heads/yarin-sandbox.
To https://github.com/YarinBeni/HUJI-THESIS--YARIN.git
   e623f907..1d45f1b0  HEAD -> yarin-sandbox
[commit_push_sandbox] pushed to yarin-sandbox
=== Done. Wed Sep  2 17:07:22 UTC 2026 ===
