# job 33634 C7_ssl_ext exit=1 Wed Sep  2 19:46:45 UTC 2026
# last 4000 lines of /home/yarin.b/projects/HUJI-THESIS--YARIN/chrono/sbatch/logs/C7_ssl_ext_33631_1.out
=== C7 ssl extract thalesian_akk300m L4,8 === job 33634 Wed Sep  2 19:46:25 UTC 2026
From https://github.com/YarinBeni/HUJI-THESIS--YARIN
 * branch              yarin-sandbox -> FETCH_HEAD
Auto packing the repository in background for optimum performance.
See "git help gc" for manual housekeeping.
Created autostash: 579f6362
Current branch yarin-sandbox is up to date.
Applied autostash.
Auto packing the repository in background for optimum performance.
See "git help gc" for manual housekeeping.
[unified] dropped 575,041 exact duplicate word rows (DATA-3)
Traceback (most recent call last):
  File "/home/yarin.b/miniconda3/envs/thesis/lib/python3.11/site-packages/pandas/compat/_optional.py", line 135, in import_optional_dependency
    module = importlib.import_module(name)
             ^^^^^^^^^^^^^^^^^^^^^^^^^^^^^
  File "/home/yarin.b/miniconda3/envs/thesis/lib/python3.11/importlib/__init__.py", line 126, in import_module
    return _bootstrap._gcd_import(name[level:], package, level)
           ^^^^^^^^^^^^^^^^^^^^^^^^^^^^^^^^^^^^^^^^^^^^^^^^^^^^
  File "<frozen importlib._bootstrap>", line 1204, in _gcd_import
  File "<frozen importlib._bootstrap>", line 1176, in _find_and_load
  File "<frozen importlib._bootstrap>", line 1140, in _find_and_load_unlocked
ModuleNotFoundError: No module named 'tabulate'

During handling of the above exception, another exception occurred:

Traceback (most recent call last):
  File "/home/yarin.b/projects/HUJI-THESIS--YARIN/chrono/scripts/make_ssl_corpus.py", line 192, in <module>
    main()
  File "/home/yarin.b/projects/HUJI-THESIS--YARIN/chrono/scripts/make_ssl_corpus.py", line 186, in main
    L += ["", "## splits", "", all_.groupby(["split", "source"]).size().unstack(fill_value=0).to_markdown()]
                               ^^^^^^^^^^^^^^^^^^^^^^^^^^^^^^^^^^^^^^^^^^^^^^^^^^^^^^^^^^^^^^^^^^^^^^^^^^^^
  File "/home/yarin.b/miniconda3/envs/thesis/lib/python3.11/site-packages/pandas/util/_decorators.py", line 333, in wrapper
    return func(*args, **kwargs)
           ^^^^^^^^^^^^^^^^^^^^^
  File "/home/yarin.b/miniconda3/envs/thesis/lib/python3.11/site-packages/pandas/core/frame.py", line 2994, in to_markdown
    tabulate = import_optional_dependency("tabulate")
               ^^^^^^^^^^^^^^^^^^^^^^^^^^^^^^^^^^^^^^
  File "/home/yarin.b/miniconda3/envs/thesis/lib/python3.11/site-packages/pandas/compat/_optional.py", line 138, in import_optional_dependency
    raise ImportError(msg)
ImportError: Missing optional dependency 'tabulate'.  Use pip or conda to install tabulate.
FAILED make_ssl_corpus
