# job 33652 C9_ssl_views exit=0 Wed Sep  2 20:06:31 UTC 2026
# last 4000 lines of /home/yarin.b/projects/HUJI-THESIS--YARIN/chrono/sbatch/logs/C9_ssl_views_33648_2.out
=== C9 views thalesian_akk300m L8 part 0/2 === job 33652 Wed Sep  2 19:59:29 UTC 2026
From https://github.com/YarinBeni/HUJI-THESIS--YARIN
 * branch              yarin-sandbox -> FETCH_HEAD
Auto packing the repository in background for optimum performance.
See "git help gc" for manual housekeeping.
Current branch yarin-sandbox is up to date.
Auto packing the repository in background for optimum performance.
See "git help gc" for manual housekeeping.
[extract] part 0/2: rows 0..175477
Warning: You are sending unauthenticated requests to the HF Hub. Please set a HF_TOKEN to enable higher rate limits and faster downloads.
Invalid model-index. Not loading eval results into CardData.
`torch_dtype` is deprecated! Use `dtype` instead!
The following generation flags are not valid and may be ignored: ['output_hidden_states']. Set `TRANSFORMERS_VERBOSITY=info` for more details.
Loading weights:   0%|          | 0/204 [00:00<?, ?it/s]Loading weights:   4%|▍         | 9/204 [00:00<00:02, 86.17it/s]Loading weights:  17%|█▋        | 34/204 [00:00<00:01, 124.47it/s]Loading weights:  35%|███▌      | 72/204 [00:00<00:00, 147.20it/s]Loading weights:  43%|████▎     | 88/204 [00:00<00:00, 135.08it/s]Loading weights:  50%|████▉     | 101/204 [00:00<00:00, 110.99it/s]Loading weights:  55%|█████▍    | 112/204 [00:00<00:00, 101.19it/s]Loading weights:  60%|██████    | 123/204 [00:01<00:00, 101.87it/s]Loading weights:  81%|████████▏ | 166/204 [00:01<00:00, 181.16it/s]Loading weights: 100%|█████████▉| 203/204 [00:02<00:00, 73.47it/s] Loading weights: 100%|██████████| 204/204 [00:02<00:00, 96.45it/s]
The tied weights mapping and config for this model specifies to tie shared.weight to lm_head.weight, but both are present in the checkpoints, so we will NOT tie them. You should update the config with `tie_word_embeddings=False` to silence this warning
[extract] Thalesian/AKK_300m: 175477 texts, layers [8], sites ['mean'], store=chrono.models.store
[extract] 1024/175477 texts (4.3s)
[extract] 2048/175477 texts (6.4s)
[extract] 3072/175477 texts (9.4s)
[extract] 4096/175477 texts (11.8s)
[extract] 5120/175477 texts (14.3s)
[extract] 6144/175477 texts (16.6s)
[extract] 7168/175477 texts (18.8s)
[extract] 8192/175477 texts (21.5s)
[extract] 9216/175477 texts (23.4s)
[extract] 10240/175477 texts (25.5s)
[extract] 11264/175477 texts (27.7s)
[extract] 12288/175477 texts (29.9s)
[extract] 13312/175477 texts (32.1s)
[extract] 14336/175477 texts (34.1s)
[extract] 15360/175477 texts (36.5s)
[extract] 16384/175477 texts (38.4s)
[extract] 17408/175477 texts (40.7s)
[extract] 18432/175477 texts (42.3s)
[extract] 19456/175477 texts (44.4s)
[extract] 20480/175477 texts (46.0s)
[extract] 21504/175477 texts (47.4s)
[extract] 22528/175477 texts (49.2s)
[extract] 23552/175477 texts (50.7s)
[extract] 24576/175477 texts (52.5s)
[extract] 25600/175477 texts (54.6s)
[extract] 26624/175477 texts (56.1s)
[extract] 27648/175477 texts (57.8s)
[extract] 28672/175477 texts (60.2s)
[extract] 29696/175477 texts (62.5s)
[extract] 30720/175477 texts (64.1s)
[extract] 31744/175477 texts (66.1s)
[extract] 32768/175477 texts (68.8s)
[extract] 33792/175477 texts (70.5s)
[extract] 34816/175477 texts (72.4s)
[extract] 35840/175477 texts (74.5s)
[extract] 36864/175477 texts (76.2s)
[extract] 37888/175477 texts (78.4s)
[extract] 38912/175477 texts (80.5s)
[extract] 39936/175477 texts (81.9s)
[extract] 40960/175477 texts (83.4s)
[extract] 41984/175477 texts (85.4s)
[extract] 43008/175477 texts (87.9s)
[extract] 44032/175477 texts (89.5s)
[extract] 45056/175477 texts (91.0s)
[extract] 46080/175477 texts (92.3s)
[extract] 47104/175477 texts (94.2s)
[extract] 48128/175477 texts (96.8s)
[extract] 49152/175477 texts (98.6s)
[extract] 50176/175477 texts (100.1s)
[extract] 51200/175477 texts (101.4s)
[extract] 52224/175477 texts (102.7s)
[extract] 53248/175477 texts (104.6s)
[extract] 54272/175477 texts (106.3s)
[extract] 55296/175477 texts (108.2s)
[extract] 56320/175477 texts (110.3s)
[extract] 57344/175477 texts (111.9s)
[extract] 58368/175477 texts (113.6s)
[extract] 59392/175477 texts (115.3s)
[extract] 60416/175477 texts (116.9s)
[extract] 61440/175477 texts (118.5s)
[extract] 62464/175477 texts (120.6s)
[extract] 63488/175477 texts (122.3s)
[extract] 64512/175477 texts (124.2s)
[extract] 65536/175477 texts (126.2s)
[extract] 66560/175477 texts (128.1s)
[extract] 67584/175477 texts (129.7s)
[extract] 68608/175477 texts (131.7s)
[extract] 69632/175477 texts (133.5s)
[extract] 70656/175477 texts (135.5s)
[extract] 71680/175477 texts (137.6s)
[extract] 72704/175477 texts (139.5s)
[extract] 73728/175477 texts (141.8s)
[extract] 74752/175477 texts (143.4s)
[extract] 75776/175477 texts (145.4s)
[extract] 76800/175477 texts (147.3s)
[extract] 77824/175477 texts (149.5s)
[extract] 78848/175477 texts (151.3s)
[extract] 79872/175477 texts (153.0s)
[extract] 80896/175477 texts (155.7s)
[extract] 81920/175477 texts (158.1s)
[extract] 82944/175477 texts (160.1s)
[extract] 83968/175477 texts (162.1s)
[extract] 84992/175477 texts (164.1s)
[extract] 86016/175477 texts (165.7s)
[extract] 87040/175477 texts (168.5s)
[extract] 88064/175477 texts (171.0s)
[extract] 89088/175477 texts (173.0s)
[extract] 90112/175477 texts (175.1s)
[extract] 91136/175477 texts (177.0s)
[extract] 92160/175477 texts (178.9s)
[extract] 93184/175477 texts (181.5s)
[extract] 94208/175477 texts (184.9s)
[extract] 95232/175477 texts (187.0s)
[extract] 96256/175477 texts (189.2s)
[extract] 97280/175477 texts (191.3s)
[extract] 98304/175477 texts (193.0s)
[extract] 99328/175477 texts (195.3s)
[extract] 100352/175477 texts (197.3s)
[extract] 101376/175477 texts (199.3s)
[extract] 102400/175477 texts (201.2s)
[extract] 103424/175477 texts (203.2s)
[extract] 104448/175477 texts (204.9s)
[extract] 105472/175477 texts (206.7s)
[extract] 106496/175477 texts (208.8s)
[extract] 107520/175477 texts (210.5s)
[extract] 108544/175477 texts (212.4s)
[extract] 109568/175477 texts (214.1s)
[extract] 110592/175477 texts (215.9s)
[extract] 111616/175477 texts (217.8s)
[extract] 112640/175477 texts (220.4s)
[extract] 113664/175477 texts (222.3s)
[extract] 114688/175477 texts (223.9s)
[extract] 115712/175477 texts (226.0s)
[extract] 116736/175477 texts (228.1s)
[extract] 117760/175477 texts (229.8s)
[extract] 118784/175477 texts (231.7s)
[extract] 119808/175477 texts (233.3s)
[extract] 120832/175477 texts (234.9s)
[extract] 121856/175477 texts (236.7s)
[extract] 122880/175477 texts (238.3s)
[extract] 123904/175477 texts (239.9s)
[extract] 124928/175477 texts (241.4s)
[extract] 125952/175477 texts (243.3s)
[extract] 126976/175477 texts (245.4s)
[extract] 128000/175477 texts (247.2s)
[extract] 129024/175477 texts (249.4s)
[extract] 130048/175477 texts (251.3s)
[extract] 131072/175477 texts (253.6s)
[extract] 132096/175477 texts (255.9s)
[extract] 133120/175477 texts (258.2s)
[extract] 134144/175477 texts (260.5s)
[extract] 135168/175477 texts (263.1s)
[extract] 136192/175477 texts (266.2s)
[extract] 137216/175477 texts (270.2s)
[extract] 138240/175477 texts (274.1s)
[extract] 139264/175477 texts (277.5s)
[extract] 140288/175477 texts (281.1s)
[extract] 141312/175477 texts (285.2s)
[extract] 142336/175477 texts (288.9s)
[extract] 143360/175477 texts (292.1s)
[extract] 144384/175477 texts (295.5s)
[extract] 145408/175477 texts (299.1s)
[extract] 146432/175477 texts (303.5s)
[extract] 147456/175477 texts (306.8s)
[extract] 148480/175477 texts (309.4s)
[extract] 149504/175477 texts (312.2s)
[extract] 150528/175477 texts (314.9s)
[extract] 151552/175477 texts (317.3s)
[extract] 152576/175477 texts (319.9s)
[extract] 153600/175477 texts (324.1s)
[extract] 154624/175477 texts (328.3s)
[extract] 155648/175477 texts (330.8s)
[extract] 156672/175477 texts (333.5s)
[extract] 157696/175477 texts (336.4s)
[extract] 158720/175477 texts (338.9s)
[extract] 159744/175477 texts (341.2s)
[extract] 160768/175477 texts (344.4s)
[extract] 161792/175477 texts (347.7s)
[extract] 162816/175477 texts (350.3s)
[extract] 163840/175477 texts (352.8s)
[extract] 164864/175477 texts (355.4s)
[extract] 165888/175477 texts (358.0s)
[extract] 166912/175477 texts (360.4s)
[extract] 167936/175477 texts (362.7s)
[extract] 168960/175477 texts (366.7s)
[extract] 169984/175477 texts (369.5s)
[extract] 171008/175477 texts (372.2s)
[extract] 172032/175477 texts (374.5s)
[extract] 173056/175477 texts (377.3s)
[extract] 174080/175477 texts (380.3s)
[extract] 175104/175477 texts (383.8s)
[extract] 175477/175477 texts (385.5s)
[done] {"n_texts": 175477, "n_embedded": 175477, "n_skipped": 0, "layers": [8], "sites": ["mean"], "elapsed_s": 385.5, "model": "thalesian_akk300m", "hfid": "Thalesian/AKK_300m", "store_root": "chrono/artifacts_ssl/emb_store", "max_tokens": 512, "dtype": "auto"}
=== Done. Wed Sep  2 20:06:31 UTC 2026 ===
