# job 33653 C9_ssl_views exit=0 Wed Sep  2 20:16:15 UTC 2026
# last 4000 lines of /home/yarin.b/projects/HUJI-THESIS--YARIN/chrono/sbatch/logs/C9_ssl_views_33648_3.out
=== C9 views thalesian_akk300m L8 part 1/2 === job 33653 Wed Sep  2 20:06:44 UTC 2026
From https://github.com/YarinBeni/HUJI-THESIS--YARIN
 * branch              yarin-sandbox -> FETCH_HEAD
Auto packing the repository in background for optimum performance.
See "git help gc" for manual housekeeping.
Current branch yarin-sandbox is up to date.
Auto packing the repository in background for optimum performance.
See "git help gc" for manual housekeeping.
[extract] part 1/2: rows 175477..350955
Invalid model-index. Not loading eval results into CardData.
Warning: You are sending unauthenticated requests to the HF Hub. Please set a HF_TOKEN to enable higher rate limits and faster downloads.
`torch_dtype` is deprecated! Use `dtype` instead!
The following generation flags are not valid and may be ignored: ['output_hidden_states']. Set `TRANSFORMERS_VERBOSITY=info` for more details.
Loading weights:   0%|          | 0/204 [00:00<?, ?it/s]Loading weights: 100%|█████████▉| 203/204 [00:00<00:00, 1972.99it/s]Loading weights: 100%|██████████| 204/204 [00:00<00:00, 1975.48it/s]
The tied weights mapping and config for this model specifies to tie shared.weight to lm_head.weight, but both are present in the checkpoints, so we will NOT tie them. You should update the config with `tie_word_embeddings=False` to silence this warning
[extract] Thalesian/AKK_300m: 175478 texts, layers [8], sites ['mean'], store=chrono.models.store
[extract] 1024/175478 texts (3.9s)
[extract] 2048/175478 texts (7.1s)
[extract] 3072/175478 texts (10.2s)
[extract] 4096/175478 texts (13.5s)
[extract] 5120/175478 texts (16.3s)
[extract] 6144/175478 texts (19.7s)
[extract] 7168/175478 texts (23.4s)
[extract] 8192/175478 texts (26.7s)
[extract] 9216/175478 texts (29.5s)
[extract] 10240/175478 texts (32.2s)
[extract] 11264/175478 texts (34.9s)
[extract] 12288/175478 texts (38.3s)
[extract] 13312/175478 texts (42.0s)
[extract] 14336/175478 texts (45.6s)
[extract] 15360/175478 texts (49.1s)
[extract] 16384/175478 texts (52.7s)
[extract] 17408/175478 texts (55.7s)
[extract] 18432/175478 texts (59.4s)
[extract] 19456/175478 texts (63.4s)
[extract] 20480/175478 texts (66.8s)
[extract] 21504/175478 texts (71.0s)
[extract] 22528/175478 texts (74.9s)
[extract] 23552/175478 texts (77.7s)
[extract] 24576/175478 texts (80.9s)
[extract] 25600/175478 texts (84.1s)
[extract] 26624/175478 texts (87.8s)
[extract] 27648/175478 texts (90.9s)
[extract] 28672/175478 texts (94.0s)
[extract] 29696/175478 texts (97.9s)
[extract] 30720/175478 texts (101.2s)
[extract] 31744/175478 texts (104.1s)
[extract] 32768/175478 texts (107.4s)
[extract] 33792/175478 texts (110.5s)
[extract] 34816/175478 texts (113.6s)
[extract] 35840/175478 texts (116.5s)
[extract] 36864/175478 texts (118.8s)
[extract] 37888/175478 texts (121.2s)
[extract] 38912/175478 texts (123.5s)
[extract] 39936/175478 texts (126.9s)
[extract] 40960/175478 texts (130.2s)
[extract] 41984/175478 texts (133.3s)
[extract] 43008/175478 texts (136.1s)
[extract] 44032/175478 texts (139.4s)
[extract] 45056/175478 texts (142.0s)
[extract] 46080/175478 texts (144.6s)
[extract] 47104/175478 texts (147.6s)
[extract] 48128/175478 texts (150.0s)
[extract] 49152/175478 texts (152.8s)
[extract] 50176/175478 texts (155.6s)
[extract] 51200/175478 texts (158.1s)
[extract] 52224/175478 texts (160.5s)
[extract] 53248/175478 texts (163.6s)
[extract] 54272/175478 texts (166.9s)
[extract] 55296/175478 texts (169.9s)
[extract] 56320/175478 texts (172.7s)
[extract] 57344/175478 texts (177.7s)
[extract] 58368/175478 texts (180.8s)
[extract] 59392/175478 texts (183.7s)
[extract] 60416/175478 texts (186.6s)
[extract] 61440/175478 texts (190.3s)
[extract] 62464/175478 texts (192.8s)
[extract] 63488/175478 texts (195.4s)
[extract] 64512/175478 texts (198.8s)
[extract] 65536/175478 texts (202.3s)
[extract] 66560/175478 texts (205.9s)
[extract] 67584/175478 texts (209.6s)
[extract] 68608/175478 texts (213.2s)
[extract] 69632/175478 texts (216.5s)
[extract] 70656/175478 texts (219.8s)
[extract] 71680/175478 texts (222.3s)
[extract] 72704/175478 texts (225.5s)
[extract] 73728/175478 texts (228.5s)
[extract] 74752/175478 texts (230.9s)
[extract] 75776/175478 texts (233.3s)
[extract] 76800/175478 texts (235.6s)
[extract] 77824/175478 texts (238.0s)
[extract] 78848/175478 texts (240.5s)
[extract] 79872/175478 texts (243.6s)
[extract] 80896/175478 texts (247.0s)
[extract] 81920/175478 texts (250.2s)
[extract] 82944/175478 texts (253.2s)
[extract] 83968/175478 texts (256.4s)
[extract] 84992/175478 texts (259.3s)
[extract] 86016/175478 texts (262.5s)
[extract] 87040/175478 texts (265.4s)
[extract] 88064/175478 texts (268.3s)
[extract] 89088/175478 texts (271.5s)
[extract] 90112/175478 texts (274.5s)
[extract] 91136/175478 texts (277.5s)
[extract] 92160/175478 texts (280.3s)
[extract] 93184/175478 texts (283.5s)
[extract] 94208/175478 texts (287.0s)
[extract] 95232/175478 texts (290.2s)
[extract] 96256/175478 texts (292.7s)
[extract] 97280/175478 texts (295.6s)
[extract] 98304/175478 texts (298.9s)
[extract] 99328/175478 texts (302.0s)
[extract] 100352/175478 texts (304.7s)
[extract] 101376/175478 texts (307.7s)
[extract] 102400/175478 texts (310.8s)
[extract] 103424/175478 texts (313.9s)
[extract] 104448/175478 texts (316.6s)
[extract] 105472/175478 texts (319.3s)
[extract] 106496/175478 texts (322.4s)
[extract] 107520/175478 texts (325.6s)
[extract] 108544/175478 texts (328.4s)
[extract] 109568/175478 texts (331.2s)
[extract] 110592/175478 texts (334.7s)
[extract] 111616/175478 texts (338.4s)
[extract] 112640/175478 texts (342.3s)
[extract] 113664/175478 texts (345.7s)
[extract] 114688/175478 texts (349.1s)
[extract] 115712/175478 texts (352.7s)
[extract] 116736/175478 texts (355.9s)
[extract] 117760/175478 texts (359.1s)
[extract] 118784/175478 texts (362.1s)
[extract] 119808/175478 texts (366.0s)
[extract] 120832/175478 texts (369.0s)
[extract] 121856/175478 texts (372.6s)
[extract] 122880/175478 texts (376.2s)
[extract] 123904/175478 texts (378.9s)
[extract] 124928/175478 texts (382.0s)
[extract] 125952/175478 texts (384.6s)
[extract] 126976/175478 texts (387.1s)
[extract] 128000/175478 texts (390.9s)
[extract] 129024/175478 texts (395.0s)
[extract] 130048/175478 texts (398.4s)
[extract] 131072/175478 texts (401.3s)
[extract] 132096/175478 texts (404.4s)
[extract] 133120/175478 texts (408.4s)
[extract] 134144/175478 texts (411.8s)
[extract] 135168/175478 texts (414.4s)
[extract] 136192/175478 texts (417.7s)
[extract] 137216/175478 texts (420.2s)
[extract] 138240/175478 texts (422.7s)
[extract] 139264/175478 texts (425.0s)
[extract] 140288/175478 texts (427.8s)
[extract] 141312/175478 texts (431.6s)
[extract] 142336/175478 texts (435.1s)
[extract] 143360/175478 texts (438.9s)
[extract] 144384/175478 texts (442.4s)
[extract] 145408/175478 texts (446.1s)
[extract] 146432/175478 texts (449.2s)
[extract] 147456/175478 texts (451.5s)
[extract] 148480/175478 texts (454.1s)
[extract] 149504/175478 texts (457.3s)
[extract] 150528/175478 texts (460.7s)
[extract] 151552/175478 texts (463.4s)
[extract] 152576/175478 texts (465.7s)
[extract] 153600/175478 texts (468.9s)
[extract] 154624/175478 texts (472.1s)
[extract] 155648/175478 texts (475.2s)
[extract] 156672/175478 texts (478.5s)
[extract] 157696/175478 texts (481.9s)
[extract] 158720/175478 texts (485.8s)
[extract] 159744/175478 texts (489.6s)
[extract] 160768/175478 texts (493.1s)
[extract] 161792/175478 texts (497.3s)
[extract] 162816/175478 texts (500.8s)
[extract] 163840/175478 texts (504.6s)
[extract] 164864/175478 texts (508.6s)
[extract] 165888/175478 texts (512.1s)
[extract] 166912/175478 texts (516.0s)
[extract] 167936/175478 texts (519.4s)
[extract] 168960/175478 texts (522.9s)
[extract] 169984/175478 texts (526.7s)
[extract] 171008/175478 texts (530.8s)
[extract] 172032/175478 texts (534.8s)
[extract] 173056/175478 texts (538.3s)
[extract] 174080/175478 texts (541.9s)
[extract] 175104/175478 texts (544.7s)
[extract] 175478/175478 texts (547.1s)
[done] {"n_texts": 175478, "n_embedded": 175478, "n_skipped": 0, "layers": [8], "sites": ["mean"], "elapsed_s": 547.1, "model": "thalesian_akk300m", "hfid": "Thalesian/AKK_300m", "store_root": "chrono/artifacts_ssl/emb_store", "max_tokens": 512, "dtype": "auto"}
=== Done. Wed Sep  2 20:16:15 UTC 2026 ===
