# job 33650 C9_ssl_views exit=0 Wed Sep  2 20:08:09 UTC 2026
# last 4000 lines of /home/yarin.b/projects/HUJI-THESIS--YARIN/chrono/sbatch/logs/C9_ssl_views_33648_0.out
=== C9 views thalesian_cunei400m L12 part 0/2 === job 33650 Wed Sep  2 19:58:03 UTC 2026
From https://github.com/YarinBeni/HUJI-THESIS--YARIN
 * branch              yarin-sandbox -> FETCH_HEAD
Auto packing the repository in background for optimum performance.
See "git help gc" for manual housekeeping.
Current branch yarin-sandbox is up to date.
Auto packing the repository in background for optimum performance.
See "git help gc" for manual housekeeping.
[views] 350,955 views for 31,905 texts; identical-to-orig rate (non-orig views) 0.167; -> chrono/artifacts_ssl/views_ssl.parquet
{'': 29.0, 'crop16': 16.0, 'crop32': 29.0, 'drop_span': 26.0, 'orthonorm': 29.0, 'tokmask': 29.0}
[extract] part 0/2: rows 0..175477
Warning: You are sending unauthenticated requests to the HF Hub. Please set a HF_TOKEN to enable higher rate limits and faster downloads.
`torch_dtype` is deprecated! Use `dtype` instead!
The following generation flags are not valid and may be ignored: ['output_hidden_states']. Set `TRANSFORMERS_VERBOSITY=info` for more details.
Loading weights:   0%|          | 0/303 [00:00<?, ?it/s]Loading weights: 100%|██████████| 303/303 [00:00<00:00, 2097.73it/s]Loading weights: 100%|██████████| 303/303 [00:00<00:00, 2094.63it/s]
[extract] Thalesian/cuneiformBase-400m: 175477 texts, layers [12], sites ['mean'], store=chrono.models.store
[extract] 1024/175477 texts (4.0s)
[extract] 2048/175477 texts (7.5s)
[extract] 3072/175477 texts (11.3s)
[extract] 4096/175477 texts (14.8s)
[extract] 5120/175477 texts (18.5s)
[extract] 6144/175477 texts (22.7s)
[extract] 7168/175477 texts (25.8s)
[extract] 8192/175477 texts (28.7s)
[extract] 9216/175477 texts (31.2s)
[extract] 10240/175477 texts (34.1s)
[extract] 11264/175477 texts (37.4s)
[extract] 12288/175477 texts (40.0s)
[extract] 13312/175477 texts (43.0s)
[extract] 14336/175477 texts (46.0s)
[extract] 15360/175477 texts (49.4s)
[extract] 16384/175477 texts (51.8s)
[extract] 17408/175477 texts (54.7s)
[extract] 18432/175477 texts (56.9s)
[extract] 19456/175477 texts (59.8s)
[extract] 20480/175477 texts (62.2s)
[extract] 21504/175477 texts (64.3s)
[extract] 22528/175477 texts (66.7s)
[extract] 23552/175477 texts (68.7s)
[extract] 24576/175477 texts (71.6s)
[extract] 25600/175477 texts (74.5s)
[extract] 26624/175477 texts (76.7s)
[extract] 27648/175477 texts (79.1s)
[extract] 28672/175477 texts (82.3s)
[extract] 29696/175477 texts (85.7s)
[extract] 30720/175477 texts (88.2s)
[extract] 31744/175477 texts (91.0s)
[extract] 32768/175477 texts (95.0s)
[extract] 33792/175477 texts (97.4s)
[extract] 34816/175477 texts (100.1s)
[extract] 35840/175477 texts (103.0s)
[extract] 36864/175477 texts (105.4s)
[extract] 37888/175477 texts (108.4s)
[extract] 38912/175477 texts (111.3s)
[extract] 39936/175477 texts (113.5s)
[extract] 40960/175477 texts (115.7s)
[extract] 41984/175477 texts (118.8s)
[extract] 43008/175477 texts (121.8s)
[extract] 44032/175477 texts (124.0s)
[extract] 45056/175477 texts (126.0s)
[extract] 46080/175477 texts (127.9s)
[extract] 47104/175477 texts (130.8s)
[extract] 48128/175477 texts (134.2s)
[extract] 49152/175477 texts (136.7s)
[extract] 50176/175477 texts (138.9s)
[extract] 51200/175477 texts (140.7s)
[extract] 52224/175477 texts (142.8s)
[extract] 53248/175477 texts (145.9s)
[extract] 54272/175477 texts (148.2s)
[extract] 55296/175477 texts (151.3s)
[extract] 56320/175477 texts (154.5s)
[extract] 57344/175477 texts (157.0s)
[extract] 58368/175477 texts (160.0s)
[extract] 59392/175477 texts (162.4s)
[extract] 60416/175477 texts (164.6s)
[extract] 61440/175477 texts (166.8s)
[extract] 62464/175477 texts (169.7s)
[extract] 63488/175477 texts (172.4s)
[extract] 64512/175477 texts (175.3s)
[extract] 65536/175477 texts (178.5s)
[extract] 66560/175477 texts (181.6s)
[extract] 67584/175477 texts (183.7s)
[extract] 68608/175477 texts (186.0s)
[extract] 69632/175477 texts (188.9s)
[extract] 70656/175477 texts (191.4s)
[extract] 71680/175477 texts (194.2s)
[extract] 72704/175477 texts (197.3s)
[extract] 73728/175477 texts (201.0s)
[extract] 74752/175477 texts (203.3s)
[extract] 75776/175477 texts (205.9s)
[extract] 76800/175477 texts (208.7s)
[extract] 77824/175477 texts (211.6s)
[extract] 78848/175477 texts (214.6s)
[extract] 79872/175477 texts (216.9s)
[extract] 80896/175477 texts (220.7s)
[extract] 81920/175477 texts (224.9s)
[extract] 82944/175477 texts (227.6s)
[extract] 83968/175477 texts (229.9s)
[extract] 84992/175477 texts (232.4s)
[extract] 86016/175477 texts (235.0s)
[extract] 87040/175477 texts (239.0s)
[extract] 88064/175477 texts (243.1s)
[extract] 89088/175477 texts (246.3s)
[extract] 90112/175477 texts (249.3s)
[extract] 91136/175477 texts (252.0s)
[extract] 92160/175477 texts (254.5s)
[extract] 93184/175477 texts (258.3s)
[extract] 94208/175477 texts (263.5s)
[extract] 95232/175477 texts (267.1s)
[extract] 96256/175477 texts (270.9s)
[extract] 97280/175477 texts (274.6s)
[extract] 98304/175477 texts (277.1s)
[extract] 99328/175477 texts (279.7s)
[extract] 100352/175477 texts (282.3s)
[extract] 101376/175477 texts (286.0s)
[extract] 102400/175477 texts (288.5s)
[extract] 103424/175477 texts (291.5s)
[extract] 104448/175477 texts (294.2s)
[extract] 105472/175477 texts (297.3s)
[extract] 106496/175477 texts (299.9s)
[extract] 107520/175477 texts (302.5s)
[extract] 108544/175477 texts (304.9s)
[extract] 109568/175477 texts (308.1s)
[extract] 110592/175477 texts (311.3s)
[extract] 111616/175477 texts (313.6s)
[extract] 112640/175477 texts (316.5s)
[extract] 113664/175477 texts (319.3s)
[extract] 114688/175477 texts (321.5s)
[extract] 115712/175477 texts (324.0s)
[extract] 116736/175477 texts (327.5s)
[extract] 117760/175477 texts (330.4s)
[extract] 118784/175477 texts (332.8s)
[extract] 119808/175477 texts (335.5s)
[extract] 120832/175477 texts (337.9s)
[extract] 121856/175477 texts (340.6s)
[extract] 122880/175477 texts (344.0s)
[extract] 123904/175477 texts (346.9s)
[extract] 124928/175477 texts (349.2s)
[extract] 125952/175477 texts (352.0s)
[extract] 126976/175477 texts (354.5s)
[extract] 128000/175477 texts (356.9s)
[extract] 129024/175477 texts (359.5s)
[extract] 130048/175477 texts (362.0s)
[extract] 131072/175477 texts (365.5s)
[extract] 132096/175477 texts (368.5s)
[extract] 133120/175477 texts (371.5s)
[extract] 134144/175477 texts (374.8s)
[extract] 135168/175477 texts (378.7s)
[extract] 136192/175477 texts (383.0s)
[extract] 137216/175477 texts (389.3s)
[extract] 138240/175477 texts (394.7s)
[extract] 139264/175477 texts (398.9s)
[extract] 140288/175477 texts (403.5s)
[extract] 141312/175477 texts (408.3s)
[extract] 142336/175477 texts (412.4s)
[extract] 143360/175477 texts (417.1s)
[extract] 144384/175477 texts (423.0s)
[extract] 145408/175477 texts (427.9s)
[extract] 146432/175477 texts (432.5s)
[extract] 147456/175477 texts (436.4s)
[extract] 148480/175477 texts (440.2s)
[extract] 149504/175477 texts (444.0s)
[extract] 150528/175477 texts (447.3s)
[extract] 151552/175477 texts (450.7s)
[extract] 152576/175477 texts (455.9s)
[extract] 153600/175477 texts (461.5s)
[extract] 154624/175477 texts (465.9s)
[extract] 155648/175477 texts (469.8s)
[extract] 156672/175477 texts (473.5s)
[extract] 157696/175477 texts (477.4s)
[extract] 158720/175477 texts (480.9s)
[extract] 159744/175477 texts (484.3s)
[extract] 160768/175477 texts (488.5s)
[extract] 161792/175477 texts (494.0s)
[extract] 162816/175477 texts (498.8s)
[extract] 163840/175477 texts (502.7s)
[extract] 164864/175477 texts (506.3s)
[extract] 165888/175477 texts (509.7s)
[extract] 166912/175477 texts (515.2s)
[extract] 167936/175477 texts (519.4s)
[extract] 168960/175477 texts (524.6s)
[extract] 169984/175477 texts (528.4s)
[extract] 171008/175477 texts (532.1s)
[extract] 172032/175477 texts (535.6s)
[extract] 173056/175477 texts (539.1s)
[extract] 174080/175477 texts (544.4s)
[extract] 175104/175477 texts (548.9s)
[extract] 175477/175477 texts (551.2s)
[done] {"n_texts": 175477, "n_embedded": 175477, "n_skipped": 0, "layers": [12], "sites": ["mean"], "elapsed_s": 551.2, "model": "thalesian_cunei400m", "hfid": "Thalesian/cuneiformBase-400m", "store_root": "chrono/artifacts_ssl/emb_store", "max_tokens": 512, "dtype": "auto"}
=== Done. Wed Sep  2 20:08:08 UTC 2026 ===
