# job 33651 C9_ssl_views exit=0 Wed Sep  2 20:09:05 UTC 2026
# last 4000 lines of /home/yarin.b/projects/HUJI-THESIS--YARIN/chrono/sbatch/logs/C9_ssl_views_33648_1.out
=== C9 views thalesian_cunei400m L12 part 1/2 === job 33651 Wed Sep  2 19:58:03 UTC 2026
From https://github.com/YarinBeni/HUJI-THESIS--YARIN
 * branch              yarin-sandbox -> FETCH_HEAD
Auto packing the repository in background for optimum performance.
See "git help gc" for manual housekeeping.
Created autostash: 6afcadc2
Current branch yarin-sandbox is up to date.
Applied autostash.
Auto packing the repository in background for optimum performance.
See "git help gc" for manual housekeeping.
[extract] part 1/2: rows 175477..350955
Warning: You are sending unauthenticated requests to the HF Hub. Please set a HF_TOKEN to enable higher rate limits and faster downloads.
`torch_dtype` is deprecated! Use `dtype` instead!
The following generation flags are not valid and may be ignored: ['output_hidden_states']. Set `TRANSFORMERS_VERBOSITY=info` for more details.
Loading weights:   0%|          | 0/303 [00:00<?, ?it/s]Loading weights: 100%|██████████| 303/303 [00:00<00:00, 2317.06it/s]Loading weights: 100%|██████████| 303/303 [00:00<00:00, 2313.06it/s]
[extract] Thalesian/cuneiformBase-400m: 175478 texts, layers [12], sites ['mean'], store=chrono.models.store
[extract] 1024/175478 texts (3.9s)
[extract] 2048/175478 texts (7.1s)
[extract] 3072/175478 texts (10.0s)
[extract] 4096/175478 texts (12.5s)
[extract] 5120/175478 texts (14.9s)
[extract] 6144/175478 texts (18.3s)
[extract] 7168/175478 texts (21.0s)
[extract] 8192/175478 texts (23.4s)
[extract] 9216/175478 texts (25.3s)
[extract] 10240/175478 texts (27.7s)
[extract] 11264/175478 texts (30.0s)
[extract] 12288/175478 texts (32.8s)
[extract] 13312/175478 texts (35.3s)
[extract] 14336/175478 texts (38.2s)
[extract] 15360/175478 texts (41.0s)
[extract] 16384/175478 texts (44.4s)
[extract] 17408/175478 texts (47.2s)
[extract] 18432/175478 texts (50.7s)
[extract] 19456/175478 texts (55.1s)
[extract] 20480/175478 texts (58.4s)
[extract] 21504/175478 texts (61.7s)
[extract] 22528/175478 texts (64.4s)
[extract] 23552/175478 texts (66.7s)
[extract] 24576/175478 texts (69.9s)
[extract] 25600/175478 texts (73.3s)
[extract] 26624/175478 texts (76.1s)
[extract] 27648/175478 texts (79.6s)
[extract] 28672/175478 texts (82.5s)
[extract] 29696/175478 texts (87.0s)
[extract] 30720/175478 texts (90.4s)
[extract] 31744/175478 texts (93.6s)
[extract] 32768/175478 texts (97.4s)
[extract] 33792/175478 texts (100.8s)
[extract] 34816/175478 texts (104.6s)
[extract] 35840/175478 texts (107.1s)
[extract] 36864/175478 texts (108.8s)
[extract] 37888/175478 texts (111.4s)
[extract] 38912/175478 texts (113.5s)
[extract] 39936/175478 texts (117.0s)
[extract] 40960/175478 texts (120.0s)
[extract] 41984/175478 texts (123.3s)
[extract] 43008/175478 texts (126.5s)
[extract] 44032/175478 texts (129.4s)
[extract] 45056/175478 texts (131.7s)
[extract] 46080/175478 texts (134.2s)
[extract] 47104/175478 texts (136.8s)
[extract] 48128/175478 texts (139.4s)
[extract] 49152/175478 texts (142.2s)
[extract] 50176/175478 texts (145.2s)
[extract] 51200/175478 texts (147.4s)
[extract] 52224/175478 texts (149.6s)
[extract] 53248/175478 texts (152.6s)
[extract] 54272/175478 texts (156.0s)
[extract] 55296/175478 texts (158.7s)
[extract] 56320/175478 texts (161.8s)
[extract] 57344/175478 texts (165.7s)
[extract] 58368/175478 texts (169.0s)
[extract] 59392/175478 texts (172.6s)
[extract] 60416/175478 texts (175.7s)
[extract] 61440/175478 texts (179.1s)
[extract] 62464/175478 texts (181.6s)
[extract] 63488/175478 texts (184.7s)
[extract] 64512/175478 texts (188.2s)
[extract] 65536/175478 texts (191.6s)
[extract] 66560/175478 texts (195.7s)
[extract] 67584/175478 texts (199.7s)
[extract] 68608/175478 texts (203.5s)
[extract] 69632/175478 texts (207.1s)
[extract] 70656/175478 texts (210.9s)
[extract] 71680/175478 texts (213.4s)
[extract] 72704/175478 texts (217.1s)
[extract] 73728/175478 texts (220.9s)
[extract] 74752/175478 texts (223.6s)
[extract] 75776/175478 texts (226.0s)
[extract] 76800/175478 texts (228.0s)
[extract] 77824/175478 texts (230.1s)
[extract] 78848/175478 texts (233.0s)
[extract] 79872/175478 texts (236.4s)
[extract] 80896/175478 texts (240.6s)
[extract] 81920/175478 texts (244.2s)
[extract] 82944/175478 texts (248.0s)
[extract] 83968/175478 texts (252.2s)
[extract] 84992/175478 texts (256.0s)
[extract] 86016/175478 texts (259.2s)
[extract] 87040/175478 texts (262.4s)
[extract] 88064/175478 texts (266.3s)
[extract] 89088/175478 texts (270.1s)
[extract] 90112/175478 texts (273.8s)
[extract] 91136/175478 texts (277.7s)
[extract] 92160/175478 texts (281.4s)
[extract] 93184/175478 texts (285.1s)
[extract] 94208/175478 texts (289.3s)
[extract] 95232/175478 texts (293.4s)
[extract] 96256/175478 texts (296.0s)
[extract] 97280/175478 texts (299.1s)
[extract] 98304/175478 texts (302.7s)
[extract] 99328/175478 texts (307.2s)
[extract] 100352/175478 texts (310.5s)
[extract] 101376/175478 texts (314.5s)
[extract] 102400/175478 texts (318.4s)
[extract] 103424/175478 texts (322.8s)
[extract] 104448/175478 texts (326.0s)
[extract] 105472/175478 texts (329.5s)
[extract] 106496/175478 texts (333.1s)
[extract] 107520/175478 texts (336.6s)
[extract] 108544/175478 texts (339.5s)
[extract] 109568/175478 texts (343.1s)
[extract] 110592/175478 texts (347.2s)
[extract] 111616/175478 texts (352.3s)
[extract] 112640/175478 texts (356.0s)
[extract] 113664/175478 texts (359.8s)
[extract] 114688/175478 texts (364.6s)
[extract] 115712/175478 texts (368.9s)
[extract] 116736/175478 texts (372.5s)
[extract] 117760/175478 texts (376.1s)
[extract] 118784/175478 texts (379.7s)
[extract] 119808/175478 texts (384.0s)
[extract] 120832/175478 texts (387.6s)
[extract] 121856/175478 texts (391.8s)
[extract] 122880/175478 texts (396.0s)
[extract] 123904/175478 texts (399.9s)
[extract] 124928/175478 texts (402.5s)
[extract] 125952/175478 texts (405.5s)
[extract] 126976/175478 texts (408.7s)
[extract] 128000/175478 texts (413.5s)
[extract] 129024/175478 texts (417.6s)
[extract] 130048/175478 texts (422.0s)
[extract] 131072/175478 texts (425.3s)
[extract] 132096/175478 texts (429.5s)
[extract] 133120/175478 texts (434.3s)
[extract] 134144/175478 texts (438.7s)
[extract] 135168/175478 texts (441.6s)
[extract] 136192/175478 texts (445.0s)
[extract] 137216/175478 texts (447.9s)
[extract] 138240/175478 texts (451.4s)
[extract] 139264/175478 texts (454.8s)
[extract] 140288/175478 texts (457.7s)
[extract] 141312/175478 texts (462.4s)
[extract] 142336/175478 texts (467.3s)
[extract] 143360/175478 texts (471.9s)
[extract] 144384/175478 texts (475.8s)
[extract] 145408/175478 texts (479.8s)
[extract] 146432/175478 texts (483.0s)
[extract] 147456/175478 texts (485.7s)
[extract] 148480/175478 texts (489.1s)
[extract] 149504/175478 texts (492.9s)
[extract] 150528/175478 texts (496.8s)
[extract] 151552/175478 texts (500.0s)
[extract] 152576/175478 texts (503.2s)
[extract] 153600/175478 texts (507.7s)
[extract] 154624/175478 texts (512.0s)
[extract] 155648/175478 texts (516.5s)
[extract] 156672/175478 texts (521.4s)
[extract] 157696/175478 texts (526.5s)
[extract] 158720/175478 texts (533.4s)
[extract] 159744/175478 texts (538.0s)
[extract] 160768/175478 texts (542.4s)
[extract] 161792/175478 texts (547.4s)
[extract] 162816/175478 texts (551.8s)
[extract] 163840/175478 texts (556.4s)
[extract] 164864/175478 texts (560.7s)
[extract] 165888/175478 texts (564.6s)
[extract] 166912/175478 texts (569.1s)
[extract] 167936/175478 texts (573.2s)
[extract] 168960/175478 texts (577.5s)
[extract] 169984/175478 texts (582.3s)
[extract] 171008/175478 texts (587.6s)
[extract] 172032/175478 texts (592.6s)
[extract] 173056/175478 texts (597.0s)
[extract] 174080/175478 texts (602.0s)
[extract] 175104/175478 texts (605.1s)
[extract] 175478/175478 texts (607.9s)
[done] {"n_texts": 175478, "n_embedded": 175478, "n_skipped": 0, "layers": [12], "sites": ["mean"], "elapsed_s": 607.9, "model": "thalesian_cunei400m", "hfid": "Thalesian/cuneiformBase-400m", "store_root": "chrono/artifacts_ssl/emb_store", "max_tokens": 512, "dtype": "auto"}
=== Done. Wed Sep  2 20:09:05 UTC 2026 ===
